

:::::::::::::::::::::::::: Descripcion de la Instancia ::::::::::::::::::::::::::

Nodo inicial         : 0 
Nodo final           : 101 
Tmax                 : 1236 
Numero de nodos      : 102 
Numero de rutas      : 2 
Numero de categorias : 3 
 - Cuota de la categoria 1 : 29 
 - Cuota de la categoria 2 : 21 
 - Cuota de la categoria 3 : 14 
Funcion Objetivo : 1
Gurobi 12.0.0:   lim:time = 150
Gurobi 12.0.0: time limit, feasible solution; objective -540
346053 simplex iterations
9422 branching nodes
absmipgap=250, relmipgap=0.462963
Funcion Objetivo : 2
Gurobi 12.0.0:   lim:time = 150
Gurobi 12.0.0: optimal solution; objective 0
0 simplex iterations
absmipgap=1.95314e-10, relmipgap=1e+100
Funcion Objetivo : 3
Gurobi 12.0.0:   lim:time = 150
Gurobi 12.0.0: optimal solution; objective 0
101 simplex iterations
1 branching node
==> Ejecucion : 1
Gurobi 12.0.0:   lim:time = 150
Gurobi 12.0.0: optimal solution; objective 0
101 simplex iterations
1 branching node
Informacion Ruta : 1
 - Nodos visitados   : 0 -> 101
 - Puntaje            : 0
 - Tiempo de la ruta : 0

Informacion Ruta : 2
 - Nodos visitados   : 0 -> 101
 - Puntaje            : 0
 - Tiempo de la ruta : 0

==> Ejecucion : 2
Gurobi 12.0.0:   lim:time = 150
Gurobi 12.0.0: optimal solution; objective 0
207 simplex iterations
1 branching node
absmipgap=2.47025e-15, relmipgap=0
Informacion Ruta : 1
 - Nodos visitados   : 0 -> 101
 - Puntaje            : 0
 - Tiempo de la ruta : 0

Informacion Ruta : 2
 - Nodos visitados   : 0 -> 101
 - Puntaje            : 0
 - Tiempo de la ruta : 0

==> Ejecucion : 3
Gurobi 12.0.0:   lim:time = 150
Gurobi 12.0.0: optimal solution; objective 0
182 simplex iterations
1 branching node
absmipgap=4.94049e-15, relmipgap=0
Informacion Ruta : 1
 - Nodos visitados   : 0 -> 101
 - Puntaje            : 0
 - Tiempo de la ruta : 0

Informacion Ruta : 2
 - Nodos visitados   : 0 -> 101
 - Puntaje            : 0
 - Tiempo de la ruta : 0

==> Ejecucion : 4
Gurobi 12.0.0:   lim:time = 150
Gurobi 12.0.0: optimal solution; objective 0
351 simplex iterations
1 branching node
absmipgap=8.08797e-14, relmipgap=0
Informacion Ruta : 1
 - Nodos visitados   : 0 -> 101
 - Puntaje            : 0
 - Tiempo de la ruta : 0

Informacion Ruta : 2
 - Nodos visitados   : 0 -> 101
 - Puntaje            : 0
 - Tiempo de la ruta : 0

==> Ejecucion : 5
Gurobi 12.0.0:   lim:time = 150
Gurobi 12.0.0: optimal solution; objective 0
6 simplex iterations
1 branching node
absmipgap=9.88098e-15, relmipgap=0
Informacion Ruta : 1
 - Nodos visitados   : 0 -> 101
 - Puntaje            : 0
 - Tiempo de la ruta : 0

Informacion Ruta : 2
 - Nodos visitados   : 0 -> 101
 - Puntaje            : 0
 - Tiempo de la ruta : 0

==> Ejecucion : 6
Gurobi 12.0.0:   lim:time = 150
Gurobi 12.0.0: optimal solution; objective 0
0 simplex iterations
absmipgap=1.3467e-13, relmipgap=0
Informacion Ruta : 1
 - Nodos visitados   : 0 -> 101
 - Puntaje            : 0
 - Tiempo de la ruta : 0

Informacion Ruta : 2
 - Nodos visitados   : 0 -> 101
 - Puntaje            : 0
 - Tiempo de la ruta : 0

==> Ejecucion : 7
Gurobi 12.0.0:   lim:time = 150
Gurobi 12.0.0: time limit, feasible solution; objective -0.02218114603
2.12958e+06 simplex iterations
7223 branching nodes
absmipgap=0.0739372, relmipgap=3.33333
Informacion Ruta : 1
 - Nodos visitados   : 0 -> 33 (87) -> 25 (197.81) -> 28 (291.42) -> 2 (408.05) -> 16 (527.2) -> 71 (707.34) -> 81 (807.34) -> 85 (927.5700000000003) -> 63 (1044.48) -> 101
 - Puntaje            : 300
 - Tiempo de la ruta : 1148.620000000003

Informacion Ruta : 2
 - Nodos visitados   : 0 -> 13 (33.33999999999829) -> 97 (162.6299999999983) -> 7 (280.2199999999982) -> 74 (403.8399999999982) -> 58 (527.3799999999982) -> 54 (623.7800000000017) -> 68 (734) -> 57 (839.8099999999996) -> 46 (949.5299999999996) -> 21 (1059.529999999999) -> 101
 - Puntaje            : 300
 - Tiempo de la ruta : 1159.729999999999

==> Ejecucion : 8
Gurobi 12.0.0:   lim:time = 150
Gurobi 12.0.0: time limit, feasible solution; objective 0.1705916691
275786 simplex iterations
3395 branching nodes
absmipgap=0.0554539, relmipgap=0.325068
Informacion Ruta : 1
 - Nodos visitados   : 0 -> 13 (91.7299999999957) -> 16 (191.9299999999958) -> 12 (286.9299999999981) -> 15 (384) -> 101
 - Puntaje            : 130
 - Tiempo de la ruta : 510.0599999999999

Informacion Ruta : 2
 - Nodos visitados   : 0 -> 63 (257.17) -> 74 (353) -> 46 (466.1900000000001) -> 101
 - Puntaje            : 130
 - Tiempo de la ruta : 576.7799999999969

==> Ejecucion : 9
Gurobi 12.0.0:   lim:time = 150
Gurobi 12.0.0: optimal solution; objective 0.1996303142
37 simplex iterations
1 branching node
absmipgap=1.56819e-14, relmipgap=0
Informacion Ruta : 1
 - Nodos visitados   : 0 -> 101
 - Puntaje            : 0
 - Tiempo de la ruta : 0

Informacion Ruta : 2
 - Nodos visitados   : 0 -> 101
 - Puntaje            : 0
 - Tiempo de la ruta : 0

==> Ejecucion : 10
Gurobi 12.0.0:   lim:time = 150
Gurobi 12.0.0: optimal solution; objective 0.1996303142
173 simplex iterations
1 branching node
absmipgap=7.87981e-14, relmipgap=0
Informacion Ruta : 1
 - Nodos visitados   : 0 -> 101
 - Puntaje            : 0
 - Tiempo de la ruta : 0

Informacion Ruta : 2
 - Nodos visitados   : 0 -> 101
 - Puntaje            : 0
 - Tiempo de la ruta : 0

==> Ejecucion : 11
Gurobi 12.0.0:   lim:time = 150
Gurobi 12.0.0: optimal solution; objective 0.1996303142
0 simplex iterations
absmipgap=2.99483e-14, relmipgap=0
Informacion Ruta : 1
 - Nodos visitados   : 0 -> 101
 - Puntaje            : 0
 - Tiempo de la ruta : 0

Informacion Ruta : 2
 - Nodos visitados   : 0 -> 101
 - Puntaje            : 0
 - Tiempo de la ruta : 0

==> Ejecucion : 12
Gurobi 12.0.0:   lim:time = 150
Gurobi 12.0.0: time limit, feasible solution; objective -0.01478743068
2.59676e+06 simplex iterations
6315 branching nodes
absmipgap=0.183762, relmipgap=12.4269
Informacion Ruta : 1
 - Nodos visitados   : 0 -> 33 (87) -> 25 (197.81) -> 8 (308.4299999999998) -> 15 (420.0599999999994) -> 85 (562.0599999999987) -> 88 (655.0599999999979) -> 54 (800.1) -> 57 (895.4899999999981) -> 101
 - Puntaje            : 280
 - Tiempo de la ruta : 1020.489999999998

Informacion Ruta : 2
 - Nodos visitados   : 0 -> 63 (167) -> 62 (262) -> 74 (355) -> 34 (491.1) -> 32 (586.4899999999951) -> 16 (722.5899999999898) -> 97 (852.5899999999865) -> 24 (992.0899999999865) -> 46 (1100.769999999987) -> 101
 - Puntaje            : 280
 - Tiempo de la ruta : 1211.359999999986

==> Ejecucion : 13
Gurobi 12.0.0:   lim:time = 150
Gurobi 12.0.0: time limit, feasible solution; objective 0.2183605905
340315 simplex iterations
5747 branching nodes
absmipgap=0.199439, relmipgap=0.913345
Informacion Ruta : 1
 - Nodos visitados   : 0 -> 32 (59.78999999999814) -> 25 (169) -> 53 (309.7) -> 56 (403.7) -> 54 (499.09) -> 81 (638.8299999999999) -> 97 (784.73) -> 2 (895.94) -> 101
 - Puntaje            : 250
 - Tiempo de la ruta : 1006.56

Informacion Ruta : 2
 - Nodos visitados   : 0 -> 46 (129.4300000000002) -> 57 (239.15) -> 74 (353) -> 63 (448.8300000000003) -> 75 (564.3300000000003) -> 16 (686.35) -> 101
 - Puntaje            : 230
 - Tiempo de la ruta : 816.6600000000002

==> Ejecucion : 14
Gurobi 12.0.0:   lim:time = 150
Gurobi 12.0.0: time limit, feasible solution; objective 0.3219529706
289954 simplex iterations
5166 branching nodes
absmipgap=0.0913493, relmipgap=0.283735
Informacion Ruta : 1
 - Nodos visitados   : 0 -> 33 (87) -> 25 (197.81) -> 63 (315.5399999999991) -> 74 (411.3699999999978) -> 101
 - Puntaje            : 180
 - Tiempo de la ruta : 521.2199999999949

Informacion Ruta : 2
 - Nodos visitados   : 0 -> 46 (266.21) -> 56 (385) -> 58 (477) -> 54 (573.4) -> 57 (668.7899999999979) -> 101
 - Puntaje            : 170
 - Tiempo de la ruta : 793.789999999995

==> Ejecucion : 15
Gurobi 12.0.0:   lim:time = 150
Gurobi 12.0.0: optimal solution; objective 0.381245661
1059 simplex iterations
1 branching node
absmipgap=9.00391e-14, relmipgap=0
Informacion Ruta : 1
 - Nodos visitados   : 0 -> 63 (257.17) -> 74 (353) -> 54 (470.3099999999999) -> 57 (565.7) -> 101
 - Puntaje            : 180
 - Tiempo de la ruta : 690.7

Informacion Ruta : 2
 - Nodos visitados   : 0 -> 101
 - Puntaje            : 0
 - Tiempo de la ruta : 0

==> Ejecucion : 16
Gurobi 12.0.0:   lim:time = 150
Gurobi 12.0.0: time limit, feasible solution; objective 0.02218114603
2.45758e+06 simplex iterations
4267 branching nodes
absmipgap=0.310536, relmipgap=14
Informacion Ruta : 1
 - Nodos visitados   : 0 -> 33 (87) -> 25 (197.81) -> 63 (315.5399999999872) -> 57 (432.4699999999871) -> 54 (527.859999999987) -> 32 (661.7199999999871) -> 21 (775.039999999987) -> 101
 - Puntaje            : 260
 - Tiempo de la ruta : 875.239999999987

Informacion Ruta : 2
 - Nodos visitados   : 0 -> 13 (31.79000000000013) -> 18 (128.7900000000001) -> 16 (229.97) -> 12 (324.97) -> 15 (422.04) -> 2 (538.97) -> 100 (647) -> 50 (797.4200000000001) -> 97 (950.3900000000001) -> 31 (1111.1) -> 101
 - Puntaje            : 260
 - Tiempo de la ruta : 1234.64

==> Ejecucion : 17
Gurobi 12.0.0:   lim:time = 150
Gurobi 12.0.0: time limit, feasible solution; objective 0.1436188463
273405 simplex iterations
3981 branching nodes
absmipgap=0.221767, relmipgap=1.54413
Informacion Ruta : 1
 - Nodos visitados   : 0 -> 78 (133.6399999999902) -> 81 (226.6399999999902) -> 71 (326.6399999999894) -> 70 (421.6399999999908) -> 85 (552) -> 88 (645) -> 63 (760) -> 16 (904.0799999999872) -> 2 (1023.22999999999) -> 101
 - Puntaje            : 280
 - Tiempo de la ruta : 1133.85

Informacion Ruta : 2
 - Nodos visitados   : 0 -> 32 (64.92999999999435) -> 33 (156.9299999999964) -> 62 (289.2299999999966) -> 74 (382.2299999999969) -> 58 (505.7699999999963) -> 54 (602.1699999999942) -> 57 (697.5599999999902) -> 46 (807.2799999999902) -> 101
 - Puntaje            : 280
 - Tiempo de la ruta : 917.8699999999901

==> Ejecucion : 18
Gurobi 12.0.0:   lim:time = 150
Gurobi 12.0.0: time limit, feasible solution; objective 0.2603394764
261036 simplex iterations
7166 branching nodes
absmipgap=0.123462, relmipgap=0.474235
Informacion Ruta : 1
 - Nodos visitados   : 0 -> 33 (141.3299999999994) -> 8 (272.3700000000076) -> 15 (384) -> 16 (479) -> 12 (574) -> 7 (688.2099999999974) -> 63 (806.0699999999866) -> 57 (923) -> 54 (1018.389999999987) -> 101
 - Puntaje            : 310
 - Tiempo de la ruta : 1148.439999999987

Informacion Ruta : 2
 - Nodos visitados   : 0 -> 32 (59.78999999999769) -> 25 (169) -> 46 (279.6199999999975) -> 74 (392.8099999999978) -> 84 (511.4099999999983) -> 85 (604.2399999999958) -> 88 (697.2399999999963) -> 97 (812.7399999999994) -> 95 (908.1299999999973) -> 2 (1017.85) -> 75 (1112.85) -> 101
 - Puntaje            : 340
 - Tiempo de la ruta : 1218.65999999999

==> Ejecucion : 19
Gurobi 12.0.0:   lim:time = 150
Gurobi 12.0.0: time limit, feasible solution; objective -0.1848565251
1.76827e+06 simplex iterations
4549 branching nodes
absmipgap=0.210015, relmipgap=1.1361
Informacion Ruta : 1
 - Nodos visitados   : 0 -> 63 (30.9) -> 55 (147.15) -> 57 (239.15) -> 74 (353) -> 93 (494.42) -> 85 (609.6) -> 88 (702.6) -> 95 (812.8200000000002) -> 97 (908.2100000000002) -> 81 (1054.11) -> 101
 - Puntaje            : 340
 - Tiempo de la ruta : 1191.54

Informacion Ruta : 2
 - Nodos visitados   : 0 -> 33 (87.37000000000023) -> 25 (198.1800000000002) -> 16 (321.5600000000002) -> 15 (416.5600000000002) -> 2 (533.4899999999997) -> 60 (689.25) -> 54 (787.85) -> 31 (918.4599999999999) -> 32 (1013.46) -> 46 (1125) -> 101
 - Puntaje            : 330
 - Tiempo de la ruta : 1235.59

==> Ejecucion : 20
Gurobi 12.0.0:   lim:time = 150
Gurobi 12.0.0: time limit, feasible solution; objective 0.08937123051
293601 simplex iterations
9151 branching nodes
absmipgap=0.260888, relmipgap=2.91914
Informacion Ruta : 1
 - Nodos visitados   : 0 -> 87 (108.4099999999983) -> 81 (226.6899999999982) -> 71 (326.6899999999983) -> 93 (475) -> 85 (590.1799999999988) -> 2 (705.2600000000012) -> 16 (824.4100000000003) -> 97 (954.409999999999) -> 21 (1089.009999999999) -> 101
 - Puntaje            : 260
 - Tiempo de la ruta : 1189.209999999999

Informacion Ruta : 2
 - Nodos visitados   : 0 -> 33 (87) -> 25 (197.81) -> 53 (338.5099999999998) -> 56 (432.5099999999992) -> 58 (524.5099999999992) -> 57 (624.7099999999979) -> 54 (720.1) -> 46 (835.1599999999967) -> 63 (946.7) -> 32 (1076.7) -> 101
 - Puntaje            : 350
 - Tiempo de la ruta : 1198.319999999998

==> Ejecucion : 21
Gurobi 12.0.0:   lim:time = 150
Gurobi 12.0.0: time limit, feasible solution; objective -0.2033271719
250168 simplex iterations
6256 branching nodes
absmipgap=0.277264, relmipgap=1.36364
Informacion Ruta : 1
 - Nodos visitados   : 0 -> 13 (55.81) -> 25 (169) -> 46 (279.6200000000057) -> 56 (398.4099999999939) -> 58 (490.4099999999942) -> 57 (590.6099999999942) -> 54 (686) -> 32 (819.8599999999918) -> 85 (971.2099999999828) -> 81 (1091.439999999983) -> 101
 - Puntaje            : 330
 - Tiempo de la ruta : 1228.869999999986

Informacion Ruta : 2
 - Nodos visitados   : 0 -> 63 (20.4300000000012) -> 33 (152.4300000000021) -> 16 (289) -> 15 (384) -> 97 (514.3099999999966) -> 6 (629.919999999997) -> 2 (725.0199999999952) -> 7 (821.4199999999938) -> 95 (937.5) -> 21 (1070.019999999993) -> 101
 - Puntaje            : 320
 - Tiempo de la ruta : 1170.219999999993



:   MVF      PVF   TCPU1    f1      f2      f3     :=
1   -540      1      151   -540   2333.21   270
2      0   2334.21     1      0      0        0
3      0    271        3      0      0        0
;

:       FN1           FN2          FN3       F1      F2      F3  TCPU2    :=
1    0.00184843    1             1             0      0        0     2
2    0.00184843    1             1             0      0        0     2
3    0.00184843    1             1             0      0        0     3
4    0.00184843    1             1             0      0        0     2
5    0.00184843    1             1             0      0        0     2
6    0.00184843    1             1             0      0        0     2
7    1.11091       0.0350697     1          -600   2252.35     0   151
8    0.48244       0.664602      1          -260    782.89     0   151
9    0.00184843    1             1             0      0        0     3
10   0.00184843    1             1             0      0        0     4
11   0.00184843    1             1             0      0        0     1
12   1.03697       0.132246      1          -560   2025.52     0   152
13   0.889094      0.27761       0.926199   -480   1686.21    20   151
14   0.648799      0.564769      0.9631     -350   1015.92    10   151
15   0.334566      0.808213      0.335793   -180    447.67   180     6
16   0.963031      0.119432      1          -520   2055.43     0   151
17   1.03697       0.171         1          -560   1935.06     0   151
18   1.20333       0.0441606    -0.254613   -650   2231.13   340   151
19   1.2403       -0.00956212    0.9631     -670   2356.53    10   152
20   1.12939       0.0355838    -0.291513   -610   2251.15   350   151
21   1.20333      -0.0143903    -0.217712   -650   2367.8    330   151
;

