

:::::::::::::::::::::::::: Descripcion de la Instancia ::::::::::::::::::::::::::

Nodo inicial         : 0 
Nodo final           : 601 
Tmax                 : 1496 
Numero de nodos      : 602 
Numero de rutas      : 4 
Numero de categorias : 5 
 - Cuota de la categoria 1 : 155 
 - Cuota de la categoria 2 : 97 
 - Cuota de la categoria 3 : 58 
 - Cuota de la categoria 4 : 35 
 - Cuota de la categoria 5 : 20 
Funcion Objetivo : 1
Gurobi 12.0.0:   lim:time = 150
Gurobi 12.0.0: time limit, feasible solution; objective -20
0 simplex iterations
1 branching node
absmipgap=44060, relmipgap=2203
Funcion Objetivo : 2
Gurobi 12.0.0:   lim:time = 150
Gurobi 12.0.0: optimal solution; objective 0
0 simplex iterations
absmipgap=1.45794e-06, relmipgap=0
Funcion Objetivo : 3
Gurobi 12.0.0:   lim:time = 150
Gurobi 12.0.0: time limit, feasible solution; objective 0
0 simplex iterations
1 branching node
absmipgap=640, relmipgap=1e+100
==> Ejecucion : 1
Gurobi 12.0.0:   lim:time = 150
Gurobi 12.0.0: time limit, feasible solution; objective 0
0 simplex iterations
1 branching node
absmipgap=30.4762, relmipgap=1e+100
Informacion Ruta : 1
 - Nodos visitados   : 0 -> 601
 - Puntaje            : 0
 - Tiempo de la ruta : 0

Informacion Ruta : 2
 - Nodos visitados   : 0 -> 601
 - Puntaje            : 0
 - Tiempo de la ruta : 0

Informacion Ruta : 3
 - Nodos visitados   : 0 -> 601
 - Puntaje            : 0
 - Tiempo de la ruta : 0

Informacion Ruta : 4
 - Nodos visitados   : 0 -> 601
 - Puntaje            : 0
 - Tiempo de la ruta : 0

==> Ejecucion : 2
Gurobi 12.0.0:   lim:time = 150
Gurobi 12.0.0: time limit, feasible solution; objective 0
0 simplex iterations
1 branching node
absmipgap=24.381, relmipgap=1e+100
Informacion Ruta : 1
 - Nodos visitados   : 0 -> 601
 - Puntaje            : 0
 - Tiempo de la ruta : 0

Informacion Ruta : 2
 - Nodos visitados   : 0 -> 601
 - Puntaje            : 0
 - Tiempo de la ruta : 0

Informacion Ruta : 3
 - Nodos visitados   : 0 -> 601
 - Puntaje            : 0
 - Tiempo de la ruta : 0

Informacion Ruta : 4
 - Nodos visitados   : 0 -> 601
 - Puntaje            : 0
 - Tiempo de la ruta : 0

==> Ejecucion : 3
Gurobi 12.0.0:   lim:time = 150
Gurobi 12.0.0: time limit, feasible solution; objective 0
0 simplex iterations
1 branching node
absmipgap=18.2857, relmipgap=1e+100
Informacion Ruta : 1
 - Nodos visitados   : 0 -> 601
 - Puntaje            : 0
 - Tiempo de la ruta : 0

Informacion Ruta : 2
 - Nodos visitados   : 0 -> 601
 - Puntaje            : 0
 - Tiempo de la ruta : 0

Informacion Ruta : 3
 - Nodos visitados   : 0 -> 601
 - Puntaje            : 0
 - Tiempo de la ruta : 0

Informacion Ruta : 4
 - Nodos visitados   : 0 -> 601
 - Puntaje            : 0
 - Tiempo de la ruta : 0

==> Ejecucion : 4
Gurobi 12.0.0:   lim:time = 150
Gurobi 12.0.0: time limit, feasible solution; objective 0
0 simplex iterations
1 branching node
absmipgap=12.1905, relmipgap=1e+100
Informacion Ruta : 1
 - Nodos visitados   : 0 -> 601
 - Puntaje            : 0
 - Tiempo de la ruta : 0

Informacion Ruta : 2
 - Nodos visitados   : 0 -> 601
 - Puntaje            : 0
 - Tiempo de la ruta : 0

Informacion Ruta : 3
 - Nodos visitados   : 0 -> 601
 - Puntaje            : 0
 - Tiempo de la ruta : 0

Informacion Ruta : 4
 - Nodos visitados   : 0 -> 601
 - Puntaje            : 0
 - Tiempo de la ruta : 0

==> Ejecucion : 5
Gurobi 12.0.0:   lim:time = 150
Gurobi 12.0.0: time limit, feasible solution; objective 0
0 simplex iterations
1 branching node
absmipgap=6.09524, relmipgap=1e+100
Informacion Ruta : 1
 - Nodos visitados   : 0 -> 601
 - Puntaje            : 0
 - Tiempo de la ruta : 0

Informacion Ruta : 2
 - Nodos visitados   : 0 -> 601
 - Puntaje            : 0
 - Tiempo de la ruta : 0

Informacion Ruta : 3
 - Nodos visitados   : 0 -> 601
 - Puntaje            : 0
 - Tiempo de la ruta : 0

Informacion Ruta : 4
 - Nodos visitados   : 0 -> 601
 - Puntaje            : 0
 - Tiempo de la ruta : 0

==> Ejecucion : 6
Gurobi 12.0.0:   lim:time = 150
Gurobi 12.0.0: optimal solution; objective 0
0 simplex iterations
absmipgap=7.46493e-09, relmipgap=1e+100
Informacion Ruta : 1
 - Nodos visitados   : 0 -> 601
 - Puntaje            : 0
 - Tiempo de la ruta : 0

Informacion Ruta : 2
 - Nodos visitados   : 0 -> 601
 - Puntaje            : 0
 - Tiempo de la ruta : 0

Informacion Ruta : 3
 - Nodos visitados   : 0 -> 601
 - Puntaje            : 0
 - Tiempo de la ruta : 0

Informacion Ruta : 4
 - Nodos visitados   : 0 -> 601
 - Puntaje            : 0
 - Tiempo de la ruta : 0

==> Ejecucion : 7
Gurobi 12.0.0:   lim:time = 150
Gurobi 12.0.0: time limit, feasible solution; objective 0.1904761905
0 simplex iterations
1 branching node
absmipgap=444.19, relmipgap=2332
Informacion Ruta : 1
 - Nodos visitados   : 0 -> 601
 - Puntaje            : 0
 - Tiempo de la ruta : 0

Informacion Ruta : 2
 - Nodos visitados   : 0 -> 601
 - Puntaje            : 0
 - Tiempo de la ruta : 0

Informacion Ruta : 3
 - Nodos visitados   : 0 -> 601
 - Puntaje            : 0
 - Tiempo de la ruta : 0

Informacion Ruta : 4
 - Nodos visitados   : 0 -> 601
 - Puntaje            : 0
 - Tiempo de la ruta : 0

==> Ejecucion : 8
Gurobi 12.0.0:   lim:time = 150
Gurobi 12.0.0: time limit, feasible solution; objective 0.1904761905
0 simplex iterations
1 branching node
absmipgap=323.788, relmipgap=1699.89
Informacion Ruta : 1
 - Nodos visitados   : 0 -> 601
 - Puntaje            : 0
 - Tiempo de la ruta : 0

Informacion Ruta : 2
 - Nodos visitados   : 0 -> 601
 - Puntaje            : 0
 - Tiempo de la ruta : 0

Informacion Ruta : 3
 - Nodos visitados   : 0 -> 601
 - Puntaje            : 0
 - Tiempo de la ruta : 0

Informacion Ruta : 4
 - Nodos visitados   : 0 -> 601
 - Puntaje            : 0
 - Tiempo de la ruta : 0

==> Ejecucion : 9
Gurobi 12.0.0:   lim:time = 150
Gurobi 12.0.0: time limit, feasible solution; objective 0.1904761905
0 simplex iterations
1 branching node
absmipgap=203.934, relmipgap=1070.65
Informacion Ruta : 1
 - Nodos visitados   : 0 -> 601
 - Puntaje            : 0
 - Tiempo de la ruta : 0

Informacion Ruta : 2
 - Nodos visitados   : 0 -> 601
 - Puntaje            : 0
 - Tiempo de la ruta : 0

Informacion Ruta : 3
 - Nodos visitados   : 0 -> 601
 - Puntaje            : 0
 - Tiempo de la ruta : 0

Informacion Ruta : 4
 - Nodos visitados   : 0 -> 601
 - Puntaje            : 0
 - Tiempo de la ruta : 0

==> Ejecucion : 10
Gurobi 12.0.0:   lim:time = 150
Gurobi 12.0.0: time limit, feasible solution; objective 0.1904761905
0 simplex iterations
1 branching node
absmipgap=127.515, relmipgap=669.455
Informacion Ruta : 1
 - Nodos visitados   : 0 -> 601
 - Puntaje            : 0
 - Tiempo de la ruta : 0

Informacion Ruta : 2
 - Nodos visitados   : 0 -> 601
 - Puntaje            : 0
 - Tiempo de la ruta : 0

Informacion Ruta : 3
 - Nodos visitados   : 0 -> 601
 - Puntaje            : 0
 - Tiempo de la ruta : 0

Informacion Ruta : 4
 - Nodos visitados   : 0 -> 601
 - Puntaje            : 0
 - Tiempo de la ruta : 0

==> Ejecucion : 11
Gurobi 12.0.0:   lim:time = 150
Gurobi 12.0.0: time limit, feasible solution; objective 0.1904761905
0 simplex iterations
1 branching node
absmipgap=51.29, relmipgap=269.273
Informacion Ruta : 1
 - Nodos visitados   : 0 -> 601
 - Puntaje            : 0
 - Tiempo de la ruta : 0

Informacion Ruta : 2
 - Nodos visitados   : 0 -> 601
 - Puntaje            : 0
 - Tiempo de la ruta : 0

Informacion Ruta : 3
 - Nodos visitados   : 0 -> 601
 - Puntaje            : 0
 - Tiempo de la ruta : 0

Informacion Ruta : 4
 - Nodos visitados   : 0 -> 601
 - Puntaje            : 0
 - Tiempo de la ruta : 0

==> Ejecucion : 12
Gurobi 12.0.0:   lim:time = 150
Gurobi 12.0.0: time limit, feasible solution; objective -0.380952381
0 simplex iterations
1 branching node
absmipgap=857.143, relmipgap=2250
Informacion Ruta : 1
 - Nodos visitados   : 0 -> 601
 - Puntaje            : 0
 - Tiempo de la ruta : 0

Informacion Ruta : 2
 - Nodos visitados   : 0 -> 407 (1009) -> 601
 - Puntaje            : 40
 - Tiempo de la ruta : 1199.45

Informacion Ruta : 3
 - Nodos visitados   : 0 -> 512 (161.9699999999982) -> 601
 - Puntaje            : 30
 - Tiempo de la ruta : 413.9399999999982

Informacion Ruta : 4
 - Nodos visitados   : 0 -> 147 (286) -> 601
 - Puntaje            : 30
 - Tiempo de la ruta : 514.01

==> Ejecucion : 13
Gurobi 12.0.0:   lim:time = 150
Gurobi 12.0.0: time limit, feasible solution; objective 0.2071270193
0 simplex iterations
1 branching node
absmipgap=737.304, relmipgap=3559.67
Informacion Ruta : 1
 - Nodos visitados   : 0 -> 340 (16.27999999999861) -> 601
 - Puntaje            : 20
 - Tiempo de la ruta : 122.5599999999986

Informacion Ruta : 2
 - Nodos visitados   : 0 -> 601
 - Puntaje            : 0
 - Tiempo de la ruta : 0

Informacion Ruta : 3
 - Nodos visitados   : 0 -> 601
 - Puntaje            : 0
 - Tiempo de la ruta : 0

Informacion Ruta : 4
 - Nodos visitados   : 0 -> 342 (521) -> 601
 - Puntaje            : 20
 - Tiempo de la ruta : 700.89

==> Ejecucion : 14
Gurobi 12.0.0:   lim:time = 150
Gurobi 12.0.0: time limit, feasible solution; objective -0.05541125541
0 simplex iterations
1 branching node
absmipgap=616.664, relmipgap=11128.9
Informacion Ruta : 1
 - Nodos visitados   : 0 -> 192 (292) -> 601
 - Puntaje            : 30
 - Tiempo de la ruta : 525.01

Informacion Ruta : 2
 - Nodos visitados   : 0 -> 601
 - Puntaje            : 0
 - Tiempo de la ruta : 0

Informacion Ruta : 3
 - Nodos visitados   : 0 -> 407 (1009) -> 601
 - Puntaje            : 40
 - Tiempo de la ruta : 1199.45

Informacion Ruta : 4
 - Nodos visitados   : 0 -> 371 (288) -> 601
 - Puntaje            : 30
 - Tiempo de la ruta : 514.5

==> Ejecucion : 15
Gurobi 12.0.0:   lim:time = 150
Gurobi 12.0.0: time limit, feasible solution; objective 0.380952381
0 simplex iterations
1 branching node
absmipgap=497.139, relmipgap=1304.99
Informacion Ruta : 1
 - Nodos visitados   : 0 -> 601
 - Puntaje            : 0
 - Tiempo de la ruta : 0

Informacion Ruta : 2
 - Nodos visitados   : 0 -> 601
 - Puntaje            : 0
 - Tiempo de la ruta : 0

Informacion Ruta : 3
 - Nodos visitados   : 0 -> 601
 - Puntaje            : 0
 - Tiempo de la ruta : 0

Informacion Ruta : 4
 - Nodos visitados   : 0 -> 601
 - Puntaje            : 0
 - Tiempo de la ruta : 0

==> Ejecucion : 16
Gurobi 12.0.0:   lim:time = 150
Gurobi 12.0.0: time limit, feasible solution; objective -1.523809524
0 simplex iterations
1 branching node
absmipgap=1269.52, relmipgap=833.125
Informacion Ruta : 1
 - Nodos visitados   : 0 -> 601
 - Puntaje            : 0
 - Tiempo de la ruta : 0

Informacion Ruta : 2
 - Nodos visitados   : 0 -> 407 (1009) -> 601
 - Puntaje            : 40
 - Tiempo de la ruta : 1199.45

Informacion Ruta : 3
 - Nodos visitados   : 0 -> 512 (161.9699999999982) -> 601
 - Puntaje            : 30
 - Tiempo de la ruta : 413.9399999999982

Informacion Ruta : 4
 - Nodos visitados   : 0 -> 147 (286) -> 601
 - Puntaje            : 30
 - Tiempo de la ruta : 514.01

==> Ejecucion : 17
Gurobi 12.0.0:   lim:time = 150
Gurobi 12.0.0: time limit, feasible solution; objective -0.9815753352
0 simplex iterations
1 branching node
absmipgap=1149.64, relmipgap=1171.22
Informacion Ruta : 1
 - Nodos visitados   : 0 -> 512 (161.9699999999912) -> 192 (315.5699999999912) -> 601
 - Puntaje            : 60
 - Tiempo de la ruta : 548.5799999999913

Informacion Ruta : 2
 - Nodos visitados   : 0 -> 547 (104.0599999999981) -> 601
 - Puntaje            : 30
 - Tiempo de la ruta : 298.1199999999981

Informacion Ruta : 3
 - Nodos visitados   : 0 -> 601
 - Puntaje            : 0
 - Tiempo de la ruta : 0

Informacion Ruta : 4
 - Nodos visitados   : 0 -> 601
 - Puntaje            : 0
 - Tiempo de la ruta : 0

==> Ejecucion : 18
Gurobi 12.0.0:   lim:time = 150
Gurobi 12.0.0: time limit, feasible solution; objective 0.5714285714
0 simplex iterations
1 branching node
absmipgap=1030.77, relmipgap=1803.84
Informacion Ruta : 1
 - Nodos visitados   : 0 -> 601
 - Puntaje            : 0
 - Tiempo de la ruta : 0

Informacion Ruta : 2
 - Nodos visitados   : 0 -> 601
 - Puntaje            : 0
 - Tiempo de la ruta : 0

Informacion Ruta : 3
 - Nodos visitados   : 0 -> 601
 - Puntaje            : 0
 - Tiempo de la ruta : 0

Informacion Ruta : 4
 - Nodos visitados   : 0 -> 601
 - Puntaje            : 0
 - Tiempo de la ruta : 0

==> Ejecucion : 19
Gurobi 12.0.0:   lim:time = 150
Gurobi 12.0.0: time limit, feasible solution; objective -2.666666667
0 simplex iterations
1 branching node
absmipgap=1681.9, relmipgap=630.714
Informacion Ruta : 1
 - Nodos visitados   : 0 -> 601
 - Puntaje            : 0
 - Tiempo de la ruta : 0

Informacion Ruta : 2
 - Nodos visitados   : 0 -> 407 (1009) -> 601
 - Puntaje            : 40
 - Tiempo de la ruta : 1199.45

Informacion Ruta : 3
 - Nodos visitados   : 0 -> 512 (161.9699999999982) -> 601
 - Puntaje            : 30
 - Tiempo de la ruta : 413.9399999999982

Informacion Ruta : 4
 - Nodos visitados   : 0 -> 147 (286) -> 601
 - Puntaje            : 30
 - Tiempo de la ruta : 514.01

==> Ejecucion : 20
Gurobi 12.0.0:   lim:time = 150
Gurobi 12.0.0: time limit, feasible solution; objective 0.7619047619
0 simplex iterations
1 branching node
absmipgap=1564.91, relmipgap=2053.94
Informacion Ruta : 1
 - Nodos visitados   : 0 -> 601
 - Puntaje            : 0
 - Tiempo de la ruta : 0

Informacion Ruta : 2
 - Nodos visitados   : 0 -> 601
 - Puntaje            : 0
 - Tiempo de la ruta : 0

Informacion Ruta : 3
 - Nodos visitados   : 0 -> 601
 - Puntaje            : 0
 - Tiempo de la ruta : 0

Informacion Ruta : 4
 - Nodos visitados   : 0 -> 601
 - Puntaje            : 0
 - Tiempo de la ruta : 0

==> Ejecucion : 21
Gurobi 12.0.0:   lim:time = 150
Gurobi 12.0.0: time limit, feasible solution; objective 0
0 simplex iterations
1 branching node
absmipgap=2098.1, relmipgap=1e+100
Informacion Ruta : 1
 - Nodos visitados   : 0 -> 1 (143.9199999999896) -> 601
 - Puntaje            : 20
 - Tiempo de la ruta : 377.8399999999896

Informacion Ruta : 2
 - Nodos visitados   : 0 -> 601
 - Puntaje            : 0
 - Tiempo de la ruta : 0

Informacion Ruta : 3
 - Nodos visitados   : 0 -> 601
 - Puntaje            : 0
 - Tiempo de la ruta : 0

Informacion Ruta : 4
 - Nodos visitados   : 0 -> 601
 - Puntaje            : 0
 - Tiempo de la ruta : 0



:   MVF    PVF   TCPU1   f1      f2     f3    :=
1   -20     1      174   -20   377.84   20
2     0   378.84    88     0     0       0
3     0    21      184     0     0       0
;

:      FN1          FN2          FN3       F1      F2      F3 TCPU2    :=
1    0.047619    1             1             0      0       0   259
2    0.047619    1             1             0      0       0   277
3    0.047619    1             1             0      0       0   197
4    0.047619    1             1             0      0       0   185
5    0.047619    1             1             0      0       0   303
6    0.047619    1             1             0      0       0   129
7    0.047619    1             1             0      0       0   189
8    0.047619    1             1             0      0       0   181
9    0.047619    1             1             0      0       0   182
10   0.047619    1             1             0      0       0   184
11   0.047619    1             1             0      0       0   266
12   4.80952    -1.82668      -0.904762   -100   1070.86   40   253
13   1.95238    -0.0356351     0.047619    -40    392.34   20   189
14   4.80952    -1.71861      -0.904762   -100   1029.92   40   186
15   0.047619    1             1             0      0       0   250
16   4.80952    -1.82668      -0.904762   -100   1070.86   40   233
17   4.33333    -1.23498      -1.85714     -90    846.7    60   256
18   0.047619    1             1             0      0       0   189
19   4.80952    -1.82668      -0.904762   -100   1070.86   40   184
20   0.047619    1             1             0      0       0   244
21   1           0.00263964    0.047619    -20    377.84   20   191
;

