

:::::::::::::::::::::::::: Descripcion de la Instancia ::::::::::::::::::::::::::

Nodo inicial         : 0 
Nodo final           : 601 
Tmax                 : 1496 
Numero de nodos      : 602 
Numero de rutas      : 4 
Numero de categorias : 5 
 - Cuota de la categoria 1 : 155 
 - Cuota de la categoria 2 : 97 
 - Cuota de la categoria 3 : 58 
 - Cuota de la categoria 4 : 35 
 - Cuota de la categoria 5 : 20 
Funcion Objetivo : 1
Gurobi 12.0.0:   lim:time = 150
Gurobi 12.0.0: time limit, feasible solution; objective -1160
13806 simplex iterations
1 branching node
absmipgap=570, relmipgap=0.491379
Funcion Objetivo : 2
Gurobi 12.0.0:   lim:time = 150
Gurobi 12.0.0: optimal solution; objective 0
0 simplex iterations
absmipgap=3.1522e-05, relmipgap=1e+100
Funcion Objetivo : 3
Gurobi 12.0.0:   lim:time = 150
Gurobi 12.0.0: optimal solution; objective 0
0 simplex iterations
1 branching node
==> Ejecucion : 1
Gurobi 12.0.0:   lim:time = 150
Gurobi 12.0.0: optimal solution; objective 0
0 simplex iterations
1 branching node
Informacion Ruta : 1
 - Nodos visitados   : 0 -> 601
 - Puntaje            : 0
 - Tiempo de la ruta : 0

Informacion Ruta : 2
 - Nodos visitados   : 0 -> 601
 - Puntaje            : 0
 - Tiempo de la ruta : 0

Informacion Ruta : 3
 - Nodos visitados   : 0 -> 601
 - Puntaje            : 0
 - Tiempo de la ruta : 0

Informacion Ruta : 4
 - Nodos visitados   : 0 -> 601
 - Puntaje            : 0
 - Tiempo de la ruta : 0

==> Ejecucion : 2
Gurobi 12.0.0:   lim:time = 150
Gurobi 12.0.0: optimal solution; objective 0
44324 simplex iterations
1 branching node
absmipgap=3.36914e-10, relmipgap=0
Informacion Ruta : 1
 - Nodos visitados   : 0 -> 601
 - Puntaje            : 0
 - Tiempo de la ruta : 0

Informacion Ruta : 2
 - Nodos visitados   : 0 -> 601
 - Puntaje            : 0
 - Tiempo de la ruta : 0

Informacion Ruta : 3
 - Nodos visitados   : 0 -> 601
 - Puntaje            : 0
 - Tiempo de la ruta : 0

Informacion Ruta : 4
 - Nodos visitados   : 0 -> 601
 - Puntaje            : 0
 - Tiempo de la ruta : 0

==> Ejecucion : 3
Gurobi 12.0.0:   lim:time = 150
Gurobi 12.0.0: optimal solution; objective 0
82 simplex iterations
1 branching node
absmipgap=6.73827e-10, relmipgap=0
Informacion Ruta : 1
 - Nodos visitados   : 0 -> 601
 - Puntaje            : 0
 - Tiempo de la ruta : 0

Informacion Ruta : 2
 - Nodos visitados   : 0 -> 601
 - Puntaje            : 0
 - Tiempo de la ruta : 0

Informacion Ruta : 3
 - Nodos visitados   : 0 -> 601
 - Puntaje            : 0
 - Tiempo de la ruta : 0

Informacion Ruta : 4
 - Nodos visitados   : 0 -> 601
 - Puntaje            : 0
 - Tiempo de la ruta : 0

==> Ejecucion : 4
Gurobi 12.0.0:   lim:time = 150
Gurobi 12.0.0: optimal solution; objective 0
78 simplex iterations
1 branching node
absmipgap=1.81194e-09, relmipgap=0
Informacion Ruta : 1
 - Nodos visitados   : 0 -> 601
 - Puntaje            : 0
 - Tiempo de la ruta : 0

Informacion Ruta : 2
 - Nodos visitados   : 0 -> 601
 - Puntaje            : 0
 - Tiempo de la ruta : 0

Informacion Ruta : 3
 - Nodos visitados   : 0 -> 601
 - Puntaje            : 0
 - Tiempo de la ruta : 0

Informacion Ruta : 4
 - Nodos visitados   : 0 -> 601
 - Puntaje            : 0
 - Tiempo de la ruta : 0

==> Ejecucion : 5
Gurobi 12.0.0:   lim:time = 150
Gurobi 12.0.0: optimal solution; objective 0
39 simplex iterations
1 branching node
absmipgap=1.34765e-09, relmipgap=0
Informacion Ruta : 1
 - Nodos visitados   : 0 -> 601
 - Puntaje            : 0
 - Tiempo de la ruta : 0

Informacion Ruta : 2
 - Nodos visitados   : 0 -> 601
 - Puntaje            : 0
 - Tiempo de la ruta : 0

Informacion Ruta : 3
 - Nodos visitados   : 0 -> 601
 - Puntaje            : 0
 - Tiempo de la ruta : 0

Informacion Ruta : 4
 - Nodos visitados   : 0 -> 601
 - Puntaje            : 0
 - Tiempo de la ruta : 0

==> Ejecucion : 6
Gurobi 12.0.0:   lim:time = 150
Gurobi 12.0.0: optimal solution; objective 0
0 simplex iterations
absmipgap=3.64748e-09, relmipgap=1e+100
Informacion Ruta : 1
 - Nodos visitados   : 0 -> 601
 - Puntaje            : 0
 - Tiempo de la ruta : 0

Informacion Ruta : 2
 - Nodos visitados   : 0 -> 601
 - Puntaje            : 0
 - Tiempo de la ruta : 0

Informacion Ruta : 3
 - Nodos visitados   : 0 -> 601
 - Puntaje            : 0
 - Tiempo de la ruta : 0

Informacion Ruta : 4
 - Nodos visitados   : 0 -> 601
 - Puntaje            : 0
 - Tiempo de la ruta : 0

==> Ejecucion : 7
Gurobi 12.0.0:   lim:time = 150
Gurobi 12.0.0: time limit, feasible solution; objective 0.02067183463
18412 simplex iterations
1 branching node
absmipgap=0.129651, relmipgap=6.27186
Informacion Ruta : 1
 - Nodos visitados   : 0 -> 10 (86.97) -> 500 (195) -> 381 (302.26) -> 189 (417.34) -> 17 (513.66) -> 227 (635.68) -> 445 (734.2199999999999) -> 118 (869.8699999999999) -> 511 (989.2799999999999) -> 601
 - Puntaje            : 260
 - Tiempo de la ruta : 1119.2

Informacion Ruta : 2
 - Nodos visitados   : 0 -> 221 (47.76000000000003) -> 131 (169.59) -> 582 (265.99) -> 58 (409) -> 26 (552.6) -> 165 (664.6199999999991) -> 93 (758.2299999999991) -> 64 (888.0799999999991) -> 601
 - Puntaje            : 260
 - Tiempo de la ruta : 1057.179999999999

Informacion Ruta : 3
 - Nodos visitados   : 0 -> 154 (46.38999999999641) -> 577 (191.4699999999964) -> 205 (323.2299999999964) -> 519 (417.4699999999964) -> 112 (511.9399999999987) -> 14 (639.6799999999987) -> 581 (736) -> 188 (878.5) -> 601
 - Puntaje            : 260
 - Tiempo de la ruta : 996.96

Informacion Ruta : 4
 - Nodos visitados   : 0 -> 18 (210.909999999998) -> 463 (374.729999999998) -> 412 (470.39) -> 260 (609.22) -> 333 (701.22) -> 424 (825.59) -> 548 (921.59) -> 499 (1013) -> 186 (1138.85) -> 601
 - Puntaje            : 260
 - Tiempo de la ruta : 1311.9

==> Ejecucion : 8
Gurobi 12.0.0:   lim:time = 150
Gurobi 12.0.0: time limit, feasible solution; objective 0.1911940311
17627 simplex iterations
1 branching node
absmipgap=0.0345097, relmipgap=0.180495
Informacion Ruta : 1
 - Nodos visitados   : 0 -> 367 (85) -> 577 (198) -> 205 (329.76) -> 519 (424) -> 112 (518.4699999999995) -> 14 (646.2099999999988) -> 581 (742.5299999999978) -> 601
 - Puntaje            : 230
 - Tiempo de la ruta : 913.49

Informacion Ruta : 2
 - Nodos visitados   : 0 -> 131 (150.6699999999982) -> 61 (244.7899999999987) -> 582 (340.7899999999993) -> 55 (449.5799999999996) -> 34 (544.6800000000001) -> 238 (649) -> 251 (756.89) -> 345 (850.5) -> 601
 - Puntaje            : 230
 - Tiempo de la ruta : 953.5

Informacion Ruta : 3
 - Nodos visitados   : 0 -> 598 (96.5099999999996) -> 154 (203.15) -> 36 (298.5399999999996) -> 320 (416) -> 99 (509) -> 56 (629) -> 146 (738.1) -> 188 (833.1) -> 601
 - Puntaje            : 230
 - Tiempo de la ruta : 951.5600000000044

Informacion Ruta : 4
 - Nodos visitados   : 0 -> 10 (86.97000000000008) -> 500 (195) -> 381 (302.26) -> 189 (417.3399999999999) -> 393 (528.5300000000003) -> 568 (620.53) -> 452 (711.53) -> 118 (804.69) -> 601
 - Puntaje            : 230
 - Tiempo de la ruta : 942.4899999999999

==> Ejecucion : 9
Gurobi 12.0.0:   lim:time = 150
Gurobi 12.0.0: optimal solution; objective 0.1998277347
81 simplex iterations
1 branching node
absmipgap=6.86041e-10, relmipgap=0
Informacion Ruta : 1
 - Nodos visitados   : 0 -> 601
 - Puntaje            : 0
 - Tiempo de la ruta : 0

Informacion Ruta : 2
 - Nodos visitados   : 0 -> 601
 - Puntaje            : 0
 - Tiempo de la ruta : 0

Informacion Ruta : 3
 - Nodos visitados   : 0 -> 601
 - Puntaje            : 0
 - Tiempo de la ruta : 0

Informacion Ruta : 4
 - Nodos visitados   : 0 -> 601
 - Puntaje            : 0
 - Tiempo de la ruta : 0

==> Ejecucion : 10
Gurobi 12.0.0:   lim:time = 150
Gurobi 12.0.0: optimal solution; objective 0.1998277347
40 simplex iterations
1 branching node
absmipgap=1.80861e-09, relmipgap=0
Informacion Ruta : 1
 - Nodos visitados   : 0 -> 601
 - Puntaje            : 0
 - Tiempo de la ruta : 0

Informacion Ruta : 2
 - Nodos visitados   : 0 -> 601
 - Puntaje            : 0
 - Tiempo de la ruta : 0

Informacion Ruta : 3
 - Nodos visitados   : 0 -> 601
 - Puntaje            : 0
 - Tiempo de la ruta : 0

Informacion Ruta : 4
 - Nodos visitados   : 0 -> 601
 - Puntaje            : 0
 - Tiempo de la ruta : 0

==> Ejecucion : 11
Gurobi 12.0.0:   lim:time = 150
Gurobi 12.0.0: optimal solution; objective 0.1998277347
0 simplex iterations
absmipgap=1.36128e-09, relmipgap=0
Informacion Ruta : 1
 - Nodos visitados   : 0 -> 601
 - Puntaje            : 0
 - Tiempo de la ruta : 0

Informacion Ruta : 2
 - Nodos visitados   : 0 -> 601
 - Puntaje            : 0
 - Tiempo de la ruta : 0

Informacion Ruta : 3
 - Nodos visitados   : 0 -> 601
 - Puntaje            : 0
 - Tiempo de la ruta : 0

Informacion Ruta : 4
 - Nodos visitados   : 0 -> 601
 - Puntaje            : 0
 - Tiempo de la ruta : 0

==> Ejecucion : 12
Gurobi 12.0.0:   lim:time = 150
Gurobi 12.0.0: time limit, feasible solution; objective 0.04860305986
13623 simplex iterations
1 branching node
absmipgap=0.266634, relmipgap=5.48595
Informacion Ruta : 1
 - Nodos visitados   : 0 -> 154 (41.83999999999929) -> 367 (163.9799999999993) -> 250 (255.3899999999996) -> 99 (349) -> 474 (466.46) -> 320 (580.98) -> 252 (673.22) -> 146 (785.24) -> 188 (880.24) -> 334 (985.76) -> 601
 - Puntaje            : 270
 - Tiempo de la ruta : 1099.53

Informacion Ruta : 2
 - Nodos visitados   : 0 -> 598 (30.40999999999548) -> 131 (161.1299999999952) -> 61 (255.25) -> 582 (351.25) -> 55 (460.0399999999936) -> 34 (555.1399999999928) -> 238 (659.4599999999921) -> 251 (767.35) -> 345 (860.9599999999903) -> 601
 - Puntaje            : 260
 - Tiempo de la ruta : 963.9599999999884

Informacion Ruta : 3
 - Nodos visitados   : 0 -> 10 (220.3699999999964) -> 381 (337.3) -> 418 (486.1) -> 260 (609.22) -> 333 (701.22) -> 424 (825.59) -> 548 (921.59) -> 499 (1013) -> 186 (1138.85) -> 601
 - Puntaje            : 270
 - Tiempo de la ruta : 1311.9

Informacion Ruta : 4
 - Nodos visitados   : 0 -> 221 (51.31999999999709) -> 18 (144.4799999999974) -> 45 (307.1) -> 136 (447.1099999999986) -> 26 (584.8699999999994) -> 165 (696.89) -> 66 (824) -> 64 (918) -> 601
 - Puntaje            : 270
 - Tiempo de la ruta : 1087.1

==> Ejecucion : 13
Gurobi 12.0.0:   lim:time = 150
Gurobi 12.0.0: time limit, feasible solution; objective 0.2321826046
13222 simplex iterations
1 branching node
absmipgap=0.174317, relmipgap=0.750774
Informacion Ruta : 1
 - Nodos visitados   : 0 -> 221 (80.8899999999962) -> 18 (174.05) -> 582 (298.2599999999973) -> 58 (441.2699999999973) -> 26 (584.87) -> 165 (696.89) -> 66 (824) -> 64 (918) -> 601
 - Puntaje            : 260
 - Tiempo de la ruta : 1087.1

Informacion Ruta : 2
 - Nodos visitados   : 0 -> 10 (86.97) -> 500 (195) -> 381 (302.26) -> 189 (417.34) -> 393 (528.53) -> 568 (620.53) -> 329 (715) -> 390 (811.3199999999999) -> 118 (908.6) -> 601
 - Puntaje            : 250
 - Tiempo de la ruta : 1046.4

Informacion Ruta : 3
 - Nodos visitados   : 0 -> 598 (30.4099999999998) -> 577 (167.7099999999987) -> 205 (299.4699999999987) -> 519 (393.7099999999975) -> 112 (488.1799999999974) -> 14 (615.9199999999975) -> 252 (738.2) -> 188 (853.7) -> 601
 - Puntaje            : 260
 - Tiempo de la ruta : 972.1599999999975

Informacion Ruta : 4
 - Nodos visitados   : 0 -> 384 (284) -> 492 (379.3899999999857) -> 260 (491.5899999999857) -> 333 (583.5899999999857) -> 74 (726.9299999999857) -> 424 (851.1099999999858) -> 548 (947.1099999999858) -> 499 (1038.519999999986) -> 186 (1164.369999999986) -> 601
 - Puntaje            : 260
 - Tiempo de la ruta : 1337.419999999987

==> Ejecucion : 14
Gurobi 12.0.0:   lim:time = 150
Gurobi 12.0.0: time limit, feasible solution; objective 0.3860842306
12465 simplex iterations
1 branching node
absmipgap=0.0736121, relmipgap=0.190663
Informacion Ruta : 1
 - Nodos visitados   : 0 -> 367 (85) -> 577 (198) -> 205 (329.76) -> 519 (424) -> 112 (518.47) -> 14 (646.209999999996) -> 581 (742.5299999999959) -> 601
 - Puntaje            : 230
 - Tiempo de la ruta : 913.4899999999959

Informacion Ruta : 2
 - Nodos visitados   : 0 -> 598 (105.080000000009) -> 75 (201.480000000009) -> 282 (293.720000000009) -> 99 (407.5700000000001) -> 320 (500.5700000000001) -> 579 (591.98) -> 252 (682.98) -> 146 (795) -> 188 (890) -> 601
 - Puntaje            : 240
 - Tiempo de la ruta : 1008.46

Informacion Ruta : 3
 - Nodos visitados   : 0 -> 221 (123.4199999999975) -> 18 (216.5799999999975) -> 582 (340.7899999999975) -> 55 (449.5799999999988) -> 34 (544.6800000000001) -> 238 (649) -> 251 (756.89) -> 345 (850.5) -> 601
 - Puntaje            : 240
 - Tiempo de la ruta : 953.5

Informacion Ruta : 4
 - Nodos visitados   : 0 -> 10 (86.97) -> 500 (195) -> 381 (302.26) -> 189 (417.34) -> 393 (528.53) -> 568 (620.53) -> 452 (711.53) -> 118 (804.6899999999999) -> 601
 - Puntaje            : 230
 - Tiempo de la ruta : 942.4899999999999

==> Ejecucion : 15
Gurobi 12.0.0:   lim:time = 150
Gurobi 12.0.0: optimal solution; objective 0.3996554694
172 simplex iterations
1 branching node
absmipgap=1.79998e-09, relmipgap=0
Informacion Ruta : 1
 - Nodos visitados   : 0 -> 601
 - Puntaje            : 0
 - Tiempo de la ruta : 0

Informacion Ruta : 2
 - Nodos visitados   : 0 -> 601
 - Puntaje            : 0
 - Tiempo de la ruta : 0

Informacion Ruta : 3
 - Nodos visitados   : 0 -> 601
 - Puntaje            : 0
 - Tiempo de la ruta : 0

Informacion Ruta : 4
 - Nodos visitados   : 0 -> 601
 - Puntaje            : 0
 - Tiempo de la ruta : 0

==> Ejecucion : 16
Gurobi 12.0.0:   lim:time = 150
Gurobi 12.0.0: time limit, feasible solution; objective 0.06340979184
12019 simplex iterations
1 branching node
absmipgap=0.389076, relmipgap=6.13589
Informacion Ruta : 1
 - Nodos visitados   : 0 -> 154 (46.3899999999999) -> 577 (191.47) -> 205 (323.23) -> 519 (417.47) -> 112 (511.9400000000001) -> 14 (639.6800000000001) -> 581 (736) -> 188 (878.5) -> 601
 - Puntaje            : 260
 - Tiempo de la ruta : 996.96

Informacion Ruta : 2
 - Nodos visitados   : 0 -> 221 (51.32000000000002) -> 18 (144.48) -> 45 (307.1) -> 136 (447.11) -> 26 (584.87) -> 165 (696.89) -> 66 (824) -> 64 (918) -> 601
 - Puntaje            : 270
 - Tiempo de la ruta : 1087.1

Informacion Ruta : 3
 - Nodos visitados   : 0 -> 10 (86.97) -> 500 (195) -> 381 (302.26) -> 189 (417.34) -> 17 (513.66) -> 227 (635.68) -> 185 (730.68) -> 445 (824.92) -> 118 (960.5699999999999) -> 601
 - Puntaje            : 260
 - Tiempo de la ruta : 1098.37

Informacion Ruta : 4
 - Nodos visitados   : 0 -> 20 (291.5799999999989) -> 596 (387.9) -> 388 (495.3899999999995) -> 447 (589) -> 307 (708.0699999999996) -> 424 (836.0199999999999) -> 548 (932.0199999999996) -> 499 (1023.429999999999) -> 186 (1149.279999999999) -> 601
 - Puntaje            : 270
 - Tiempo de la ruta : 1322.329999999996

==> Ejecucion : 17
Gurobi 12.0.0:   lim:time = 150
Gurobi 12.0.0: time limit, feasible solution; objective 0.2261772027
13936 simplex iterations
1 branching node
absmipgap=0.291448, relmipgap=1.28858
Informacion Ruta : 1
 - Nodos visitados   : 0 -> 598 (30.40999999999983) -> 131 (161.1299999999998) -> 61 (255.25) -> 582 (351.25) -> 55 (460.0399999999998) -> 34 (555.1399999999999) -> 238 (659.4599999999998) -> 251 (767.35) -> 345 (860.96) -> 601
 - Puntaje            : 260
 - Tiempo de la ruta : 963.96

Informacion Ruta : 2
 - Nodos visitados   : 0 -> 221 (51.32000000000002) -> 18 (144.48) -> 45 (307.1) -> 136 (447.11) -> 26 (584.87) -> 165 (696.8900000000001) -> 66 (824) -> 64 (918) -> 601
 - Puntaje            : 270
 - Tiempo de la ruta : 1087.1

Informacion Ruta : 3
 - Nodos visitados   : 0 -> 367 (87.22999999999706) -> 577 (200.2299999999971) -> 205 (331.9899999999971) -> 519 (426.2299999999977) -> 112 (520.7) -> 14 (648.4399999999987) -> 27 (743.5399999999993) -> 581 (834.95) -> 398 (967) -> 407 (1109.04) -> 601
 - Puntaje            : 320
 - Tiempo de la ruta : 1299.489999999999

Informacion Ruta : 4
 - Nodos visitados   : 0 -> 10 (64.85999999999959) -> 564 (177.88) -> 381 (272) -> 189 (387.0799999999992) -> 393 (498.2699999999992) -> 568 (590.2699999999992) -> 333 (717.15) -> 424 (841.5199999999992) -> 548 (937.5199999999992) -> 499 (1028.929999999999) -> 186 (1154.779999999999) -> 601
 - Puntaje            : 320
 - Tiempo de la ruta : 1327.829999999999

==> Ejecucion : 18
Gurobi 12.0.0:   lim:time = 150
Gurobi 12.0.0: time limit, feasible solution; objective 0.3922764931
11418 simplex iterations
1 branching node
absmipgap=0.177763, relmipgap=0.453157
Informacion Ruta : 1
 - Nodos visitados   : 0 -> 221 (38) -> 18 (131.16) -> 45 (293.7799999999999) -> 596 (428.9699999999999) -> 388 (536.4599999999999) -> 447 (630.0699999999999) -> 307 (749.1399999999999) -> 424 (877.0899999999999) -> 548 (973.0899999999999) -> 499 (1064.5) -> 186 (1190.35) -> 601
 - Puntaje            : 340
 - Tiempo de la ruta : 1363.4

Informacion Ruta : 2
 - Nodos visitados   : 0 -> 598 (30.40999999999914) -> 577 (167.709999999999) -> 205 (299.4699999999987) -> 519 (393.7099999999983) -> 112 (488.1799999999978) -> 141 (603.2599999999978) -> 530 (723.8699999999978) -> 318 (849.8799999999978) -> 242 (946.2) -> 398 (1038.439999999998) -> 601
 - Puntaje            : 310
 - Tiempo de la ruta : 1205.339999999998

Informacion Ruta : 3
 - Nodos visitados   : 0 -> 154 (60.24000000000001) -> 131 (201.86) -> 582 (298.26) -> 58 (441.27) -> 26 (584.87) -> 165 (696.89) -> 66 (824) -> 64 (918) -> 601
 - Puntaje            : 260
 - Tiempo de la ruta : 1087.1

Informacion Ruta : 4
 - Nodos visitados   : 0 -> 10 (86.97) -> 500 (195) -> 381 (302.26) -> 189 (417.34) -> 393 (528.5299999999992) -> 568 (620.5299999999987) -> 178 (715.6299999999983) -> 329 (811.4599999999975) -> 118 (902.4599999999963) -> 511 (1021.869999999995) -> 601
 - Puntaje            : 270
 - Tiempo de la ruta : 1151.789999999994

==> Ejecucion : 19
Gurobi 12.0.0:   lim:time = 150
Gurobi 12.0.0: time limit, feasible solution; objective 0.05586245046
13971 simplex iterations
1 branching node
absmipgap=0.491137, relmipgap=8.7919
Informacion Ruta : 1
 - Nodos visitados   : 0 -> 131 (63.57000000000002) -> 45 (223.23) -> 136 (363.24) -> 26 (501) -> 169 (592) -> 165 (704) -> 93 (797.61) -> 64 (927.46) -> 601
 - Puntaje            : 270
 - Tiempo de la ruta : 1096.56

Informacion Ruta : 2
 - Nodos visitados   : 0 -> 598 (34.49000000000012) -> 577 (171.79) -> 519 (307.33) -> 205 (401.5700000000001) -> 112 (492.98) -> 14 (620.72) -> 252 (743) -> 188 (858.5) -> 334 (964.02) -> 601
 - Puntaje            : 280
 - Tiempo de la ruta : 1077.79

Informacion Ruta : 3
 - Nodos visitados   : 0 -> 10 (64.85999999999994) -> 564 (177.8799999999999) -> 381 (272) -> 189 (387.08) -> 393 (498.27) -> 568 (590.27) -> 333 (717.15) -> 424 (841.5199999999919) -> 548 (937.5199999999919) -> 499 (1028.929999999992) -> 186 (1154.779999999992) -> 601
 - Puntaje            : 320
 - Tiempo de la ruta : 1327.829999999992

Informacion Ruta : 4
 - Nodos visitados   : 0 -> 59 (13.17000000000007) -> 221 (106.1700000000001) -> 18 (199.3300000000001) -> 582 (323.5400000000001) -> 55 (432.33) -> 34 (527.4300000000001) -> 77 (633.08) -> 238 (727.08) -> 345 (837) -> 601
 - Puntaje            : 260
 - Tiempo de la ruta : 940

==> Ejecucion : 20
Gurobi 12.0.0:   lim:time = 150
Gurobi 12.0.0: time limit, feasible solution; objective 0.1859364004
13322 simplex iterations
1 branching node
absmipgap=0.315472, relmipgap=1.69667
Informacion Ruta : 1
 - Nodos visitados   : 0 -> 59 (23.55) -> 221 (116.55) -> 18 (209.7100000000005) -> 45 (372.3299999999998) -> 412 (470.3899999999992) -> 260 (609.2199999999987) -> 333 (701.2199999999978) -> 424 (825.5899999999967) -> 548 (921.59) -> 499 (1013) -> 186 (1138.85) -> 601
 - Puntaje            : 330
 - Tiempo de la ruta : 1311.9

Informacion Ruta : 2
 - Nodos visitados   : 0 -> 598 (30.40999999999914) -> 131 (161.1299999999987) -> 61 (255.25) -> 582 (351.25) -> 55 (460.039999999997) -> 34 (555.1399999999961) -> 238 (659.4599999999953) -> 56 (786.2299999999944) -> 334 (885.2299999999926) -> 601
 - Puntaje            : 260
 - Tiempo de la ruta : 999

Informacion Ruta : 3
 - Nodos visitados   : 0 -> 367 (85.15999999999997) -> 577 (198.16) -> 205 (329.92) -> 519 (424.16) -> 112 (518.6300000000001) -> 2 (619.6300000000001) -> 14 (738.6300000000001) -> 581 (834.95) -> 398 (967) -> 407 (1109.04) -> 601
 - Puntaje            : 320
 - Tiempo de la ruta : 1299.49

Informacion Ruta : 4
 - Nodos visitados   : 0 -> 10 (93.63000000000008) -> 500 (201.6600000000001) -> 381 (308.9200000000001) -> 189 (424) -> 393 (535.19) -> 568 (627.19) -> 452 (718.19) -> 329 (811.8) -> 118 (902.8) -> 511 (1022.21) -> 601
 - Puntaje            : 270
 - Tiempo de la ruta : 1152.130000000001

==> Ejecucion : 21
Gurobi 12.0.0:   lim:time = 150
Gurobi 12.0.0: time limit, feasible solution; objective -0.05167958656
16869 simplex iterations
1 branching node
absmipgap=0.439276, relmipgap=8.5
Informacion Ruta : 1
 - Nodos visitados   : 0 -> 221 (38) -> 18 (131.16) -> 45 (293.7799999999995) -> 596 (428.9699999999991) -> 388 (536.4599999999983) -> 447 (630.0699999999983) -> 307 (749.1399999999984) -> 424 (877.0899999999982) -> 548 (973.0899999999982) -> 499 (1064.5) -> 186 (1190.35) -> 601
 - Puntaje            : 340
 - Tiempo de la ruta : 1363.4

Informacion Ruta : 2
 - Nodos visitados   : 0 -> 598 (30.40999999999968) -> 577 (167.7099999999989) -> 205 (299.4699999999983) -> 519 (393.7099999999983) -> 112 (488.1799999999975) -> 141 (603.2599999999975) -> 530 (723.8699999999975) -> 318 (849.8799999999975) -> 265 (965.0599999999976) -> 407 (1075.679999999998) -> 601
 - Puntaje            : 320
 - Tiempo de la ruta : 1266.129999999998

Informacion Ruta : 3
 - Nodos visitados   : 0 -> 10 (93.63000000000193) -> 500 (201.6600000000017) -> 381 (308.9200000000012) -> 189 (424) -> 393 (535.19) -> 568 (627.1900000000016) -> 329 (721.6600000000017) -> 390 (817.9800000000012) -> 118 (915.2600000000016) -> 511 (1034.670000000002) -> 601
 - Puntaje            : 270
 - Tiempo de la ruta : 1164.590000000002

Informacion Ruta : 4
 - Nodos visitados   : 0 -> 154 (41.83999999999801) -> 367 (163.979999999998) -> 250 (255.39) -> 99 (349) -> 320 (442) -> 56 (559.659999999999) -> 252 (677.9399999999983) -> 146 (789.9599999999975) -> 188 (884.9599999999964) -> 398 (1029.55) -> 601
 - Puntaje            : 290
 - Tiempo de la ruta : 1196.45



:    MVF      PVF   TCPU1    f1       f2      f3     :=
1   -1160      1      173   -1160   4673.61   340
2       0   4674.61    42       0      0        0
3       0    341       76       0      0        0
;

:        FN1           FN2          FN3        F1       F2      F3  TCPU2    :=
1    0.000861326    1            1                0      0        0    67
2    0.000861326    1            1                0      0        0    89
3    0.000861326    1            1                0      0        0    73
4    0.000861326    1            1                0      0        0    72
5    0.000861326    1            1                0      0        0    70
6    0.000861326    1            1                0      0        0    47
7    0.896641       0.103296     1            -1040   4191.74     0   181
8    0.793282       0.250748     1             -920   3502.46     0   184
9    0.000861326    1            1                0      0        0    75
10   0.000861326    1            1                0      0        0    73
11   0.000861326    1            1                0      0        0    48
12   0.922481       0.0947523    0.970674     -1070   4231.68    10   185
13   0.888028       0.121683     0.970674     -1030   4105.79    10   182
14   0.810508       0.238944     0.970674      -940   3557.64    10   183
15   0.000861326    1            1                0      0        0    82
16   0.913867       0.0949213    0.970674     -1060   4230.89    10   211
17   1.00861        0.0192273    0.824047     -1170   4584.73    60   241
18   1.01723       -0.00653103   0.00293255   -1180   4705.14   340   181
19   0.97416        0.0622726    0.824047     -1130   4383.51    60   181
20   1.01723        0.00141188   0.0322581    -1180   4668.01   330   183
21   1.05168       -0.0481773    0.00293255   -1220   4899.82   340   185
;

