

:::::::::::::::::::::::::: Descripcion de la Instancia ::::::::::::::::::::::::::

Nodo inicial         : 0 
Nodo final           : 801 
Tmax                 : 1676 
Numero de nodos      : 802 
Numero de rutas      : 5 
Numero de categorias : 6 
 - Cuota de la categoria 1 : 204 
 - Cuota de la categoria 2 : 122 
 - Cuota de la categoria 3 : 71 
 - Cuota de la categoria 4 : 41 
 - Cuota de la categoria 5 : 24 
 - Cuota de la categoria 6 : 13 
Funcion Objetivo : 1
Gurobi 12.0.0:   lim:time = 150
Gurobi 12.0.0: time limit, without a feasible solution
0 simplex iterations
Funcion Objetivo : 2
Gurobi 12.0.0:   lim:time = 150
Gurobi 12.0.0: time limit, feasible solution; objective 0
0 simplex iterations
absmipgap=1.46846e-05, relmipgap=0
Funcion Objetivo : 3
Gurobi 12.0.0:   lim:time = 150
Gurobi 12.0.0: time limit, feasible solution; objective 0
0 simplex iterations
absmipgap=14380, relmipgap=1e+100
==> Ejecucion : 1
Gurobi 12.0.0:   lim:time = 150
Gurobi 12.0.0: time limit, without a feasible solution
0 simplex iterations
Informacion Ruta : 1
 - Nodos visitados   : 0 ->  [Sin ruta o ruta incompleta]
 - Puntaje            : 0
 - Tiempo de la ruta : 0

Informacion Ruta : 2
 - Nodos visitados   : 0 ->  [Sin ruta o ruta incompleta]
 - Puntaje            : 0
 - Tiempo de la ruta : 0

Informacion Ruta : 3
 - Nodos visitados   : 0 ->  [Sin ruta o ruta incompleta]
 - Puntaje            : 0
 - Tiempo de la ruta : 0

Informacion Ruta : 4
 - Nodos visitados   : 0 ->  [Sin ruta o ruta incompleta]
 - Puntaje            : 0
 - Tiempo de la ruta : 0

Informacion Ruta : 5
 - Nodos visitados   : 0 ->  [Sin ruta o ruta incompleta]
 - Puntaje            : 0
 - Tiempo de la ruta : 0

==> Ejecucion : 2
Gurobi 12.0.0:   lim:time = 150
Gurobi 12.0.0: time limit, feasible solution; objective 0
0 simplex iterations
absmipgap=11504, relmipgap=1e+100
Informacion Ruta : 1
 - Nodos visitados   : 0 -> 801
 - Puntaje            : 0
 - Tiempo de la ruta : 0

Informacion Ruta : 2
 - Nodos visitados   : 0 -> 801
 - Puntaje            : 0
 - Tiempo de la ruta : 0

Informacion Ruta : 3
 - Nodos visitados   : 0 -> 801
 - Puntaje            : 0
 - Tiempo de la ruta : 0

Informacion Ruta : 4
 - Nodos visitados   : 0 -> 801
 - Puntaje            : 0
 - Tiempo de la ruta : 0

Informacion Ruta : 5
 - Nodos visitados   : 0 -> 801
 - Puntaje            : 0
 - Tiempo de la ruta : 0

==> Ejecucion : 3
Gurobi 12.0.0:   lim:time = 150
Gurobi 12.0.0: time limit, feasible solution; objective 0
0 simplex iterations
absmipgap=8628, relmipgap=1e+100
Informacion Ruta : 1
 - Nodos visitados   : 0 -> 801
 - Puntaje            : 0
 - Tiempo de la ruta : 0

Informacion Ruta : 2
 - Nodos visitados   : 0 -> 801
 - Puntaje            : 0
 - Tiempo de la ruta : 0

Informacion Ruta : 3
 - Nodos visitados   : 0 -> 801
 - Puntaje            : 0
 - Tiempo de la ruta : 0

Informacion Ruta : 4
 - Nodos visitados   : 0 -> 801
 - Puntaje            : 0
 - Tiempo de la ruta : 0

Informacion Ruta : 5
 - Nodos visitados   : 0 -> 801
 - Puntaje            : 0
 - Tiempo de la ruta : 0

==> Ejecucion : 4
Gurobi 12.0.0:   lim:time = 150
Gurobi 12.0.0: time limit, without a feasible solution
0 simplex iterations
Informacion Ruta : 1
 - Nodos visitados   : 0 ->  [Sin ruta o ruta incompleta]
 - Puntaje            : 0
 - Tiempo de la ruta : 0

Informacion Ruta : 2
 - Nodos visitados   : 0 ->  [Sin ruta o ruta incompleta]
 - Puntaje            : 0
 - Tiempo de la ruta : 0

Informacion Ruta : 3
 - Nodos visitados   : 0 ->  [Sin ruta o ruta incompleta]
 - Puntaje            : 0
 - Tiempo de la ruta : 0

Informacion Ruta : 4
 - Nodos visitados   : 0 ->  [Sin ruta o ruta incompleta]
 - Puntaje            : 0
 - Tiempo de la ruta : 0

Informacion Ruta : 5
 - Nodos visitados   : 0 ->  [Sin ruta o ruta incompleta]
 - Puntaje            : 0
 - Tiempo de la ruta : 0

==> Ejecucion : 5
Gurobi 12.0.0:   lim:time = 150
Gurobi 12.0.0: time limit, without a feasible solution
0 simplex iterations
Informacion Ruta : 1
 - Nodos visitados   : 0 ->  [Sin ruta o ruta incompleta]
 - Puntaje            : 0
 - Tiempo de la ruta : 0

Informacion Ruta : 2
 - Nodos visitados   : 0 ->  [Sin ruta o ruta incompleta]
 - Puntaje            : 0
 - Tiempo de la ruta : 0

Informacion Ruta : 3
 - Nodos visitados   : 0 ->  [Sin ruta o ruta incompleta]
 - Puntaje            : 0
 - Tiempo de la ruta : 0

Informacion Ruta : 4
 - Nodos visitados   : 0 ->  [Sin ruta o ruta incompleta]
 - Puntaje            : 0
 - Tiempo de la ruta : 0

Informacion Ruta : 5
 - Nodos visitados   : 0 ->  [Sin ruta o ruta incompleta]
 - Puntaje            : 0
 - Tiempo de la ruta : 0

==> Ejecucion : 6
Gurobi 12.0.0:   lim:time = 150
Gurobi 12.0.0: time limit, without a feasible solution
0 simplex iterations
Informacion Ruta : 1
 - Nodos visitados   : 0 ->  [Sin ruta o ruta incompleta]
 - Puntaje            : 0
 - Tiempo de la ruta : 0

Informacion Ruta : 2
 - Nodos visitados   : 0 ->  [Sin ruta o ruta incompleta]
 - Puntaje            : 0
 - Tiempo de la ruta : 0

Informacion Ruta : 3
 - Nodos visitados   : 0 ->  [Sin ruta o ruta incompleta]
 - Puntaje            : 0
 - Tiempo de la ruta : 0

Informacion Ruta : 4
 - Nodos visitados   : 0 ->  [Sin ruta o ruta incompleta]
 - Puntaje            : 0
 - Tiempo de la ruta : 0

Informacion Ruta : 5
 - Nodos visitados   : 0 ->  [Sin ruta o ruta incompleta]
 - Puntaje            : 0
 - Tiempo de la ruta : 0

==> Ejecucion : 7
Gurobi 12.0.0:   lim:time = 150
Gurobi 12.0.0: time limit, without a feasible solution
0 simplex iterations
Informacion Ruta : 1
 - Nodos visitados   : 0 ->  [Sin ruta o ruta incompleta]
 - Puntaje            : 0
 - Tiempo de la ruta : 0

Informacion Ruta : 2
 - Nodos visitados   : 0 ->  [Sin ruta o ruta incompleta]
 - Puntaje            : 0
 - Tiempo de la ruta : 0

Informacion Ruta : 3
 - Nodos visitados   : 0 ->  [Sin ruta o ruta incompleta]
 - Puntaje            : 0
 - Tiempo de la ruta : 0

Informacion Ruta : 4
 - Nodos visitados   : 0 ->  [Sin ruta o ruta incompleta]
 - Puntaje            : 0
 - Tiempo de la ruta : 0

Informacion Ruta : 5
 - Nodos visitados   : 0 ->  [Sin ruta o ruta incompleta]
 - Puntaje            : 0
 - Tiempo de la ruta : 0

==> Ejecucion : 8
Gurobi 12.0.0:   lim:time = 150
Gurobi 12.0.0: time limit, without a feasible solution
0 simplex iterations
Informacion Ruta : 1
 - Nodos visitados   : 0 ->  [Sin ruta o ruta incompleta]
 - Puntaje            : 0
 - Tiempo de la ruta : 0

Informacion Ruta : 2
 - Nodos visitados   : 0 ->  [Sin ruta o ruta incompleta]
 - Puntaje            : 0
 - Tiempo de la ruta : 0

Informacion Ruta : 3
 - Nodos visitados   : 0 ->  [Sin ruta o ruta incompleta]
 - Puntaje            : 0
 - Tiempo de la ruta : 0

Informacion Ruta : 4
 - Nodos visitados   : 0 ->  [Sin ruta o ruta incompleta]
 - Puntaje            : 0
 - Tiempo de la ruta : 0

Informacion Ruta : 5
 - Nodos visitados   : 0 ->  [Sin ruta o ruta incompleta]
 - Puntaje            : 0
 - Tiempo de la ruta : 0

==> Ejecucion : 9
Gurobi 12.0.0:   lim:time = 150
Gurobi 12.0.0: time limit, without a feasible solution
0 simplex iterations
Informacion Ruta : 1
 - Nodos visitados   : 0 ->  [Sin ruta o ruta incompleta]
 - Puntaje            : 0
 - Tiempo de la ruta : 0

Informacion Ruta : 2
 - Nodos visitados   : 0 ->  [Sin ruta o ruta incompleta]
 - Puntaje            : 0
 - Tiempo de la ruta : 0

Informacion Ruta : 3
 - Nodos visitados   : 0 ->  [Sin ruta o ruta incompleta]
 - Puntaje            : 0
 - Tiempo de la ruta : 0

Informacion Ruta : 4
 - Nodos visitados   : 0 ->  [Sin ruta o ruta incompleta]
 - Puntaje            : 0
 - Tiempo de la ruta : 0

Informacion Ruta : 5
 - Nodos visitados   : 0 ->  [Sin ruta o ruta incompleta]
 - Puntaje            : 0
 - Tiempo de la ruta : 0

==> Ejecucion : 10
Gurobi 12.0.0:   lim:time = 150
Gurobi 12.0.0: time limit, feasible solution; objective 0
0 simplex iterations
absmipgap=2876, relmipgap=1e+100
Informacion Ruta : 1
 - Nodos visitados   : 0 -> 801
 - Puntaje            : 0
 - Tiempo de la ruta : 0

Informacion Ruta : 2
 - Nodos visitados   : 0 -> 801
 - Puntaje            : 0
 - Tiempo de la ruta : 0

Informacion Ruta : 3
 - Nodos visitados   : 0 -> 801
 - Puntaje            : 0
 - Tiempo de la ruta : 0

Informacion Ruta : 4
 - Nodos visitados   : 0 -> 801
 - Puntaje            : 0
 - Tiempo de la ruta : 0

Informacion Ruta : 5
 - Nodos visitados   : 0 -> 801
 - Puntaje            : 0
 - Tiempo de la ruta : 0

==> Ejecucion : 11
Gurobi 12.0.0:   lim:time = 150
Gurobi 12.0.0: time limit, without a feasible solution
0 simplex iterations
Informacion Ruta : 1
 - Nodos visitados   : 0 ->  [Sin ruta o ruta incompleta]
 - Puntaje            : 0
 - Tiempo de la ruta : 0

Informacion Ruta : 2
 - Nodos visitados   : 0 ->  [Sin ruta o ruta incompleta]
 - Puntaje            : 0
 - Tiempo de la ruta : 0

Informacion Ruta : 3
 - Nodos visitados   : 0 ->  [Sin ruta o ruta incompleta]
 - Puntaje            : 0
 - Tiempo de la ruta : 0

Informacion Ruta : 4
 - Nodos visitados   : 0 ->  [Sin ruta o ruta incompleta]
 - Puntaje            : 0
 - Tiempo de la ruta : 0

Informacion Ruta : 5
 - Nodos visitados   : 0 ->  [Sin ruta o ruta incompleta]
 - Puntaje            : 0
 - Tiempo de la ruta : 0

==> Ejecucion : 12
Gurobi 12.0.0:   lim:time = 150
Gurobi 12.0.0: time limit, without a feasible solution
0 simplex iterations
Informacion Ruta : 1
 - Nodos visitados   : 0 ->  [Sin ruta o ruta incompleta]
 - Puntaje            : 0
 - Tiempo de la ruta : 0

Informacion Ruta : 2
 - Nodos visitados   : 0 ->  [Sin ruta o ruta incompleta]
 - Puntaje            : 0
 - Tiempo de la ruta : 0

Informacion Ruta : 3
 - Nodos visitados   : 0 ->  [Sin ruta o ruta incompleta]
 - Puntaje            : 0
 - Tiempo de la ruta : 0

Informacion Ruta : 4
 - Nodos visitados   : 0 ->  [Sin ruta o ruta incompleta]
 - Puntaje            : 0
 - Tiempo de la ruta : 0

Informacion Ruta : 5
 - Nodos visitados   : 0 ->  [Sin ruta o ruta incompleta]
 - Puntaje            : 0
 - Tiempo de la ruta : 0

==> Ejecucion : 13
Gurobi 12.0.0:   lim:time = 150
Gurobi 12.0.0: time limit, without a feasible solution
0 simplex iterations
Informacion Ruta : 1
 - Nodos visitados   : 0 ->  [Sin ruta o ruta incompleta]
 - Puntaje            : 0
 - Tiempo de la ruta : 0

Informacion Ruta : 2
 - Nodos visitados   : 0 ->  [Sin ruta o ruta incompleta]
 - Puntaje            : 0
 - Tiempo de la ruta : 0

Informacion Ruta : 3
 - Nodos visitados   : 0 ->  [Sin ruta o ruta incompleta]
 - Puntaje            : 0
 - Tiempo de la ruta : 0

Informacion Ruta : 4
 - Nodos visitados   : 0 ->  [Sin ruta o ruta incompleta]
 - Puntaje            : 0
 - Tiempo de la ruta : 0

Informacion Ruta : 5
 - Nodos visitados   : 0 ->  [Sin ruta o ruta incompleta]
 - Puntaje            : 0
 - Tiempo de la ruta : 0

==> Ejecucion : 14
Gurobi 12.0.0:   lim:time = 150
Gurobi 12.0.0: time limit, feasible solution; objective 0
0 simplex iterations
absmipgap=2876, relmipgap=1e+100
Informacion Ruta : 1
 - Nodos visitados   : 0 -> 801
 - Puntaje            : 0
 - Tiempo de la ruta : 0

Informacion Ruta : 2
 - Nodos visitados   : 0 -> 801
 - Puntaje            : 0
 - Tiempo de la ruta : 0

Informacion Ruta : 3
 - Nodos visitados   : 0 -> 801
 - Puntaje            : 0
 - Tiempo de la ruta : 0

Informacion Ruta : 4
 - Nodos visitados   : 0 -> 801
 - Puntaje            : 0
 - Tiempo de la ruta : 0

Informacion Ruta : 5
 - Nodos visitados   : 0 -> 801
 - Puntaje            : 0
 - Tiempo de la ruta : 0

==> Ejecucion : 15
Gurobi 12.0.0:   lim:time = 150
Gurobi 12.0.0: time limit, without a feasible solution
0 simplex iterations
Informacion Ruta : 1
 - Nodos visitados   : 0 ->  [Sin ruta o ruta incompleta]
 - Puntaje            : 0
 - Tiempo de la ruta : 0

Informacion Ruta : 2
 - Nodos visitados   : 0 ->  [Sin ruta o ruta incompleta]
 - Puntaje            : 0
 - Tiempo de la ruta : 0

Informacion Ruta : 3
 - Nodos visitados   : 0 ->  [Sin ruta o ruta incompleta]
 - Puntaje            : 0
 - Tiempo de la ruta : 0

Informacion Ruta : 4
 - Nodos visitados   : 0 ->  [Sin ruta o ruta incompleta]
 - Puntaje            : 0
 - Tiempo de la ruta : 0

Informacion Ruta : 5
 - Nodos visitados   : 0 ->  [Sin ruta o ruta incompleta]
 - Puntaje            : 0
 - Tiempo de la ruta : 0

==> Ejecucion : 16
Gurobi 12.0.0:   lim:time = 150
Gurobi 12.0.0: time limit, without a feasible solution
0 simplex iterations
Informacion Ruta : 1
 - Nodos visitados   : 0 ->  [Sin ruta o ruta incompleta]
 - Puntaje            : 0
 - Tiempo de la ruta : 0

Informacion Ruta : 2
 - Nodos visitados   : 0 ->  [Sin ruta o ruta incompleta]
 - Puntaje            : 0
 - Tiempo de la ruta : 0

Informacion Ruta : 3
 - Nodos visitados   : 0 ->  [Sin ruta o ruta incompleta]
 - Puntaje            : 0
 - Tiempo de la ruta : 0

Informacion Ruta : 4
 - Nodos visitados   : 0 ->  [Sin ruta o ruta incompleta]
 - Puntaje            : 0
 - Tiempo de la ruta : 0

Informacion Ruta : 5
 - Nodos visitados   : 0 ->  [Sin ruta o ruta incompleta]
 - Puntaje            : 0
 - Tiempo de la ruta : 0

==> Ejecucion : 17
Gurobi 12.0.0:   lim:time = 150
Gurobi 12.0.0: time limit, without a feasible solution
0 simplex iterations
Informacion Ruta : 1
 - Nodos visitados   : 0 ->  [Sin ruta o ruta incompleta]
 - Puntaje            : 0
 - Tiempo de la ruta : 0

Informacion Ruta : 2
 - Nodos visitados   : 0 ->  [Sin ruta o ruta incompleta]
 - Puntaje            : 0
 - Tiempo de la ruta : 0

Informacion Ruta : 3
 - Nodos visitados   : 0 ->  [Sin ruta o ruta incompleta]
 - Puntaje            : 0
 - Tiempo de la ruta : 0

Informacion Ruta : 4
 - Nodos visitados   : 0 ->  [Sin ruta o ruta incompleta]
 - Puntaje            : 0
 - Tiempo de la ruta : 0

Informacion Ruta : 5
 - Nodos visitados   : 0 ->  [Sin ruta o ruta incompleta]
 - Puntaje            : 0
 - Tiempo de la ruta : 0

==> Ejecucion : 18
Gurobi 12.0.0:   lim:time = 150
Gurobi 12.0.0: optimal solution; objective 0
0 simplex iterations
absmipgap=6.08566e-06, relmipgap=1e+100
Informacion Ruta : 1
 - Nodos visitados   : 0 -> 801
 - Puntaje            : 0
 - Tiempo de la ruta : 0

Informacion Ruta : 2
 - Nodos visitados   : 0 -> 801
 - Puntaje            : 0
 - Tiempo de la ruta : 0

Informacion Ruta : 3
 - Nodos visitados   : 0 -> 801
 - Puntaje            : 0
 - Tiempo de la ruta : 0

Informacion Ruta : 4
 - Nodos visitados   : 0 -> 801
 - Puntaje            : 0
 - Tiempo de la ruta : 0

Informacion Ruta : 5
 - Nodos visitados   : 0 -> 801
 - Puntaje            : 0
 - Tiempo de la ruta : 0

==> Ejecucion : 19
Gurobi 12.0.0:   lim:time = 150
Gurobi 12.0.0: time limit, without a feasible solution
0 simplex iterations
Informacion Ruta : 1
 - Nodos visitados   : 0 ->  [Sin ruta o ruta incompleta]
 - Puntaje            : 0
 - Tiempo de la ruta : 0

Informacion Ruta : 2
 - Nodos visitados   : 0 ->  [Sin ruta o ruta incompleta]
 - Puntaje            : 0
 - Tiempo de la ruta : 0

Informacion Ruta : 3
 - Nodos visitados   : 0 ->  [Sin ruta o ruta incompleta]
 - Puntaje            : 0
 - Tiempo de la ruta : 0

Informacion Ruta : 4
 - Nodos visitados   : 0 ->  [Sin ruta o ruta incompleta]
 - Puntaje            : 0
 - Tiempo de la ruta : 0

Informacion Ruta : 5
 - Nodos visitados   : 0 ->  [Sin ruta o ruta incompleta]
 - Puntaje            : 0
 - Tiempo de la ruta : 0

==> Ejecucion : 20
Gurobi 12.0.0:   lim:time = 150
Gurobi 12.0.0: time limit, without a feasible solution
0 simplex iterations
Informacion Ruta : 1
 - Nodos visitados   : 0 ->  [Sin ruta o ruta incompleta]
 - Puntaje            : 0
 - Tiempo de la ruta : 0

Informacion Ruta : 2
 - Nodos visitados   : 0 ->  [Sin ruta o ruta incompleta]
 - Puntaje            : 0
 - Tiempo de la ruta : 0

Informacion Ruta : 3
 - Nodos visitados   : 0 ->  [Sin ruta o ruta incompleta]
 - Puntaje            : 0
 - Tiempo de la ruta : 0

Informacion Ruta : 4
 - Nodos visitados   : 0 ->  [Sin ruta o ruta incompleta]
 - Puntaje            : 0
 - Tiempo de la ruta : 0

Informacion Ruta : 5
 - Nodos visitados   : 0 ->  [Sin ruta o ruta incompleta]
 - Puntaje            : 0
 - Tiempo de la ruta : 0

==> Ejecucion : 21
Gurobi 12.0.0:   lim:time = 150
Gurobi 12.0.0: time limit, without a feasible solution
0 simplex iterations
Informacion Ruta : 1
 - Nodos visitados   : 0 ->  [Sin ruta o ruta incompleta]
 - Puntaje            : 0
 - Tiempo de la ruta : 0

Informacion Ruta : 2
 - Nodos visitados   : 0 ->  [Sin ruta o ruta incompleta]
 - Puntaje            : 0
 - Tiempo de la ruta : 0

Informacion Ruta : 3
 - Nodos visitados   : 0 ->  [Sin ruta o ruta incompleta]
 - Puntaje            : 0
 - Tiempo de la ruta : 0

Informacion Ruta : 4
 - Nodos visitados   : 0 ->  [Sin ruta o ruta incompleta]
 - Puntaje            : 0
 - Tiempo de la ruta : 0

Informacion Ruta : 5
 - Nodos visitados   : 0 ->  [Sin ruta o ruta incompleta]
 - Puntaje            : 0
 - Tiempo de la ruta : 0



: MVF PVF TCPU1  f1  f2  f3    :=
1   0   1   242   0   0   0
2   0   1   852   0   0   0
3   0   1   640   0   0   0
;

:  FN1 FN2 FN3  F1  F2  F3  TCPU2    :=
1    1   1   1   0   0   0    594
2    1   1   1   0   0   0    623
3    1   1   1   0   0   0    390
4    1   1   1   0   0   0   1081
5    1   1   1   0   0   0    342
6    1   1   1   0   0   0    345
7    1   1   1   0   0   0    306
8    1   1   1   0   0   0    303
9    1   1   1   0   0   0    305
10   1   1   1   0   0   0    537
11   1   1   1   0   0   0    763
12   1   1   1   0   0   0    378
13   1   1   1   0   0   0    432
14   1   1   1   0   0   0    512
15   1   1   1   0   0   0    363
16   1   1   1   0   0   0    328
17   1   1   1   0   0   0    323
18   1   1   1   0   0   0    447
19   1   1   1   0   0   0    627
20   1   1   1   0   0   0    399
21   1   1   1   0   0   0    349
;

