

:::::::::::::::::::::::::: Descripcion de la Instancia ::::::::::::::::::::::::::

Nodo inicial         : 0 
Nodo final           : 801 
Tmax                 : 1676 
Numero de nodos      : 802 
Numero de rutas      : 5 
Numero de categorias : 6 
 - Cuota de la categoria 1 : 204 
 - Cuota de la categoria 2 : 122 
 - Cuota de la categoria 3 : 71 
 - Cuota de la categoria 4 : 41 
 - Cuota de la categoria 5 : 24 
 - Cuota de la categoria 6 : 13 
Funcion Objetivo : 1
Gurobi 12.0.0:   lim:time = 150
Gurobi 12.0.0: time limit, feasible solution; objective -150
0 simplex iterations
1 branching node
absmipgap=71750, relmipgap=478.333
Funcion Objetivo : 2
Gurobi 12.0.0:   lim:time = 150
Gurobi 12.0.0: optimal solution; objective 0
0 simplex iterations
absmipgap=4.13511e-05, relmipgap=0
Funcion Objetivo : 3
Gurobi 12.0.0:   lim:time = 150
Gurobi 12.0.0: optimal solution; objective 0
13 simplex iterations
1 branching node
==> Ejecucion : 1
Gurobi 12.0.0:   lim:time = 150
Gurobi 12.0.0: optimal solution; objective 0
13 simplex iterations
1 branching node
Informacion Ruta : 1
 - Nodos visitados   : 0 -> 801
 - Puntaje            : 0
 - Tiempo de la ruta : 0

Informacion Ruta : 2
 - Nodos visitados   : 0 -> 801
 - Puntaje            : 0
 - Tiempo de la ruta : 0

Informacion Ruta : 3
 - Nodos visitados   : 0 -> 801
 - Puntaje            : 0
 - Tiempo de la ruta : 0

Informacion Ruta : 4
 - Nodos visitados   : 0 -> 801
 - Puntaje            : 0
 - Tiempo de la ruta : 0

Informacion Ruta : 5
 - Nodos visitados   : 0 -> 801
 - Puntaje            : 0
 - Tiempo de la ruta : 0

==> Ejecucion : 2
Gurobi 12.0.0:   lim:time = 150
Gurobi 12.0.0: optimal solution; objective 0
1016 simplex iterations
1 branching node
absmipgap=7.61681e-10, relmipgap=0
Informacion Ruta : 1
 - Nodos visitados   : 0 -> 801
 - Puntaje            : 0
 - Tiempo de la ruta : 0

Informacion Ruta : 2
 - Nodos visitados   : 0 -> 801
 - Puntaje            : 0
 - Tiempo de la ruta : 0

Informacion Ruta : 3
 - Nodos visitados   : 0 -> 801
 - Puntaje            : 0
 - Tiempo de la ruta : 0

Informacion Ruta : 4
 - Nodos visitados   : 0 -> 801
 - Puntaje            : 0
 - Tiempo de la ruta : 0

Informacion Ruta : 5
 - Nodos visitados   : 0 -> 801
 - Puntaje            : 0
 - Tiempo de la ruta : 0

==> Ejecucion : 3
Gurobi 12.0.0:   lim:time = 150
Gurobi 12.0.0: optimal solution; objective 0
206 simplex iterations
1 branching node
absmipgap=1.52336e-09, relmipgap=0
Informacion Ruta : 1
 - Nodos visitados   : 0 -> 801
 - Puntaje            : 0
 - Tiempo de la ruta : 0

Informacion Ruta : 2
 - Nodos visitados   : 0 -> 801
 - Puntaje            : 0
 - Tiempo de la ruta : 0

Informacion Ruta : 3
 - Nodos visitados   : 0 -> 801
 - Puntaje            : 0
 - Tiempo de la ruta : 0

Informacion Ruta : 4
 - Nodos visitados   : 0 -> 801
 - Puntaje            : 0
 - Tiempo de la ruta : 0

Informacion Ruta : 5
 - Nodos visitados   : 0 -> 801
 - Puntaje            : 0
 - Tiempo de la ruta : 0

==> Ejecucion : 4
Gurobi 12.0.0:   lim:time = 150
Gurobi 12.0.0: time limit, feasible solution; objective 0
0 simplex iterations
1 branching node
absmipgap=56.9505, relmipgap=1e+100
Informacion Ruta : 1
 - Nodos visitados   : 0 -> 801
 - Puntaje            : 0
 - Tiempo de la ruta : 0

Informacion Ruta : 2
 - Nodos visitados   : 0 -> 801
 - Puntaje            : 0
 - Tiempo de la ruta : 0

Informacion Ruta : 3
 - Nodos visitados   : 0 -> 801
 - Puntaje            : 0
 - Tiempo de la ruta : 0

Informacion Ruta : 4
 - Nodos visitados   : 0 -> 801
 - Puntaje            : 0
 - Tiempo de la ruta : 0

Informacion Ruta : 5
 - Nodos visitados   : 0 -> 801
 - Puntaje            : 0
 - Tiempo de la ruta : 0

==> Ejecucion : 5
Gurobi 12.0.0:   lim:time = 150
Gurobi 12.0.0: time limit, feasible solution; objective 0
0 simplex iterations
1 branching node
absmipgap=28.4752, relmipgap=1e+100
Informacion Ruta : 1
 - Nodos visitados   : 0 -> 801
 - Puntaje            : 0
 - Tiempo de la ruta : 0

Informacion Ruta : 2
 - Nodos visitados   : 0 -> 801
 - Puntaje            : 0
 - Tiempo de la ruta : 0

Informacion Ruta : 3
 - Nodos visitados   : 0 -> 801
 - Puntaje            : 0
 - Tiempo de la ruta : 0

Informacion Ruta : 4
 - Nodos visitados   : 0 -> 801
 - Puntaje            : 0
 - Tiempo de la ruta : 0

Informacion Ruta : 5
 - Nodos visitados   : 0 -> 801
 - Puntaje            : 0
 - Tiempo de la ruta : 0

==> Ejecucion : 6
Gurobi 12.0.0:   lim:time = 150
Gurobi 12.0.0: optimal solution; objective 0
0 simplex iterations
absmipgap=6.99131e-08, relmipgap=1e+100
Informacion Ruta : 1
 - Nodos visitados   : 0 -> 801
 - Puntaje            : 0
 - Tiempo de la ruta : 0

Informacion Ruta : 2
 - Nodos visitados   : 0 -> 801
 - Puntaje            : 0
 - Tiempo de la ruta : 0

Informacion Ruta : 3
 - Nodos visitados   : 0 -> 801
 - Puntaje            : 0
 - Tiempo de la ruta : 0

Informacion Ruta : 4
 - Nodos visitados   : 0 -> 801
 - Puntaje            : 0
 - Tiempo de la ruta : 0

Informacion Ruta : 5
 - Nodos visitados   : 0 -> 801
 - Puntaje            : 0
 - Tiempo de la ruta : 0

==> Ejecucion : 7
Gurobi 12.0.0:   lim:time = 150
Gurobi 12.0.0: time limit, feasible solution; objective 0.1986754967
0 simplex iterations
9 barrier iterations
1 branching node
absmipgap=209.133, relmipgap=1052.63
Informacion Ruta : 1
 - Nodos visitados   : 0 -> 801
 - Puntaje            : 0
 - Tiempo de la ruta : 0

Informacion Ruta : 2
 - Nodos visitados   : 0 -> 801
 - Puntaje            : 0
 - Tiempo de la ruta : 0

Informacion Ruta : 3
 - Nodos visitados   : 0 -> 801
 - Puntaje            : 0
 - Tiempo de la ruta : 0

Informacion Ruta : 4
 - Nodos visitados   : 0 -> 801
 - Puntaje            : 0
 - Tiempo de la ruta : 0

Informacion Ruta : 5
 - Nodos visitados   : 0 -> 801
 - Puntaje            : 0
 - Tiempo de la ruta : 0

==> Ejecucion : 8
Gurobi 12.0.0:   lim:time = 150
Gurobi 12.0.0: time limit, feasible solution; objective 0.1986754967
0 simplex iterations
7 barrier iterations
1 branching node
absmipgap=114.168, relmipgap=574.646
Informacion Ruta : 1
 - Nodos visitados   : 0 -> 801
 - Puntaje            : 0
 - Tiempo de la ruta : 0

Informacion Ruta : 2
 - Nodos visitados   : 0 -> 801
 - Puntaje            : 0
 - Tiempo de la ruta : 0

Informacion Ruta : 3
 - Nodos visitados   : 0 -> 801
 - Puntaje            : 0
 - Tiempo de la ruta : 0

Informacion Ruta : 4
 - Nodos visitados   : 0 -> 801
 - Puntaje            : 0
 - Tiempo de la ruta : 0

Informacion Ruta : 5
 - Nodos visitados   : 0 -> 801
 - Puntaje            : 0
 - Tiempo de la ruta : 0

==> Ejecucion : 9
Gurobi 12.0.0:   lim:time = 150
Gurobi 12.0.0: time limit, feasible solution; objective 0.1986754967
0 simplex iterations
1 branching node
absmipgap=59.7023, relmipgap=300.501
Informacion Ruta : 1
 - Nodos visitados   : 0 -> 801
 - Puntaje            : 0
 - Tiempo de la ruta : 0

Informacion Ruta : 2
 - Nodos visitados   : 0 -> 801
 - Puntaje            : 0
 - Tiempo de la ruta : 0

Informacion Ruta : 3
 - Nodos visitados   : 0 -> 801
 - Puntaje            : 0
 - Tiempo de la ruta : 0

Informacion Ruta : 4
 - Nodos visitados   : 0 -> 801
 - Puntaje            : 0
 - Tiempo de la ruta : 0

Informacion Ruta : 5
 - Nodos visitados   : 0 -> 801
 - Puntaje            : 0
 - Tiempo de la ruta : 0

==> Ejecucion : 10
Gurobi 12.0.0:   lim:time = 150
Gurobi 12.0.0: optimal solution; objective 0.1986754967
202 simplex iterations
1 branching node
absmipgap=1.25771e-08, relmipgap=0
Informacion Ruta : 1
 - Nodos visitados   : 0 -> 801
 - Puntaje            : 0
 - Tiempo de la ruta : 0

Informacion Ruta : 2
 - Nodos visitados   : 0 -> 801
 - Puntaje            : 0
 - Tiempo de la ruta : 0

Informacion Ruta : 3
 - Nodos visitados   : 0 -> 801
 - Puntaje            : 0
 - Tiempo de la ruta : 0

Informacion Ruta : 4
 - Nodos visitados   : 0 -> 801
 - Puntaje            : 0
 - Tiempo de la ruta : 0

Informacion Ruta : 5
 - Nodos visitados   : 0 -> 801
 - Puntaje            : 0
 - Tiempo de la ruta : 0

==> Ejecucion : 11
Gurobi 12.0.0:   lim:time = 150
Gurobi 12.0.0: optimal solution; objective 0.1986754967
0 simplex iterations
absmipgap=3.20252e-09, relmipgap=0
Informacion Ruta : 1
 - Nodos visitados   : 0 -> 801
 - Puntaje            : 0
 - Tiempo de la ruta : 0

Informacion Ruta : 2
 - Nodos visitados   : 0 -> 801
 - Puntaje            : 0
 - Tiempo de la ruta : 0

Informacion Ruta : 3
 - Nodos visitados   : 0 -> 801
 - Puntaje            : 0
 - Tiempo de la ruta : 0

Informacion Ruta : 4
 - Nodos visitados   : 0 -> 801
 - Puntaje            : 0
 - Tiempo de la ruta : 0

Informacion Ruta : 5
 - Nodos visitados   : 0 -> 801
 - Puntaje            : 0
 - Tiempo de la ruta : 0

==> Ejecucion : 12
Gurobi 12.0.0:   lim:time = 150
Gurobi 12.0.0: time limit, feasible solution; objective 0.3973509934
0 simplex iterations
9 barrier iterations
1 branching node
absmipgap=275.889, relmipgap=694.321
Informacion Ruta : 1
 - Nodos visitados   : 0 -> 801
 - Puntaje            : 0
 - Tiempo de la ruta : 0

Informacion Ruta : 2
 - Nodos visitados   : 0 -> 801
 - Puntaje            : 0
 - Tiempo de la ruta : 0

Informacion Ruta : 3
 - Nodos visitados   : 0 -> 801
 - Puntaje            : 0
 - Tiempo de la ruta : 0

Informacion Ruta : 4
 - Nodos visitados   : 0 -> 801
 - Puntaje            : 0
 - Tiempo de la ruta : 0

Informacion Ruta : 5
 - Nodos visitados   : 0 -> 801
 - Puntaje            : 0
 - Tiempo de la ruta : 0

==> Ejecucion : 13
Gurobi 12.0.0:   lim:time = 150
Gurobi 12.0.0: time limit, feasible solution; objective 0.3973509934
3416 simplex iterations
1 branching node
absmipgap=5.49129, relmipgap=13.8197
Informacion Ruta : 1
 - Nodos visitados   : 0 -> 801
 - Puntaje            : 0
 - Tiempo de la ruta : 0

Informacion Ruta : 2
 - Nodos visitados   : 0 -> 801
 - Puntaje            : 0
 - Tiempo de la ruta : 0

Informacion Ruta : 3
 - Nodos visitados   : 0 -> 801
 - Puntaje            : 0
 - Tiempo de la ruta : 0

Informacion Ruta : 4
 - Nodos visitados   : 0 -> 801
 - Puntaje            : 0
 - Tiempo de la ruta : 0

Informacion Ruta : 5
 - Nodos visitados   : 0 -> 801
 - Puntaje            : 0
 - Tiempo de la ruta : 0

==> Ejecucion : 14
Gurobi 12.0.0:   lim:time = 150
Gurobi 12.0.0: time limit, feasible solution; objective 0.3973509934
0 simplex iterations
1 branching node
absmipgap=85.9601, relmipgap=216.333
Informacion Ruta : 1
 - Nodos visitados   : 0 -> 801
 - Puntaje            : 0
 - Tiempo de la ruta : 0

Informacion Ruta : 2
 - Nodos visitados   : 0 -> 801
 - Puntaje            : 0
 - Tiempo de la ruta : 0

Informacion Ruta : 3
 - Nodos visitados   : 0 -> 801
 - Puntaje            : 0
 - Tiempo de la ruta : 0

Informacion Ruta : 4
 - Nodos visitados   : 0 -> 801
 - Puntaje            : 0
 - Tiempo de la ruta : 0

Informacion Ruta : 5
 - Nodos visitados   : 0 -> 801
 - Puntaje            : 0
 - Tiempo de la ruta : 0

==> Ejecucion : 15
Gurobi 12.0.0:   lim:time = 150
Gurobi 12.0.0: time limit, feasible solution; objective 0.3973509934
0 simplex iterations
1 branching node
absmipgap=19.6906, relmipgap=49.5546
Informacion Ruta : 1
 - Nodos visitados   : 0 -> 801
 - Puntaje            : 0
 - Tiempo de la ruta : 0

Informacion Ruta : 2
 - Nodos visitados   : 0 -> 801
 - Puntaje            : 0
 - Tiempo de la ruta : 0

Informacion Ruta : 3
 - Nodos visitados   : 0 -> 801
 - Puntaje            : 0
 - Tiempo de la ruta : 0

Informacion Ruta : 4
 - Nodos visitados   : 0 -> 801
 - Puntaje            : 0
 - Tiempo de la ruta : 0

Informacion Ruta : 5
 - Nodos visitados   : 0 -> 801
 - Puntaje            : 0
 - Tiempo de la ruta : 0

==> Ejecucion : 16
Gurobi 12.0.0:   lim:time = 150
Gurobi 12.0.0: time limit, feasible solution; objective 0.5940594059
0 simplex iterations
1 branching node
absmipgap=342.644, relmipgap=576.784
Informacion Ruta : 1
 - Nodos visitados   : 0 -> 801
 - Puntaje            : 0
 - Tiempo de la ruta : 0

Informacion Ruta : 2
 - Nodos visitados   : 0 -> 801
 - Puntaje            : 0
 - Tiempo de la ruta : 0

Informacion Ruta : 3
 - Nodos visitados   : 0 -> 801
 - Puntaje            : 0
 - Tiempo de la ruta : 0

Informacion Ruta : 4
 - Nodos visitados   : 0 -> 801
 - Puntaje            : 0
 - Tiempo de la ruta : 0

Informacion Ruta : 5
 - Nodos visitados   : 0 -> 574 (113.2799999999967) -> 510 (515.35) -> 62 (812.5299999999968) -> 801
 - Puntaje            : 150
 - Tiempo de la ruta : 943.5399999999968

==> Ejecucion : 17
Gurobi 12.0.0:   lim:time = 150
Gurobi 12.0.0: time limit, feasible solution; objective 0.4047102371
3230 simplex iterations
1 branching node
absmipgap=8.93217, relmipgap=22.0705
Informacion Ruta : 1
 - Nodos visitados   : 0 -> 62 (538) -> 801
 - Puntaje            : 50
 - Tiempo de la ruta : 669.0099999999977

Informacion Ruta : 2
 - Nodos visitados   : 0 -> 801
 - Puntaje            : 0
 - Tiempo de la ruta : 0

Informacion Ruta : 3
 - Nodos visitados   : 0 -> 801
 - Puntaje            : 0
 - Tiempo de la ruta : 0

Informacion Ruta : 4
 - Nodos visitados   : 0 -> 801
 - Puntaje            : 0
 - Tiempo de la ruta : 0

Informacion Ruta : 5
 - Nodos visitados   : 0 -> 574 (113.2799999999979) -> 510 (515.35) -> 801
 - Puntaje            : 100
 - Tiempo de la ruta : 804.8299999999979

==> Ejecucion : 18
Gurobi 12.0.0:   lim:time = 150
Gurobi 12.0.0: time limit, feasible solution; objective 0.4133808703
0 simplex iterations
1 branching node
absmipgap=133.169, relmipgap=322.146
Informacion Ruta : 1
 - Nodos visitados   : 0 -> 62 (538) -> 801
 - Puntaje            : 50
 - Tiempo de la ruta : 669.0099999999977

Informacion Ruta : 2
 - Nodos visitados   : 0 -> 801
 - Puntaje            : 0
 - Tiempo de la ruta : 0

Informacion Ruta : 3
 - Nodos visitados   : 0 -> 801
 - Puntaje            : 0
 - Tiempo de la ruta : 0

Informacion Ruta : 4
 - Nodos visitados   : 0 -> 801
 - Puntaje            : 0
 - Tiempo de la ruta : 0

Informacion Ruta : 5
 - Nodos visitados   : 0 -> 574 (248.93) -> 510 (651) -> 801
 - Puntaje            : 100
 - Tiempo de la ruta : 940.48

==> Ejecucion : 19
Gurobi 12.0.0:   lim:time = 150
Gurobi 12.0.0: time limit, feasible solution; objective 0.297029703
0 simplex iterations
18 barrier iterations
1 branching node
absmipgap=408.905, relmipgap=1376.65
Informacion Ruta : 1
 - Nodos visitados   : 0 -> 801
 - Puntaje            : 0
 - Tiempo de la ruta : 0

Informacion Ruta : 2
 - Nodos visitados   : 0 -> 801
 - Puntaje            : 0
 - Tiempo de la ruta : 0

Informacion Ruta : 3
 - Nodos visitados   : 0 -> 801
 - Puntaje            : 0
 - Tiempo de la ruta : 0

Informacion Ruta : 4
 - Nodos visitados   : 0 -> 801
 - Puntaje            : 0
 - Tiempo de la ruta : 0

Informacion Ruta : 5
 - Nodos visitados   : 0 -> 574 (113.2799999999967) -> 510 (515.35) -> 62 (812.5299999999968) -> 801
 - Puntaje            : 150
 - Tiempo de la ruta : 943.5399999999968

==> Ejecucion : 20
Gurobi 12.0.0:   lim:time = 150
Gurobi 12.0.0: time limit, feasible solution; objective 0.2066904351
0 simplex iterations
9 barrier iterations
1 branching node
absmipgap=304.167, relmipgap=1471.61
Informacion Ruta : 1
 - Nodos visitados   : 0 -> 62 (538) -> 801
 - Puntaje            : 50
 - Tiempo de la ruta : 669.0099999999977

Informacion Ruta : 2
 - Nodos visitados   : 0 -> 801
 - Puntaje            : 0
 - Tiempo de la ruta : 0

Informacion Ruta : 3
 - Nodos visitados   : 0 -> 801
 - Puntaje            : 0
 - Tiempo de la ruta : 0

Informacion Ruta : 4
 - Nodos visitados   : 0 -> 801
 - Puntaje            : 0
 - Tiempo de la ruta : 0

Informacion Ruta : 5
 - Nodos visitados   : 0 -> 574 (113.2799999999979) -> 510 (515.35) -> 801
 - Puntaje            : 100
 - Tiempo de la ruta : 804.8299999999979

==> Ejecucion : 21
Gurobi 12.0.0:   lim:time = 150
Gurobi 12.0.0: time limit, feasible solution; objective 0
0 simplex iterations
10 barrier iterations
1 branching node
absmipgap=475.166, relmipgap=1e+100
Informacion Ruta : 1
 - Nodos visitados   : 0 -> 510 (471) -> 62 (768.1799999999969) -> 801
 - Puntaje            : 100
 - Tiempo de la ruta : 899.1899999999969

Informacion Ruta : 2
 - Nodos visitados   : 0 -> 801
 - Puntaje            : 0
 - Tiempo de la ruta : 0

Informacion Ruta : 3
 - Nodos visitados   : 0 -> 801
 - Puntaje            : 0
 - Tiempo de la ruta : 0

Informacion Ruta : 4
 - Nodos visitados   : 0 -> 801
 - Puntaje            : 0
 - Tiempo de la ruta : 0

Informacion Ruta : 5
 - Nodos visitados   : 0 -> 574 (113.2799999999955) -> 801
 - Puntaje            : 50
 - Tiempo de la ruta : 316.5599999999955



:   MVF     PVF   TCPU1    f1      f2     f3     :=
1   -150     1      203   -150   944.23   100
2      0   945.23   131      0     0        0
3      0   101      234      0     0        0
;

:       FN1           FN2           FN3        F1      F2     F3  TCPU2    :=
1    0.00662252    1             1               0     0        0   221
2    0.00662252    1             1               0     0        0   221
3    0.00662252    1             1               0     0        0   229
4    0.00662252    1             1               0     0        0   230
5    0.00662252    1             1               0     0        0   231
6    0.00662252    1             1               0     0        0   131
7    0.00662252    1             1               0     0        0   247
8    0.00662252    1             1               0     0        0   246
9    0.00662252    1             1               0     0        0   235
10   0.00662252    1             1               0     0        0   236
11   0.00662252    1             1               0     0        0   144
12   0.00662252    1             1               0     0        0   248
13   0.00662252    1             1               0     0        0   233
14   0.00662252    1             1               0     0        0   238
15   0.00662252    1             1               0     0        0   245
16   1             0.00178792   -0.485149     -150   943.54   150   239
17   1            -0.0334522     0.00990099   -150   976.85   100   243
18   1            -0.0334522     0.00990099   -150   976.85   100   244
19   1             0.00178792   -0.485149     -150   943.54   150   240
20   1            -0.0334522     0.00990099   -150   976.85   100   240
21   1             0.00105794    0.00990099   -150   944.23   100   236
;

