

:::::::::::::::::::::::::: Descripcion de la Instancia ::::::::::::::::::::::::::

Nodo inicial         : 0 
Nodo final           : 101 
Tmax                 : 3390 
Numero de nodos      : 102 
Numero de rutas      : 2 
Numero de categorias : 3 
 - Cuota de la categoria 1 : 29 
 - Cuota de la categoria 2 : 21 
 - Cuota de la categoria 3 : 14 
Funcion Objetivo : 1
Gurobi 12.0.0:   lim:time = 150
Gurobi 12.0.0: time limit, feasible solution; objective -1280
1.05041e+06 simplex iterations
2427 branching nodes
absmipgap=170, relmipgap=0.132812
Funcion Objetivo : 2
Gurobi 12.0.0:   lim:time = 150
Gurobi 12.0.0: optimal solution; objective 0
0 simplex iterations
absmipgap=1.53001e-09, relmipgap=1e+100
Funcion Objetivo : 3
Gurobi 12.0.0:   lim:time = 150
Gurobi 12.0.0: optimal solution; objective 0
6 simplex iterations
1 branching node
==> Ejecucion : 1
Gurobi 12.0.0:   lim:time = 150
Gurobi 12.0.0: optimal solution; objective 0
6 simplex iterations
1 branching node
Informacion Ruta : 1
 - Nodos visitados   : 0 -> 101
 - Puntaje            : 0
 - Tiempo de la ruta : 0

Informacion Ruta : 2
 - Nodos visitados   : 0 -> 101
 - Puntaje            : 0
 - Tiempo de la ruta : 0

==> Ejecucion : 2
Gurobi 12.0.0:   lim:time = 150
Gurobi 12.0.0: optimal solution; objective 0
31 simplex iterations
1 branching node
absmipgap=3.8702e-14, relmipgap=0
Informacion Ruta : 1
 - Nodos visitados   : 0 -> 101
 - Puntaje            : 0
 - Tiempo de la ruta : 0

Informacion Ruta : 2
 - Nodos visitados   : 0 -> 101
 - Puntaje            : 0
 - Tiempo de la ruta : 0

==> Ejecucion : 3
Gurobi 12.0.0:   lim:time = 150
Gurobi 12.0.0: optimal solution; objective 0
33 simplex iterations
1 branching node
absmipgap=7.74039e-14, relmipgap=0
Informacion Ruta : 1
 - Nodos visitados   : 0 -> 101
 - Puntaje            : 0
 - Tiempo de la ruta : 0

Informacion Ruta : 2
 - Nodos visitados   : 0 -> 101
 - Puntaje            : 0
 - Tiempo de la ruta : 0

==> Ejecucion : 4
Gurobi 12.0.0:   lim:time = 150
Gurobi 12.0.0: optimal solution; objective 0
82 simplex iterations
1 branching node
absmipgap=1.2386e-13, relmipgap=0
Informacion Ruta : 1
 - Nodos visitados   : 0 -> 101
 - Puntaje            : 0
 - Tiempo de la ruta : 0

Informacion Ruta : 2
 - Nodos visitados   : 0 -> 101
 - Puntaje            : 0
 - Tiempo de la ruta : 0

==> Ejecucion : 5
Gurobi 12.0.0:   lim:time = 150
Gurobi 12.0.0: optimal solution; objective 0
3 simplex iterations
1 branching node
absmipgap=1.54808e-13, relmipgap=0
Informacion Ruta : 1
 - Nodos visitados   : 0 -> 101
 - Puntaje            : 0
 - Tiempo de la ruta : 0

Informacion Ruta : 2
 - Nodos visitados   : 0 -> 101
 - Puntaje            : 0
 - Tiempo de la ruta : 0

==> Ejecucion : 6
Gurobi 12.0.0:   lim:time = 150
Gurobi 12.0.0: optimal solution; objective 0
0 simplex iterations
absmipgap=1.9683e-13, relmipgap=0
Informacion Ruta : 1
 - Nodos visitados   : 0 -> 101
 - Puntaje            : 0
 - Tiempo de la ruta : 0

Informacion Ruta : 2
 - Nodos visitados   : 0 -> 101
 - Puntaje            : 0
 - Tiempo de la ruta : 0

==> Ejecucion : 7
Gurobi 12.0.0:   lim:time = 150
Gurobi 12.0.0: time limit, feasible solution; objective 0.05932864949
1.08032e+06 simplex iterations
1104 branching nodes
absmipgap=0.0843091, relmipgap=1.42105
Informacion Ruta : 1
 - Nodos visitados   : 0 -> 22 (66.45) -> 72 (189.75) -> 27 (316.95) -> 29 (410.5599999999872) -> 91 (541.7899999999872) -> 32 (685.6399999999976) -> 68 (809.1699999999976) -> 65 (904.5599999999977) -> 31 (1030) -> 54 (1160.61) -> 53 (1256) -> 56 (1350) -> 58 (1442) -> 88 (1593.27) -> 84 (1688.660000000004) -> 82 (1784.49) -> 16 (1937.140000000001) -> 46 (2088.75) -> 76 (2235.639999999989) -> 71 (2330.639999999989) -> 70 (2425.639999999989) -> 101
 - Puntaje            : 450
 - Tiempo de la ruta : 2574.159999999989

Informacion Ruta : 2
 - Nodos visitados   : 0 -> 69 (747.4899999999989) -> 35 (877.4899999999989) -> 37 (973.319999999999) -> 38 (1065.32) -> 39 (1160.32) -> 48 (1286.67) -> 21 (1393.76) -> 60 (1535) -> 95 (1704.71) -> 2 (1814.430000000004) -> 75 (1909.43) -> 5 (2002.429999999997) -> 14 (2120.709999999997) -> 15 (2216.1) -> 12 (2313.169999999997) -> 13 (2413.609999999994) -> 25 (2512.609999999996) -> 47 (2634.629999999999) -> 42 (2728.869999999999) -> 11 (2855.92) -> 10 (2948.92) -> 8 (3045) -> 1 (3158.43) -> 101
 - Puntaje            : 450
 - Tiempo de la ruta : 3276.16

==> Ejecucion : 8
Gurobi 12.0.0:   lim:time = 150
Gurobi 12.0.0: time limit, feasible solution; objective 0.1696788607
1.36586e+06 simplex iterations
14873 branching nodes
absmipgap=0.0195761, relmipgap=0.115371
Informacion Ruta : 1
 - Nodos visitados   : 0 -> 93 (71.63999999999719) -> 63 (181.3399999999978) -> 62 (276.3399999999991) -> 74 (369.34) -> 6 (497) -> 32 (593.3199999999999) -> 33 (685.3199999999999) -> 21 (802.5200000000002) -> 31 (921.5199999999896) -> 34 (1021.719999999977) -> 54 (1160.519999999974) -> 101
 - Puntaje            : 350
 - Tiempo de la ruta : 1290.569999999972

Informacion Ruta : 2
 - Nodos visitados   : 0 -> 2 (1340.380000000002) -> 75 (1435.38) -> 88 (1546) -> 7 (1648.210000000001) -> 98 (1743.209999999984) -> 95 (1839.609999999973) -> 12 (1966.95) -> 16 (2061.95) -> 14 (2153.95) -> 15 (2249.339999999956) -> 17 (2344.729999999955) -> 13 (2438.729999999952) -> 25 (2537.72999999995) -> 101
 - Puntaje            : 350
 - Tiempo de la ruta : 2651.809999999947

==> Ejecucion : 9
Gurobi 12.0.0:   lim:time = 150
Gurobi 12.0.0: optimal solution; objective 0.1995648377
916 simplex iterations
1 branching node
absmipgap=7.05547e-14, relmipgap=0
Informacion Ruta : 1
 - Nodos visitados   : 0 -> 63 (25) -> 101
 - Puntaje            : 50
 - Tiempo de la ruta : 129.14

Informacion Ruta : 2
 - Nodos visitados   : 0 -> 74 (213) -> 101
 - Puntaje            : 50
 - Tiempo de la ruta : 322.85

==> Ejecucion : 10
Gurobi 12.0.0:   lim:time = 150
Gurobi 12.0.0: optimal solution; objective 0.199843872
81 simplex iterations
1 branching node
absmipgap=1.53674e-05, relmipgap=7.68971e-05
Informacion Ruta : 1
 - Nodos visitados   : 0 -> 101
 - Puntaje            : 0
 - Tiempo de la ruta : 0

Informacion Ruta : 2
 - Nodos visitados   : 0 -> 101
 - Puntaje            : 0
 - Tiempo de la ruta : 0

==> Ejecucion : 11
Gurobi 12.0.0:   lim:time = 150
Gurobi 12.0.0: optimal solution; objective 0.199843872
0 simplex iterations
absmipgap=1.4122e-13, relmipgap=0
Informacion Ruta : 1
 - Nodos visitados   : 0 -> 101
 - Puntaje            : 0
 - Tiempo de la ruta : 0

Informacion Ruta : 2
 - Nodos visitados   : 0 -> 101
 - Puntaje            : 0
 - Tiempo de la ruta : 0

==> Ejecucion : 12
Gurobi 12.0.0:   lim:time = 150
Gurobi 12.0.0: time limit, feasible solution; objective 0.06245120999
899802 simplex iterations
784 branching nodes
absmipgap=0.112412, relmipgap=1.8
Informacion Ruta : 1
 - Nodos visitados   : 0 -> 82 (1111.45) -> 54 (1257.25) -> 53 (1352.639999999961) -> 56 (1446.639999999961) -> 58 (1538.639999999961) -> 60 (1631.63999999996) -> 57 (1732.07999999996) -> 18 (1886.33999999996) -> 19 (1981.339999999962) -> 16 (2078.409999999964) -> 12 (2173.409999999968) -> 15 (2270.479999999975) -> 17 (2365.869999999978) -> 13 (2459.86999999998) -> 25 (2558.869999999982) -> 85 (2715.919999999987) -> 81 (2816.969999999996) -> 78 (2915.569999999998) -> 77 (3013.38) -> 90 (3119) -> 87 (3218.85) -> 101
 - Puntaje            : 540
 - Tiempo de la ruta : 3333.179999999994

Informacion Ruta : 2
 - Nodos visitados   : 0 -> 93 (116.9099999999547) -> 62 (231.2599999999547) -> 74 (324.2599999999551) -> 72 (419.2599999999594) -> 34 (556.6899999999662) -> 6 (655.2299999999705) -> 32 (751.55) -> 33 (843.55) -> 21 (960.75) -> 98 (1084.589999999982) -> 3 (1181.8) -> 83 (1289) -> 28 (1447) -> 88 (1598.2) -> 84 (1693.589999999999) -> 7 (1800.55999999999) -> 40 (1947.019999999986) -> 31 (2068.079999999981) -> 76 (2238.079999999978) -> 71 (2333.079999999977) -> 70 (2428.079999999976) -> 47 (2583.269999999975) -> 42 (2677.509999999975) -> 10 (2801.569999999972) -> 8 (2897.65) -> 48 (3007.75) -> 101
 - Puntaje            : 540
 - Tiempo de la ruta : 3108.519999999955

==> Ejecucion : 13
Gurobi 12.0.0:   lim:time = 150
Gurobi 12.0.0: time limit, feasible solution; objective 0.3123040192
1.43816e+06 simplex iterations
9845 branching nodes
absmipgap=0.169125, relmipgap=0.541539
Informacion Ruta : 1
 - Nodos visitados   : 0 -> 2 (1974.279999999993) -> 95 (2084) -> 15 (2216) -> 17 (2311.389999999999) -> 13 (2405.39) -> 25 (2504.389999999999) -> 21 (2607.2) -> 101
 - Puntaje            : 210
 - Tiempo de la ruta : 2708.859999999993

Informacion Ruta : 2
 - Nodos visitados   : 0 -> 93 (8.25) -> 63 (117.95) -> 62 (212.95) -> 74 (305.95) -> 85 (430.7399999999893) -> 82 (534.95) -> 101
 - Puntaje            : 210
 - Tiempo de la ruta : 660.3099999999895

==> Ejecucion : 14
Gurobi 12.0.0:   lim:time = 150
Gurobi 12.0.0: time limit, feasible solution; objective 0.3344921325
982848 simplex iterations
12359 branching nodes
absmipgap=0.0338013, relmipgap=0.101053
Informacion Ruta : 1
 - Nodos visitados   : 0 -> 2 (1377.889999999997) -> 75 (1472.889999999997) -> 88 (1583.509999999997) -> 84 (1678.9) -> 95 (1792.309999999997) -> 7 (1893.079999999997) -> 16 (2023.929999999997) -> 12 (2118.929999999997) -> 15 (2216) -> 17 (2311.389999999998) -> 13 (2405.389999999998) -> 25 (2504.389999999998) -> 21 (2607.2) -> 101
 - Puntaje            : 360
 - Tiempo de la ruta : 2708.859999999997

Informacion Ruta : 2
 - Nodos visitados   : 0 -> 93 (71.64000000000003) -> 63 (181.34) -> 62 (276.34) -> 74 (369.34) -> 6 (497) -> 31 (596.2200000000003) -> 32 (691.2200000000003) -> 33 (783.2200000000003) -> 34 (878.2200000000003) -> 37 (976.0300000000002) -> 38 (1068.03) -> 39 (1163.03) -> 101
 - Puntaje            : 360
 - Tiempo de la ruta : 1293.34

==> Ejecucion : 15
Gurobi 12.0.0:   lim:time = 150
Gurobi 12.0.0: optimal solution; objective 0.3835969385
1764 simplex iterations
1 branching node
absmipgap=1.45772e-13, relmipgap=0
Informacion Ruta : 1
 - Nodos visitados   : 0 -> 93 (8.25) -> 63 (117.95) -> 74 (213.7799999999989) -> 101
 - Puntaje            : 140
 - Tiempo de la ruta : 323.629999999999

Informacion Ruta : 2
 - Nodos visitados   : 0 -> 15 (2376) -> 13 (2471.390000000002) -> 25 (2570.390000000002) -> 101
 - Puntaje            : 110
 - Tiempo de la ruta : 2684.470000000002

==> Ejecucion : 16
Gurobi 12.0.0:   lim:time = 150
Gurobi 12.0.0: time limit, feasible solution; objective 0.131147541
755887 simplex iterations
644 branching nodes
absmipgap=0.206089, relmipgap=1.57143
Informacion Ruta : 1
 - Nodos visitados   : 0 -> 54 (1250.169999999999) -> 53 (1345.559999999999) -> 56 (1439.559999999999) -> 58 (1531.559999999999) -> 60 (1624.559999999999) -> 57 (1725) -> 85 (1872.139999999999) -> 95 (2003.759999999998) -> 7 (2104.529999999998) -> 15 (2233.819999999998) -> 17 (2329.209999999998) -> 13 (2423.209999999998) -> 25 (2522.209999999998) -> 79 (2686.509999999998) -> 81 (2781.9) -> 78 (2880.5) -> 8 (3018.829999999998) -> 87 (3141.939999999998) -> 90 (3241.789999999998) -> 101
 - Puntaje            : 500
 - Tiempo de la ruta : 3352.409999999998

Informacion Ruta : 2
 - Nodos visitados   : 0 -> 93 (75.3) -> 63 (185) -> 62 (280) -> 74 (373) -> 100 (513.0399999999995) -> 97 (608.0399999999993) -> 21 (739.7699999999967) -> 48 (846.8599999999968) -> 5 (962.5699999999969) -> 38 (1101.45) -> 34 (1200.879999999997) -> 75 (1332.939999999997) -> 98 (1439.339999999996) -> 3 (1536.55) -> 88 (1636.039999999996) -> 84 (1731.429999999996) -> 18 (1879) -> 19 (1974) -> 16 (2071.069999999996) -> 37 (2209.539999999996) -> 72 (2351.509999999999) -> 101
 - Puntaje            : 500
 - Tiempo de la ruta : 2465.359999999995

==> Ejecucion : 17
Gurobi 12.0.0:   lim:time = 150
Gurobi 12.0.0: time limit, feasible solution; objective 0.2153382112
1.11904e+06 simplex iterations
7888 branching nodes
absmipgap=0.0967827, relmipgap=0.449445
Informacion Ruta : 1
 - Nodos visitados   : 0 -> 93 (43.55) -> 63 (153.25) -> 62 (248.25) -> 74 (341.25) -> 48 (448.9700000000386) -> 6 (559.0700000000385) -> 34 (657.6100000000371) -> 32 (753) -> 33 (845) -> 35 (940.8300000000363) -> 37 (1036.660000000036) -> 38 (1128.660000000036) -> 39 (1223.660000000036) -> 31 (1327.8) -> 7 (1477.210000000035) -> 98 (1572.210000000035) -> 88 (1678.760000000035) -> 84 (1774.15) -> 95 (1887.560000000035) -> 85 (2019.180000000035) -> 46 (2165.260000000035) -> 51 (2265.560000000035) -> 101
 - Puntaje            : 570
 - Tiempo de la ruta : 2380.560000000035

Informacion Ruta : 2
 - Nodos visitados   : 0 -> 82 (623.2299999999582) -> 97 (746.7699999999581) -> 92 (843.7699999999581) -> 72 (990.519999999958) -> 55 (1099.119999999957) -> 54 (1194.119999999957) -> 53 (1289.509999999957) -> 56 (1383.509999999957) -> 58 (1475.509999999957) -> 60 (1568.509999999957) -> 59 (1664.339999999957) -> 57 (1759.339999999957) -> 2 (1904.779999999957) -> 16 (2023.929999999958) -> 12 (2118.929999999958) -> 15 (2216) -> 17 (2311.389999999958) -> 13 (2405.389999999958) -> 25 (2504.389999999958) -> 47 (2626.409999999996) -> 42 (2720.65) -> 21 (2834.839999999988) -> 8 (2930.5) -> 75 (3032.579999999964) -> 90 (3140.609999999963) -> 87 (3240.459999999963) -> 101
 - Puntaje            : 620
 - Tiempo de la ruta : 3354.789999999963

==> Ejecucion : 18
Gurobi 12.0.0:   lim:time = 150
Gurobi 12.0.0: time limit, feasible solution; objective 0.353920368
1.071e+06 simplex iterations
14810 branching nodes
absmipgap=0.051898, relmipgap=0.146638
Informacion Ruta : 1
 - Nodos visitados   : 0 -> 93 (8.25) -> 63 (117.95) -> 62 (212.95) -> 74 (305.95) -> 75 (427) -> 100 (539.3599999999997) -> 97 (634.3599999999899) -> 92 (731.3599999999899) -> 95 (828.4299999999901) -> 98 (924.8299999999902) -> 7 (1019.829999999988) -> 101
 - Puntaje            : 320
 - Tiempo de la ruta : 1136.739999999988

Informacion Ruta : 2
 - Nodos visitados   : 0 -> 85 (347.4700000000026) -> 6 (507.5800000000027) -> 34 (606.1200000000013) -> 32 (701.5100000000009) -> 33 (793.5100000000009) -> 31 (888.9) -> 37 (988.3300000000013) -> 38 (1080.330000000001) -> 39 (1175.33) -> 54 (1320) -> 53 (1415.39) -> 56 (1509.390000000001) -> 58 (1601.390000000002) -> 60 (1694.390000000002) -> 57 (1794.830000000002) -> 21 (1926.6) -> 16 (2047.28) -> 12 (2142.28) -> 15 (2239.35) -> 17 (2334.74) -> 13 (2428.74) -> 25 (2527.74) -> 2 (2641.09) -> 81 (2784.24) -> 78 (2882.84) -> 82 (2988.14) -> 83 (3081.14) -> 87 (3183.18000000002) -> 101
 - Puntaje            : 750
 - Tiempo de la ruta : 3297.51000000002

==> Ejecucion : 19
Gurobi 12.0.0:   lim:time = 150
Gurobi 12.0.0: time limit, feasible solution; objective 0.24980484
690169 simplex iterations
1027 branching nodes
absmipgap=0.352946, relmipgap=1.41289
Informacion Ruta : 1
 - Nodos visitados   : 0 -> 93 (12.77999999999821) -> 22 (118.0099999999982) -> 24 (211.6199999999982) -> 27 (304.45) -> 29 (398.06) -> 6 (497) -> 32 (593.3199999999999) -> 33 (685.3199999999999) -> 31 (780.7099999999916) -> 3 (932.839999999992) -> 82 (1041.939999999992) -> 85 (1146.15) -> 54 (1293) -> 53 (1388.389999999992) -> 56 (1482.389999999992) -> 58 (1574.389999999992) -> 60 (1667.389999999992) -> 57 (1767.829999999992) -> 101
 - Puntaje            : 440
 - Tiempo de la ruta : 1892.889999999992

Informacion Ruta : 2
 - Nodos visitados   : 0 -> 63 (41.83000000005177) -> 62 (136.8300000000518) -> 74 (229.830000000047) -> 2 (355.7300000000531) -> 75 (450.7300000000531) -> 95 (563.4) -> 100 (662) -> 97 (757) -> 92 (854) -> 7 (961.4899999999999) -> 91 (1061.69) -> 38 (1214.940000000018) -> 39 (1309.940000000018) -> 37 (1405.330000000018) -> 34 (1503.140000000018) -> 28 (1603.910000000018) -> 5 (1733.2) -> 98 (1842.070000000018) -> 101
 - Puntaje            : 440
 - Tiempo de la ruta : 1962.880000000018

==> Ejecucion : 20
Gurobi 12.0.0:   lim:time = 150
Gurobi 12.0.0: time limit, feasible solution; objective 0.1728429347
1.10278e+06 simplex iterations
9398 branching nodes
absmipgap=0.0821474, relmipgap=0.475272
Informacion Ruta : 1
 - Nodos visitados   : 0 -> 93 (66.80999999992997) -> 22 (172.0399999999304) -> 24 (265.65) -> 27 (358.4799999999313) -> 75 (474.0299999999343) -> 66 (594.1) -> 97 (735.7599999999402) -> 92 (832.7599999999412) -> 65 (987.019999999943) -> 72 (1087.319999999948) -> 54 (1200.15) -> 21 (1337.689999999958) -> 89 (1454.889999999963) -> 82 (1565.909999999969) -> 84 (1661.739999999974) -> 86 (1756.739999999976) -> 94 (1873.759999999981) -> 85 (2005.439999999992) -> 46 (2151.519999999996) -> 51 (2251.819999999998) -> 70 (2411.82) -> 80 (2513) -> 79 (2608.389999999997) -> 81 (2703.779999999995) -> 78 (2802.379999999992) -> 77 (2900.189999999991) -> 8 (3031.03999999999) -> 90 (3147.519999999986) -> 101
 - Puntaje            : 520
 - Tiempo de la ruta : 3258.139999999981

Informacion Ruta : 2
 - Nodos visitados   : 0 -> 63 (121.3699999999723) -> 62 (216.3699999999727) -> 74 (309.3699999999731) -> 29 (435.6199999999737) -> 6 (534.5599999999744) -> 32 (630.8799999999751) -> 33 (722.8799999999761) -> 31 (818.26999999998) -> 35 (913.2699999999832) -> 37 (1009.1) -> 38 (1101.1) -> 39 (1196.1) -> 53 (1345.559999999997) -> 56 (1439.559999999998) -> 58 (1531.559999999999) -> 60 (1624.56) -> 57 (1725) -> 18 (1879.26) -> 19 (1974.259999999998) -> 16 (2071.329999999997) -> 12 (2166.329999999993) -> 15 (2263.4) -> 17 (2358.789999999988) -> 13 (2452.789999999986) -> 25 (2551.789999999985) -> 5 (2661.80999999998) -> 2 (2757.639999999971) -> 91 (2865.669999999959) -> 95 (2975.769999999947) -> 98 (3072.169999999938) -> 87 (3191.77999999993) -> 101
 - Puntaje            : 800
 - Tiempo de la ruta : 3306.109999999924

==> Ejecucion : 21
Gurobi 12.0.0:   lim:time = 150
Gurobi 12.0.0: time limit, feasible solution; objective 0.1405152225
680760 simplex iterations
688 branching nodes
absmipgap=0.273224, relmipgap=1.94444
Informacion Ruta : 1
 - Nodos visitados   : 0 -> 31 (92.21000000001652) -> 74 (225.2100000000123) -> 27 (349.6900000000118) -> 29 (443.3) -> 7 (576.2400000000066) -> 32 (722.8400000000014) -> 33 (814.8400000000009) -> 65 (943.8400000000003) -> 38 (1080.330000000001) -> 39 (1175.33) -> 54 (1320) -> 53 (1415.390000000001) -> 56 (1509.390000000001) -> 84 (1660.28999999999) -> 37 (1820.629999999995) -> 16 (1959.1) -> 45 (2105) -> 15 (2245.99) -> 17 (2341.379999999998) -> 13 (2435.379999999995) -> 25 (2534.379999999992) -> 79 (2698.67999999999) -> 81 (2794.069999999989) -> 78 (2892.669999999986) -> 82 (2997.96999999998) -> 87 (3102.179999999974) -> 101
 - Puntaje            : 650
 - Tiempo de la ruta : 3216.509999999969

Informacion Ruta : 2
 - Nodos visitados   : 0 -> 63 (25) -> 93 (134.7) -> 24 (243.4899999999995) -> 30 (340.5599999999986) -> 61 (469.6099999999978) -> 100 (614.8399999999965) -> 69 (755.8299999999949) -> 35 (885.829999999992) -> 49 (1021.36999999999) -> 55 (1119.179999999987) -> 4 (1263.259999999985) -> 89 (1357.729999999983) -> 58 (1509.409999999981) -> 88 (1660.679999999978) -> 86 (1755.779999999974) -> 19 (1902.579999999971) -> 44 (2054.939999999969) -> 91 (2193.769999999965) -> 71 (2326.77999999996) -> 70 (2421.779999999958) -> 43 (2573.979999999956) -> 85 (2718.109999999951) -> 26 (2887.729999999943) -> 77 (3043.95) -> 90 (3149.569999999933) -> 2 (3260.779999999926) -> 101
 - Puntaje            : 450
 - Tiempo de la ruta : 3371.4



:    MVF      PVF   TCPU1    f1       f2      f3     :=
1   -1280      1      151   -1280   6467.86   660
2       0   6468.86     0       0      0        0
3       0    661        2       0      0        0
;

:       FN1           FN2          FN3        F1       F2      F3  TCPU2    :=
1    0.00078064    1             1               0      0        0     2
2    0.00078064    1             1               0      0        0     2
3    0.00078064    1             1               0      0        0     2
4    0.00078064    1             1               0      0        0     2
5    0.00078064    1             1               0      0        0     2
6    0.00078064    1             1               0      0        0     1
7    0.703357      0.217117      1            -900   5064.36     0   151
8    0.547229      0.604377      1            -700   2559.23     0   151
9    0.0788447     0.961666      1            -100    247.98     0     3
10   0.00078064    1             1               0      0        0     2
11   0.00078064    1             1               0      0        0     1
12   0.843872      0.187345      1           -1080   5256.95     0   152
13   0.328649      0.781181      1            -420   1415.51     0   151
14   0.562842      0.600928      1            -720   2581.54     0   152
15   0.195941      0.896711      0.7882       -250    668.16   140     6
16   0.781421      0.298083      1           -1000   4540.6      0   151
17   0.929742      0.209725      0.924357    -1190   5112.18    50   152
18   0.836066      0.361101     -0.134644    -1070   4132.95   750   152
19   0.687744      0.40893       1            -880   3823.55     0   151
20   1.03123       0.0108829    -0.210287    -1320   6398.46   800   152
21   0.859485     -0.00765514    0.0166415   -1100   6518.38   650   151
;

