

:::::::::::::::::::::::::: Descripcion de la Instancia ::::::::::::::::::::::::::

Nodo inicial         : 0 
Nodo final           : 101 
Tmax                 : 3390 
Numero de nodos      : 102 
Numero de rutas      : 2 
Numero de categorias : 3 
 - Cuota de la categoria 1 : 29 
 - Cuota de la categoria 2 : 21 
 - Cuota de la categoria 3 : 14 
Funcion Objetivo : 1
Gurobi 12.0.0:   lim:time = 150
Gurobi 12.0.0: time limit, feasible solution; objective -820
1.11517e+06 simplex iterations
1120 branching nodes
absmipgap=630, relmipgap=0.768293
Funcion Objetivo : 2
Gurobi 12.0.0:   lim:time = 150
Gurobi 12.0.0: optimal solution; objective 0
0 simplex iterations
absmipgap=3.50155e-11, relmipgap=0
Funcion Objetivo : 3
Gurobi 12.0.0:   lim:time = 150
Gurobi 12.0.0: optimal solution; objective 0
29 simplex iterations
1 branching node
==> Ejecucion : 1
Gurobi 12.0.0:   lim:time = 150
Gurobi 12.0.0: optimal solution; objective 0
29 simplex iterations
1 branching node
Informacion Ruta : 1
 - Nodos visitados   : 0 -> 101
 - Puntaje            : 0
 - Tiempo de la ruta : 0

Informacion Ruta : 2
 - Nodos visitados   : 0 -> 101
 - Puntaje            : 0
 - Tiempo de la ruta : 0

==> Ejecucion : 2
Gurobi 12.0.0:   lim:time = 150
Gurobi 12.0.0: optimal solution; objective 0
35 simplex iterations
1 branching node
absmipgap=7.00828e-16, relmipgap=0
Informacion Ruta : 1
 - Nodos visitados   : 0 -> 101
 - Puntaje            : 0
 - Tiempo de la ruta : 0

Informacion Ruta : 2
 - Nodos visitados   : 0 -> 101
 - Puntaje            : 0
 - Tiempo de la ruta : 0

==> Ejecucion : 3
Gurobi 12.0.0:   lim:time = 150
Gurobi 12.0.0: optimal solution; objective 0
43 simplex iterations
1 branching node
absmipgap=1.40166e-15, relmipgap=0
Informacion Ruta : 1
 - Nodos visitados   : 0 -> 101
 - Puntaje            : 0
 - Tiempo de la ruta : 0

Informacion Ruta : 2
 - Nodos visitados   : 0 -> 101
 - Puntaje            : 0
 - Tiempo de la ruta : 0

==> Ejecucion : 4
Gurobi 12.0.0:   lim:time = 150
Gurobi 12.0.0: optimal solution; objective 0
454 simplex iterations
1 branching node
absmipgap=4.77396e-15, relmipgap=0
Informacion Ruta : 1
 - Nodos visitados   : 0 -> 101
 - Puntaje            : 0
 - Tiempo de la ruta : 0

Informacion Ruta : 2
 - Nodos visitados   : 0 -> 101
 - Puntaje            : 0
 - Tiempo de la ruta : 0

==> Ejecucion : 5
Gurobi 12.0.0:   lim:time = 150
Gurobi 12.0.0: optimal solution; objective 0
4 simplex iterations
1 branching node
absmipgap=2.80331e-15, relmipgap=0
Informacion Ruta : 1
 - Nodos visitados   : 0 -> 101
 - Puntaje            : 0
 - Tiempo de la ruta : 0

Informacion Ruta : 2
 - Nodos visitados   : 0 -> 101
 - Puntaje            : 0
 - Tiempo de la ruta : 0

==> Ejecucion : 6
Gurobi 12.0.0:   lim:time = 150
Gurobi 12.0.0: optimal solution; objective 0
0 simplex iterations
absmipgap=2.4647e-14, relmipgap=0
Informacion Ruta : 1
 - Nodos visitados   : 0 -> 101
 - Puntaje            : 0
 - Tiempo de la ruta : 0

Informacion Ruta : 2
 - Nodos visitados   : 0 -> 101
 - Puntaje            : 0
 - Tiempo de la ruta : 0

==> Ejecucion : 7
Gurobi 12.0.0:   lim:time = 150
Gurobi 12.0.0: time limit, feasible solution; objective -0.08769792935
673139 simplex iterations
711 branching nodes
absmipgap=0.0633374, relmipgap=0.722222
Informacion Ruta : 1
 - Nodos visitados   : 0 -> 32 (212.4700000000107) -> 42 (326.8200000000106) -> 61 (433.9400000000105) -> 46 (540.7) -> 57 (641.4700000000103) -> 48 (756.55) -> 80 (897.79000000001) -> 34 (1067.35) -> 33 (1162.35) -> 64 (1293.58000000001) -> 75 (1418.71000000001) -> 37 (1558.45) -> 60 (1696.55) -> 59 (1792.38000000001) -> 54 (1886.38000000001) -> 71 (2034.98000000001) -> 29 (2201.470000000009) -> 15 (2321.470000000009) -> 13 (2416.860000000009) -> 25 (2515.860000000009) -> 73 (2684.570000000009) -> 83 (2806.590000000009) -> 65 (2937.630000000009) -> 63 (3043.79000000001) -> 24 (3160.720000000008) -> 2 (3279) -> 101
 - Puntaje            : 590
 - Tiempo de la ruta : 3389.620000000007

Informacion Ruta : 2
 - Nodos visitados   : 0 -> 6 (68.51999999999362) -> 39 (174.8) -> 93 (308.7699999999936) -> 47 (424.7099999999937) -> 98 (563.5399999999936) -> 56 (725.8199999999933) -> 28 (877.4299999999929) -> 12 (1004.05) -> 17 (1106.259999999993) -> 90 (1242.779999999993) -> 7 (1347.909999999993) -> 85 (1474.790000000014) -> 70 (1583.15) -> 82 (1705.170000000014) -> 84 (1801) -> 81 (1918.460000000013) -> 97 (2064.360000000014) -> 94 (2160.190000000014) -> 95 (2253.8) -> 27 (2391.810000000014) -> 88 (2524.570000000014) -> 31 (2674.990000000014) -> 51 (2780.8) -> 5 (2909.710000000014) -> 18 (3028.5) -> 16 (3129.680000000013) -> 22 (3253.640000000014) -> 101
 - Puntaje            : 590
 - Tiempo de la ruta : 3355.810000000014

==> Ejecucion : 8
Gurobi 12.0.0:   lim:time = 150
Gurobi 12.0.0: time limit, feasible solution; objective 0.1997563946
1.33476e+06 simplex iterations
11174 branching nodes
absmipgap=0.107912, relmipgap=0.540216
Informacion Ruta : 1
 - Nodos visitados   : 0 -> 101
 - Puntaje            : 0
 - Tiempo de la ruta : 0

Informacion Ruta : 2
 - Nodos visitados   : 0 -> 101
 - Puntaje            : 0
 - Tiempo de la ruta : 0

==> Ejecucion : 9
Gurobi 12.0.0:   lim:time = 150
Gurobi 12.0.0: optimal solution; objective 0.1970831905
345386 simplex iterations
11536 branching nodes
absmipgap=6.85563e-15, relmipgap=0
Informacion Ruta : 1
 - Nodos visitados   : 0 -> 63 (14.13999999999442) -> 101
 - Puntaje            : 50
 - Tiempo de la ruta : 118.2799999999943

Informacion Ruta : 2
 - Nodos visitados   : 0 -> 74 (213) -> 101
 - Puntaje            : 50
 - Tiempo de la ruta : 322.85

==> Ejecucion : 10
Gurobi 12.0.0:   lim:time = 150
Gurobi 12.0.0: optimal solution; objective 0.1997563946
318 simplex iterations
1 branching node
absmipgap=6.38378e-16, relmipgap=0
Informacion Ruta : 1
 - Nodos visitados   : 0 -> 101
 - Puntaje            : 0
 - Tiempo de la ruta : 0

Informacion Ruta : 2
 - Nodos visitados   : 0 -> 101
 - Puntaje            : 0
 - Tiempo de la ruta : 0

==> Ejecucion : 11
Gurobi 12.0.0:   lim:time = 150
Gurobi 12.0.0: optimal solution; objective 0.1997563946
0 simplex iterations
absmipgap=6.38378e-16, relmipgap=0
Informacion Ruta : 1
 - Nodos visitados   : 0 -> 101
 - Puntaje            : 0
 - Tiempo de la ruta : 0

Informacion Ruta : 2
 - Nodos visitados   : 0 -> 101
 - Puntaje            : 0
 - Tiempo de la ruta : 0

==> Ejecucion : 12
Gurobi 12.0.0:   lim:time = 150
Gurobi 12.0.0: time limit, feasible solution; objective -0.1851400731
1.10546e+06 simplex iterations
1431 branching nodes
absmipgap=0.116931, relmipgap=0.631579
Informacion Ruta : 1
 - Nodos visitados   : 0 -> 70 (58.51999999999816) -> 12 (237.5399999999972) -> 18 (341.6799999999838) -> 93 (463.5899999999837) -> 95 (583.3199999999828) -> 10 (703.7299999999732) -> 21 (804.9099999999731) -> 47 (915.9099999999731) -> 65 (1023.109999999969) -> 46 (1123.109999999957) -> 37 (1248.45) -> 31 (1347.879999999938) -> 41 (1463.059999999935) -> 98 (1601.819999999933) -> 85 (1732.129999999933) -> 78 (1832.129999999933) -> 71 (1939.85) -> 19 (2121.639999999933) -> 15 (2216.639999999932) -> 16 (2311.639999999932) -> 2 (2430.789999999932) -> 75 (2525.789999999933) -> 25 (2638.809999999932) -> 97 (2771.3) -> 48 (2912.3) -> 8 (3022.4) -> 101
 - Puntaje            : 600
 - Tiempo de la ruta : 3124.05999999993

Informacion Ruta : 2
 - Nodos visitados   : 0 -> 91 (22.35999999999831) -> 62 (139.2899999999977) -> 74 (232.2899999999977) -> 26 (374.7699999999977) -> 90 (517.2399999999977) -> 57 (652.8899999999936) -> 72 (764.1) -> 60 (884.9099999999917) -> 24 (1021.009999999991) -> 22 (1114.619999999991) -> 81 (1264.1) -> 42 (1406.189999999989) -> 7 (1541.679999999988) -> 17 (1671.989999999988) -> 94 (1809.509999999988) -> 82 (1928.3) -> 63 (2047.45) -> 32 (2177.45) -> 27 (2285.139999999989) -> 29 (2378.75) -> 33 (2484.369999999987) -> 6 (2582.619999999987) -> 54 (2713.85) -> 56 (2809.24) -> 34 (2950.459999999986) -> 28 (3051.229999999987) -> 3 (3200.9) -> 101
 - Puntaje            : 600
 - Tiempo de la ruta : 3319.97

==> Ejecucion : 13
Gurobi 12.0.0:   lim:time = 150
Gurobi 12.0.0: time limit, feasible solution; objective 0.2260072791
1.35282e+06 simplex iterations
11605 branching nodes
absmipgap=0.262799, relmipgap=1.16279
Informacion Ruta : 1
 - Nodos visitados   : 0 -> 84 (1641) -> 95 (1754.41) -> 82 (1872.589999999994) -> 81 (1984.95) -> 85 (2086) -> 18 (2252.689999999981) -> 15 (2349.759999999981) -> 13 (2445.15) -> 25 (2544.15) -> 21 (2646.959999999976) -> 101
 - Puntaje            : 280
 - Tiempo de la ruta : 2748.619999999971

Informacion Ruta : 2
 - Nodos visitados   : 0 -> 93 (2181.690000000013) -> 5 (2278.690000000011) -> 2 (2374.520000000011) -> 16 (2493.670000000009) -> 33 (2630.240000000007) -> 7 (2778.55) -> 3 (2872.670000000005) -> 75 (2980.130000000003) -> 87 (3097) -> 63 (3202.23) -> 101
 - Puntaje            : 280
 - Tiempo de la ruta : 3306.37

==> Ejecucion : 14
Gurobi 12.0.0:   lim:time = 150
Gurobi 12.0.0: time limit, feasible solution; objective 0.2227632879
864120 simplex iterations
15037 branching nodes
absmipgap=0.0396277, relmipgap=0.177891
Informacion Ruta : 1
 - Nodos visitados   : 0 -> 62 (120) -> 74 (213) -> 75 (334.05) -> 2 (429.05) -> 100 (537.079999999983) -> 97 (632.079999999983) -> 92 (729.079999999983) -> 95 (826.15) -> 98 (922.55) -> 7 (1017.55) -> 93 (1127.55) -> 63 (1237.25) -> 54 (1358.3) -> 56 (1453.689999999982) -> 58 (1545.689999999982) -> 60 (1638.689999999982) -> 57 (1739.129999999982) -> 31 (1863.539999999982) -> 101
 - Puntaje            : 530
 - Tiempo de la ruta : 1987.079999999982

Informacion Ruta : 2
 - Nodos visitados   : 0 -> 88 (928.1199999999966) -> 78 (1041.969999999996) -> 81 (1140.569999999997) -> 70 (1241.75) -> 71 (1336.75) -> 85 (1440.959999999997) -> 82 (1545.17) -> 84 (1641) -> 42 (1776.22) -> 46 (1873.289999999997) -> 33 (1993.309999999997) -> 32 (2085.309999999997) -> 17 (2211.209999999996) -> 15 (2306.6) -> 16 (2401.6) -> 13 (2501.8) -> 25 (2600.8) -> 21 (2703.609999999996) -> 22 (2798.079999999996) -> 101
 - Puntaje            : 530
 - Tiempo de la ruta : 2900.25

==> Ejecucion : 15
Gurobi 12.0.0:   lim:time = 150
Gurobi 12.0.0: time limit, feasible solution; objective 0.3399549761
193783 simplex iterations
4970 branching nodes
absmipgap=0.0148491, relmipgap=0.0436796
Informacion Ruta : 1
 - Nodos visitados   : 0 -> 63 (117.1699999999991) -> 74 (213) -> 46 (324.4699999999992) -> 54 (431.4700000000003) -> 56 (526.8599999999992) -> 57 (627.0599999999991) -> 33 (756.1099999999997) -> 101
 - Puntaje            : 280
 - Tiempo de la ruta : 879.6399999999999

Informacion Ruta : 2
 - Nodos visitados   : 0 -> 93 (1777.129999999999) -> 2 (1879.5) -> 95 (1989.22) -> 97 (2084.610000000001) -> 16 (2214.61) -> 15 (2309.61) -> 13 (2405) -> 25 (2504) -> 101
 - Puntaje            : 280
 - Tiempo de la ruta : 2618.08

==> Ejecucion : 16
Gurobi 12.0.0:   lim:time = 150
Gurobi 12.0.0: time limit, feasible solution; objective -0.1053603147
1.02649e+06 simplex iterations
1970 branching nodes
absmipgap=0.348507, relmipgap=3.30777
Informacion Ruta : 1
 - Nodos visitados   : 0 -> 88 (983.3) -> 78 (1097.15) -> 46 (1233.639999999994) -> 53 (1346) -> 58 (1442) -> 56 (1534) -> 57 (1634.2) -> 48 (1749.279999999974) -> 42 (1847.819999999963) -> 21 (1962.009999999948) -> 16 (2082.689999999938) -> 34 (2214.45) -> 15 (2341.45) -> 28 (2461.129999999916) -> 17 (2575.539999999904) -> 70 (2754.729999999893) -> 75 (2905.759999999882) -> 93 (3003.379999999865) -> 97 (3125.829999999853) -> 94 (3221.65999999984) -> 101
 - Puntaje            : 520
 - Tiempo de la ruta : 3352.26999999984

Informacion Ruta : 2
 - Nodos visitados   : 0 -> 62 (122.6) -> 74 (215.6) -> 71 (347.6) -> 95 (493.4) -> 100 (592) -> 92 (694) -> 69 (838.6300000000001) -> 29 (957.7800000000002) -> 30 (1052.78) -> 24 (1149.85) -> 3 (1281.440000000001) -> 7 (1375.56) -> 12 (1501.81) -> 60 (1672.43) -> 18 (1835.23) -> 43 (1969.09) -> 73 (2118.3) -> 6 (2285.24) -> 39 (2391.52) -> 72 (2536.6) -> 10 (2666.85) -> 64 (2795.130000000001) -> 2 (2925.240000000001) -> 98 (3029.170000000001) -> 63 (3155.070000000001) -> 101
 - Puntaje            : 480
 - Tiempo de la ruta : 3259.21

==> Ejecucion : 17
Gurobi 12.0.0:   lim:time = 150
Gurobi 12.0.0: time limit, feasible solution; objective 0.006034223148
1.09747e+06 simplex iterations
7532 branching nodes
absmipgap=0.193351, relmipgap=32.0424
Informacion Ruta : 1
 - Nodos visitados   : 0 -> 67 (90.95) -> 63 (183.95) -> 62 (278.95) -> 74 (371.95) -> 64 (469.0199999999995) -> 65 (565.4199999999996) -> 46 (665.4199999999996) -> 42 (762.4899999999993) -> 34 (880.6699999999996) -> 28 (981.4399999999996) -> 39 (1082.21) -> 38 (1177.21) -> 37 (1269.21) -> 35 (1365.04) -> 33 (1460.87) -> 6 (1559.12) -> 32 (1655.44) -> 31 (1750.44) -> 51 (1856.25) -> 57 (1966.1) -> 54 (2062.5) -> 59 (2156.5) -> 56 (2251.889999999999) -> 60 (2346.889999999999) -> 49 (2456.739999999999) -> 85 (2592.779999999999) -> 71 (2696.989999999999) -> 70 (2791.99) -> 81 (2893.17) -> 78 (2991.77) -> 87 (3097) -> 101
 - Puntaje            : 740
 - Tiempo de la ruta : 3211.329999999999

Informacion Ruta : 2
 - Nodos visitados   : 0 -> 75 (321.109999999995) -> 2 (416.109999999995) -> 100 (524.1399999999949) -> 97 (619.1399999999949) -> 92 (716.1399999999949) -> 12 (848.1399999999949) -> 95 (975.479999999995) -> 98 (1071.879999999995) -> 7 (1166.879999999995) -> 3 (1261) -> 4 (1354.609999999995) -> 91 (1450.609999999995) -> 88 (1545.609999999995) -> 84 (1641) -> 82 (1736.829999999995) -> 24 (1877.079999999995) -> 27 (1969.909999999995) -> 21 (2067.969999999995) -> 18 (2182.179999999995) -> 19 (2277.179999999995) -> 15 (2372.179999999995) -> 13 (2467.569999999995) -> 17 (2561.569999999995) -> 25 (2661.419999999995) -> 101
 - Puntaje            : 510
 - Tiempo de la ruta : 2775.5

==> Ejecucion : 18
Gurobi 12.0.0:   lim:time = 150
Gurobi 12.0.0: time limit, feasible solution; objective 0.1361683285
892103 simplex iterations
14984 branching nodes
absmipgap=0.0685075, relmipgap=0.503109
Informacion Ruta : 1
 - Nodos visitados   : 0 -> 63 (136.8399999999489) -> 62 (231.8399999999535) -> 74 (324.8399999999538) -> 60 (449.8299999999557) -> 54 (548.4299999999624) -> 57 (644.8299999999708) -> 47 (756.3699999999787) -> 50 (851.3699999999883) -> 34 (963.5699999999963) -> 38 (1063) -> 37 (1155) -> 33 (1251) -> 31 (1346.389999999973) -> 46 (1462.389999999966) -> 58 (1572.789999999961) -> 29 (1711.259999999956) -> 28 (1818.019999999945) -> 18 (1930.85) -> 14 (2033.059999999929) -> 12 (2126.059999999919) -> 16 (2221.059999999909) -> 15 (2316.059999999902) -> 17 (2411.449999999897) -> 13 (2505.449999999891) -> 25 (2604.449999999888) -> 6 (2719.189999999883) -> 42 (2828.909999999875) -> 8 (2946.92999999987) -> 56 (3092.259999999866) -> 101
 - Puntaje            : 770
 - Tiempo de la ruta : 3227.259999999857

Informacion Ruta : 2
 - Nodos visitados   : 0 -> 93 (1288.239999999731) -> 95 (1407.969999999747) -> 97 (1503.359999999761) -> 32 (1660.629999999775) -> 39 (1761.809999999791) -> 21 (1883.759999999803) -> 75 (1991.249999999826) -> 2 (2086.249999999842) -> 98 (2190.179999999863) -> 7 (2285.179999999891) -> 88 (2387.38999999991) -> 82 (2488.569999999924) -> 85 (2592.779999999938) -> 71 (2696.989999999958) -> 70 (2791.98999999997) -> 81 (2893.169999999985) -> 78 (2991.77) -> 87 (3097) -> 22 (3223.5) -> 101
 - Puntaje            : 480
 - Tiempo de la ruta : 3325.669999999974

==> Ejecucion : 19
Gurobi 12.0.0:   lim:time = 150
Gurobi 12.0.0: time limit, feasible solution; objective -0.2597447127
1.23831e+06 simplex iterations
1954 branching nodes
absmipgap=0.350867, relmipgap=1.35082
Informacion Ruta : 1
 - Nodos visitados   : 0 -> 2 (103.9900000000451) -> 95 (213.7100000000373) -> 97 (309.1) -> 82 (432.6399999999908) -> 100 (558.7) -> 54 (724.8200000000022) -> 69 (840) -> 51 (950.6199999999999) -> 24 (1060.620000000002) -> 93 (1169.410000000032) -> 10 (1270.040000000024) -> 85 (1414.820000000016) -> 17 (1578.75) -> 18 (1671.75) -> 12 (1775.890000000086) -> 98 (1900.370000000095) -> 64 (2036.470000000117) -> 42 (2141.600000000109) -> 43 (2234.600000000125) -> 15 (2371.440000000124) -> 13 (2466.830000000124) -> 40 (2615.520000000125) -> 49 (2717.690000000125) -> 19 (2876.170000000125) -> 50 (3015.410000000124) -> 41 (3114.410000000124) -> 72 (3222.520000000125) -> 101
 - Puntaje            : 530
 - Tiempo de la ruta : 3336.370000000124

Informacion Ruta : 2
 - Nodos visitados   : 0 -> 63 (15.46999999993068) -> 57 (133.2) -> 65 (234.8599999999601) -> 29 (359.5199999999796) -> 78 (508.379999999931) -> 21 (648.9799999999825) -> 81 (797.85) -> 37 (971) -> 38 (1063) -> 48 (1189) -> 3 (1317.95) -> 7 (1412.069999999999) -> 91 (1512.26999999999) -> 88 (1607.269999999943) -> 84 (1702.659999999962) -> 6 (1848.979999999957) -> 90 (1984.859999999946) -> 22 (2107) -> 96 (2233.059999999929) -> 31 (2375.3) -> 33 (2470.689999999916) -> 39 (2570.119999999876) -> 28 (2670.889999999869) -> 34 (2771.659999999858) -> 32 (2867.049999999852) -> 26 (2979.139999999852) -> 47 (3103.969999999819) -> 27 (3212.34999999982) -> 101
 - Puntaje            : 570
 - Tiempo de la ruta : 3319.46999999982

==> Ejecucion : 20
Gurobi 12.0.0:   lim:time = 150
Gurobi 12.0.0: time limit, feasible solution; objective 0.09572006375
646379 simplex iterations
5303 branching nodes
absmipgap=0.439537, relmipgap=4.59191
Informacion Ruta : 1
 - Nodos visitados   : 0 -> 48 (10.76999999995064) -> 47 (108.5799999999505) -> 51 (205.65) -> 31 (311.4599999999555) -> 6 (410.6799999999557) -> 37 (514.8199999999556) -> 34 (612.6299999999555) -> 33 (707.6299999999555) -> 28 (813.15) -> 39 (913.9199999999555) -> 32 (1015.1) -> 63 (1145.1) -> 72 (1245.539999999955) -> 64 (1340.539999999955) -> 78 (1462.159999999955) -> 70 (1571.879999999955) -> 71 (1666.879999999955) -> 101
 - Puntaje            : 360
 - Tiempo de la ruta : 1813.889999999955

Informacion Ruta : 2
 - Nodos visitados   : 0 -> 67 (88.70999999966716) -> 62 (184.5399999996671) -> 74 (277.5399999996675) -> 73 (406.8599999996762) -> 36 (585.1399999996906) -> 20 (700.6399999997068) -> 93 (805.0599999997067) -> 5 (902.0599999998317) -> 75 (995.0599999998317) -> 2 (1090.059999999832) -> 98 (1193.989999999832) -> 7 (1288.989999999832) -> 3 (1383.109999999831) -> 88 (1482.599999999891) -> 91 (1577.6) -> 18 (1715.02999999992) -> 57 (1869.289999999949) -> 90 (2004.94) -> 76 (2131) -> 85 (2232.7) -> 42 (2377.519999999918) -> 29 (2489.719999999917) -> 25 (2595.839999999917) -> 97 (2728.329999999912) -> 24 (2867.829999999912) -> 82 (3008.079999999832) -> 81 (3120.439999999832) -> 87 (3234.149999999807) -> 101
 - Puntaje            : 590
 - Tiempo de la ruta : 3348.479999999807

==> Ejecucion : 21
Gurobi 12.0.0:   lim:time = 150
Gurobi 12.0.0: time limit, feasible solution; objective -0.4993909866
801019 simplex iterations
695 branching nodes
absmipgap=0.267966, relmipgap=0.536585
Informacion Ruta : 1
 - Nodos visitados   : 0 -> 18 (81.87999999992573) -> 17 (174.8799999999257) -> 28 (289.2899999999257) -> 2 (422.95) -> 54 (573.0199999999254) -> 40 (673.0199999999254) -> 5 (810.4) -> 30 (924.5699999999529) -> 51 (1040.069999999953) -> 60 (1157) -> 53 (1256) -> 24 (1394.85) -> 21 (1492.659999999986) -> 57 (1624.429999999986) -> 46 (1725.2) -> 64 (1830.069999999984) -> 32 (1959.359999999984) -> 31 (2054.359999999984) -> 33 (2149.75) -> 34 (2244.75) -> 63 (2377.05) -> 72 (2477.489999999984) -> 41 (2585.6) -> 42 (2677.6) -> 47 (2771.839999999984) -> 8 (2887.159999999984) -> 91 (3003.159999999984) -> 88 (3098.159999999984) -> 85 (3213.4) -> 101
 - Puntaje            : 620
 - Tiempo de la ruta : 3349.569999999986

Informacion Ruta : 2
 - Nodos visitados   : 0 -> 22 (12.17000000000007) -> 67 (124.6399999999862) -> 62 (220.4699999999862) -> 74 (313.469999999974) -> 56 (436.169999999974) -> 100 (607.559999999974) -> 92 (709.559999999974) -> 48 (854.2) -> 27 (961.8899999999744) -> 29 (1055.5) -> 39 (1166.11999999992) -> 16 (1300.839999999892) -> 19 (1397.909999999892) -> 7 (1532.059999999884) -> 82 (1644.729999999869) -> 78 (1750.02999999987) -> 80 (1856.57999999987) -> 81 (1956.57999999979) -> 71 (2056.57999999979) -> 70 (2151.57999999979) -> 76 (2248.64999999979) -> 93 (2391.87999999979) -> 75 (2489.49999999979) -> 35 (2629.499999999773) -> 37 (2725.329999999767) -> 98 (2881.369999999744) -> 97 (2981.569999999745) -> 95 (3076.959999999721) -> 3 (3177.959999999719) -> 101
 - Puntaje            : 610
 - Tiempo de la ruta : 3297.029999999719



:   MVF      PVF   TCPU1    f1      f2      f3     :=
1   -820      1      152   -820   4572.73   610
2      0   4573.73     1      0      0        0
3      0    611        2      0      0        0
;

:       FN1          FN2         FN3        F1       F2      F3  TCPU2    :=
1    0.00121803    1           1               0      0        0     2
2    0.00121803    1           1               0      0        0     3
3    0.00121803    1           1               0      0        0     2
4    0.00121803    1           1               0      0        0     3
5    0.00121803    1           1               0      0        0     2
6    0.00121803    1           1               0      0        0     1
7    1.43849      -0.42583     1           -1180   6521.36     0   151
8    0.00121803    1           1               0      0        0   151
9    0.123021      0.945782    1            -100    247.98     0    74
10   0.00121803    1           1               0      0        0     2
11   0.00121803    1           1               0      0        0     1
12   1.46285      -0.408922    1           -1200   6444.03     0   151
13   0.683313      0.503338    1            -560   2271.6      0   152
14   1.29233       0.150765    1           -1060   3884.17     0   150
15   0.683313      0.644533    0.541735     -560   1625.81   280   152
16   1.21924      -0.21357     0.934534    -1000   5550.54    40   150
17   1.52375      -0.224994    0.623568    -1250   5602.79   230   152
18   1.52375      -0.126048   -0.260229    -1250   5150.24   770   151
19   1.34105      -0.436714    0.934534    -1100   6571.14    40   151
20   1.15834      -0.111974    0.0343699    -950   5085.87   590   158
21   1.49939      -0.443041   -0.01473     -1230   6600.08   620   154
;

