

:::::::::::::::::::::::::: Descripcion de la Instancia ::::::::::::::::::::::::::

Nodo inicial         : 0 
Nodo final           : 201 
Tmax                 : 3598 
Numero de nodos      : 202 
Numero de rutas      : 2 
Numero de categorias : 3 
 - Cuota de la categoria 1 : 57 
 - Cuota de la categoria 2 : 43 
 - Cuota de la categoria 3 : 29 
Funcion Objetivo : 1
Gurobi 12.0.0:   lim:time = 150
Gurobi 12.0.0: time limit, feasible solution; objective -1740
181080 simplex iterations
23 barrier iterations
3462 branching nodes
absmipgap=280, relmipgap=0.16092
Funcion Objetivo : 2
Gurobi 12.0.0:   lim:time = 150
Gurobi 12.0.0: optimal solution; objective 0
0 simplex iterations
absmipgap=1.31877e-10, relmipgap=1e+100
Funcion Objetivo : 3
Gurobi 12.0.0:   lim:time = 150
Gurobi 12.0.0: optimal solution; objective 0
59 simplex iterations
1 branching node
==> Ejecucion : 1
Gurobi 12.0.0:   lim:time = 150
Gurobi 12.0.0: optimal solution; objective 0
59 simplex iterations
1 branching node
Informacion Ruta : 1
 - Nodos visitados   : 0 -> 201
 - Puntaje            : 0
 - Tiempo de la ruta : 0

Informacion Ruta : 2
 - Nodos visitados   : 0 -> 201
 - Puntaje            : 0
 - Tiempo de la ruta : 0

==> Ejecucion : 2
Gurobi 12.0.0:   lim:time = 150
Gurobi 12.0.0: optimal solution; objective 0
1446 simplex iterations
1 branching node
absmipgap=2.48412e-15, relmipgap=0
Informacion Ruta : 1
 - Nodos visitados   : 0 -> 201
 - Puntaje            : 0
 - Tiempo de la ruta : 0

Informacion Ruta : 2
 - Nodos visitados   : 0 -> 201
 - Puntaje            : 0
 - Tiempo de la ruta : 0

==> Ejecucion : 3
Gurobi 12.0.0:   lim:time = 150
Gurobi 12.0.0: optimal solution; objective 0
428 simplex iterations
1 branching node
absmipgap=4.96825e-15, relmipgap=0
Informacion Ruta : 1
 - Nodos visitados   : 0 -> 201
 - Puntaje            : 0
 - Tiempo de la ruta : 0

Informacion Ruta : 2
 - Nodos visitados   : 0 -> 201
 - Puntaje            : 0
 - Tiempo de la ruta : 0

==> Ejecucion : 4
Gurobi 12.0.0:   lim:time = 150
Gurobi 12.0.0: optimal solution; objective 0
153 simplex iterations
1 branching node
absmipgap=2.93654e-14, relmipgap=0
Informacion Ruta : 1
 - Nodos visitados   : 0 -> 201
 - Puntaje            : 0
 - Tiempo de la ruta : 0

Informacion Ruta : 2
 - Nodos visitados   : 0 -> 201
 - Puntaje            : 0
 - Tiempo de la ruta : 0

==> Ejecucion : 5
Gurobi 12.0.0:   lim:time = 150
Gurobi 12.0.0: optimal solution; objective 0
4 simplex iterations
1 branching node
absmipgap=9.9365e-15, relmipgap=0
Informacion Ruta : 1
 - Nodos visitados   : 0 -> 201
 - Puntaje            : 0
 - Tiempo de la ruta : 0

Informacion Ruta : 2
 - Nodos visitados   : 0 -> 201
 - Puntaje            : 0
 - Tiempo de la ruta : 0

==> Ejecucion : 6
Gurobi 12.0.0:   lim:time = 150
Gurobi 12.0.0: optimal solution; objective 0
0 simplex iterations
absmipgap=2.04448e-13, relmipgap=0
Informacion Ruta : 1
 - Nodos visitados   : 0 -> 201
 - Puntaje            : 0
 - Tiempo de la ruta : 0

Informacion Ruta : 2
 - Nodos visitados   : 0 -> 201
 - Puntaje            : 0
 - Tiempo de la ruta : 0

==> Ejecucion : 7
Gurobi 12.0.0:   lim:time = 150
Gurobi 12.0.0: time limit, feasible solution; objective 0.06938614316
64301 simplex iterations
48 barrier iterations
1 branching node
absmipgap=0.102443, relmipgap=1.47642
Informacion Ruta : 1
 - Nodos visitados   : 0 -> 11 (556.2799999998518) -> 89 (652.9899999998519) -> 147 (751.9299999998519) -> 175 (846.0499999998518) -> 9 (940.519999999852) -> 179 (1036.349999999852) -> 142 (1136.249999999852) -> 28 (1237.429999999849) -> 196 (1331.899999999852) -> 66 (1443.829999999863) -> 160 (1538.929999999874) -> 111 (1670.329999999884) -> 176 (1773.139999999894) -> 114 (1869.219999999904) -> 46 (1970.039999999913) -> 49 (2073.969999999921) -> 99 (2174.6) -> 61 (2280.25) -> 108 (2379.309999999957) -> 30 (2475.139999999969) -> 60 (2568.75) -> 94 (2664.41) -> 165 (2782) -> 58 (2877) -> 201
 - Puntaje            : 600
 - Tiempo de la ruta : 2981.32

Informacion Ruta : 2
 - Nodos visitados   : 0 -> 59 (389.3100000000203) -> 153 (482.4700000000201) -> 10 (573.4700000000201) -> 103 (677.7900000000203) -> 93 (786.8900000000202) -> 182 (885.4300000000202) -> 77 (978.59000000002) -> 33 (1074.91000000002) -> 13 (1169.91000000002) -> 12 (1262.15) -> 50 (1356.62000000002) -> 73 (1457.39000000002) -> 150 (1634.76000000002) -> 78 (1732.04000000002) -> 98 (1833.74000000002) -> 151 (1940.74) -> 43 (2041.92) -> 92 (2183) -> 174 (2319.04) -> 124 (2423.91) -> 177 (2559.01) -> 173 (2697.84) -> 188 (2818.9) -> 136 (2913.139999999999) -> 201
 - Puntaje            : 610
 - Tiempo de la ruta : 3010.95

==> Ejecucion : 8
Gurobi 12.0.0:   lim:time = 150
Gurobi 12.0.0: time limit, feasible solution; objective 0.1921561846
84474 simplex iterations
1 branching node
absmipgap=0.0291637, relmipgap=0.151771
Informacion Ruta : 1
 - Nodos visitados   : 0 -> 28 (2802.759999999997) -> 142 (2903.94) -> 23 (3002) -> 179 (3095) -> 188 (3201.759999999997) -> 201
 - Puntaje            : 170
 - Tiempo de la ruta : 3303.8

Informacion Ruta : 2
 - Nodos visitados   : 0 -> 61 (2575.569999999993) -> 108 (2674.629999999992) -> 173 (2770.629999999992) -> 30 (2863.79) -> 160 (2975) -> 52 (3070) -> 201
 - Puntaje            : 170
 - Tiempo de la ruta : 3168.54

==> Ejecucion : 9
Gurobi 12.0.0:   lim:time = 150
Gurobi 12.0.0: optimal solution; objective 0.1998851235
1090 simplex iterations
1 branching node
absmipgap=1.3517e-14, relmipgap=0
Informacion Ruta : 1
 - Nodos visitados   : 0 -> 201
 - Puntaje            : 0
 - Tiempo de la ruta : 0

Informacion Ruta : 2
 - Nodos visitados   : 0 -> 201
 - Puntaje            : 0
 - Tiempo de la ruta : 0

==> Ejecucion : 10
Gurobi 12.0.0:   lim:time = 150
Gurobi 12.0.0: optimal solution; objective 0.1998851235
302 simplex iterations
1 branching node
absmipgap=4.74898e-14, relmipgap=0
Informacion Ruta : 1
 - Nodos visitados   : 0 -> 201
 - Puntaje            : 0
 - Tiempo de la ruta : 0

Informacion Ruta : 2
 - Nodos visitados   : 0 -> 201
 - Puntaje            : 0
 - Tiempo de la ruta : 0

==> Ejecucion : 11
Gurobi 12.0.0:   lim:time = 150
Gurobi 12.0.0: optimal solution; objective 0.1998851235
0 simplex iterations
absmipgap=1.04083e-14, relmipgap=0
Informacion Ruta : 1
 - Nodos visitados   : 0 -> 201
 - Puntaje            : 0
 - Tiempo de la ruta : 0

Informacion Ruta : 2
 - Nodos visitados   : 0 -> 201
 - Puntaje            : 0
 - Tiempo de la ruta : 0

==> Ejecucion : 12
Gurobi 12.0.0:   lim:time = 150
Gurobi 12.0.0: time limit, feasible solution; objective 0.1562320505
53855 simplex iterations
52 barrier iterations
3 branching nodes
absmipgap=0.220712, relmipgap=1.41272
Informacion Ruta : 1
 - Nodos visitados   : 0 -> 66 (10) -> 176 (132.25) -> 46 (236.6699999999817) -> 63 (349.3) -> 99 (451) -> 70 (543.2399999999604) -> 94 (638.2399999999498) -> 30 (734.319999999938) -> 60 (827.9299999999168) -> 173 (924.0099999999031) -> 61 (1025.409999999896) -> 108 (1124.469999999887) -> 188 (1245.729999999875) -> 19 (1360.729999999875) -> 147 (1458.539999999875) -> 155 (1557.079999999875) -> 179 (1654.699999999875) -> 89 (1746.939999999875) -> 9 (1840.549999999875) -> 175 (1935.019999999875) -> 136 (2054.429999999875) -> 201
 - Puntaje            : 530
 - Tiempo de la ruta : 2152.239999999875

Informacion Ruta : 2
 - Nodos visitados   : 0 -> 116 (864.6799999999778) -> 65 (971.3199999999777) -> 200 (1080.55999999998) -> 87 (1190.659999999988) -> 177 (1288.909999999977) -> 134 (1387.51) -> 150 (1487) -> 43 (1581.47) -> 151 (1682.65) -> 69 (1780.709999999988) -> 75 (1885.129999999977) -> 154 (1988.469999999977) -> 168 (2079.879999999977) -> 22 (2195.509999999977) -> 78 (2291.169999999977) -> 21 (2420.769999999977) -> 49 (2549.669999999977) -> 28 (2662.139999999977) -> 160 (2772.95) -> 142 (2894.25) -> 201
 - Puntaje            : 530
 - Tiempo de la ruta : 3002.629999999977

==> Ejecucion : 13
Gurobi 12.0.0:   lim:time = 150
Gurobi 12.0.0: time limit, feasible solution; objective 0.3636342589
105391 simplex iterations
92 branching nodes
absmipgap=0.22743, relmipgap=0.625436
Informacion Ruta : 1
 - Nodos visitados   : 0 -> 28 (2963.88) -> 52 (3070) -> 160 (3165) -> 99 (3267.21) -> 173 (3364.49) -> 60 (3460.57) -> 201
 - Puntaje            : 150
 - Tiempo de la ruta : 3580.18

Informacion Ruta : 2
 - Nodos visitados   : 0 -> 165 (2782) -> 58 (2877) -> 70 (2989.469999999996) -> 61 (3097.359999999996) -> 108 (3196.419999999996) -> 201
 - Puntaje            : 150
 - Tiempo de la ruta : 3312.839999999996

==> Ejecucion : 14
Gurobi 12.0.0:   lim:time = 150
Gurobi 12.0.0: time limit, feasible solution; objective 0.3809371293
79946 simplex iterations
1 branching node
absmipgap=0.0551868, relmipgap=0.144871
Informacion Ruta : 1
 - Nodos visitados   : 0 -> 165 (2942) -> 58 (3037) -> 142 (3156) -> 188 (3255.22) -> 136 (3349.459999999999) -> 28 (3440.869999999999) -> 201
 - Puntaje            : 190
 - Tiempo de la ruta : 3538.679999999998

Informacion Ruta : 2
 - Nodos visitados   : 0 -> 63 (223) -> 61 (323.77) -> 108 (422.8299999999963) -> 30 (518.6599999999962) -> 173 (611.8199999999964) -> 94 (707.209999999996) -> 201
 - Puntaje            : 190
 - Tiempo de la ruta : 822.2899999999981

==> Ejecucion : 15
Gurobi 12.0.0:   lim:time = 150
Gurobi 12.0.0: optimal solution; objective 0.3985111956
1237 simplex iterations
125 branching nodes
absmipgap=5.9508e-14, relmipgap=0
Informacion Ruta : 1
 - Nodos visitados   : 0 -> 188 (12.03999999999996) -> 28 (106.5099999999998) -> 201
 - Puntaje            : 80
 - Tiempo de la ruta : 204.3199999999997

Informacion Ruta : 2
 - Nodos visitados   : 0 -> 201
 - Puntaje            : 0
 - Tiempo de la ruta : 0

==> Ejecucion : 16
Gurobi 12.0.0:   lim:time = 150
Gurobi 12.0.0: time limit, feasible solution; objective 0.206777714
70827 simplex iterations
54 barrier iterations
1 branching node
absmipgap=0.305307, relmipgap=1.4765
Informacion Ruta : 1
 - Nodos visitados   : 0 -> 38 (806.0699999999999) -> 45 (987.6600000000001) -> 77 (1081.9) -> 93 (1178.9) -> 108 (1315.590000000018) -> 72 (1419.52000000003) -> 61 (1515.180000000006) -> 30 (1618.6) -> 173 (1711.759999999977) -> 60 (1807.839999999961) -> 94 (1903.5) -> 70 (1998.5) -> 99 (2090.739999999908) -> 46 (2193.739999999892) -> 65 (2343.740000000006) -> 47 (2463.710000000005) -> 175 (2567.710000000005) -> 19 (2668.010000000002) -> 147 (2765.820000000002) -> 9 (2861.210000000002) -> 89 (2954.820000000077) -> 179 (3047.060000000045) -> 135 (3216.270000000038) -> 68 (3338.55) -> 21 (3477.389999999775) -> 201
 - Puntaje            : 570
 - Tiempo de la ruta : 3598

Informacion Ruta : 2
 - Nodos visitados   : 0 -> 142 (936.870000000077) -> 196 (1033.870000000068) -> 188 (1126.7) -> 28 (1221.17000000004) -> 134 (1356.570000000025) -> 78 (1454.630000000009) -> 22 (1550.290000000002) -> 150 (1647) -> 151 (1747.820000000001) -> 43 (1849) -> 87 (1952.420000000017) -> 177 (2050.670000000034) -> 111 (2189.680000000033) -> 85 (2296.71000000004) -> 160 (2430.620000000045) -> 49 (2522.620000000053) -> 82 (2622.620000000059) -> 170 (2719.9) -> 165 (2810.9) -> 58 (2905.9) -> 136 (3017.440000000067) -> 11 (3125.690000000068) -> 201
 - Puntaje            : 570
 - Tiempo de la ruta : 3240.390000000068

==> Ejecucion : 17
Gurobi 12.0.0:   lim:time = 150
Gurobi 12.0.0: time limit, feasible solution; objective 0.4109583737
173806 simplex iterations
427 branching nodes
absmipgap=0.307125, relmipgap=0.747339
Informacion Ruta : 1
 - Nodos visitados   : 0 -> 173 (743.4900000000004) -> 30 (836.65) -> 153 (969.6) -> 94 (1108.45) -> 200 (1241.91) -> 134 (1361.06) -> 22 (1454.06) -> 78 (1549.72) -> 150 (1647) -> 43 (1741.469999999999) -> 151 (1842.65) -> 69 (1940.709999999999) -> 75 (2045.129999999999) -> 154 (2148.469999999999) -> 168 (2239.879999999999) -> 65 (2354.05) -> 183 (2446.289999999999) -> 21 (2550.709999999999) -> 87 (2660.129999999999) -> 177 (2758.379999999999) -> 165 (2866.979999999999) -> 58 (2961.979999999999) -> 28 (3073) -> 142 (3174.18) -> 196 (3271.18) -> 188 (3364.01) -> 201
 - Puntaje            : 750
 - Tiempo de la ruta : 3466.05

Informacion Ruta : 2
 - Nodos visitados   : 0 -> 136 (64.3100000000045) -> 108 (183.1700000000046) -> 61 (282.2300000000046) -> 63 (383) -> 49 (484.4) -> 160 (576.4) -> 102 (714.4900000000048) -> 135 (833.1400000000048) -> 1 (929.2200000000048) -> 111 (1031.590000000005) -> 104 (1147.140000000005) -> 60 (1269.390000000005) -> 99 (1369.390000000005) -> 70 (1461.630000000005) -> 46 (1562.4) -> 201
 - Puntaje            : 380
 - Tiempo de la ruta : 1681.040000000005

==> Ejecucion : 18
Gurobi 12.0.0:   lim:time = 150
Gurobi 12.0.0: time limit, feasible solution; objective 0.3847284662
190659 simplex iterations
280 branching nodes
absmipgap=0.0797842, relmipgap=0.207378
Informacion Ruta : 1
 - Nodos visitados   : 0 -> 28 (7.809999999999107) -> 188 (102.2799999999989) -> 196 (195.1099999999989) -> 142 (292.1099999999988) -> 179 (392.0099999999989) -> 89 (484.25) -> 186 (597.7899999999988) -> 6 (703.4399999999989) -> 148 (802.5) -> 29 (899.5) -> 128 (997.119999999999) -> 48 (1098.3) -> 127 (1192.3) -> 5 (1284.539999999999) -> 20 (1385.939999999999) -> 194 (1487.979999999999) -> 80 (1585.6) -> 158 (1678.759999999998) -> 91 (1773.759999999998) -> 159 (1875.159999999998) -> 19 (1986.35) -> 9 (2083.419999999999) -> 65 (2202.85) -> 168 (2317.019999999999) -> 75 (2419.669999999998) -> 43 (2530.689999999998) -> 78 (2631.689999999998) -> 134 (2729.75) -> 165 (2842.55) -> 58 (2937.55) -> 23 (3064.35) -> 175 (3164.2) -> 147 (3258.319999999998) -> 62 (3374.719999999998) -> 136 (3489.239999999998) -> 201
 - Puntaje            : 930
 - Tiempo de la ruta : 3587.05

Informacion Ruta : 2
 - Nodos visitados   : 0 -> 63 (267.3399999999978) -> 72 (371.3399999999978) -> 61 (467) -> 108 (566.0599999999977) -> 173 (662.0599999999977) -> 30 (755.2199999999998) -> 60 (848.8299999999999) -> 94 (944.4899999999998) -> 99 (1038.96) -> 70 (1131.2) -> 46 (1231.969999999999) -> 104 (1353.029999999999) -> 18 (1470.05) -> 192 (1564.519999999999) -> 56 (1687.079999999999) -> 53 (1793.2) -> 185 (1897.619999999999) -> 180 (1998.389999999999) -> 135 (2110.859999999999) -> 1 (2206.939999999999) -> 124 (2305) -> 111 (2400.659999999998) -> 176 (2503.469999999998) -> 39 (2613.169999999998) -> 166 (2717.489999999998) -> 98 (2820.639999999999) -> 97 (2930.889999999999) -> 151 (3028.169999999999) -> 22 (3135.659999999998) -> 177 (3236.839999999998) -> 87 (3335.089999999998) -> 200 (3445.189999999998) -> 201
 - Puntaje            : 810
 - Tiempo de la ruta : 3556.4

==> Ejecucion : 19
Gurobi 12.0.0:   lim:time = 150
Gurobi 12.0.0: time limit, feasible solution; objective 0.1917351175
141845 simplex iterations
47 barrier iterations
91 branching nodes
absmipgap=0.321749, relmipgap=1.67809
Informacion Ruta : 1
 - Nodos visitados   : 0 -> 61 (19.8) -> 30 (123.2199999999972) -> 60 (216.8299999999972) -> 70 (317.4599999999973) -> 46 (418.2299999999973) -> 22 (548.6899999999973) -> 78 (644.35) -> 102 (743.2899999999973) -> 98 (836.2899999999973) -> 8 (933.3599999999974) -> 151 (1036.359999999997) -> 69 (1134.419999999997) -> 168 (1245.959999999997) -> 87 (1347.009999999997) -> 177 (1445.259999999997) -> 166 (1554.469999999998) -> 134 (1655.65) -> 43 (1755.55) -> 75 (1866.57) -> 154 (1969.91) -> 65 (2082.759999999997) -> 89 (2200.919999999997) -> 179 (2293.159999999997) -> 142 (2393.059999999997) -> 196 (2490.059999999997) -> 28 (2584.529999999997) -> 188 (2679) -> 136 (2773.239999999997) -> 58 (2884.779999999997) -> 108 (3008.379999999996) -> 173 (3104.379999999996) -> 49 (3211.579999999996) -> 94 (3316.579999999996) -> 99 (3411.05) -> 201
 - Puntaje            : 910
 - Tiempo de la ruta : 3522.05

Informacion Ruta : 2
 - Nodos visitados   : 0 -> 40 (121.9) -> 200 (240.3299999999859) -> 63 (361.7299999999908) -> 1 (496.5099999999934) -> 114 (603.7699999999936) -> 85 (720.8399999999937) -> 111 (827.8699999999999) -> 57 (933) -> 53 (1044.589999999998) -> 64 (1167.159999999994) -> 176 (1277.559999999994) -> 33 (1435.239999999994) -> 150 (1630.05) -> 160 (1764.31999999999) -> 193 (1957.70999999999) -> 41 (2145.93999999999) -> 18 (2314.57999999998) -> 104 (2431.6) -> 135 (2560.8) -> 56 (2692.80999999998) -> 27 (2802.729999999971) -> 37 (2901.95) -> 192 (3006.159999999942) -> 180 (3115.859999999927) -> 39 (3247.539999999909) -> 178 (3362.139999999899) -> 201
 - Puntaje            : 570
 - Tiempo de la ruta : 3463.319999999899

==> Ejecucion : 20
Gurobi 12.0.0:   lim:time = 150
Gurobi 12.0.0: time limit, feasible solution; objective 0.2022272659
126715 simplex iterations
325 branching nodes
absmipgap=0.13036, relmipgap=0.644623
Informacion Ruta : 1
 - Nodos visitados   : 0 -> 142 (28.9) -> 179 (128.8) -> 110 (251.8599999999873) -> 103 (410.1099999999909) -> 125 (534.0800000000004) -> 182 (632.3300000000004) -> 93 (730.8700000000003) -> 33 (828.6800000000003) -> 77 (925) -> 186 (1101.02) -> 159 (1198.23) -> 91 (1299.63) -> 190 (1400.07) -> 194 (1495.729999999987) -> 20 (1597.769999999979) -> 5 (1699.169999999967) -> 127 (1791.409999999967) -> 48 (1885.409999999957) -> 128 (1986.589999999957) -> 29 (2084.209999999957) -> 6 (2185.029999999948) -> 148 (2284.089999999948) -> 62 (2405.229999999948) -> 147 (2521.629999999948) -> 47 (2625.229999999948) -> 65 (2745.2) -> 183 (2837.439999999947) -> 58 (2966.559999999939) -> 99 (3079.359999999939) -> 94 (3173.829999999936) -> 70 (3268.829999999936) -> 68 (3367.079999999936) -> 60 (3473.839999999936) -> 201
 - Puntaje            : 840
 - Tiempo de la ruta : 3593.45

Informacion Ruta : 2
 - Nodos visitados   : 0 -> 85 (78.86999999999531) -> 63 (223) -> 160 (324.049999999997) -> 49 (416.0499999999843) -> 39 (531.2299999999791) -> 1 (637.5099999999561) -> 111 (739.8799999999525) -> 176 (842.6899999999373) -> 114 (938.7699999999313) -> 78 (1071.219999999918) -> 97 (1184.649999999906) -> 166 (1303.649999999899) -> 98 (1406.799999999891) -> 22 (1513.799999999888) -> 150 (1610.509999999883) -> 151 (1711.329999999879) -> 43 (1812.509999999866) -> 134 (1912.40999999986) -> 177 (2011.00999999984) -> 87 (2109.25999999983) -> 75 (2217.859999999812) -> 154 (2321.1999999998) -> 168 (2412.609999999766) -> 200 (2523.629999999756) -> 108 (2660.829999999756) -> 30 (2756.659999999756) -> 173 (2849.819999999756) -> 153 (2984.999999999755) -> 61 (3119.599999999755) -> 188 (3232.159999999755) -> 136 (3326.399999999755) -> 28 (3417.809999999755) -> 201
 - Puntaje            : 890
 - Tiempo de la ruta : 3515.619999999755

==> Ejecucion : 21
Gurobi 12.0.0:   lim:time = 150
Gurobi 12.0.0: time limit, feasible solution; objective 0.01723147616
133901 simplex iterations
513 branching nodes
absmipgap=0.178059, relmipgap=10.3333
Informacion Ruta : 1
 - Nodos visitados   : 0 -> 49 (44.26000000002935) -> 160 (136.2600000000294) -> 63 (237.3100000000294) -> 99 (339.0100000000293) -> 70 (431.25) -> 94 (526.25) -> 173 (621.6400000000331) -> 30 (714.8) -> 108 (810.6300000000329) -> 61 (909.6900000000066) -> 28 (1021.620000000001) -> 142 (1122.8) -> 47 (1243.85) -> 65 (1363.820000000032) -> 21 (1466.030000000031) -> 75 (1583.320000000032) -> 154 (1686.660000000033) -> 168 (1778.070000000033) -> 87 (1879.120000000033) -> 43 (1982.540000000033) -> 151 (2083.720000000033) -> 22 (2191.210000000039) -> 78 (2286.870000000035) -> 134 (2384.930000000033) -> 177 (2483.530000000032) -> 176 (2613.55) -> 111 (2716.360000000031) -> 114 (2823) -> 165 (2942) -> 58 (3037) -> 46 (3150.090000000001) -> 50 (3288.470000000001) -> 33 (3389.780000000001) -> 201
 - Puntaje            : 920
 - Tiempo de la ruta : 3544.320000000001

Informacion Ruta : 2
 - Nodos visitados   : 0 -> 200 (21.20999999996138) -> 72 (152.6099999999615) -> 122 (257.1699999999614) -> 62 (364.2599999999616) -> 144 (472.2599999999618) -> 159 (587.5799999999617) -> 6 (691.1799999999614) -> 148 (790.2399999999617) -> 29 (887.2399999999617) -> 128 (984.8599999999615) -> 90 (1081.569999999962) -> 20 (1190.669999999961) -> 194 (1292.709999999961) -> 190 (1388.369999999954) -> 80 (1481.529999999962) -> 5 (1579.589999999961) -> 127 (1671.829999999962) -> 48 (1765.829999999962) -> 91 (1868.829999999962) -> 158 (1963.829999999962) -> 175 (2092.739999999962) -> 9 (2187.209999999961) -> 89 (2280.819999999959) -> 179 (2373.059999999963) -> 189 (2493.139999999961) -> 19 (2613.95) -> 147 (2711.759999999961) -> 44 (2816.629999999961) -> 161 (2913.7) -> 83 (3017.739999999961) -> 23 (3134.939999999961) -> 188 (3241.05999999996) -> 136 (3335.3) -> 196 (3430.4) -> 201
 - Puntaje            : 790
 - Tiempo de la ruta : 3532.609999999961



:    MVF      PVF   TCPU1    f1       f2      f3     :=
1   -1740      1      152   -1740   7159.25   940
2       0   7160.25     4       0      0        0
3       0    941        8       0      0        0
;

:        FN1          FN2         FN3       F1       F2      F3  TCPU2    :=
1    0.000574383   1           1               0      0        0     8
2    0.000574383   1           1               0      0        0     7
3    0.000574383   1           1               0      0        0     8
4    0.000574383   1           1               0      0        0     7
5    0.000574383   1           1               0      0        0     7
6    0.000574383   1           1               0      0        0     4
7    0.695577      0.282349    0.989373    -1210   5138.56    10   152
8    0.195864      0.843355    1            -340   1121.62     0   153
9    0.000574383   1           1               0      0        0     8
10   0.000574383   1           1               0      0        0     9
11   0.000574383   1           1               0      0        0     5
12   0.60942       0.39733     1           -1060   4315.27     0   153
13   0.172889      0.83605     1            -300   1173.92     0   152
14   0.21884       0.828817    1            -380   1225.71     0   152
15   0.046525      0.971465    0.914984      -80    204.32    80    12
16   0.65537       0.279909    1           -1140   5156.03     0   152
17   0.649627      0.389527    0.606801    -1130   4371.14   370   153
18   1             0.0381788   0.0116897   -1740   6886.88   930   151
19   0.850661      0.0367375   0.638682    -1480   6897.2    340   154
20   0.994256      0.011839    0.0541977   -1730   7075.48   890   152
21   0.982769      0.0157564   0.0223167   -1710   7047.43   920   153
;

