

:::::::::::::::::::::::::: Descripcion de la Instancia ::::::::::::::::::::::::::

Nodo inicial         : 0 
Nodo final           : 201 
Tmax                 : 3598 
Numero de nodos      : 202 
Numero de rutas      : 2 
Numero de categorias : 3 
 - Cuota de la categoria 1 : 57 
 - Cuota de la categoria 2 : 43 
 - Cuota de la categoria 3 : 29 
Funcion Objetivo : 1
Gurobi 12.0.0:   lim:time = 150
Gurobi 12.0.0: time limit, feasible solution; objective -1610
267139 simplex iterations
47 barrier iterations
5522 branching nodes
absmipgap=380, relmipgap=0.236025
Funcion Objetivo : 2
Gurobi 12.0.0:   lim:time = 150
Gurobi 12.0.0: optimal solution; objective 0
0 simplex iterations
absmipgap=6.51913e-09, relmipgap=1e+100
Funcion Objetivo : 3
Gurobi 12.0.0:   lim:time = 150
Gurobi 12.0.0: optimal solution; objective 0
6 simplex iterations
1 branching node
==> Ejecucion : 1
Gurobi 12.0.0:   lim:time = 150
Gurobi 12.0.0: optimal solution; objective 0
6 simplex iterations
1 branching node
Informacion Ruta : 1
 - Nodos visitados   : 0 -> 201
 - Puntaje            : 0
 - Tiempo de la ruta : 0

Informacion Ruta : 2
 - Nodos visitados   : 0 -> 201
 - Puntaje            : 0
 - Tiempo de la ruta : 0

==> Ejecucion : 2
Gurobi 12.0.0:   lim:time = 150
Gurobi 12.0.0: optimal solution; objective 0
259 simplex iterations
1 branching node
absmipgap=1.78705e-13, relmipgap=0
Informacion Ruta : 1
 - Nodos visitados   : 0 -> 201
 - Puntaje            : 0
 - Tiempo de la ruta : 0

Informacion Ruta : 2
 - Nodos visitados   : 0 -> 201
 - Puntaje            : 0
 - Tiempo de la ruta : 0

==> Ejecucion : 3
Gurobi 12.0.0:   lim:time = 150
Gurobi 12.0.0: optimal solution; objective 0
249 simplex iterations
1 branching node
absmipgap=3.5741e-13, relmipgap=0
Informacion Ruta : 1
 - Nodos visitados   : 0 -> 201
 - Puntaje            : 0
 - Tiempo de la ruta : 0

Informacion Ruta : 2
 - Nodos visitados   : 0 -> 201
 - Puntaje            : 0
 - Tiempo de la ruta : 0

==> Ejecucion : 4
Gurobi 12.0.0:   lim:time = 150
Gurobi 12.0.0: optimal solution; objective 0
101 simplex iterations
1 branching node
absmipgap=4.08445e-14, relmipgap=0
Informacion Ruta : 1
 - Nodos visitados   : 0 -> 201
 - Puntaje            : 0
 - Tiempo de la ruta : 0

Informacion Ruta : 2
 - Nodos visitados   : 0 -> 201
 - Puntaje            : 0
 - Tiempo de la ruta : 0

==> Ejecucion : 5
Gurobi 12.0.0:   lim:time = 150
Gurobi 12.0.0: optimal solution; objective 0
5 simplex iterations
1 branching node
absmipgap=7.14821e-13, relmipgap=0
Informacion Ruta : 1
 - Nodos visitados   : 0 -> 201
 - Puntaje            : 0
 - Tiempo de la ruta : 0

Informacion Ruta : 2
 - Nodos visitados   : 0 -> 201
 - Puntaje            : 0
 - Tiempo de la ruta : 0

==> Ejecucion : 6
Gurobi 12.0.0:   lim:time = 150
Gurobi 12.0.0: optimal solution; objective 0
0 simplex iterations
absmipgap=6.96128e-13, relmipgap=0
Informacion Ruta : 1
 - Nodos visitados   : 0 -> 201
 - Puntaje            : 0
 - Tiempo de la ruta : 0

Informacion Ruta : 2
 - Nodos visitados   : 0 -> 201
 - Puntaje            : 0
 - Tiempo de la ruta : 0

==> Ejecucion : 7
Gurobi 12.0.0:   lim:time = 150
Gurobi 12.0.0: time limit, feasible solution; objective 0.1576660459
85964 simplex iterations
39 barrier iterations
60 branching nodes
absmipgap=0.20506, relmipgap=1.30059
Informacion Ruta : 1
 - Nodos visitados   : 0 -> 4 (55.9) -> 136 (167) -> 63 (272.13) -> 61 (372.9) -> 72 (468.5599999999998) -> 94 (580.4899999999997) -> 70 (675.4899999999983) -> 201
 - Puntaje            : 170
 - Tiempo de la ruta : 787.5799999999986

Informacion Ruta : 2
 - Nodos visitados   : 0 -> 188 (2821.59) -> 165 (2942) -> 58 (3037) -> 104 (3181.15) -> 30 (3307) -> 41 (3452.23) -> 201
 - Puntaje            : 170
 - Tiempo de la ruta : 3571.93

==> Ejecucion : 8
Gurobi 12.0.0:   lim:time = 150
Gurobi 12.0.0: time limit, feasible solution; objective 0.1881142217
135098 simplex iterations
94 branching nodes
absmipgap=0.0276444, relmipgap=0.146955
Informacion Ruta : 1
 - Nodos visitados   : 0 -> 63 (223) -> 94 (328.1299999999991) -> 173 (423.5199999999999) -> 30 (516.6799999999998) -> 108 (612.5100000000009) -> 61 (711.5699999999997) -> 201
 - Puntaje            : 190
 - Tiempo de la ruta : 821.3699999999999

Informacion Ruta : 2
 - Nodos visitados   : 0 -> 28 (2774.059999999999) -> 188 (2868.53) -> 179 (2975.29) -> 89 (3067.53) -> 23 (3162) -> 142 (3260.06) -> 201
 - Puntaje            : 190
 - Tiempo de la ruta : 3368.44

==> Ejecucion : 9
Gurobi 12.0.0:   lim:time = 150
Gurobi 12.0.0: optimal solution; objective 0.1998758535
146 simplex iterations
1 branching node
absmipgap=3.35787e-13, relmipgap=0
Informacion Ruta : 1
 - Nodos visitados   : 0 -> 201
 - Puntaje            : 0
 - Tiempo de la ruta : 0

Informacion Ruta : 2
 - Nodos visitados   : 0 -> 201
 - Puntaje            : 0
 - Tiempo de la ruta : 0

==> Ejecucion : 10
Gurobi 12.0.0:   lim:time = 150
Gurobi 12.0.0: optimal solution; objective 0.1998758535
296 simplex iterations
1 branching node
absmipgap=6.01186e-14, relmipgap=0
Informacion Ruta : 1
 - Nodos visitados   : 0 -> 201
 - Puntaje            : 0
 - Tiempo de la ruta : 0

Informacion Ruta : 2
 - Nodos visitados   : 0 -> 201
 - Puntaje            : 0
 - Tiempo de la ruta : 0

==> Ejecucion : 11
Gurobi 12.0.0:   lim:time = 150
Gurobi 12.0.0: optimal solution; objective 0.1998758535
0 simplex iterations
absmipgap=5.61134e-13, relmipgap=0
Informacion Ruta : 1
 - Nodos visitados   : 0 -> 201
 - Puntaje            : 0
 - Tiempo de la ruta : 0

Informacion Ruta : 2
 - Nodos visitados   : 0 -> 201
 - Puntaje            : 0
 - Tiempo de la ruta : 0

==> Ejecucion : 12
Gurobi 12.0.0:   lim:time = 150
Gurobi 12.0.0: time limit, feasible solution; objective 0.1111029921
91972 simplex iterations
37 barrier iterations
86 branching nodes
absmipgap=0.206211, relmipgap=1.85604
Informacion Ruta : 1
 - Nodos visitados   : 0 -> 65 (36.05999999999995) -> 75 (160.5900000000001) -> 151 (273.0599999999999) -> 168 (391.3600000000001) -> 179 (529.3600000000001) -> 188 (636.1200000000005) -> 99 (756.4800000000005) -> 142 (885.1200000000003) -> 26 (1055.83) -> 111 (1154.32) -> 104 (1269.87) -> 64 (1370.31) -> 47 (1567.2) -> 28 (1699.4) -> 49 (1811.87) -> 91 (1981.85) -> 173 (2151.61) -> 183 (2303.29) -> 144 (2457.76) -> 100 (2603.84) -> 19 (2772.61) -> 186 (2876.93) -> 159 (2974.14) -> 40 (3151.85) -> 201
 - Puntaje            : 600
 - Tiempo de la ruta : 3275.58

Informacion Ruta : 2
 - Nodos visitados   : 0 -> 180 (74.25) -> 108 (236.3399999999911) -> 10 (365.4599999999774) -> 53 (554.5) -> 74 (752.369999999963) -> 182 (863.6299999999607) -> 77 (956.7899999999595) -> 33 (1053.109999999957) -> 13 (1148.109999999958) -> 72 (1278.929999999954) -> 61 (1374.58999999995) -> 89 (1504.6) -> 20 (1656.45) -> 127 (1758.979999999926) -> 5 (1851.219999999916) -> 148 (1961.839999999904) -> 149 (2153.35) -> 153 (2278.019999999884) -> 124 (2451.119999999875) -> 134 (2581.319999999867) -> 177 (2679.919999999863) -> 165 (2788.519999999864) -> 58 (2883.519999999866) -> 201
 - Puntaje            : 620
 - Tiempo de la ruta : 2987.839999999867

==> Ejecucion : 13
Gurobi 12.0.0:   lim:time = 150
Gurobi 12.0.0: time limit, feasible solution; objective 0.3213922679
142132 simplex iterations
193 branching nodes
absmipgap=0.205975, relmipgap=0.640882
Informacion Ruta : 1
 - Nodos visitados   : 0 -> 136 (20.07999999999566) -> 188 (114.3199999999956) -> 63 (223) -> 72 (327) -> 62 (440.3199999999957) -> 61 (559.1599999999956) -> 108 (658.2199999999957) -> 30 (754.05) -> 173 (847.2099999999955) -> 94 (942.6) -> 46 (1046.639999999995) -> 201
 - Puntaje            : 310
 - Tiempo de la ruta : 1165.279999999995

Informacion Ruta : 2
 - Nodos visitados   : 0 -> 28 (2367.29) -> 99 (2484.75) -> 160 (2586.96) -> 49 (2678.96) -> 165 (2782) -> 58 (2877) -> 23 (3003.8) -> 89 (3098.269999999995) -> 142 (3200.309999999994) -> 179 (3300.209999999994) -> 65 (3418.069999999994) -> 201
 - Puntaje            : 300
 - Tiempo de la ruta : 3544.129999999993

==> Ejecucion : 14
Gurobi 12.0.0:   lim:time = 150
Gurobi 12.0.0: time limit, feasible solution; objective 0.3755048983
230463 simplex iterations
933 branching nodes
absmipgap=0.0547271, relmipgap=0.145743
Informacion Ruta : 1
 - Nodos visitados   : 0 -> 61 (2280.969999999978) -> 108 (2380.029999999982) -> 30 (2475.859999999986) -> 173 (2569.019999999993) -> 94 (2664.409999999998) -> 165 (2782) -> 58 (2877) -> 201
 - Puntaje            : 220
 - Tiempo de la ruta : 2981.319999999999

Informacion Ruta : 2
 - Nodos visitados   : 0 -> 188 (2802.239999999988) -> 179 (2909) -> 23 (3002) -> 183 (3117.06) -> 65 (3209.3) -> 142 (3324.8) -> 28 (3425.979999999976) -> 201
 - Puntaje            : 220
 - Tiempo de la ruta : 3523.789999999969

==> Ejecucion : 15
Gurobi 12.0.0:   lim:time = 150
Gurobi 12.0.0: optimal solution; objective 0.39780856
565 simplex iterations
1 branching node
absmipgap=4.54081e-14, relmipgap=0
Informacion Ruta : 1
 - Nodos visitados   : 0 -> 201
 - Puntaje            : 0
 - Tiempo de la ruta : 0

Informacion Ruta : 2
 - Nodos visitados   : 0 -> 188 (12.03999999999996) -> 28 (106.5099999999998) -> 201
 - Puntaje            : 80
 - Tiempo de la ruta : 204.3199999999997

==> Ejecucion : 16
Gurobi 12.0.0:   lim:time = 150
Gurobi 12.0.0: time limit, feasible solution; objective 0.05689776957
131524 simplex iterations
39 barrier iterations
553 branching nodes
absmipgap=0.19989, relmipgap=3.51314
Informacion Ruta : 1
 - Nodos visitados   : 0 -> 99 (205.8599999999998) -> 63 (307.5599999999997) -> 59 (455.05) -> 93 (553.1099999999997) -> 153 (654.1099999999997) -> 182 (760.2299999999996) -> 108 (893.8299999999995) -> 30 (989.6599999999994) -> 173 (1082.819999999999) -> 94 (1178.209999999999) -> 104 (1302.389999999999) -> 46 (1423.45) -> 192 (1554.5) -> 27 (1657.5) -> 56 (1767.42) -> 185 (1868.190000000001) -> 180 (1968.96) -> 135 (2081.43) -> 39 (2190.67) -> 124 (2305) -> 53 (2423.3) -> 111 (2540.889999999999) -> 121 (2632.889999999999) -> 64 (2740.089999999999) -> 159 (2939.709999999999) -> 83 (3037.329999999999) -> 23 (3154.529999999999) -> 72 (3279.239999999999) -> 201
 - Puntaje            : 730
 - Tiempo de la ruta : 3389.829999999999

Informacion Ruta : 2
 - Nodos visitados   : 0 -> 142 (330.6899999999986) -> 28 (431.8699999999984) -> 188 (526.3399999999982) -> 65 (649.7599999999983) -> 200 (759) -> 40 (877.4299999999967) -> 75 (1004.769999999998) -> 183 (1130.669999999998) -> 9 (1249.529999999998) -> 89 (1343.139999999998) -> 179 (1435.379999999998) -> 155 (1533) -> 19 (1636.339999999998) -> 62 (1745.309999999998) -> 186 (1857.779999999997) -> 190 (1975.509999999997) -> 5 (2075.359999999996) -> 194 (2174.789999999995) -> 80 (2272.409999999995) -> 158 (2365.569999999995) -> 175 (2494.479999999995) -> 61 (2631.489999999995) -> 49 (2742.509999999995) -> 160 (2834.509999999995) -> 165 (2936.589999999995) -> 58 (3031.589999999995) -> 1 (3157.4) -> 176 (3258.579999999995) -> 68 (3365.779999999995) -> 201
 - Puntaje            : 740
 - Tiempo de la ruta : 3481.779999999995

==> Ejecucion : 17
Gurobi 12.0.0:   lim:time = 150
Gurobi 12.0.0: time limit, feasible solution; objective 0.2170628272
264702 simplex iterations
971 branching nodes
absmipgap=0.149806, relmipgap=0.690152
Informacion Ruta : 1
 - Nodos visitados   : 0 -> 188 (43.41999999998279) -> 136 (137.6599999999829) -> 72 (246.8699999999829) -> 63 (350.8699999999829) -> 49 (452.2699999999829) -> 160 (544.2699999999828) -> 40 (660.5799999999828) -> 102 (772.6) -> 151 (879.8599999999828) -> 75 (992.3299999999826) -> 200 (1115.95) -> 65 (1225.189999999984) -> 175 (1342.209999999991) -> 9 (1436.679999999998) -> 155 (1533) -> 89 (1629.4) -> 19 (1728.619999999993) -> 14 (1828.619999999986) -> 146 (1924.45) -> 148 (2028.45) -> 194 (2145.619999999982) -> 161 (2258.419999999982) -> 158 (2362.979999999982) -> 190 (2458.979999999982) -> 90 (2571.779999999982) -> 6 (2685.859999999982) -> 186 (2791.509999999982) -> 91 (2899) -> 159 (3000.4) -> 83 (3098.02) -> 47 (3214.65) -> 179 (3327.67) -> 201
 - Puntaje            : 760
 - Tiempo de la ruta : 3445.45

Informacion Ruta : 2
 - Nodos visitados   : 0 -> 142 (441.96) -> 28 (543.1399999999999) -> 61 (655.0699999999997) -> 108 (754.1299999999997) -> 30 (849.9599999999996) -> 173 (943.1199999999994) -> 43 (1094.889999999999) -> 87 (1198.309999999999) -> 168 (1299.36) -> 70 (1445.4) -> 99 (1537.639999999999) -> 94 (1632.109999999999) -> 153 (1770.959999999999) -> 103 (1874.3) -> 149 (2011.709999999999) -> 104 (2130.35) -> 111 (2245.9) -> 124 (2341.559999999999) -> 1 (2439.619999999999) -> 78 (2560.079999999999) -> 22 (2655.739999999999) -> 134 (2748.739999999999) -> 165 (2861.539999999999) -> 177 (2970.139999999999) -> 46 (3097.579999999999) -> 176 (3202) -> 201
 - Puntaje            : 770
 - Tiempo de la ruta : 3333.619999999999

==> Ejecucion : 18
Gurobi 12.0.0:   lim:time = 150
Gurobi 12.0.0: time limit, feasible solution; objective 0.3553991638
253050 simplex iterations
1148 branching nodes
absmipgap=0.0793329, relmipgap=0.223222
Informacion Ruta : 1
 - Nodos visitados   : 0 -> 196 (96.14000000000851) -> 89 (204.0300000000084) -> 110 (326.0300000000084) -> 186 (426.3300000000086) -> 9 (537.4300000000085) -> 142 (643.05) -> 200 (755.1400000000085) -> 160 (872.3400000000086) -> 49 (964.3400000000084) -> 99 (1064.970000000009) -> 94 (1159.440000000008) -> 46 (1263.480000000008) -> 104 (1384.540000000008) -> 64 (1484.980000000008) -> 27 (1603.620000000009) -> 53 (1698.620000000009) -> 56 (1804.740000000008) -> 185 (1905.510000000008) -> 39 (2046.120000000009) -> 87 (2165.270000000009) -> 151 (2278.620000000009) -> 124 (2422.330000000009) -> 1 (2520.390000000009) -> 166 (2634.560000000009) -> 22 (2734.760000000008) -> 40 (2836.970000000008) -> 165 (2942) -> 58 (3037) -> 52 (3139.08) -> 176 (3262.5) -> 114 (3358.580000000009) -> 68 (3462.180000000008) -> 201
 - Puntaje            : 770
 - Tiempo de la ruta : 3578.180000000008

Informacion Ruta : 2
 - Nodos visitados   : 0 -> 173 (24.03999999999451) -> 61 (125.4399999999854) -> 63 (226.2099999999837) -> 30 (332.7) -> 108 (428.529999999971) -> 153 (558.489999999963) -> 93 (659.489999999962) -> 182 (758.0299999999612) -> 152 (867.1299999999578) -> 77 (977.75) -> 33 (1074.069999999954) -> 111 (1238.239999999949) -> 135 (1342.45) -> 78 (1462.059999999929) -> 150 (1559.339999999922) -> 134 (1658.829999999918) -> 43 (1758.729999999907) -> 75 (1869.7499999999) -> 168 (1972.399999999892) -> 65 (2086.569999999883) -> 183 (2178.809999999863) -> 5 (2340.619999999847) -> 127 (2432.859999999837) -> 128 (2537.729999999828) -> 29 (2635.349999999823) -> 6 (2736.169999999805) -> 148 (2835.229999999802) -> 159 (2932.509999999795) -> 83 (3030.129999999792) -> 23 (3147.329999999791) -> 179 (3240.329999999791) -> 188 (3347.089999999791) -> 28 (3441.559999999791) -> 201
 - Puntaje            : 990
 - Tiempo de la ruta : 3539.369999999791

==> Ejecucion : 19
Gurobi 12.0.0:   lim:time = 150
Gurobi 12.0.0: time limit, feasible solution; objective -0.03993649486
224206 simplex iterations
43 barrier iterations
1186 branching nodes
absmipgap=0.154187, relmipgap=3.8608
Informacion Ruta : 1
 - Nodos visitados   : 0 -> 9 (75.6299999999996) -> 19 (172.7) -> 110 (285.7899999999998) -> 148 (383.85) -> 29 (480.85) -> 5 (589.8800000000003) -> 128 (696.9700000000005) -> 6 (804.6600000000004) -> 153 (962.8400000000003) -> 77 (1065.88) -> 33 (1162.2) -> 74 (1266.13) -> 175 (1442.9) -> 155 (1537.37) -> 179 (1634.99) -> 65 (1752.85) -> 142 (1868.35) -> 89 (1970.39) -> 173 (2110.04) -> 108 (2206.04) -> 81 (2345.24) -> 149 (2470.68) -> 104 (2589.32) -> 64 (2689.76) -> 159 (2889.38) -> 83 (2987) -> 23 (3104.2) -> 28 (3213.17) -> 49 (3325.639999999999) -> 30 (3435.489999999999) -> 201
 - Puntaje            : 840
 - Tiempo de la ruta : 3552.689999999999

Informacion Ruta : 2
 - Nodos visitados   : 0 -> 46 (28.63999999999442) -> 94 (132.6799999999857) -> 63 (237.8099999999822) -> 188 (346.4899999999759) -> 62 (457.5899999999758) -> 72 (570.909999999976) -> 70 (684.2299999999761) -> 99 (776.4699999999759) -> 160 (878.679999999976) -> 1 (1003.679999999976) -> 135 (1099.759999999976) -> 85 (1193.759999999976) -> 43 (1323.809999999976) -> 97 (1432.25) -> 150 (1540.139999999976) -> 78 (1637.419999999976) -> 39 (1746.629999999976) -> 166 (1850.95) -> 40 (1953.319999999976) -> 22 (2055.529999999976) -> 134 (2148.529999999976) -> 168 (2263.269999999976) -> 75 (2365.919999999976) -> 151 (2478.389999999976) -> 177 (2593.709999999976) -> 154 (2703.709999999976) -> 87 (2805.879999999976) -> 165 (2921.379999999976) -> 58 (3016.379999999976) -> 111 (3151.159999999977) -> 176 (3253.969999999977) -> 114 (3350.05) -> 61 (3478.329999999976) -> 201
 - Puntaje            : 860
 - Tiempo de la ruta : 3588.129999999976

==> Ejecucion : 20
Gurobi 12.0.0:   lim:time = 150
Gurobi 12.0.0: time limit, feasible solution; objective 0.1781084108
304348 simplex iterations
1912 branching nodes
absmipgap=0.158425, relmipgap=0.889486
Informacion Ruta : 1
 - Nodos visitados   : 0 -> 1 (126.6900000000006) -> 46 (240.4600000000006) -> 198 (361.8400000000008) -> 111 (465.4400000000007) -> 135 (569.65) -> 102 (688.3) -> 87 (807.3) -> 200 (917.4) -> 40 (1035.83) -> 39 (1134.89) -> 131 (1272.940000000001) -> 134 (1428.46) -> 150 (1527.95) -> 43 (1622.420000000001) -> 75 (1733.440000000001) -> 22 (1851.6) -> 85 (1974.66) -> 180 (2085.28) -> 192 (2194.98) -> 124 (2305) -> 166 (2426.32) -> 78 (2522.64) -> 151 (2629.670000000001) -> 177 (2744.990000000001) -> 165 (2853.590000000001) -> 58 (2948.590000000001) -> 188 (3064.090000000001) -> 94 (3187.820000000001) -> 173 (3283.21) -> 108 (3379.21) -> 99 (3482.360000000001) -> 201
 - Puntaje            : 820
 - Tiempo de la ruta : 3593.360000000001

Informacion Ruta : 2
 - Nodos visitados   : 0 -> 28 (7.809999999994275) -> 136 (99.21999999999318) -> 61 (209.8399999999898) -> 63 (310.609999999989) -> 30 (417.1) -> 93 (555.7) -> 104 (702.7399999999727) -> 70 (828.6399999999603) -> 160 (930.7199999999516) -> 72 (1045.739999999952) -> 89 (1171.859999999951) -> 47 (1282.859999999951) -> 189 (1383.679999999951) -> 183 (1497.719999999951) -> 155 (1610.279999999951) -> 20 (1762.929999999951) -> 90 (1872.029999999951) -> 5 (1975.479999999951) -> 194 (2074.909999999951) -> 148 (2192.079999999951) -> 128 (2296.4) -> 29 (2394.019999999952) -> 6 (2494.839999999951) -> 186 (2600.489999999952) -> 175 (2713.579999999952) -> 79 (2820.579999999952) -> 65 (2924.469999999952) -> 23 (3039.55) -> 179 (3132.55) -> 9 (3228.379999999951) -> 142 (3334) -> 168 (3465.589999999951) -> 201
 - Puntaje            : 850
 - Tiempo de la ruta : 3597.209999999951

==> Ejecucion : 21
Gurobi 12.0.0:   lim:time = 150
Gurobi 12.0.0: time limit, feasible solution; objective -0.01862197393
303164 simplex iterations
2295 branching nodes
absmipgap=0.217256, relmipgap=11.6667
Informacion Ruta : 1
 - Nodos visitados   : 0 -> 89 (30.02000000000021) -> 9 (123.6300000000003) -> 175 (218.1) -> 47 (322.1) -> 65 (442.0699999999729) -> 142 (557.5699999999729) -> 200 (669.6599999999604) -> 160 (786.8599999999528) -> 49 (878.8599999999528) -> 177 (1000.479999999943) -> 40 (1102.479999999933) -> 78 (1206.8) -> 166 (1303.119999999922) -> 22 (1403.319999999922) -> 150 (1500.029999999922) -> 43 (1594.5) -> 151 (1695.679999999912) -> 69 (1793.739999999912) -> 75 (1898.159999999912) -> 168 (2000.809999999911) -> 87 (2101.859999999911) -> 134 (2205.789999999911) -> 1 (2328.179999999911) -> 124 (2426.239999999911) -> 135 (2524.839999999911) -> 85 (2618.839999999911) -> 111 (2725.869999999911) -> 64 (2831.489999999911) -> 94 (2957.889999999903) -> 173 (3053.279999999903) -> 30 (3146.43999999988) -> 108 (3242.269999999849) -> 99 (3345.419999999815) -> 61 (3451.06999999979) -> 201
 - Puntaje            : 880
 - Tiempo de la ruta : 3560.869999999742

Informacion Ruta : 2
 - Nodos visitados   : 0 -> 196 (45.77999999999997) -> 28 (140.25) -> 63 (246.2800000000001) -> 198 (389.2800000000001) -> 104 (493.4200000000001) -> 93 (640.46) -> 182 (739) -> 45 (831) -> 10 (937.6400000000003) -> 33 (1034.039999999998) -> 153 (1131.109999999998) -> 13 (1229.169999999998) -> 12 (1321.409999999998) -> 70 (1456.589999999998) -> 188 (1578.539999999998) -> 19 (1693.539999999998) -> 190 (1821.75) -> 127 (1923.41) -> 5 (2015.65) -> 6 (2134.51) -> 179 (2262.509999999997) -> 186 (2377.509999999997) -> 183 (2516.759999999997) -> 180 (2704.269999999998) -> 165 (2852.069999999998) -> 83 (3008.919999999998) -> 128 (3127.2) -> 72 (3282.959999999998) -> 29 (3431.689999999998) -> 201
 - Puntaje            : 760
 - Tiempo de la ruta : 3588.419999999998



:    MVF      PVF   TCPU1    f1       f2      f3     :=
1   -1610      1      152   -1610   6839.96   840
2       0   6840.96     2       0      0        0
3       0    841        6       0      0        0
;

:        FN1          FN2          FN3        F1       F2      F3  TCPU2    :=
1    0.000620732    1            1               0      0        0     6
2    0.000620732    1            1               0      0        0     7
3    0.000620732    1            1               0      0        0     6
4    0.000620732    1            1               0      0        0     6
5    0.000620732    1            1               0      0        0     6
6    0.000620732    1            1               0      0        0     3
7    0.21167        0.777625     1            -340   1521.26     0   153
8    0.236499       0.82293      1            -380   1211.33     0   152
9    0.000620732    1            1               0      0        0     6
10   0.000620732    1            1               0      0        0     5
11   0.000620732    1            1               0      0        0     3
12   0.757914       0.0844238    0.976219    -1220   6263.42    20   153
13   0.379268       0.658285     0.988109     -610   2337.66    10   151
14   0.273743       0.787495     1            -440   1453.74     0   153
15   0.0502793      0.970133     0.904875      -80    204.32    80     9
16   0.913097       0.0681951    0.988109    -1470   6374.44    10   152
17   0.950341       0.0755523    0.988109    -1530   6324.11    10   153
18   1.09311       -0.0281627   -0.17717     -1760   7033.62   990   152
19   1.05587       -0.0376921    0.976219    -1700   7098.81    20   152
20   1.03724       -0.0395178   -0.0107015   -1670   7111.3    850   152
21   1.01862       -0.040164    -0.0463734   -1640   7115.72   880   152
;

