

:::::::::::::::::::::::::: Descripcion de la Instancia ::::::::::::::::::::::::::

Nodo inicial         : 0 
Nodo final           : 101 
Tmax                 : 230 
Numero de nodos      : 102 
Numero de rutas      : 2 
Numero de categorias : 3 
 - Cuota de la categoria 1 : 29 
 - Cuota de la categoria 2 : 21 
 - Cuota de la categoria 3 : 14 
Funcion Objetivo : 1
Gurobi 12.0.0:   lim:time = 150
Gurobi 12.0.0: time limit, feasible solution; objective -338
231515 simplex iterations
5262 branching nodes
absmipgap=298, relmipgap=0.881657
Funcion Objetivo : 2
Gurobi 12.0.0:   lim:time = 150
Gurobi 12.0.0: optimal solution; objective 0
0 simplex iterations
absmipgap=3.89036e-10, relmipgap=0
Funcion Objetivo : 3
Gurobi 12.0.0:   lim:time = 150
Gurobi 12.0.0: optimal solution; objective 0
0 simplex iterations
1 branching node
==> Ejecucion : 1
Gurobi 12.0.0:   lim:time = 150
Gurobi 12.0.0: optimal solution; objective 0
0 simplex iterations
1 branching node
Informacion Ruta : 1
 - Nodos visitados   : 0 -> 101
 - Puntaje            : 0
 - Tiempo de la ruta : 0

Informacion Ruta : 2
 - Nodos visitados   : 0 -> 101
 - Puntaje            : 0
 - Tiempo de la ruta : 0

==> Ejecucion : 2
Gurobi 12.0.0:   lim:time = 150
Gurobi 12.0.0: optimal solution; objective 0
1149 simplex iterations
1 branching node
absmipgap=6.32827e-14, relmipgap=0
Informacion Ruta : 1
 - Nodos visitados   : 0 -> 101
 - Puntaje            : 0
 - Tiempo de la ruta : 0

Informacion Ruta : 2
 - Nodos visitados   : 0 -> 101
 - Puntaje            : 0
 - Tiempo de la ruta : 0

==> Ejecucion : 3
Gurobi 12.0.0:   lim:time = 150
Gurobi 12.0.0: optimal solution; objective 0
403 simplex iterations
1 branching node
absmipgap=1.26565e-13, relmipgap=0
Informacion Ruta : 1
 - Nodos visitados   : 0 -> 101
 - Puntaje            : 0
 - Tiempo de la ruta : 0

Informacion Ruta : 2
 - Nodos visitados   : 0 -> 101
 - Puntaje            : 0
 - Tiempo de la ruta : 0

==> Ejecucion : 4
Gurobi 12.0.0:   lim:time = 150
Gurobi 12.0.0: optimal solution; objective 0
49 simplex iterations
1 branching node
absmipgap=6.43485e-13, relmipgap=0
Informacion Ruta : 1
 - Nodos visitados   : 0 -> 101
 - Puntaje            : 0
 - Tiempo de la ruta : 0

Informacion Ruta : 2
 - Nodos visitados   : 0 -> 101
 - Puntaje            : 0
 - Tiempo de la ruta : 0

==> Ejecucion : 5
Gurobi 12.0.0:   lim:time = 150
Gurobi 12.0.0: optimal solution; objective 0
2 simplex iterations
1 branching node
absmipgap=2.53131e-13, relmipgap=0
Informacion Ruta : 1
 - Nodos visitados   : 0 -> 101
 - Puntaje            : 0
 - Tiempo de la ruta : 0

Informacion Ruta : 2
 - Nodos visitados   : 0 -> 101
 - Puntaje            : 0
 - Tiempo de la ruta : 0

==> Ejecucion : 6
Gurobi 12.0.0:   lim:time = 150
Gurobi 12.0.0: optimal solution; objective 0
0 simplex iterations
absmipgap=3.11751e-13, relmipgap=0
Informacion Ruta : 1
 - Nodos visitados   : 0 -> 101
 - Puntaje            : 0
 - Tiempo de la ruta : 0

Informacion Ruta : 2
 - Nodos visitados   : 0 -> 101
 - Puntaje            : 0
 - Tiempo de la ruta : 0

==> Ejecucion : 7
Gurobi 12.0.0:   lim:time = 150
Gurobi 12.0.0: time limit, feasible solution; objective -0.001179941003
2.12762e+06 simplex iterations
3906 branching nodes
absmipgap=0.179616, relmipgap=152.224
Informacion Ruta : 1
 - Nodos visitados   : 0 -> 39 (49.4) -> 23 (68) -> 75 (86.48999999999978) -> 72 (101.8799999999996) -> 21 (116.35) -> 94 (146.6) -> 59 (162.43) -> 91 (180.24) -> 101
 - Puntaje            : 170
 - Tiempo de la ruta : 215.85

Informacion Ruta : 2
 - Nodos visitados   : 0 -> 12 (19.30999999999727) -> 54 (38.52999999999809) -> 51 (78.60999999999892) -> 79 (101.419999999999) -> 5 (157.11) -> 85 (175.17) -> 93 (188) -> 96 (203) -> 101
 - Puntaje            : 170
 - Tiempo de la ruta : 228.2599999999989

==> Ejecucion : 8
Gurobi 12.0.0:   lim:time = 150
Gurobi 12.0.0: time limit, feasible solution; objective 0.1884371504
197417 simplex iterations
3632 branching nodes
absmipgap=0.156287, relmipgap=0.829387
Informacion Ruta : 1
 - Nodos visitados   : 0 -> 26 (88.65) -> 72 (112.7899999999992) -> 75 (128.1799999999997) -> 4 (149) -> 54 (168.2199999999998) -> 101
 - Puntaje            : 97
 - Tiempo de la ruta : 201.0199999999994

Informacion Ruta : 2
 - Nodos visitados   : 0 -> 94 (12.03999999999999) -> 59 (27.86999999999885) -> 85 (43.25999999999885) -> 60 (65.3) -> 101
 - Puntaje            : 99
 - Tiempo de la ruta : 93.32999999999714

==> Ejecucion : 9
Gurobi 12.0.0:   lim:time = 150
Gurobi 12.0.0: optimal solution; objective 0.1994100295
101510 simplex iterations
6145 branching nodes
absmipgap=1.11966e-13, relmipgap=0
Informacion Ruta : 1
 - Nodos visitados   : 0 -> 101
 - Puntaje            : 0
 - Tiempo de la ruta : 0

Informacion Ruta : 2
 - Nodos visitados   : 0 -> 101
 - Puntaje            : 0
 - Tiempo de la ruta : 0

==> Ejecucion : 10
Gurobi 12.0.0:   lim:time = 150
Gurobi 12.0.0: optimal solution; objective 0.1994100295
70 simplex iterations
1 branching node
absmipgap=5.4251e-13, relmipgap=0
Informacion Ruta : 1
 - Nodos visitados   : 0 -> 101
 - Puntaje            : 0
 - Tiempo de la ruta : 0

Informacion Ruta : 2
 - Nodos visitados   : 0 -> 101
 - Puntaje            : 0
 - Tiempo de la ruta : 0

==> Ejecucion : 11
Gurobi 12.0.0:   lim:time = 150
Gurobi 12.0.0: optimal solution; objective 0.1994100295
0 simplex iterations
1 branching node
absmipgap=2.95153e-13, relmipgap=0
Informacion Ruta : 1
 - Nodos visitados   : 0 -> 101
 - Puntaje            : 0
 - Tiempo de la ruta : 0

Informacion Ruta : 2
 - Nodos visitados   : 0 -> 101
 - Puntaje            : 0
 - Tiempo de la ruta : 0

==> Ejecucion : 12
Gurobi 12.0.0:   lim:time = 150
Gurobi 12.0.0: time limit, feasible solution; objective 0.05663716814
1.5812e+06 simplex iterations
3905 branching nodes
absmipgap=0.416067, relmipgap=7.34619
Informacion Ruta : 1
 - Nodos visitados   : 0 -> 59 (37.65) -> 37 (51.77000000000443) -> 86 (77.89000000000442) -> 16 (94.21000000000441) -> 85 (110.5300000000044) -> 18 (138.9700000000044) -> 17 (167) -> 101
 - Puntaje            : 145
 - Tiempo de la ruta : 207.4100000000044

Informacion Ruta : 2
 - Nodos visitados   : 0 -> 12 (31.71999999999994) -> 28 (50.93999999999994) -> 26 (69) -> 6 (99) -> 94 (112.1599999999999) -> 48 (150.34) -> 47 (166.74) -> 101
 - Puntaje            : 145
 - Tiempo de la ruta : 210.95

==> Ejecucion : 13
Gurobi 12.0.0:   lim:time = 150
Gurobi 12.0.0: time limit, feasible solution; objective 0.398820059
204506 simplex iterations
3880 branching nodes
absmipgap=0.542152, relmipgap=1.35939
Informacion Ruta : 1
 - Nodos visitados   : 0 -> 101
 - Puntaje            : 0
 - Tiempo de la ruta : 0

Informacion Ruta : 2
 - Nodos visitados   : 0 -> 101
 - Puntaje            : 0
 - Tiempo de la ruta : 0

==> Ejecucion : 14
Gurobi 12.0.0:   lim:time = 150
Gurobi 12.0.0: time limit, feasible solution; objective 0.398820059
184643 simplex iterations
3402 branching nodes
absmipgap=0.336141, relmipgap=0.842839
Informacion Ruta : 1
 - Nodos visitados   : 0 -> 101
 - Puntaje            : 0
 - Tiempo de la ruta : 0

Informacion Ruta : 2
 - Nodos visitados   : 0 -> 101
 - Puntaje            : 0
 - Tiempo de la ruta : 0

==> Ejecucion : 15
Gurobi 12.0.0:   lim:time = 150
Gurobi 12.0.0: time limit, feasible solution; objective 0.3751509577
137284 simplex iterations
4149 branching nodes
absmipgap=0.106431, relmipgap=0.283703
Informacion Ruta : 1
 - Nodos visitados   : 0 -> 87 (93) -> 95 (109.71) -> 85 (128.93) -> 5 (146.9899999999988) -> 59 (165.4799999999978) -> 94 (181.3099999999978) -> 101
 - Puntaje            : 168
 - Tiempo de la ruta : 203.35

Informacion Ruta : 2
 - Nodos visitados   : 0 -> 101
 - Puntaje            : 0
 - Tiempo de la ruta : 0

==> Ejecucion : 16
Gurobi 12.0.0:   lim:time = 150
Gurobi 12.0.0: time limit, feasible solution; objective 0.5982300885
780333 simplex iterations
4094 branching nodes
absmipgap=1.12944, relmipgap=1.88797
Informacion Ruta : 1
 - Nodos visitados   : 0 -> 101
 - Puntaje            : 0
 - Tiempo de la ruta : 0

Informacion Ruta : 2
 - Nodos visitados   : 0 -> 101
 - Puntaje            : 0
 - Tiempo de la ruta : 0

==> Ejecucion : 17
Gurobi 12.0.0:   lim:time = 150
Gurobi 12.0.0: time limit, feasible solution; objective 0.2195249542
206017 simplex iterations
3440 branching nodes
absmipgap=0.538396, relmipgap=2.45255
Informacion Ruta : 1
 - Nodos visitados   : 0 -> 96 (65.9399999999967) -> 83 (88.75) -> 5 (105.8199999999975) -> 61 (122.5299999999982) -> 86 (142.529999999999) -> 16 (158.85) -> 85 (175.17) -> 93 (188) -> 101
 - Puntaje            : 178
 - Tiempo de la ruta : 218.25

Informacion Ruta : 2
 - Nodos visitados   : 0 -> 27 (39.00999999999704) -> 28 (55.71999999999682) -> 76 (75.15) -> 26 (97.8) -> 21 (117.8) -> 72 (132.2699999999992) -> 13 (161.5099999999997) -> 2 (180.9399999999973) -> 58 (200) -> 101
 - Puntaje            : 146
 - Tiempo de la ruta : 219.06

==> Ejecucion : 18
Gurobi 12.0.0:   lim:time = 150
Gurobi 12.0.0: time limit, feasible solution; objective 0.1536922557
201812 simplex iterations
4166 branching nodes
absmipgap=0.2676, relmipgap=1.74114
Informacion Ruta : 1
 - Nodos visitados   : 0 -> 89 (14.47999999999922) -> 48 (45.87999999999906) -> 47 (62.27999999999842) -> 82 (83.67999999999886) -> 5 (110.6799999999985) -> 86 (136.9599999999991) -> 85 (159.609999999998) -> 59 (175) -> 93 (188) -> 94 (206.5399999999987) -> 101
 - Puntaje            : 273
 - Tiempo de la ruta : 228.5799999999987

Informacion Ruta : 2
 - Nodos visitados   : 0 -> 28 (20.8) -> 26 (38.85999999999937) -> 12 (55.93000000000053) -> 76 (73) -> 79 (93) -> 81 (109.3199999999998) -> 3 (128.3199999999997) -> 68 (144.4) -> 31 (182.5799999999995) -> 52 (202.4299999999994) -> 101
 - Puntaje            : 199
 - Tiempo de la ruta : 223.7399999999994

==> Ejecucion : 19
Gurobi 12.0.0:   lim:time = 150
Gurobi 12.0.0: time limit, feasible solution; objective 0.1592170668
197862 simplex iterations
3795 branching nodes
absmipgap=0.862899, relmipgap=5.41964
Informacion Ruta : 1
 - Nodos visitados   : 0 -> 59 (34.59000000000113) -> 3 (84.55) -> 79 (98.16000000000165) -> 34 (118.7899999999997) -> 68 (147.15) -> 93 (198) -> 101
 - Puntaje            : 136
 - Tiempo de la ruta : 228.25

Informacion Ruta : 2
 - Nodos visitados   : 0 -> 39 (49.4) -> 23 (68) -> 67 (90) -> 14 (152.2400000000004) -> 16 (173.4200000000007) -> 96 (197.3100000000007) -> 101
 - Puntaje            : 135
 - Tiempo de la ruta : 222.5700000000006

==> Ejecucion : 20
Gurobi 12.0.0:   lim:time = 150
Gurobi 12.0.0: time limit, feasible solution; objective 0.2817883758
179801 simplex iterations
4019 branching nodes
absmipgap=0.774105, relmipgap=2.74712
Informacion Ruta : 1
 - Nodos visitados   : 0 -> 39 (44) -> 29 (84.2699999999999) -> 61 (149.3) -> 85 (163.769999999999) -> 37 (178.239999999999) -> 58 (205.329999999999) -> 101
 - Puntaje            : 120
 - Tiempo de la ruta : 224.389999999999

Informacion Ruta : 2
 - Nodos visitados   : 0 -> 31 (38.78) -> 62 (58) -> 48 (80.5299999999998) -> 59 (119.65) -> 86 (147.68) -> 97 (178.89) -> 93 (196.51) -> 101
 - Puntaje            : 179
 - Tiempo de la ruta : 226.76

==> Ejecucion : 21
Gurobi 12.0.0:   lim:time = 150
Gurobi 12.0.0: time limit, feasible solution; objective 0.2772861357
187497 simplex iterations
3764 branching nodes
absmipgap=1.15634, relmipgap=4.17021
Informacion Ruta : 1
 - Nodos visitados   : 0 -> 73 (22.64000000000004) -> 39 (49.4) -> 23 (68) -> 31 (130.77) -> 5 (167.97) -> 85 (186.03) -> 59 (201.42) -> 101
 - Puntaje            : 191
 - Tiempo de la ruta : 229.22

Informacion Ruta : 2
 - Nodos visitados   : 0 -> 26 (117.7899999999997) -> 68 (142) -> 101
 - Puntaje            : 53
 - Tiempo de la ruta : 173.3799999999999



:   MVF     PVF   TCPU1    f1      f2     f3     :=
1   -338     1      151   -338   441.47   180
2      0   442.47     2      0     0        0
3      0   181        2      0     0        0
;

:       FN1          FN2         FN3        F1      F2     F3  TCPU2    :=
1    0.00294985   1            1              0     0        0     3
2    0.00294985   1            1              0     0        0     3
3    0.00294985   1            1              0     0        0     3
4    0.00294985   1            1              0     0        0     2
5    0.00294985   1            1              0     0        0     3
6    0.00294985   1            1              0     0        0     1
7    1.0059       0.0409067    1           -340   424.37     0   151
8    0.581121     0.509842     0.98895     -196   216.88     2   151
9    0.00294985   1            1              0     0        0    22
10   0.00294985   1            1              0     0        0     3
11   0.00294985   1            1              0     0        0     1
12   0.858407     0.137139     1           -290   381.79     0   151
13   0.00294985   1            1              0     0        0   151
14   0.00294985   1            1              0     0        0   151
15   0.498525     0.709065     0.0718232   -168   128.73   168   151
16   0.00294985   1            1              0     0        0   151
17   0.958702     0.203065     0.823204    -324   352.62    32   151
18   1.39528      0.022849    -0.508287    -472   432.36   273   151
19   0.80236      0.0539472    0.994475    -271   418.6      1   151
20   0.884956     0.0512351    0.0110497   -299   419.8    179   151
21   0.722714     0.336746    -0.0552486   -244   293.47   191   151
;

