

:::::::::::::::::::::::::: Descripcion de la Instancia ::::::::::::::::::::::::::

Nodo inicial         : 0 
Nodo final           : 601 
Tmax                 : 1206 
Numero de nodos      : 602 
Numero de rutas      : 4 
Numero de categorias : 5 
 - Cuota de la categoria 1 : 155 
 - Cuota de la categoria 2 : 97 
 - Cuota de la categoria 3 : 58 
 - Cuota de la categoria 4 : 35 
 - Cuota de la categoria 5 : 20 
Funcion Objetivo : 1
Gurobi 12.0.0:   lim:time = 150
Gurobi 12.0.0: time limit, feasible solution; objective -10
0 simplex iterations
1 branching node
absmipgap=42938, relmipgap=4293.8
Funcion Objetivo : 2
Gurobi 12.0.0:   lim:time = 150
Gurobi 12.0.0: optimal solution; objective 0
0 simplex iterations
absmipgap=3.22953e-06, relmipgap=0
Funcion Objetivo : 3
Gurobi 12.0.0:   lim:time = 150
Gurobi 12.0.0: time limit, feasible solution; objective 0
0 simplex iterations
1 branching node
absmipgap=10737, relmipgap=1e+100
==> Ejecucion : 1
Gurobi 12.0.0:   lim:time = 150
Gurobi 12.0.0: time limit, feasible solution; objective 0
0 simplex iterations
1 branching node
absmipgap=976.091, relmipgap=1e+100
Informacion Ruta : 1
 - Nodos visitados   : 0 -> 601
 - Puntaje            : 0
 - Tiempo de la ruta : 0

Informacion Ruta : 2
 - Nodos visitados   : 0 -> 601
 - Puntaje            : 0
 - Tiempo de la ruta : 0

Informacion Ruta : 3
 - Nodos visitados   : 0 -> 601
 - Puntaje            : 0
 - Tiempo de la ruta : 0

Informacion Ruta : 4
 - Nodos visitados   : 0 -> 601
 - Puntaje            : 0
 - Tiempo de la ruta : 0

==> Ejecucion : 2
Gurobi 12.0.0:   lim:time = 150
Gurobi 12.0.0: time limit, feasible solution; objective 0
0 simplex iterations
1 branching node
absmipgap=780.873, relmipgap=1e+100
Informacion Ruta : 1
 - Nodos visitados   : 0 -> 601
 - Puntaje            : 0
 - Tiempo de la ruta : 0

Informacion Ruta : 2
 - Nodos visitados   : 0 -> 601
 - Puntaje            : 0
 - Tiempo de la ruta : 0

Informacion Ruta : 3
 - Nodos visitados   : 0 -> 601
 - Puntaje            : 0
 - Tiempo de la ruta : 0

Informacion Ruta : 4
 - Nodos visitados   : 0 -> 601
 - Puntaje            : 0
 - Tiempo de la ruta : 0

==> Ejecucion : 3
Gurobi 12.0.0:   lim:time = 150
Gurobi 12.0.0: time limit, feasible solution; objective 0
0 simplex iterations
1 branching node
absmipgap=585.655, relmipgap=1e+100
Informacion Ruta : 1
 - Nodos visitados   : 0 -> 601
 - Puntaje            : 0
 - Tiempo de la ruta : 0

Informacion Ruta : 2
 - Nodos visitados   : 0 -> 601
 - Puntaje            : 0
 - Tiempo de la ruta : 0

Informacion Ruta : 3
 - Nodos visitados   : 0 -> 601
 - Puntaje            : 0
 - Tiempo de la ruta : 0

Informacion Ruta : 4
 - Nodos visitados   : 0 -> 601
 - Puntaje            : 0
 - Tiempo de la ruta : 0

==> Ejecucion : 4
Gurobi 12.0.0:   lim:time = 150
Gurobi 12.0.0: time limit, feasible solution; objective 0
0 simplex iterations
1 branching node
absmipgap=390.436, relmipgap=1e+100
Informacion Ruta : 1
 - Nodos visitados   : 0 -> 601
 - Puntaje            : 0
 - Tiempo de la ruta : 0

Informacion Ruta : 2
 - Nodos visitados   : 0 -> 601
 - Puntaje            : 0
 - Tiempo de la ruta : 0

Informacion Ruta : 3
 - Nodos visitados   : 0 -> 601
 - Puntaje            : 0
 - Tiempo de la ruta : 0

Informacion Ruta : 4
 - Nodos visitados   : 0 -> 601
 - Puntaje            : 0
 - Tiempo de la ruta : 0

==> Ejecucion : 5
Gurobi 12.0.0:   lim:time = 150
Gurobi 12.0.0: time limit, feasible solution; objective 0
0 simplex iterations
1 branching node
absmipgap=195.218, relmipgap=1e+100
Informacion Ruta : 1
 - Nodos visitados   : 0 -> 601
 - Puntaje            : 0
 - Tiempo de la ruta : 0

Informacion Ruta : 2
 - Nodos visitados   : 0 -> 601
 - Puntaje            : 0
 - Tiempo de la ruta : 0

Informacion Ruta : 3
 - Nodos visitados   : 0 -> 601
 - Puntaje            : 0
 - Tiempo de la ruta : 0

Informacion Ruta : 4
 - Nodos visitados   : 0 -> 601
 - Puntaje            : 0
 - Tiempo de la ruta : 0

==> Ejecucion : 6
Gurobi 12.0.0:   lim:time = 150
Gurobi 12.0.0: optimal solution; objective 0
0 simplex iterations
absmipgap=2.94349e-09, relmipgap=1e+100
Informacion Ruta : 1
 - Nodos visitados   : 0 -> 601
 - Puntaje            : 0
 - Tiempo de la ruta : 0

Informacion Ruta : 2
 - Nodos visitados   : 0 -> 601
 - Puntaje            : 0
 - Tiempo de la ruta : 0

Informacion Ruta : 3
 - Nodos visitados   : 0 -> 601
 - Puntaje            : 0
 - Tiempo de la ruta : 0

Informacion Ruta : 4
 - Nodos visitados   : 0 -> 601
 - Puntaje            : 0
 - Tiempo de la ruta : 0

==> Ejecucion : 7
Gurobi 12.0.0:   lim:time = 150
Gurobi 12.0.0: time limit, feasible solution; objective 0.1818181818
0 simplex iterations
1 branching node
absmipgap=1561.75, relmipgap=8589.6
Informacion Ruta : 1
 - Nodos visitados   : 0 -> 601
 - Puntaje            : 0
 - Tiempo de la ruta : 0

Informacion Ruta : 2
 - Nodos visitados   : 0 -> 601
 - Puntaje            : 0
 - Tiempo de la ruta : 0

Informacion Ruta : 3
 - Nodos visitados   : 0 -> 601
 - Puntaje            : 0
 - Tiempo de la ruta : 0

Informacion Ruta : 4
 - Nodos visitados   : 0 -> 601
 - Puntaje            : 0
 - Tiempo de la ruta : 0

==> Ejecucion : 8
Gurobi 12.0.0:   lim:time = 150
Gurobi 12.0.0: time limit, feasible solution; objective 0.1818181818
0 simplex iterations
1 branching node
absmipgap=1350.1, relmipgap=7425.58
Informacion Ruta : 1
 - Nodos visitados   : 0 -> 601
 - Puntaje            : 0
 - Tiempo de la ruta : 0

Informacion Ruta : 2
 - Nodos visitados   : 0 -> 601
 - Puntaje            : 0
 - Tiempo de la ruta : 0

Informacion Ruta : 3
 - Nodos visitados   : 0 -> 601
 - Puntaje            : 0
 - Tiempo de la ruta : 0

Informacion Ruta : 4
 - Nodos visitados   : 0 -> 601
 - Puntaje            : 0
 - Tiempo de la ruta : 0

==> Ejecucion : 9
Gurobi 12.0.0:   lim:time = 150
Gurobi 12.0.0: time limit, feasible solution; objective 0.1818181818
0 simplex iterations
1 branching node
absmipgap=1138.46, relmipgap=6261.55
Informacion Ruta : 1
 - Nodos visitados   : 0 -> 601
 - Puntaje            : 0
 - Tiempo de la ruta : 0

Informacion Ruta : 2
 - Nodos visitados   : 0 -> 601
 - Puntaje            : 0
 - Tiempo de la ruta : 0

Informacion Ruta : 3
 - Nodos visitados   : 0 -> 601
 - Puntaje            : 0
 - Tiempo de la ruta : 0

Informacion Ruta : 4
 - Nodos visitados   : 0 -> 601
 - Puntaje            : 0
 - Tiempo de la ruta : 0

==> Ejecucion : 10
Gurobi 12.0.0:   lim:time = 150
Gurobi 12.0.0: time limit, feasible solution; objective 0.1818181818
0 simplex iterations
1 branching node
absmipgap=926.857, relmipgap=5097.72
Informacion Ruta : 1
 - Nodos visitados   : 0 -> 601
 - Puntaje            : 0
 - Tiempo de la ruta : 0

Informacion Ruta : 2
 - Nodos visitados   : 0 -> 601
 - Puntaje            : 0
 - Tiempo de la ruta : 0

Informacion Ruta : 3
 - Nodos visitados   : 0 -> 601
 - Puntaje            : 0
 - Tiempo de la ruta : 0

Informacion Ruta : 4
 - Nodos visitados   : 0 -> 601
 - Puntaje            : 0
 - Tiempo de la ruta : 0

==> Ejecucion : 11
Gurobi 12.0.0:   lim:time = 150
Gurobi 12.0.0: time limit, feasible solution; objective 0.1818181818
0 simplex iterations
1 branching node
absmipgap=715.325, relmipgap=3934.29
Informacion Ruta : 1
 - Nodos visitados   : 0 -> 601
 - Puntaje            : 0
 - Tiempo de la ruta : 0

Informacion Ruta : 2
 - Nodos visitados   : 0 -> 601
 - Puntaje            : 0
 - Tiempo de la ruta : 0

Informacion Ruta : 3
 - Nodos visitados   : 0 -> 601
 - Puntaje            : 0
 - Tiempo de la ruta : 0

Informacion Ruta : 4
 - Nodos visitados   : 0 -> 601
 - Puntaje            : 0
 - Tiempo de la ruta : 0

==> Ejecucion : 12
Gurobi 12.0.0:   lim:time = 150
Gurobi 12.0.0: time limit, feasible solution; objective 0.3636363636
0 simplex iterations
1 branching node
absmipgap=2147.4, relmipgap=5905.35
Informacion Ruta : 1
 - Nodos visitados   : 0 -> 601
 - Puntaje            : 0
 - Tiempo de la ruta : 0

Informacion Ruta : 2
 - Nodos visitados   : 0 -> 601
 - Puntaje            : 0
 - Tiempo de la ruta : 0

Informacion Ruta : 3
 - Nodos visitados   : 0 -> 601
 - Puntaje            : 0
 - Tiempo de la ruta : 0

Informacion Ruta : 4
 - Nodos visitados   : 0 -> 601
 - Puntaje            : 0
 - Tiempo de la ruta : 0

==> Ejecucion : 13
Gurobi 12.0.0:   lim:time = 150
Gurobi 12.0.0: time limit, feasible solution; objective 0.3636363636
0 simplex iterations
1 branching node
absmipgap=1935.76, relmipgap=5323.34
Informacion Ruta : 1
 - Nodos visitados   : 0 -> 601
 - Puntaje            : 0
 - Tiempo de la ruta : 0

Informacion Ruta : 2
 - Nodos visitados   : 0 -> 601
 - Puntaje            : 0
 - Tiempo de la ruta : 0

Informacion Ruta : 3
 - Nodos visitados   : 0 -> 601
 - Puntaje            : 0
 - Tiempo de la ruta : 0

Informacion Ruta : 4
 - Nodos visitados   : 0 -> 601
 - Puntaje            : 0
 - Tiempo de la ruta : 0

==> Ejecucion : 14
Gurobi 12.0.0:   lim:time = 150
Gurobi 12.0.0: time limit, feasible solution; objective 0.3636363636
0 simplex iterations
1 branching node
absmipgap=1724.12, relmipgap=4741.33
Informacion Ruta : 1
 - Nodos visitados   : 0 -> 601
 - Puntaje            : 0
 - Tiempo de la ruta : 0

Informacion Ruta : 2
 - Nodos visitados   : 0 -> 601
 - Puntaje            : 0
 - Tiempo de la ruta : 0

Informacion Ruta : 3
 - Nodos visitados   : 0 -> 601
 - Puntaje            : 0
 - Tiempo de la ruta : 0

Informacion Ruta : 4
 - Nodos visitados   : 0 -> 601
 - Puntaje            : 0
 - Tiempo de la ruta : 0

==> Ejecucion : 15
Gurobi 12.0.0:   lim:time = 150
Gurobi 12.0.0: time limit, feasible solution; objective 0.3636363636
0 simplex iterations
1 branching node
absmipgap=1512.48, relmipgap=4159.31
Informacion Ruta : 1
 - Nodos visitados   : 0 -> 601
 - Puntaje            : 0
 - Tiempo de la ruta : 0

Informacion Ruta : 2
 - Nodos visitados   : 0 -> 601
 - Puntaje            : 0
 - Tiempo de la ruta : 0

Informacion Ruta : 3
 - Nodos visitados   : 0 -> 601
 - Puntaje            : 0
 - Tiempo de la ruta : 0

Informacion Ruta : 4
 - Nodos visitados   : 0 -> 601
 - Puntaje            : 0
 - Tiempo de la ruta : 0

==> Ejecucion : 16
Gurobi 12.0.0:   lim:time = 150
Gurobi 12.0.0: time limit, feasible solution; objective 0.5454545455
0 simplex iterations
1 branching node
absmipgap=2733.05, relmipgap=5010.6
Informacion Ruta : 1
 - Nodos visitados   : 0 -> 601
 - Puntaje            : 0
 - Tiempo de la ruta : 0

Informacion Ruta : 2
 - Nodos visitados   : 0 -> 601
 - Puntaje            : 0
 - Tiempo de la ruta : 0

Informacion Ruta : 3
 - Nodos visitados   : 0 -> 601
 - Puntaje            : 0
 - Tiempo de la ruta : 0

Informacion Ruta : 4
 - Nodos visitados   : 0 -> 601
 - Puntaje            : 0
 - Tiempo de la ruta : 0

==> Ejecucion : 17
Gurobi 12.0.0:   lim:time = 150
Gurobi 12.0.0: time limit, feasible solution; objective 0.5454545455
0 simplex iterations
1 branching node
absmipgap=2521.41, relmipgap=4622.59
Informacion Ruta : 1
 - Nodos visitados   : 0 -> 601
 - Puntaje            : 0
 - Tiempo de la ruta : 0

Informacion Ruta : 2
 - Nodos visitados   : 0 -> 601
 - Puntaje            : 0
 - Tiempo de la ruta : 0

Informacion Ruta : 3
 - Nodos visitados   : 0 -> 601
 - Puntaje            : 0
 - Tiempo de la ruta : 0

Informacion Ruta : 4
 - Nodos visitados   : 0 -> 601
 - Puntaje            : 0
 - Tiempo de la ruta : 0

==> Ejecucion : 18
Gurobi 12.0.0:   lim:time = 150
Gurobi 12.0.0: time limit, feasible solution; objective 0.5454545455
0 simplex iterations
1 branching node
absmipgap=2309.77, relmipgap=4234.58
Informacion Ruta : 1
 - Nodos visitados   : 0 -> 601
 - Puntaje            : 0
 - Tiempo de la ruta : 0

Informacion Ruta : 2
 - Nodos visitados   : 0 -> 601
 - Puntaje            : 0
 - Tiempo de la ruta : 0

Informacion Ruta : 3
 - Nodos visitados   : 0 -> 601
 - Puntaje            : 0
 - Tiempo de la ruta : 0

Informacion Ruta : 4
 - Nodos visitados   : 0 -> 601
 - Puntaje            : 0
 - Tiempo de la ruta : 0

==> Ejecucion : 19
Gurobi 12.0.0:   lim:time = 150
Gurobi 12.0.0: time limit, feasible solution; objective 0.7272727273
0 simplex iterations
1 branching node
absmipgap=3318.71, relmipgap=4563.22
Informacion Ruta : 1
 - Nodos visitados   : 0 -> 601
 - Puntaje            : 0
 - Tiempo de la ruta : 0

Informacion Ruta : 2
 - Nodos visitados   : 0 -> 601
 - Puntaje            : 0
 - Tiempo de la ruta : 0

Informacion Ruta : 3
 - Nodos visitados   : 0 -> 601
 - Puntaje            : 0
 - Tiempo de la ruta : 0

Informacion Ruta : 4
 - Nodos visitados   : 0 -> 601
 - Puntaje            : 0
 - Tiempo de la ruta : 0

==> Ejecucion : 20
Gurobi 12.0.0:   lim:time = 150
Gurobi 12.0.0: time limit, feasible solution; objective 0.7272727273
0 simplex iterations
1 branching node
absmipgap=3107.07, relmipgap=4272.22
Informacion Ruta : 1
 - Nodos visitados   : 0 -> 601
 - Puntaje            : 0
 - Tiempo de la ruta : 0

Informacion Ruta : 2
 - Nodos visitados   : 0 -> 601
 - Puntaje            : 0
 - Tiempo de la ruta : 0

Informacion Ruta : 3
 - Nodos visitados   : 0 -> 601
 - Puntaje            : 0
 - Tiempo de la ruta : 0

Informacion Ruta : 4
 - Nodos visitados   : 0 -> 601
 - Puntaje            : 0
 - Tiempo de la ruta : 0

==> Ejecucion : 21
Gurobi 12.0.0:   lim:time = 150
Gurobi 12.0.0: time limit, feasible solution; objective -1.110223025e-16
0 simplex iterations
1 branching node
absmipgap=3903.45, relmipgap=1e+100
Informacion Ruta : 1
 - Nodos visitados   : 0 -> 1 (231) -> 601
 - Puntaje            : 10
 - Tiempo de la ruta : 383

Informacion Ruta : 2
 - Nodos visitados   : 0 -> 601
 - Puntaje            : 0
 - Tiempo de la ruta : 0

Informacion Ruta : 3
 - Nodos visitados   : 0 -> 601
 - Puntaje            : 0
 - Tiempo de la ruta : 0

Informacion Ruta : 4
 - Nodos visitados   : 0 -> 601
 - Puntaje            : 0
 - Tiempo de la ruta : 0



:   MVF   PVF TCPU1   f1    f2    f3    :=
1   -10     1   173   -10   294   10
2     0   295    81     0     0    0
3     0    11   181     0     0    0
;

:       FN1         FN2          FN3      F1    F2    F3 TCPU2    :=
1    0.0909091   1            1             0     0    0   183
2    0.0909091   1            1             0     0    0   183
3    0.0909091   1            1             0     0    0   190
4    0.0909091   1            1             0     0    0   181
5    0.0909091   1            1             0     0    0   193
6    0.0909091   1            1             0     0    0    84
7    0.0909091   1            1             0     0    0   185
8    0.0909091   1            1             0     0    0   186
9    0.0909091   1            1             0     0    0   185
10   0.0909091   1            1             0     0    0   184
11   0.0909091   1            1             0     0    0   182
12   0.0909091   1            1             0     0    0   199
13   0.0909091   1            1             0     0    0   183
14   0.0909091   1            1             0     0    0   185
15   0.0909091   1            1             0     0    0   183
16   0.0909091   1            1             0     0    0   184
17   0.0909091   1            1             0     0    0   183
18   0.0909091   1            1             0     0    0   182
19   0.0909091   1            1             0     0    0   185
20   0.0909091   1            1             0     0    0   184
21   1           0.00338983   0.0909091   -10   294   10   191
;

