

:::::::::::::::::::::::::: Descripcion de la Instancia ::::::::::::::::::::::::::

Nodo inicial         : 0 
Nodo final           : 801 
Tmax                 : 1688 
Numero de nodos      : 802 
Numero de rutas      : 5 
Numero de categorias : 6 
 - Cuota de la categoria 1 : 204 
 - Cuota de la categoria 2 : 122 
 - Cuota de la categoria 3 : 71 
 - Cuota de la categoria 4 : 41 
 - Cuota de la categoria 5 : 24 
 - Cuota de la categoria 6 : 13 
Funcion Objetivo : 1
Gurobi 12.0.0:   lim:time = 150
Gurobi 12.0.0: time limit, without a feasible solution
0 simplex iterations
Funcion Objetivo : 2
Gurobi 12.0.0:   lim:time = 150
Gurobi 12.0.0: time limit, without a feasible solution
0 simplex iterations
Funcion Objetivo : 3
Gurobi 12.0.0:   lim:time = 150
Gurobi 12.0.0: time limit, without a feasible solution
0 simplex iterations
==> Ejecucion : 1
Gurobi 12.0.0:   lim:time = 150
Gurobi 12.0.0: time limit, without a feasible solution
0 simplex iterations
Informacion Ruta : 1
 - Nodos visitados   : 0 ->  [Sin ruta o ruta incompleta]
 - Puntaje            : 0
 - Tiempo de la ruta : 0

Informacion Ruta : 2
 - Nodos visitados   : 0 ->  [Sin ruta o ruta incompleta]
 - Puntaje            : 0
 - Tiempo de la ruta : 0

Informacion Ruta : 3
 - Nodos visitados   : 0 ->  [Sin ruta o ruta incompleta]
 - Puntaje            : 0
 - Tiempo de la ruta : 0

Informacion Ruta : 4
 - Nodos visitados   : 0 ->  [Sin ruta o ruta incompleta]
 - Puntaje            : 0
 - Tiempo de la ruta : 0

Informacion Ruta : 5
 - Nodos visitados   : 0 ->  [Sin ruta o ruta incompleta]
 - Puntaje            : 0
 - Tiempo de la ruta : 0

==> Ejecucion : 2
Gurobi 12.0.0:   lim:time = 150
Gurobi 12.0.0: time limit, without a feasible solution
0 simplex iterations
Informacion Ruta : 1
 - Nodos visitados   : 0 ->  [Sin ruta o ruta incompleta]
 - Puntaje            : 0
 - Tiempo de la ruta : 0

Informacion Ruta : 2
 - Nodos visitados   : 0 ->  [Sin ruta o ruta incompleta]
 - Puntaje            : 0
 - Tiempo de la ruta : 0

Informacion Ruta : 3
 - Nodos visitados   : 0 ->  [Sin ruta o ruta incompleta]
 - Puntaje            : 0
 - Tiempo de la ruta : 0

Informacion Ruta : 4
 - Nodos visitados   : 0 ->  [Sin ruta o ruta incompleta]
 - Puntaje            : 0
 - Tiempo de la ruta : 0

Informacion Ruta : 5
 - Nodos visitados   : 0 ->  [Sin ruta o ruta incompleta]
 - Puntaje            : 0
 - Tiempo de la ruta : 0

==> Ejecucion : 3
Gurobi 12.0.0:   lim:time = 150
Gurobi 12.0.0: time limit, without a feasible solution
0 simplex iterations
Informacion Ruta : 1
 - Nodos visitados   : 0 ->  [Sin ruta o ruta incompleta]
 - Puntaje            : 0
 - Tiempo de la ruta : 0

Informacion Ruta : 2
 - Nodos visitados   : 0 ->  [Sin ruta o ruta incompleta]
 - Puntaje            : 0
 - Tiempo de la ruta : 0

Informacion Ruta : 3
 - Nodos visitados   : 0 ->  [Sin ruta o ruta incompleta]
 - Puntaje            : 0
 - Tiempo de la ruta : 0

Informacion Ruta : 4
 - Nodos visitados   : 0 ->  [Sin ruta o ruta incompleta]
 - Puntaje            : 0
 - Tiempo de la ruta : 0

Informacion Ruta : 5
 - Nodos visitados   : 0 ->  [Sin ruta o ruta incompleta]
 - Puntaje            : 0
 - Tiempo de la ruta : 0

==> Ejecucion : 4
Gurobi 12.0.0:   lim:time = 150
Gurobi 12.0.0: time limit, without a feasible solution
0 simplex iterations
Informacion Ruta : 1
 - Nodos visitados   : 0 ->  [Sin ruta o ruta incompleta]
 - Puntaje            : 0
 - Tiempo de la ruta : 0

Informacion Ruta : 2
 - Nodos visitados   : 0 ->  [Sin ruta o ruta incompleta]
 - Puntaje            : 0
 - Tiempo de la ruta : 0

Informacion Ruta : 3
 - Nodos visitados   : 0 ->  [Sin ruta o ruta incompleta]
 - Puntaje            : 0
 - Tiempo de la ruta : 0

Informacion Ruta : 4
 - Nodos visitados   : 0 ->  [Sin ruta o ruta incompleta]
 - Puntaje            : 0
 - Tiempo de la ruta : 0

Informacion Ruta : 5
 - Nodos visitados   : 0 ->  [Sin ruta o ruta incompleta]
 - Puntaje            : 0
 - Tiempo de la ruta : 0

==> Ejecucion : 5
Gurobi 12.0.0:   lim:time = 150
Gurobi 12.0.0: time limit, without a feasible solution
0 simplex iterations
Informacion Ruta : 1
 - Nodos visitados   : 0 ->  [Sin ruta o ruta incompleta]
 - Puntaje            : 0
 - Tiempo de la ruta : 0

Informacion Ruta : 2
 - Nodos visitados   : 0 ->  [Sin ruta o ruta incompleta]
 - Puntaje            : 0
 - Tiempo de la ruta : 0

Informacion Ruta : 3
 - Nodos visitados   : 0 ->  [Sin ruta o ruta incompleta]
 - Puntaje            : 0
 - Tiempo de la ruta : 0

Informacion Ruta : 4
 - Nodos visitados   : 0 ->  [Sin ruta o ruta incompleta]
 - Puntaje            : 0
 - Tiempo de la ruta : 0

Informacion Ruta : 5
 - Nodos visitados   : 0 ->  [Sin ruta o ruta incompleta]
 - Puntaje            : 0
 - Tiempo de la ruta : 0

==> Ejecucion : 6
Gurobi 12.0.0:   lim:time = 150
Gurobi 12.0.0: time limit, without a feasible solution
0 simplex iterations
Informacion Ruta : 1
 - Nodos visitados   : 0 ->  [Sin ruta o ruta incompleta]
 - Puntaje            : 0
 - Tiempo de la ruta : 0

Informacion Ruta : 2
 - Nodos visitados   : 0 ->  [Sin ruta o ruta incompleta]
 - Puntaje            : 0
 - Tiempo de la ruta : 0

Informacion Ruta : 3
 - Nodos visitados   : 0 ->  [Sin ruta o ruta incompleta]
 - Puntaje            : 0
 - Tiempo de la ruta : 0

Informacion Ruta : 4
 - Nodos visitados   : 0 ->  [Sin ruta o ruta incompleta]
 - Puntaje            : 0
 - Tiempo de la ruta : 0

Informacion Ruta : 5
 - Nodos visitados   : 0 ->  [Sin ruta o ruta incompleta]
 - Puntaje            : 0
 - Tiempo de la ruta : 0

==> Ejecucion : 7
Gurobi 12.0.0:   lim:time = 150
Gurobi 12.0.0: time limit, without a feasible solution
0 simplex iterations
Informacion Ruta : 1
 - Nodos visitados   : 0 ->  [Sin ruta o ruta incompleta]
 - Puntaje            : 0
 - Tiempo de la ruta : 0

Informacion Ruta : 2
 - Nodos visitados   : 0 ->  [Sin ruta o ruta incompleta]
 - Puntaje            : 0
 - Tiempo de la ruta : 0

Informacion Ruta : 3
 - Nodos visitados   : 0 ->  [Sin ruta o ruta incompleta]
 - Puntaje            : 0
 - Tiempo de la ruta : 0

Informacion Ruta : 4
 - Nodos visitados   : 0 ->  [Sin ruta o ruta incompleta]
 - Puntaje            : 0
 - Tiempo de la ruta : 0

Informacion Ruta : 5
 - Nodos visitados   : 0 ->  [Sin ruta o ruta incompleta]
 - Puntaje            : 0
 - Tiempo de la ruta : 0

==> Ejecucion : 8
Gurobi 12.0.0:   lim:time = 150
Gurobi 12.0.0: time limit, without a feasible solution
0 simplex iterations
Informacion Ruta : 1
 - Nodos visitados   : 0 ->  [Sin ruta o ruta incompleta]
 - Puntaje            : 0
 - Tiempo de la ruta : 0

Informacion Ruta : 2
 - Nodos visitados   : 0 ->  [Sin ruta o ruta incompleta]
 - Puntaje            : 0
 - Tiempo de la ruta : 0

Informacion Ruta : 3
 - Nodos visitados   : 0 ->  [Sin ruta o ruta incompleta]
 - Puntaje            : 0
 - Tiempo de la ruta : 0

Informacion Ruta : 4
 - Nodos visitados   : 0 ->  [Sin ruta o ruta incompleta]
 - Puntaje            : 0
 - Tiempo de la ruta : 0

Informacion Ruta : 5
 - Nodos visitados   : 0 ->  [Sin ruta o ruta incompleta]
 - Puntaje            : 0
 - Tiempo de la ruta : 0

==> Ejecucion : 9
Gurobi 12.0.0:   lim:time = 150
Gurobi 12.0.0: time limit, without a feasible solution
0 simplex iterations
Informacion Ruta : 1
 - Nodos visitados   : 0 ->  [Sin ruta o ruta incompleta]
 - Puntaje            : 0
 - Tiempo de la ruta : 0

Informacion Ruta : 2
 - Nodos visitados   : 0 ->  [Sin ruta o ruta incompleta]
 - Puntaje            : 0
 - Tiempo de la ruta : 0

Informacion Ruta : 3
 - Nodos visitados   : 0 ->  [Sin ruta o ruta incompleta]
 - Puntaje            : 0
 - Tiempo de la ruta : 0

Informacion Ruta : 4
 - Nodos visitados   : 0 ->  [Sin ruta o ruta incompleta]
 - Puntaje            : 0
 - Tiempo de la ruta : 0

Informacion Ruta : 5
 - Nodos visitados   : 0 ->  [Sin ruta o ruta incompleta]
 - Puntaje            : 0
 - Tiempo de la ruta : 0

==> Ejecucion : 10
Gurobi 12.0.0:   lim:time = 150
Gurobi 12.0.0: time limit, without a feasible solution
0 simplex iterations
Informacion Ruta : 1
 - Nodos visitados   : 0 ->  [Sin ruta o ruta incompleta]
 - Puntaje            : 0
 - Tiempo de la ruta : 0

Informacion Ruta : 2
 - Nodos visitados   : 0 ->  [Sin ruta o ruta incompleta]
 - Puntaje            : 0
 - Tiempo de la ruta : 0

Informacion Ruta : 3
 - Nodos visitados   : 0 ->  [Sin ruta o ruta incompleta]
 - Puntaje            : 0
 - Tiempo de la ruta : 0

Informacion Ruta : 4
 - Nodos visitados   : 0 ->  [Sin ruta o ruta incompleta]
 - Puntaje            : 0
 - Tiempo de la ruta : 0

Informacion Ruta : 5
 - Nodos visitados   : 0 ->  [Sin ruta o ruta incompleta]
 - Puntaje            : 0
 - Tiempo de la ruta : 0

==> Ejecucion : 11
Gurobi 12.0.0:   lim:time = 150
Gurobi 12.0.0: time limit, without a feasible solution
0 simplex iterations
Informacion Ruta : 1
 - Nodos visitados   : 0 ->  [Sin ruta o ruta incompleta]
 - Puntaje            : 0
 - Tiempo de la ruta : 0

Informacion Ruta : 2
 - Nodos visitados   : 0 ->  [Sin ruta o ruta incompleta]
 - Puntaje            : 0
 - Tiempo de la ruta : 0

Informacion Ruta : 3
 - Nodos visitados   : 0 ->  [Sin ruta o ruta incompleta]
 - Puntaje            : 0
 - Tiempo de la ruta : 0

Informacion Ruta : 4
 - Nodos visitados   : 0 ->  [Sin ruta o ruta incompleta]
 - Puntaje            : 0
 - Tiempo de la ruta : 0

Informacion Ruta : 5
 - Nodos visitados   : 0 ->  [Sin ruta o ruta incompleta]
 - Puntaje            : 0
 - Tiempo de la ruta : 0

==> Ejecucion : 12
Gurobi 12.0.0:   lim:time = 150
Gurobi 12.0.0: time limit, without a feasible solution
0 simplex iterations
Informacion Ruta : 1
 - Nodos visitados   : 0 ->  [Sin ruta o ruta incompleta]
 - Puntaje            : 0
 - Tiempo de la ruta : 0

Informacion Ruta : 2
 - Nodos visitados   : 0 ->  [Sin ruta o ruta incompleta]
 - Puntaje            : 0
 - Tiempo de la ruta : 0

Informacion Ruta : 3
 - Nodos visitados   : 0 ->  [Sin ruta o ruta incompleta]
 - Puntaje            : 0
 - Tiempo de la ruta : 0

Informacion Ruta : 4
 - Nodos visitados   : 0 ->  [Sin ruta o ruta incompleta]
 - Puntaje            : 0
 - Tiempo de la ruta : 0

Informacion Ruta : 5
 - Nodos visitados   : 0 ->  [Sin ruta o ruta incompleta]
 - Puntaje            : 0
 - Tiempo de la ruta : 0

==> Ejecucion : 13
Gurobi 12.0.0:   lim:time = 150
Gurobi 12.0.0: time limit, without a feasible solution
0 simplex iterations
Informacion Ruta : 1
 - Nodos visitados   : 0 ->  [Sin ruta o ruta incompleta]
 - Puntaje            : 0
 - Tiempo de la ruta : 0

Informacion Ruta : 2
 - Nodos visitados   : 0 ->  [Sin ruta o ruta incompleta]
 - Puntaje            : 0
 - Tiempo de la ruta : 0

Informacion Ruta : 3
 - Nodos visitados   : 0 ->  [Sin ruta o ruta incompleta]
 - Puntaje            : 0
 - Tiempo de la ruta : 0

Informacion Ruta : 4
 - Nodos visitados   : 0 ->  [Sin ruta o ruta incompleta]
 - Puntaje            : 0
 - Tiempo de la ruta : 0

Informacion Ruta : 5
 - Nodos visitados   : 0 ->  [Sin ruta o ruta incompleta]
 - Puntaje            : 0
 - Tiempo de la ruta : 0

==> Ejecucion : 14
Gurobi 12.0.0:   lim:time = 150
Gurobi 12.0.0: time limit, without a feasible solution
0 simplex iterations
Informacion Ruta : 1
 - Nodos visitados   : 0 ->  [Sin ruta o ruta incompleta]
 - Puntaje            : 0
 - Tiempo de la ruta : 0

Informacion Ruta : 2
 - Nodos visitados   : 0 ->  [Sin ruta o ruta incompleta]
 - Puntaje            : 0
 - Tiempo de la ruta : 0

Informacion Ruta : 3
 - Nodos visitados   : 0 ->  [Sin ruta o ruta incompleta]
 - Puntaje            : 0
 - Tiempo de la ruta : 0

Informacion Ruta : 4
 - Nodos visitados   : 0 ->  [Sin ruta o ruta incompleta]
 - Puntaje            : 0
 - Tiempo de la ruta : 0

Informacion Ruta : 5
 - Nodos visitados   : 0 ->  [Sin ruta o ruta incompleta]
 - Puntaje            : 0
 - Tiempo de la ruta : 0

==> Ejecucion : 15
Gurobi 12.0.0:   lim:time = 150
Gurobi 12.0.0: time limit, without a feasible solution
0 simplex iterations
Informacion Ruta : 1
 - Nodos visitados   : 0 ->  [Sin ruta o ruta incompleta]
 - Puntaje            : 0
 - Tiempo de la ruta : 0

Informacion Ruta : 2
 - Nodos visitados   : 0 ->  [Sin ruta o ruta incompleta]
 - Puntaje            : 0
 - Tiempo de la ruta : 0

Informacion Ruta : 3
 - Nodos visitados   : 0 ->  [Sin ruta o ruta incompleta]
 - Puntaje            : 0
 - Tiempo de la ruta : 0

Informacion Ruta : 4
 - Nodos visitados   : 0 ->  [Sin ruta o ruta incompleta]
 - Puntaje            : 0
 - Tiempo de la ruta : 0

Informacion Ruta : 5
 - Nodos visitados   : 0 ->  [Sin ruta o ruta incompleta]
 - Puntaje            : 0
 - Tiempo de la ruta : 0

==> Ejecucion : 16
Gurobi 12.0.0:   lim:time = 150
Gurobi 12.0.0: time limit, without a feasible solution
0 simplex iterations
Informacion Ruta : 1
 - Nodos visitados   : 0 ->  [Sin ruta o ruta incompleta]
 - Puntaje            : 0
 - Tiempo de la ruta : 0

Informacion Ruta : 2
 - Nodos visitados   : 0 ->  [Sin ruta o ruta incompleta]
 - Puntaje            : 0
 - Tiempo de la ruta : 0

Informacion Ruta : 3
 - Nodos visitados   : 0 ->  [Sin ruta o ruta incompleta]
 - Puntaje            : 0
 - Tiempo de la ruta : 0

Informacion Ruta : 4
 - Nodos visitados   : 0 ->  [Sin ruta o ruta incompleta]
 - Puntaje            : 0
 - Tiempo de la ruta : 0

Informacion Ruta : 5
 - Nodos visitados   : 0 ->  [Sin ruta o ruta incompleta]
 - Puntaje            : 0
 - Tiempo de la ruta : 0

==> Ejecucion : 17
Gurobi 12.0.0:   lim:time = 150
Gurobi 12.0.0: time limit, without a feasible solution
0 simplex iterations
Informacion Ruta : 1
 - Nodos visitados   : 0 ->  [Sin ruta o ruta incompleta]
 - Puntaje            : 0
 - Tiempo de la ruta : 0

Informacion Ruta : 2
 - Nodos visitados   : 0 ->  [Sin ruta o ruta incompleta]
 - Puntaje            : 0
 - Tiempo de la ruta : 0

Informacion Ruta : 3
 - Nodos visitados   : 0 ->  [Sin ruta o ruta incompleta]
 - Puntaje            : 0
 - Tiempo de la ruta : 0

Informacion Ruta : 4
 - Nodos visitados   : 0 ->  [Sin ruta o ruta incompleta]
 - Puntaje            : 0
 - Tiempo de la ruta : 0

Informacion Ruta : 5
 - Nodos visitados   : 0 ->  [Sin ruta o ruta incompleta]
 - Puntaje            : 0
 - Tiempo de la ruta : 0

==> Ejecucion : 18
Gurobi 12.0.0:   lim:time = 150
Gurobi 12.0.0: time limit, without a feasible solution
0 simplex iterations
Informacion Ruta : 1
 - Nodos visitados   : 0 ->  [Sin ruta o ruta incompleta]
 - Puntaje            : 0
 - Tiempo de la ruta : 0

Informacion Ruta : 2
 - Nodos visitados   : 0 ->  [Sin ruta o ruta incompleta]
 - Puntaje            : 0
 - Tiempo de la ruta : 0

Informacion Ruta : 3
 - Nodos visitados   : 0 ->  [Sin ruta o ruta incompleta]
 - Puntaje            : 0
 - Tiempo de la ruta : 0

Informacion Ruta : 4
 - Nodos visitados   : 0 ->  [Sin ruta o ruta incompleta]
 - Puntaje            : 0
 - Tiempo de la ruta : 0

Informacion Ruta : 5
 - Nodos visitados   : 0 ->  [Sin ruta o ruta incompleta]
 - Puntaje            : 0
 - Tiempo de la ruta : 0

==> Ejecucion : 19
Gurobi 12.0.0:   lim:time = 150
Gurobi 12.0.0: time limit, without a feasible solution
0 simplex iterations
Informacion Ruta : 1
 - Nodos visitados   : 0 ->  [Sin ruta o ruta incompleta]
 - Puntaje            : 0
 - Tiempo de la ruta : 0

Informacion Ruta : 2
 - Nodos visitados   : 0 ->  [Sin ruta o ruta incompleta]
 - Puntaje            : 0
 - Tiempo de la ruta : 0

Informacion Ruta : 3
 - Nodos visitados   : 0 ->  [Sin ruta o ruta incompleta]
 - Puntaje            : 0
 - Tiempo de la ruta : 0

Informacion Ruta : 4
 - Nodos visitados   : 0 ->  [Sin ruta o ruta incompleta]
 - Puntaje            : 0
 - Tiempo de la ruta : 0

Informacion Ruta : 5
 - Nodos visitados   : 0 ->  [Sin ruta o ruta incompleta]
 - Puntaje            : 0
 - Tiempo de la ruta : 0

==> Ejecucion : 20
Gurobi 12.0.0:   lim:time = 150
Gurobi 12.0.0: time limit, without a feasible solution
0 simplex iterations
Informacion Ruta : 1
 - Nodos visitados   : 0 ->  [Sin ruta o ruta incompleta]
 - Puntaje            : 0
 - Tiempo de la ruta : 0

Informacion Ruta : 2
 - Nodos visitados   : 0 ->  [Sin ruta o ruta incompleta]
 - Puntaje            : 0
 - Tiempo de la ruta : 0

Informacion Ruta : 3
 - Nodos visitados   : 0 ->  [Sin ruta o ruta incompleta]
 - Puntaje            : 0
 - Tiempo de la ruta : 0

Informacion Ruta : 4
 - Nodos visitados   : 0 ->  [Sin ruta o ruta incompleta]
 - Puntaje            : 0
 - Tiempo de la ruta : 0

Informacion Ruta : 5
 - Nodos visitados   : 0 ->  [Sin ruta o ruta incompleta]
 - Puntaje            : 0
 - Tiempo de la ruta : 0

==> Ejecucion : 21
Gurobi 12.0.0:   lim:time = 150
Gurobi 12.0.0: time limit, without a feasible solution
0 simplex iterations
Informacion Ruta : 1
 - Nodos visitados   : 0 ->  [Sin ruta o ruta incompleta]
 - Puntaje            : 0
 - Tiempo de la ruta : 0

Informacion Ruta : 2
 - Nodos visitados   : 0 ->  [Sin ruta o ruta incompleta]
 - Puntaje            : 0
 - Tiempo de la ruta : 0

Informacion Ruta : 3
 - Nodos visitados   : 0 ->  [Sin ruta o ruta incompleta]
 - Puntaje            : 0
 - Tiempo de la ruta : 0

Informacion Ruta : 4
 - Nodos visitados   : 0 ->  [Sin ruta o ruta incompleta]
 - Puntaje            : 0
 - Tiempo de la ruta : 0

Informacion Ruta : 5
 - Nodos visitados   : 0 ->  [Sin ruta o ruta incompleta]
 - Puntaje            : 0
 - Tiempo de la ruta : 0



: MVF PVF TCPU1  f1  f2  f3    :=
1   0   1   206   0   0   0
2   0   1   212   0   0   0
3   0   1   218   0   0   0
;

:  FN1 FN2 FN3  F1  F2  F3 TCPU2    :=
1    1   1   1   0   0   0   223
2    1   1   1   0   0   0   224
3    1   1   1   0   0   0   253
4    1   1   1   0   0   0   245
5    1   1   1   0   0   0   244
6    1   1   1   0   0   0   232
7    1   1   1   0   0   0   227
8    1   1   1   0   0   0   237
9    1   1   1   0   0   0   230
10   1   1   1   0   0   0   236
11   1   1   1   0   0   0   227
12   1   1   1   0   0   0   235
13   1   1   1   0   0   0   250
14   1   1   1   0   0   0   236
15   1   1   1   0   0   0   233
16   1   1   1   0   0   0   241
17   1   1   1   0   0   0   232
18   1   1   1   0   0   0   232
19   1   1   1   0   0   0   249
20   1   1   1   0   0   0   248
21   1   1   1   0   0   0   246
;

