

:::::::::::::::::::::::::: Descripcion de la Instancia ::::::::::::::::::::::::::

Nodo inicial         : 0 
Nodo final           : 801 
Tmax                 : 1688 
Numero de nodos      : 802 
Numero de rutas      : 5 
Numero de categorias : 6 
 - Cuota de la categoria 1 : 204 
 - Cuota de la categoria 2 : 122 
 - Cuota de la categoria 3 : 71 
 - Cuota de la categoria 4 : 41 
 - Cuota de la categoria 5 : 24 
 - Cuota de la categoria 6 : 13 
Funcion Objetivo : 1
Gurobi 12.0.0:   lim:time = 150
Gurobi 12.0.0: time limit, feasible solution; objective -110
39035 simplex iterations
1 branching node
absmipgap=6942, relmipgap=63.1091
Funcion Objetivo : 2
Gurobi 12.0.0:   lim:time = 150
Gurobi 12.0.0: optimal solution; objective 0
0 simplex iterations
absmipgap=3.74472e-05, relmipgap=1e+100
Funcion Objetivo : 3
Gurobi 12.0.0:   lim:time = 150
Gurobi 12.0.0: optimal solution; objective 0
0 simplex iterations
1 branching node
==> Ejecucion : 1
Gurobi 12.0.0:   lim:time = 150
Gurobi 12.0.0: optimal solution; objective 0
0 simplex iterations
1 branching node
Informacion Ruta : 1
 - Nodos visitados   : 0 -> 801
 - Puntaje            : 0
 - Tiempo de la ruta : 0

Informacion Ruta : 2
 - Nodos visitados   : 0 -> 801
 - Puntaje            : 0
 - Tiempo de la ruta : 0

Informacion Ruta : 3
 - Nodos visitados   : 0 -> 801
 - Puntaje            : 0
 - Tiempo de la ruta : 0

Informacion Ruta : 4
 - Nodos visitados   : 0 -> 801
 - Puntaje            : 0
 - Tiempo de la ruta : 0

Informacion Ruta : 5
 - Nodos visitados   : 0 -> 801
 - Puntaje            : 0
 - Tiempo de la ruta : 0

==> Ejecucion : 2
Gurobi 12.0.0:   lim:time = 150
Gurobi 12.0.0: optimal solution; objective 0
22476 simplex iterations
1 branching node
absmipgap=1.04536e-07, relmipgap=1e+100
Informacion Ruta : 1
 - Nodos visitados   : 0 -> 801
 - Puntaje            : 0
 - Tiempo de la ruta : 0

Informacion Ruta : 2
 - Nodos visitados   : 0 -> 801
 - Puntaje            : 0
 - Tiempo de la ruta : 0

Informacion Ruta : 3
 - Nodos visitados   : 0 -> 801
 - Puntaje            : 0
 - Tiempo de la ruta : 0

Informacion Ruta : 4
 - Nodos visitados   : 0 -> 801
 - Puntaje            : 0
 - Tiempo de la ruta : 0

Informacion Ruta : 5
 - Nodos visitados   : 0 -> 801
 - Puntaje            : 0
 - Tiempo de la ruta : 0

==> Ejecucion : 3
Gurobi 12.0.0:   lim:time = 150
Gurobi 12.0.0: optimal solution; objective 0
2547 simplex iterations
1 branching node
absmipgap=2.09072e-07, relmipgap=1e+100
Informacion Ruta : 1
 - Nodos visitados   : 0 -> 801
 - Puntaje            : 0
 - Tiempo de la ruta : 0

Informacion Ruta : 2
 - Nodos visitados   : 0 -> 801
 - Puntaje            : 0
 - Tiempo de la ruta : 0

Informacion Ruta : 3
 - Nodos visitados   : 0 -> 801
 - Puntaje            : 0
 - Tiempo de la ruta : 0

Informacion Ruta : 4
 - Nodos visitados   : 0 -> 801
 - Puntaje            : 0
 - Tiempo de la ruta : 0

Informacion Ruta : 5
 - Nodos visitados   : 0 -> 801
 - Puntaje            : 0
 - Tiempo de la ruta : 0

==> Ejecucion : 4
Gurobi 12.0.0:   lim:time = 150
Gurobi 12.0.0: optimal solution; objective 0
2615 simplex iterations
1 branching node
absmipgap=1.37139e-07, relmipgap=1e+100
Informacion Ruta : 1
 - Nodos visitados   : 0 -> 801
 - Puntaje            : 0
 - Tiempo de la ruta : 0

Informacion Ruta : 2
 - Nodos visitados   : 0 -> 801
 - Puntaje            : 0
 - Tiempo de la ruta : 0

Informacion Ruta : 3
 - Nodos visitados   : 0 -> 801
 - Puntaje            : 0
 - Tiempo de la ruta : 0

Informacion Ruta : 4
 - Nodos visitados   : 0 -> 801
 - Puntaje            : 0
 - Tiempo de la ruta : 0

Informacion Ruta : 5
 - Nodos visitados   : 0 -> 801
 - Puntaje            : 0
 - Tiempo de la ruta : 0

==> Ejecucion : 5
Gurobi 12.0.0:   lim:time = 150
Gurobi 12.0.0: optimal solution; objective 0
1142 simplex iterations
1 branching node
absmipgap=4.18145e-07, relmipgap=1e+100
Informacion Ruta : 1
 - Nodos visitados   : 0 -> 801
 - Puntaje            : 0
 - Tiempo de la ruta : 0

Informacion Ruta : 2
 - Nodos visitados   : 0 -> 801
 - Puntaje            : 0
 - Tiempo de la ruta : 0

Informacion Ruta : 3
 - Nodos visitados   : 0 -> 801
 - Puntaje            : 0
 - Tiempo de la ruta : 0

Informacion Ruta : 4
 - Nodos visitados   : 0 -> 801
 - Puntaje            : 0
 - Tiempo de la ruta : 0

Informacion Ruta : 5
 - Nodos visitados   : 0 -> 801
 - Puntaje            : 0
 - Tiempo de la ruta : 0

==> Ejecucion : 6
Gurobi 12.0.0:   lim:time = 150
Gurobi 12.0.0: optimal solution; objective 0
0 simplex iterations
absmipgap=3.53015e-07, relmipgap=1e+100
Informacion Ruta : 1
 - Nodos visitados   : 0 -> 801
 - Puntaje            : 0
 - Tiempo de la ruta : 0

Informacion Ruta : 2
 - Nodos visitados   : 0 -> 801
 - Puntaje            : 0
 - Tiempo de la ruta : 0

Informacion Ruta : 3
 - Nodos visitados   : 0 -> 801
 - Puntaje            : 0
 - Tiempo de la ruta : 0

Informacion Ruta : 4
 - Nodos visitados   : 0 -> 801
 - Puntaje            : 0
 - Tiempo de la ruta : 0

Informacion Ruta : 5
 - Nodos visitados   : 0 -> 801
 - Puntaje            : 0
 - Tiempo de la ruta : 0

==> Ejecucion : 7
Gurobi 12.0.0:   lim:time = 150
Gurobi 12.0.0: time limit, feasible solution; objective 0.1981981982
11395 simplex iterations
68 barrier iterations
1 branching node
absmipgap=12.7073, relmipgap=64.1141
Informacion Ruta : 1
 - Nodos visitados   : 0 -> 801
 - Puntaje            : 0
 - Tiempo de la ruta : 0

Informacion Ruta : 2
 - Nodos visitados   : 0 -> 801
 - Puntaje            : 0
 - Tiempo de la ruta : 0

Informacion Ruta : 3
 - Nodos visitados   : 0 -> 801
 - Puntaje            : 0
 - Tiempo de la ruta : 0

Informacion Ruta : 4
 - Nodos visitados   : 0 -> 801
 - Puntaje            : 0
 - Tiempo de la ruta : 0

Informacion Ruta : 5
 - Nodos visitados   : 0 -> 801
 - Puntaje            : 0
 - Tiempo de la ruta : 0

==> Ejecucion : 8
Gurobi 12.0.0:   lim:time = 150
Gurobi 12.0.0: time limit, feasible solution; objective 0.1981981982
14446 simplex iterations
1 branching node
absmipgap=5.31064, relmipgap=26.7946
Informacion Ruta : 1
 - Nodos visitados   : 0 -> 801
 - Puntaje            : 0
 - Tiempo de la ruta : 0

Informacion Ruta : 2
 - Nodos visitados   : 0 -> 801
 - Puntaje            : 0
 - Tiempo de la ruta : 0

Informacion Ruta : 3
 - Nodos visitados   : 0 -> 801
 - Puntaje            : 0
 - Tiempo de la ruta : 0

Informacion Ruta : 4
 - Nodos visitados   : 0 -> 801
 - Puntaje            : 0
 - Tiempo de la ruta : 0

Informacion Ruta : 5
 - Nodos visitados   : 0 -> 801
 - Puntaje            : 0
 - Tiempo de la ruta : 0

==> Ejecucion : 9
Gurobi 12.0.0:   lim:time = 150
Gurobi 12.0.0: time limit, feasible solution; objective 0.1981981982
30074 simplex iterations
1 branching node
absmipgap=0.0664186, relmipgap=0.335112
Informacion Ruta : 1
 - Nodos visitados   : 0 -> 801
 - Puntaje            : 0
 - Tiempo de la ruta : 0

Informacion Ruta : 2
 - Nodos visitados   : 0 -> 801
 - Puntaje            : 0
 - Tiempo de la ruta : 0

Informacion Ruta : 3
 - Nodos visitados   : 0 -> 801
 - Puntaje            : 0
 - Tiempo de la ruta : 0

Informacion Ruta : 4
 - Nodos visitados   : 0 -> 801
 - Puntaje            : 0
 - Tiempo de la ruta : 0

Informacion Ruta : 5
 - Nodos visitados   : 0 -> 801
 - Puntaje            : 0
 - Tiempo de la ruta : 0

==> Ejecucion : 10
Gurobi 12.0.0:   lim:time = 150
Gurobi 12.0.0: optimal solution; objective 0.1981981982
7064 simplex iterations
1 branching node
absmipgap=1.37233e-07, relmipgap=6.92404e-07
Informacion Ruta : 1
 - Nodos visitados   : 0 -> 801
 - Puntaje            : 0
 - Tiempo de la ruta : 0

Informacion Ruta : 2
 - Nodos visitados   : 0 -> 801
 - Puntaje            : 0
 - Tiempo de la ruta : 0

Informacion Ruta : 3
 - Nodos visitados   : 0 -> 801
 - Puntaje            : 0
 - Tiempo de la ruta : 0

Informacion Ruta : 4
 - Nodos visitados   : 0 -> 801
 - Puntaje            : 0
 - Tiempo de la ruta : 0

Informacion Ruta : 5
 - Nodos visitados   : 0 -> 801
 - Puntaje            : 0
 - Tiempo de la ruta : 0

==> Ejecucion : 11
Gurobi 12.0.0:   lim:time = 150
Gurobi 12.0.0: optimal solution; objective 0.1981981982
1669 simplex iterations
1 branching node
absmipgap=4.18002e-07, relmipgap=2.10901e-06
Informacion Ruta : 1
 - Nodos visitados   : 0 -> 801
 - Puntaje            : 0
 - Tiempo de la ruta : 0

Informacion Ruta : 2
 - Nodos visitados   : 0 -> 801
 - Puntaje            : 0
 - Tiempo de la ruta : 0

Informacion Ruta : 3
 - Nodos visitados   : 0 -> 801
 - Puntaje            : 0
 - Tiempo de la ruta : 0

Informacion Ruta : 4
 - Nodos visitados   : 0 -> 801
 - Puntaje            : 0
 - Tiempo de la ruta : 0

Informacion Ruta : 5
 - Nodos visitados   : 0 -> 801
 - Puntaje            : 0
 - Tiempo de la ruta : 0

==> Ejecucion : 12
Gurobi 12.0.0:   lim:time = 150
Gurobi 12.0.0: time limit, feasible solution; objective 0.3963963964
12287 simplex iterations
52 barrier iterations
1 branching node
absmipgap=25.4144, relmipgap=64.1136
Informacion Ruta : 1
 - Nodos visitados   : 0 -> 801
 - Puntaje            : 0
 - Tiempo de la ruta : 0

Informacion Ruta : 2
 - Nodos visitados   : 0 -> 801
 - Puntaje            : 0
 - Tiempo de la ruta : 0

Informacion Ruta : 3
 - Nodos visitados   : 0 -> 801
 - Puntaje            : 0
 - Tiempo de la ruta : 0

Informacion Ruta : 4
 - Nodos visitados   : 0 -> 801
 - Puntaje            : 0
 - Tiempo de la ruta : 0

Informacion Ruta : 5
 - Nodos visitados   : 0 -> 801
 - Puntaje            : 0
 - Tiempo de la ruta : 0

==> Ejecucion : 13
Gurobi 12.0.0:   lim:time = 150
Gurobi 12.0.0: time limit, feasible solution; objective 0.3963963964
37621 simplex iterations
1 branching node
absmipgap=18.0179, relmipgap=45.4543
Informacion Ruta : 1
 - Nodos visitados   : 0 -> 801
 - Puntaje            : 0
 - Tiempo de la ruta : 0

Informacion Ruta : 2
 - Nodos visitados   : 0 -> 801
 - Puntaje            : 0
 - Tiempo de la ruta : 0

Informacion Ruta : 3
 - Nodos visitados   : 0 -> 801
 - Puntaje            : 0
 - Tiempo de la ruta : 0

Informacion Ruta : 4
 - Nodos visitados   : 0 -> 801
 - Puntaje            : 0
 - Tiempo de la ruta : 0

Informacion Ruta : 5
 - Nodos visitados   : 0 -> 801
 - Puntaje            : 0
 - Tiempo de la ruta : 0

==> Ejecucion : 14
Gurobi 12.0.0:   lim:time = 150
Gurobi 12.0.0: time limit, feasible solution; objective 0.3963963964
12618 simplex iterations
1 branching node
absmipgap=10.6213, relmipgap=26.7946
Informacion Ruta : 1
 - Nodos visitados   : 0 -> 801
 - Puntaje            : 0
 - Tiempo de la ruta : 0

Informacion Ruta : 2
 - Nodos visitados   : 0 -> 801
 - Puntaje            : 0
 - Tiempo de la ruta : 0

Informacion Ruta : 3
 - Nodos visitados   : 0 -> 801
 - Puntaje            : 0
 - Tiempo de la ruta : 0

Informacion Ruta : 4
 - Nodos visitados   : 0 -> 801
 - Puntaje            : 0
 - Tiempo de la ruta : 0

Informacion Ruta : 5
 - Nodos visitados   : 0 -> 801
 - Puntaje            : 0
 - Tiempo de la ruta : 0

==> Ejecucion : 15
Gurobi 12.0.0:   lim:time = 150
Gurobi 12.0.0: time limit, feasible solution; objective 0.3577127278
15644 simplex iterations
1 branching node
absmipgap=1.12405, relmipgap=3.14232
Informacion Ruta : 1
 - Nodos visitados   : 0 -> 801
 - Puntaje            : 0
 - Tiempo de la ruta : 0

Informacion Ruta : 2
 - Nodos visitados   : 0 -> 801
 - Puntaje            : 0
 - Tiempo de la ruta : 0

Informacion Ruta : 3
 - Nodos visitados   : 0 -> 801
 - Puntaje            : 0
 - Tiempo de la ruta : 0

Informacion Ruta : 4
 - Nodos visitados   : 0 -> 801
 - Puntaje            : 0
 - Tiempo de la ruta : 0

Informacion Ruta : 5
 - Nodos visitados   : 0 -> 296 (3) -> 187 (18) -> 801
 - Puntaje            : 37
 - Tiempo de la ruta : 36

==> Ejecucion : 16
Gurobi 12.0.0:   lim:time = 150
Gurobi 12.0.0: time limit, feasible solution; objective 0.5945945946
10684 simplex iterations
59 barrier iterations
1 branching node
absmipgap=38.1203, relmipgap=64.1113
Informacion Ruta : 1
 - Nodos visitados   : 0 -> 801
 - Puntaje            : 0
 - Tiempo de la ruta : 0

Informacion Ruta : 2
 - Nodos visitados   : 0 -> 801
 - Puntaje            : 0
 - Tiempo de la ruta : 0

Informacion Ruta : 3
 - Nodos visitados   : 0 -> 801
 - Puntaje            : 0
 - Tiempo de la ruta : 0

Informacion Ruta : 4
 - Nodos visitados   : 0 -> 801
 - Puntaje            : 0
 - Tiempo de la ruta : 0

Informacion Ruta : 5
 - Nodos visitados   : 0 -> 801
 - Puntaje            : 0
 - Tiempo de la ruta : 0

==> Ejecucion : 17
Gurobi 12.0.0:   lim:time = 150
Gurobi 12.0.0: time limit, feasible solution; objective 0.5945945946
9835 simplex iterations
65 barrier iterations
1 branching node
absmipgap=30.7252, relmipgap=51.6742
Informacion Ruta : 1
 - Nodos visitados   : 0 -> 801
 - Puntaje            : 0
 - Tiempo de la ruta : 0

Informacion Ruta : 2
 - Nodos visitados   : 0 -> 801
 - Puntaje            : 0
 - Tiempo de la ruta : 0

Informacion Ruta : 3
 - Nodos visitados   : 0 -> 801
 - Puntaje            : 0
 - Tiempo de la ruta : 0

Informacion Ruta : 4
 - Nodos visitados   : 0 -> 801
 - Puntaje            : 0
 - Tiempo de la ruta : 0

Informacion Ruta : 5
 - Nodos visitados   : 0 -> 801
 - Puntaje            : 0
 - Tiempo de la ruta : 0

==> Ejecucion : 18
Gurobi 12.0.0:   lim:time = 150
Gurobi 12.0.0: time limit, feasible solution; objective 0.5651357154
22811 simplex iterations
1 branching node
absmipgap=23.2991, relmipgap=41.2275
Informacion Ruta : 1
 - Nodos visitados   : 0 -> 801
 - Puntaje            : 0
 - Tiempo de la ruta : 0

Informacion Ruta : 2
 - Nodos visitados   : 0 -> 801
 - Puntaje            : 0
 - Tiempo de la ruta : 0

Informacion Ruta : 3
 - Nodos visitados   : 0 -> 801
 - Puntaje            : 0
 - Tiempo de la ruta : 0

Informacion Ruta : 4
 - Nodos visitados   : 0 -> 801
 - Puntaje            : 0
 - Tiempo de la ruta : 0

Informacion Ruta : 5
 - Nodos visitados   : 0 -> 183 (5.1) -> 801
 - Puntaje            : 12
 - Tiempo de la ruta : 20.2

==> Ejecucion : 19
Gurobi 12.0.0:   lim:time = 150
Gurobi 12.0.0: time limit, feasible solution; objective 0.7596396396
10148 simplex iterations
61 barrier iterations
1 branching node
absmipgap=50.796, relmipgap=66.8686
Informacion Ruta : 1
 - Nodos visitados   : 0 -> 801
 - Puntaje            : 0
 - Tiempo de la ruta : 0

Informacion Ruta : 2
 - Nodos visitados   : 0 -> 801
 - Puntaje            : 0
 - Tiempo de la ruta : 0

Informacion Ruta : 3
 - Nodos visitados   : 0 -> 801
 - Puntaje            : 0
 - Tiempo de la ruta : 0

Informacion Ruta : 4
 - Nodos visitados   : 0 -> 183 (5.1) -> 801
 - Puntaje            : 12
 - Tiempo de la ruta : 20.2

Informacion Ruta : 5
 - Nodos visitados   : 0 -> 801
 - Puntaje            : 0
 - Tiempo de la ruta : 0

==> Ejecucion : 20
Gurobi 12.0.0:   lim:time = 150
Gurobi 12.0.0: time limit, feasible solution; objective 0.5593141452
9395 simplex iterations
62 barrier iterations
1 branching node
absmipgap=43.199, relmipgap=77.2357
Informacion Ruta : 1
 - Nodos visitados   : 0 -> 115 (20.62) -> 801
 - Puntaje            : 9
 - Tiempo de la ruta : 51.24000000000001

Informacion Ruta : 2
 - Nodos visitados   : 0 -> 236 (1165.2) -> 91 (1198) -> 801
 - Puntaje            : 24
 - Tiempo de la ruta : 1250.45

Informacion Ruta : 3
 - Nodos visitados   : 0 -> 801
 - Puntaje            : 0
 - Tiempo de la ruta : 0

Informacion Ruta : 4
 - Nodos visitados   : 0 -> 296 (3) -> 801
 - Puntaje            : 15
 - Tiempo de la ruta : 16

Informacion Ruta : 5
 - Nodos visitados   : 0 -> 279 (931) -> 801
 - Puntaje            : 13
 - Tiempo de la ruta : 967.25

==> Ejecucion : 21
Gurobi 12.0.0:   lim:time = 150
Gurobi 12.0.0: time limit, feasible solution; objective 0.8828828829
9198 simplex iterations
54 barrier iterations
1 branching node
absmipgap=63.4234, relmipgap=71.8367
Informacion Ruta : 1
 - Nodos visitados   : 0 -> 1 (573) -> 801
 - Puntaje            : 12
 - Tiempo de la ruta : 732.0299999999978

Informacion Ruta : 2
 - Nodos visitados   : 0 -> 801
 - Puntaje            : 0
 - Tiempo de la ruta : 0

Informacion Ruta : 3
 - Nodos visitados   : 0 -> 801
 - Puntaje            : 0
 - Tiempo de la ruta : 0

Informacion Ruta : 4
 - Nodos visitados   : 0 -> 801
 - Puntaje            : 0
 - Tiempo de la ruta : 0

Informacion Ruta : 5
 - Nodos visitados   : 0 -> 801
 - Puntaje            : 0
 - Tiempo de la ruta : 0



:   MVF     PVF   TCPU1    f1      f2     f3    :=
1   -110     1      214   -110   227.21   44
2      0   228.21   124      0     0       0
3      0    45      139      0     0       0
;

:       FN1          FN2        FN3      F1      F2     F3 TCPU2    :=
1    0.00900901    1          1            0     0       0   133
2    0.00900901    1          1            0     0       0   141
3    0.00900901    1          1            0     0       0   140
4    0.00900901    1          1            0     0       0   141
5    0.00900901    1          1            0     0       0   140
6    0.00900901    1          1            0     0       0   115
7    0.00900901    1          1            0     0       0   281
8    0.00900901    1          1            0     0       0   255
9    0.00900901    1          1            0     0       0   368
10   0.00900901    1          1            0     0       0   160
11   0.00900901    1          1            0     0       0   143
12   0.00900901    1          1            0     0       0   231
13   0.00900901    1          1            0     0       0   247
14   0.00900901    1          1            0     0       0   248
15   0.342342      0.842251   0.177778   -37    36      37   241
16   0.00900901    1          1            0     0       0   249
17   0.00900901    1          1            0     0       0   276
18   0.117117      0.911485   0.733333   -12    20.2    12   392
19   0.117117      0.911485   0.733333   -12    20.2    12   231
20   0.558559     -0.030805   0.466667   -61   235.24   24   234
21   0.117117     -0.349897   0.733333   -12   308.06   12   246
;

