

:::::::::::::::::::::::::: Descripcion de la Instancia ::::::::::::::::::::::::::

Nodo inicial         : 0 
Nodo final           : 101 
Tmax                 : 1000 
Numero de nodos      : 102 
Numero de rutas      : 2 
Numero de categorias : 3 
 - Cuota de la categoria 1 : 29 
 - Cuota de la categoria 2 : 21 
 - Cuota de la categoria 3 : 14 
Funcion Objetivo : 1
Gurobi 12.0.0:   lim:time = 150
Gurobi 12.0.0: time limit, feasible solution; objective -1065
2.00878e+06 simplex iterations
3781 branching nodes
absmipgap=118, relmipgap=0.110798
Funcion Objetivo : 2
Gurobi 12.0.0:   lim:time = 150
Gurobi 12.0.0: optimal solution; objective 0
0 simplex iterations
absmipgap=1.62822e-09, relmipgap=0
Funcion Objetivo : 3
Gurobi 12.0.0:   lim:time = 150
Gurobi 12.0.0: optimal solution; objective 0
0 simplex iterations
1 branching node
==> Ejecucion : 1
Gurobi 12.0.0:   lim:time = 150
Gurobi 12.0.0: optimal solution; objective 0
0 simplex iterations
1 branching node
Informacion Ruta : 1
 - Nodos visitados   : 0 -> 101
 - Puntaje            : 0
 - Tiempo de la ruta : 0

Informacion Ruta : 2
 - Nodos visitados   : 0 -> 101
 - Puntaje            : 0
 - Tiempo de la ruta : 0

==> Ejecucion : 2
Gurobi 12.0.0:   lim:time = 150
Gurobi 12.0.0: optimal solution; objective 0
216 simplex iterations
1 branching node
absmipgap=8.88178e-16, relmipgap=0
Informacion Ruta : 1
 - Nodos visitados   : 0 -> 101
 - Puntaje            : 0
 - Tiempo de la ruta : 0

Informacion Ruta : 2
 - Nodos visitados   : 0 -> 101
 - Puntaje            : 0
 - Tiempo de la ruta : 0

==> Ejecucion : 3
Gurobi 12.0.0:   lim:time = 150
Gurobi 12.0.0: optimal solution; objective 0
221 simplex iterations
1 branching node
absmipgap=1.77636e-15, relmipgap=0
Informacion Ruta : 1
 - Nodos visitados   : 0 -> 101
 - Puntaje            : 0
 - Tiempo de la ruta : 0

Informacion Ruta : 2
 - Nodos visitados   : 0 -> 101
 - Puntaje            : 0
 - Tiempo de la ruta : 0

==> Ejecucion : 4
Gurobi 12.0.0:   lim:time = 150
Gurobi 12.0.0: optimal solution; objective 0
201 simplex iterations
1 branching node
absmipgap=4.21885e-14, relmipgap=0
Informacion Ruta : 1
 - Nodos visitados   : 0 -> 101
 - Puntaje            : 0
 - Tiempo de la ruta : 0

Informacion Ruta : 2
 - Nodos visitados   : 0 -> 101
 - Puntaje            : 0
 - Tiempo de la ruta : 0

==> Ejecucion : 5
Gurobi 12.0.0:   lim:time = 150
Gurobi 12.0.0: optimal solution; objective 0
2 simplex iterations
1 branching node
absmipgap=3.55271e-15, relmipgap=0
Informacion Ruta : 1
 - Nodos visitados   : 0 -> 101
 - Puntaje            : 0
 - Tiempo de la ruta : 0

Informacion Ruta : 2
 - Nodos visitados   : 0 -> 101
 - Puntaje            : 0
 - Tiempo de la ruta : 0

==> Ejecucion : 6
Gurobi 12.0.0:   lim:time = 150
Gurobi 12.0.0: optimal solution; objective 0
0 simplex iterations
absmipgap=2.99649e-13, relmipgap=0
Informacion Ruta : 1
 - Nodos visitados   : 0 -> 101
 - Puntaje            : 0
 - Tiempo de la ruta : 0

Informacion Ruta : 2
 - Nodos visitados   : 0 -> 101
 - Puntaje            : 0
 - Tiempo de la ruta : 0

==> Ejecucion : 7
Gurobi 12.0.0:   lim:time = 150
Gurobi 12.0.0: time limit, feasible solution; objective 0.09624765478
1.35606e+06 simplex iterations
2674 branching nodes
absmipgap=0.118199, relmipgap=1.22807
Informacion Ruta : 1
 - Nodos visitados   : 0 -> 94 (445.219999999995) -> 59 (461.05) -> 91 (478.859999999995) -> 85 (492.0199999999945) -> 84 (512.3199999999944) -> 49 (559.6599999999956) -> 3 (623.7899999999935) -> 66 (662.4299999999926) -> 32 (686.9899999999997) -> 58 (740) -> 12 (766.64) -> 26 (783.7099999999984) -> 74 (810.7399999999982) -> 4 (832.1399999999983) -> 101
 - Puntaje            : 276
 - Tiempo de la ruta : 867.1399999999982

Informacion Ruta : 2
 - Nodos visitados   : 0 -> 33 (69.25) -> 28 (98.45999999999998) -> 29 (132) -> 34 (155.0400000000019) -> 69 (194.1599999999991) -> 45 (236.4399999999974) -> 47 (264.55) -> 86 (312.7599999999973) -> 22 (364.5299999999971) -> 23 (385.709999999998) -> 67 (407.7099999999987) -> 87 (458.8199999999987) -> 18 (492.2299999999992) -> 9 (542.5399999999992) -> 10 (577.5399999999992) -> 101
 - Puntaje            : 276
 - Tiempo de la ruta : 613.0399999999992

==> Ejecucion : 8
Gurobi 12.0.0:   lim:time = 150
Gurobi 12.0.0: time limit, feasible solution; objective 0.1998123827
960072 simplex iterations
14515 branching nodes
absmipgap=0.107375, relmipgap=0.53738
Informacion Ruta : 1
 - Nodos visitados   : 0 -> 101
 - Puntaje            : 0
 - Tiempo de la ruta : 0

Informacion Ruta : 2
 - Nodos visitados   : 0 -> 101
 - Puntaje            : 0
 - Tiempo de la ruta : 0

==> Ejecucion : 9
Gurobi 12.0.0:   lim:time = 150
Gurobi 12.0.0: time limit, feasible solution; objective 0.1998123827
244734 simplex iterations
8872 branching nodes
absmipgap=0.031298, relmipgap=0.156637
Informacion Ruta : 1
 - Nodos visitados   : 0 -> 101
 - Puntaje            : 0
 - Tiempo de la ruta : 0

Informacion Ruta : 2
 - Nodos visitados   : 0 -> 101
 - Puntaje            : 0
 - Tiempo de la ruta : 0

==> Ejecucion : 10
Gurobi 12.0.0:   lim:time = 150
Gurobi 12.0.0: optimal solution; objective 0.1998123827
56230 simplex iterations
3393 branching nodes
absmipgap=3.89411e-14, relmipgap=0
Informacion Ruta : 1
 - Nodos visitados   : 0 -> 101
 - Puntaje            : 0
 - Tiempo de la ruta : 0

Informacion Ruta : 2
 - Nodos visitados   : 0 -> 101
 - Puntaje            : 0
 - Tiempo de la ruta : 0

==> Ejecucion : 11
Gurobi 12.0.0:   lim:time = 150
Gurobi 12.0.0: optimal solution; objective 0.1998123827
63 simplex iterations
1 branching node
absmipgap=5.04319e-14, relmipgap=0
Informacion Ruta : 1
 - Nodos visitados   : 0 -> 101
 - Puntaje            : 0
 - Tiempo de la ruta : 0

Informacion Ruta : 2
 - Nodos visitados   : 0 -> 101
 - Puntaje            : 0
 - Tiempo de la ruta : 0

==> Ejecucion : 12
Gurobi 12.0.0:   lim:time = 150
Gurobi 12.0.0: time limit, feasible solution; objective 0.1826972864
2.48217e+06 simplex iterations
5702 branching nodes
absmipgap=0.2266, relmipgap=1.2403
Informacion Ruta : 1
 - Nodos visitados   : 0 -> 28 (114.35) -> 34 (154.35) -> 64 (218.9800000000004) -> 45 (269) -> 95 (302.6) -> 88 (340.6200000000026) -> 86 (391.1200000000026) -> 38 (414.1600000000026) -> 72 (467.5800000000026) -> 26 (491.7200000000025) -> 84 (535.7300000000025) -> 10 (580.4) -> 32 (600.7) -> 54 (656.35) -> 75 (686.05) -> 100 (727.8300000000022) -> 58 (757.5300000000021) -> 101
 - Puntaje            : 294
 - Tiempo de la ruta : 776.5900000000022

Informacion Ruta : 2
 - Nodos visitados   : 0 -> 82 (23.31999999999709) -> 37 (60.77999999999247) -> 14 (81.95999999998982) -> 27 (128.0199999999892) -> 44 (173.4) -> 85 (192.829999999986) -> 11 (246.0199999999849) -> 47 (271.0199999999843) -> 31 (304.3699999999828) -> 30 (326.409999999981) -> 87 (380.0899999999799) -> 53 (405.9) -> 79 (442.15) -> 49 (506.9299999999764) -> 101
 - Puntaje            : 299
 - Tiempo de la ruta : 560.8599999999764

==> Ejecucion : 13
Gurobi 12.0.0:   lim:time = 150
Gurobi 12.0.0: time limit, feasible solution; objective 0.3168188181
1.06969e+06 simplex iterations
14583 branching nodes
absmipgap=0.242589, relmipgap=0.765702
Informacion Ruta : 1
 - Nodos visitados   : 0 -> 62 (186.1399999999965) -> 48 (208.6699999999964) -> 47 (225.0699999999964) -> 19 (243.1299999999964) -> 11 (260.2) -> 88 (284.5199999999965) -> 82 (306.6) -> 8 (323) -> 18 (343.4399999999997) -> 84 (366.1699999999996) -> 5 (380.2899999999996) -> 37 (401.4699999999996) -> 101
 - Puntaje            : 198
 - Tiempo de la ruta : 432.6799999999847

Informacion Ruta : 2
 - Nodos visitados   : 0 -> 51 (321.72) -> 69 (348) -> 22 (395.85) -> 75 (409.9700000000014) -> 67 (438.9400000000014) -> 34 (498.9800000000023) -> 66 (533.0600000000034) -> 9 (557.3800000000034) -> 10 (592.3800000000034) -> 32 (612.6800000000035) -> 31 (640.1400000000034) -> 101
 - Puntaje            : 198
 - Tiempo de la ruta : 667.6

==> Ejecucion : 14
Gurobi 12.0.0:   lim:time = 150
Gurobi 12.0.0: time limit, feasible solution; objective 0.3996247655
793287 simplex iterations
15277 branching nodes
absmipgap=0.214287, relmipgap=0.536219
Informacion Ruta : 1
 - Nodos visitados   : 0 -> 101
 - Puntaje            : 0
 - Tiempo de la ruta : 0

Informacion Ruta : 2
 - Nodos visitados   : 0 -> 101
 - Puntaje            : 0
 - Tiempo de la ruta : 0

==> Ejecucion : 15
Gurobi 12.0.0:   lim:time = 150
Gurobi 12.0.0: time limit, feasible solution; objective 0.3261191034
398032 simplex iterations
10645 branching nodes
absmipgap=0.0506761, relmipgap=0.155392
Informacion Ruta : 1
 - Nodos visitados   : 0 -> 27 (116.2) -> 28 (132.9099999999847) -> 26 (150.9699999999866) -> 21 (170.9699999999888) -> 75 (190.8199999999919) -> 23 (209.3099999999959) -> 67 (231.3099999999963) -> 39 (251.209999999997) -> 72 (274.8099999999978) -> 73 (287.9699999999996) -> 87 (314) -> 85 (336.65) -> 44 (356.0799999999971) -> 16 (372.1599999999962) -> 86 (388.4799999999955) -> 61 (408.4799999999948) -> 5 (425.1899999999929) -> 48 (457.27999999999) -> 31 (485.2799999999859) -> 3 (520.2799999999827) -> 79 (533.8899999999808) -> 81 (550.2099999999799) -> 50 (570.839999999977) -> 68 (592.8799999999746) -> 54 (612.9299999999738) -> 12 (632.15) -> 101
 - Puntaje            : 586
 - Tiempo de la ruta : 657.15

Informacion Ruta : 2
 - Nodos visitados   : 0 -> 94 (681.22) -> 95 (694.38) -> 97 (707.38) -> 100 (725) -> 98 (738.16) -> 93 (751.32) -> 59 (764.3199999999999) -> 13 (783.3799999999994) -> 58 (799.4599999999995) -> 101
 - Puntaje            : 177
 - Tiempo de la ruta : 818.5199999999994

==> Ejecucion : 16
Gurobi 12.0.0:   lim:time = 150
Gurobi 12.0.0: time limit, feasible solution; objective 0.1570356473
1.60945e+06 simplex iterations
4535 branching nodes
absmipgap=0.222889, relmipgap=1.41935
Informacion Ruta : 1
 - Nodos visitados   : 0 -> 33 (28.36999999999966) -> 27 (60) -> 95 (88.87) -> 45 (122.4699999999997) -> 5 (144.5099999999997) -> 28 (181.4399999999997) -> 62 (218.4599999999997) -> 11 (236.5199999999997) -> 19 (253.5899999999996) -> 47 (271.65) -> 26 (326.8699999999996) -> 12 (343.9399999999997) -> 76 (361.0099999999997) -> 71 (398.2099999999998) -> 31 (438.7399999999997) -> 9 (474.0399999999995) -> 72 (528.7599999999995) -> 82 (583.3099999999995) -> 74 (639.3199999999994) -> 43 (674.4) -> 56 (715.7199999999993) -> 77 (756.7199999999993) -> 4 (789.8099999999994) -> 96 (833.5399999999994) -> 101
 - Puntaje            : 393
 - Tiempo de la ruta : 858.8

Informacion Ruta : 2
 - Nodos visitados   : 0 -> 63 (179.47) -> 16 (241.34) -> 99 (263) -> 15 (296.26) -> 38 (331.26) -> 88 (392.74) -> 48 (415.74) -> 75 (480.3) -> 87 (512.44) -> 84 (543.84) -> 49 (591.1800000000001) -> 66 (644.47) -> 94 (705.9) -> 89 (723.9) -> 54 (765.48) -> 80 (783.54) -> 13 (822.18) -> 100 (846.0699999999999) -> 85 (860.5399999999998) -> 91 (873.7) -> 93 (889.5300000000002) -> 1 (933.5) -> 101
 - Puntaje            : 393
 - Tiempo de la ruta : 958.7300000000002

==> Ejecucion : 17
Gurobi 12.0.0:   lim:time = 150
Gurobi 12.0.0: time limit, feasible solution; objective 0.1467947562
917070 simplex iterations
14793 branching nodes
absmipgap=0.0933545, relmipgap=0.635952
Informacion Ruta : 1
 - Nodos visitados   : 0 -> 39 (99.45) -> 28 (140.85) -> 27 (157.5599999999996) -> 69 (174.8399999999996) -> 30 (198.1799999999996) -> 33 (223.4399999999995) -> 71 (249.9299999999996) -> 65 (270.2299999999996) -> 34 (302.4299999999995) -> 81 (322.4799999999994) -> 79 (338.8) -> 29 (358.0199999999994) -> 3 (377.5099999999994) -> 76 (394.2199999999994) -> 87 (436.1099999999994) -> 38 (472.5299999999994) -> 86 (495.5699999999994) -> 98 (520.8699999999993) -> 97 (536.8699999999993) -> 57 (558.2699999999993) -> 72 (583.7899999999993) -> 75 (599.1799999999993) -> 4 (620) -> 94 (659.8299999999992) -> 95 (672.9899999999992) -> 60 (695.8) -> 5 (710.2699999999992) -> 80 (761.8599999999992) -> 54 (779.9199999999992) -> 74 (809.3399999999991) -> 58 (835.7399999999991) -> 101
 - Puntaje            : 528
 - Tiempo de la ruta : 854.8

Informacion Ruta : 2
 - Nodos visitados   : 0 -> 26 (287.05) -> 67 (330.35) -> 23 (352.35) -> 22 (373.5299999999971) -> 16 (419.9299999999971) -> 84 (440.9799999999971) -> 18 (463.7099999999971) -> 8 (484.15) -> 82 (500.55) -> 48 (515.9399999999971) -> 49 (543.4) -> 10 (578.7) -> 32 (599) -> 66 (623.56) -> 50 (659.6399999999982) -> 12 (682.009999999997) -> 68 (699.2199999999971) -> 31 (737.4) -> 52 (757.25) -> 89 (775.3099999999971) -> 13 (796.0799999999971) -> 37 (817.259999999997) -> 100 (830.0899999999971) -> 85 (844.5599999999971) -> 93 (857.3899999999967) -> 59 (870.3899999999967) -> 101
 - Puntaje            : 540
 - Tiempo de la ruta : 898.1899999999966

==> Ejecucion : 18
Gurobi 12.0.0:   lim:time = 150
Gurobi 12.0.0: time limit, feasible solution; objective 0.2524532161
726463 simplex iterations
14713 branching nodes
absmipgap=0.0833427, relmipgap=0.330131
Informacion Ruta : 1
 - Nodos visitados   : 0 -> 27 (95.33999999999995) -> 28 (112.05) -> 50 (133.71) -> 33 (151.52) -> 34 (173.89) -> 30 (209.39) -> 45 (259.89) -> 47 (288) -> 19 (306.06) -> 11 (323.13) -> 62 (341.19) -> 88 (357.51) -> 96 (392.83) -> 16 (416.72) -> 86 (433.04) -> 85 (455.6899999999999) -> 72 (497.2699999999999) -> 87 (526.3699999999999) -> 97 (540.6099999999999) -> 53 (566.2299999999999) -> 101
 - Puntaje            : 374
 - Tiempo de la ruta : 580.7

Informacion Ruta : 2
 - Nodos visitados   : 0 -> 26 (212.1) -> 21 (232.1) -> 75 (251.95) -> 39 (273) -> 67 (292.9) -> 23 (314.9) -> 22 (336.0800000000463) -> 76 (378.3300000000463) -> 3 (395.0400000000463) -> 79 (408.65) -> 51 (431.4600000000463) -> 81 (448.6700000000463) -> 18 (496.3700000000463) -> 84 (519.1) -> 5 (533.2200000000463) -> 82 (560.2200000000463) -> 48 (575.6100000000463) -> 49 (603.0700000000463) -> 10 (638.3700000000463) -> 66 (671.3900000000463) -> 32 (695.95) -> 31 (723.4100000000462) -> 12 (758.9100000000462) -> 54 (778.1300000000463) -> 80 (796.1900000000462) -> 68 (808.1900000000462) -> 89 (848.4600000000462) -> 13 (869.2300000000462) -> 95 (884.3300000000462) -> 37 (900.7300000000462) -> 100 (913.5600000000462) -> 93 (929.5600000000462) -> 59 (942.5600000000462) -> 94 (958.3900000000463) -> 58 (978.4400000000462) -> 101
 - Puntaje            : 709
 - Tiempo de la ruta : 997.5

==> Ejecucion : 19
Gurobi 12.0.0:   lim:time = 150
Gurobi 12.0.0: time limit, feasible solution; objective 0.009621935497
1.87549e+06 simplex iterations
4049 branching nodes
absmipgap=0.0978048, relmipgap=10.1648
Informacion Ruta : 1
 - Nodos visitados   : 0 -> 82 (23.31999999999937) -> 48 (38.70999999999697) -> 47 (55.10999999999675) -> 45 (83.21999999999528) -> 27 (122.2899999999952) -> 28 (139) -> 14 (186.4799999999936) -> 44 (202.1399999999929) -> 85 (221.5699999999929) -> 16 (237.8899999999928) -> 38 (263.7) -> 18 (311.7799999999914) -> 9 (362.0899999999914) -> 81 (378.0899999999914) -> 51 (395.3) -> 30 (414.5199999999899) -> 88 (440.6399999999888) -> 8 (469) -> 84 (491.0399999999888) -> 49 (538.3799999999889) -> 66 (591.6699999999888) -> 54 (646.3899999999888) -> 72 (672.7899999999893) -> 74 (685.95) -> 24 (725.0199999999892) -> 35 (765.0899999999892) -> 68 (802.0199999999892) -> 12 (819.2299999999894) -> 4 (845.0399999999895) -> 95 (885.3099999999895) -> 101
 - Puntaje            : 562
 - Tiempo de la ruta : 910.1799999999895

Informacion Ruta : 2
 - Nodos visitados   : 0 -> 39 (130.1) -> 23 (148.7) -> 31 (211.4699999999993) -> 62 (230.6899999999993) -> 19 (249.9099999999991) -> 11 (266.9799999999991) -> 69 (301.739999999999) -> 76 (324.739999999999) -> 79 (344.739999999999) -> 29 (363.959999999999) -> 22 (411.179999999999) -> 91 (452.5) -> 94 (476.1) -> 87 (495.3200000000004) -> 86 (529.3200000000004) -> 32 (599) -> 13 (653.2800000000004) -> 5 (679.0900000000001) -> 10 (722.63) -> 59 (769.74) -> 100 (786.45) -> 75 (828.2299999999987) -> 58 (858.0799999999987) -> 3 (894.95) -> 26 (922.9799999999987) -> 93 (960.6399999999986) -> 101
 - Puntaje            : 514
 - Tiempo de la ruta : 990.8899999999986

==> Ejecucion : 20
Gurobi 12.0.0:   lim:time = 150
Gurobi 12.0.0: time limit, feasible solution; objective 0.1296399211
838248 simplex iterations
15225 branching nodes
absmipgap=0.0971434, relmipgap=0.749332
Informacion Ruta : 1
 - Nodos visitados   : 0 -> 27 (98.18000000000052) -> 69 (115.459999999999) -> 3 (143.5699999999992) -> 34 (167.709999999997) -> 29 (190.75) -> 71 (227.68) -> 65 (247.98) -> 51 (281) -> 96 (332.11) -> 87 (352.9299999999999) -> 44 (380.3899999999995) -> 38 (401.2099999999986) -> 86 (424.25) -> 16 (440.5699999999966) -> 5 (461.75) -> 18 (482.9300000000025) -> 82 (501.5300000000009) -> 53 (538.7299999999996) -> 84 (574.7299999999968) -> 85 (595.0299999999957) -> 37 (609.5) -> 66 (679.9199999999928) -> 32 (704.4799999999918) -> 54 (760.1299999999912) -> 24 (780.1299999999992) -> 80 (799.35) -> 68 (811.35) -> 1 (839.38) -> 101
 - Puntaje            : 473
 - Tiempo de la ruta : 864.61

Informacion Ruta : 2
 - Nodos visitados   : 0 -> 47 (75.43999999999963) -> 39 (153.5599999999996) -> 23 (172.1599999999997) -> 26 (209.0899999999997) -> 12 (226.1599999999998) -> 76 (243.23) -> 33 (264) -> 30 (289.2600000000002) -> 31 (311.3) -> 62 (330.5200000000002) -> 11 (348.5800000000002) -> 64 (371.5799999999998) -> 19 (398.5799999999998) -> 48 (416.8299999999998) -> 88 (439.8299999999998) -> 79 (481.0899999999998) -> 81 (497.4099999999996) -> 10 (533.1200000000066) -> 90 (550.190000000006) -> 49 (585.2100000000052) -> 46 (615.6100000000056) -> 94 (657.5) -> 13 (671.9700000000021) -> 95 (687.0700000000036) -> 97 (700.0700000000036) -> 59 (715.0700000000036) -> 100 (731.7800000000178) -> 75 (773.5600000000179) -> 74 (787.1700000000178) -> 4 (808.5700000000162) -> 77 (841.6600000000162) -> 25 (877.6) -> 72 (906.0400000000166) -> 58 (930.9100000000166) -> 93 (959.0200000000166) -> 101
 - Puntaje            : 653
 - Tiempo de la ruta : 989.2700000000166

==> Ejecucion : 21
Gurobi 12.0.0:   lim:time = 150
Gurobi 12.0.0: time limit, feasible solution; objective 0.03564727955
2.35368e+06 simplex iterations
5142 branching nodes
absmipgap=0.146341, relmipgap=4.10526
Informacion Ruta : 1
 - Nodos visitados   : 0 -> 39 (43.6900000000071) -> 45 (113.6200000000071) -> 82 (136.35) -> 72 (190.9) -> 23 (214.5) -> 75 (232.990000000005) -> 26 (262.4100000000049) -> 85 (302.4900000000049) -> 16 (318.8100000000049) -> 86 (335.1300000000049) -> 37 (361.25) -> 76 (407.65) -> 67 (458.8) -> 57 (504.4900000000049) -> 97 (525.8900000000049) -> 87 (540.1300000000049) -> 22 (568.9200000000048) -> 66 (642.05) -> 54 (696.7700000000049) -> 43 (749.5700000000048) -> 58 (785.9900000000048) -> 32 (839) -> 93 (897.1) -> 59 (910.1) -> 12 (951.1200000000048) -> 77 (969.6600000000047) -> 101
 - Puntaje            : 530
 - Tiempo de la ruta : 999.3600000000047

Informacion Ruta : 2
 - Nodos visitados   : 0 -> 33 (41.12000000001177) -> 34 (63.49000000001178) -> 27 (107.0300000000117) -> 64 (159.0900000000117) -> 48 (194.1700000000117) -> 44 (242.2200000000117) -> 14 (257.8800000000116) -> 15 (283.6900000000117) -> 94 (316.05) -> 38 (356.4600000000116) -> 18 (404.5400000000116) -> 9 (454.85) -> 79 (477.0200000000116) -> 81 (493.3400000000116) -> 84 (552.9900000000116) -> 5 (567.1100000000116) -> 95 (588.7700000000116) -> 68 (633.2100000000116) -> 35 (670.1400000000082) -> 10 (713.5200000000073) -> 31 (731.5800000000055) -> 3 (766.5800000000032) -> 13 (808.6) -> 74 (838.6) -> 4 (860) -> 89 (902.65) -> 100 (931.4400000000118) -> 98 (944.6) -> 101
 - Puntaje            : 497
 - Tiempo de la ruta : 975.8600000000117



:    MVF      PVF   TCPU1    f1       f2      f3     :=
1   -1065      1      150   -1065   1959.42   536
2       0   1960.42     1       0      0        0
3       0    537        2       0      0        0
;

:        FN1          FN2          FN3        F1       F2      F3  TCPU2    :=
1    0.000938086   1             1               0      0        0     2
2    0.000938086   1             1               0      0        0     1
3    0.000938086   1             1               0      0        0     2
4    0.000938086   1             1               0      0        0     2
5    0.000938086   1             1               0      0        0     2
6    0.000938086   1             1               0      0        0     1
7    0.518762      0.488625      1            -552   1002.51     0   151
8    0.000938086   1             1               0      0        0   151
9    0.000938086   1             1               0      0        0   151
10   0.000938086   1             1               0      0        0    12
11   0.000938086   1             1               0      0        0     2
12   0.557223      0.372879      0.990689     -593   1229.42     5   150
13   0.37242       0.671065      1            -396    644.85     0   152
14   0.000938086   1             1               0      0        0   150
15   0.716698      0.645336     -0.0912477    -763    695.29   586   152
16   0.738274      0.148458      1            -786   1669.38     0   151
17   1.00281       0.27993       0.977654    -1068   1411.64    12   151
18   1.01689       0.343539     -0.320298    -1083   1286.94   709   151
19   1.01032       0.0793095     0.910615    -1076   1804.94    48   151
20   1.05722       0.122907     -0.216015    -1126   1719.47   653   151
21   0.964353      0.00575387    0.0130354   -1027   1949.14   530   151
;

