

:::::::::::::::::::::::::: Descripcion de la Instancia ::::::::::::::::::::::::::

Nodo inicial         : 0 
Nodo final           : 101 
Tmax                 : 1000 
Numero de nodos      : 102 
Numero de rutas      : 2 
Numero de categorias : 3 
 - Cuota de la categoria 1 : 29 
 - Cuota de la categoria 2 : 21 
 - Cuota de la categoria 3 : 14 
Funcion Objetivo : 1
Gurobi 12.0.0:   lim:time = 150
Gurobi 12.0.0: time limit, feasible solution; objective -1165
1.26067e+06 simplex iterations
1251 branching nodes
absmipgap=18, relmipgap=0.0154506
Funcion Objetivo : 2
Gurobi 12.0.0:   lim:time = 150
Gurobi 12.0.0: optimal solution; objective 0
0 simplex iterations
absmipgap=7.95808e-12, relmipgap=0
Funcion Objetivo : 3
Gurobi 12.0.0:   lim:time = 150
Gurobi 12.0.0: optimal solution; objective 0
0 simplex iterations
1 branching node
==> Ejecucion : 1
Gurobi 12.0.0:   lim:time = 150
Gurobi 12.0.0: optimal solution; objective 0
0 simplex iterations
1 branching node
Informacion Ruta : 1
 - Nodos visitados   : 0 -> 101
 - Puntaje            : 0
 - Tiempo de la ruta : 0

Informacion Ruta : 2
 - Nodos visitados   : 0 -> 101
 - Puntaje            : 0
 - Tiempo de la ruta : 0

==> Ejecucion : 2
Gurobi 12.0.0:   lim:time = 150
Gurobi 12.0.0: optimal solution; objective 0
65 simplex iterations
1 branching node
absmipgap=2.66454e-15, relmipgap=0
Informacion Ruta : 1
 - Nodos visitados   : 0 -> 101
 - Puntaje            : 0
 - Tiempo de la ruta : 0

Informacion Ruta : 2
 - Nodos visitados   : 0 -> 101
 - Puntaje            : 0
 - Tiempo de la ruta : 0

==> Ejecucion : 3
Gurobi 12.0.0:   lim:time = 150
Gurobi 12.0.0: optimal solution; objective 0
65 simplex iterations
1 branching node
absmipgap=5.32907e-15, relmipgap=0
Informacion Ruta : 1
 - Nodos visitados   : 0 -> 101
 - Puntaje            : 0
 - Tiempo de la ruta : 0

Informacion Ruta : 2
 - Nodos visitados   : 0 -> 101
 - Puntaje            : 0
 - Tiempo de la ruta : 0

==> Ejecucion : 4
Gurobi 12.0.0:   lim:time = 150
Gurobi 12.0.0: optimal solution; objective 0
617 simplex iterations
1 branching node
absmipgap=3.88578e-16, relmipgap=0
Informacion Ruta : 1
 - Nodos visitados   : 0 -> 101
 - Puntaje            : 0
 - Tiempo de la ruta : 0

Informacion Ruta : 2
 - Nodos visitados   : 0 -> 101
 - Puntaje            : 0
 - Tiempo de la ruta : 0

==> Ejecucion : 5
Gurobi 12.0.0:   lim:time = 150
Gurobi 12.0.0: optimal solution; objective 0
2 simplex iterations
1 branching node
absmipgap=1.06581e-14, relmipgap=0
Informacion Ruta : 1
 - Nodos visitados   : 0 -> 101
 - Puntaje            : 0
 - Tiempo de la ruta : 0

Informacion Ruta : 2
 - Nodos visitados   : 0 -> 101
 - Puntaje            : 0
 - Tiempo de la ruta : 0

==> Ejecucion : 6
Gurobi 12.0.0:   lim:time = 150
Gurobi 12.0.0: optimal solution; objective 0
0 simplex iterations
absmipgap=3.10862e-15, relmipgap=0
Informacion Ruta : 1
 - Nodos visitados   : 0 -> 101
 - Puntaje            : 0
 - Tiempo de la ruta : 0

Informacion Ruta : 2
 - Nodos visitados   : 0 -> 101
 - Puntaje            : 0
 - Tiempo de la ruta : 0

==> Ejecucion : 7
Gurobi 12.0.0:   lim:time = 150
Gurobi 12.0.0: time limit, feasible solution; objective 0.03414339207
974397 simplex iterations
871 branching nodes
absmipgap=0.0370593, relmipgap=1.0854
Informacion Ruta : 1
 - Nodos visitados   : 0 -> 80 (119.9199999999954) -> 1 (149.1299999999975) -> 69 (163.6) -> 31 (181.4099999999931) -> 76 (212) -> 93 (257.85) -> 15 (290.319999999989) -> 14 (316.1299999999958) -> 44 (331.7899999999943) -> 16 (347.8699999999948) -> 45 (376.309999999998) -> 47 (404.4199999999971) -> 19 (422.4799999999859) -> 33 (471.3099999999775) -> 75 (522.5) -> 94 (560.5199999999628) -> 37 (579.7399999999698) -> 39 (630.5299999999631) -> 29 (670.8) -> 68 (689.3399999999697) -> 54 (709.3899999999688) -> 26 (731.4299999999403) -> 28 (749.4899999999334) -> 34 (789.4899999999334) -> 27 (833.0299999999224) -> 88 (858.0299999999138) -> 97 (899.05) -> 100 (916.66999999991) -> 58 (946.3699999999085) -> 101
 - Puntaje            : 486
 - Tiempo de la ruta : 965.4299999999084

Informacion Ruta : 2
 - Nodos visitados   : 0 -> 57 (53.57999999999254) -> 10 (111.6199999999916) -> 62 (127.94) -> 11 (146) -> 64 (169) -> 91 (237) -> 86 (258.05) -> 38 (281.0899999999909) -> 72 (334.5099999999903) -> 24 (370.6799999999929) -> 3 (394.8199999999865) -> 85 (450.1) -> 8 (481.9399999999818) -> 84 (503.9799999999788) -> 95 (529.6299999999729) -> 18 (556.389999999974) -> 32 (599.0399999999765) -> 49 (638.0599999999781) -> 82 (670.9099999999999) -> 59 (704.6800000000017) -> 4 (748.9099999999596) -> 13 (784.4099999999979) -> 5 (810.2199999999987) -> 48 (842.3099999999428) -> 65 (907.3199999999447) -> 30 (945.1199999999398) -> 101
 - Puntaje            : 487
 - Tiempo de la ruta : 980.6199999999361

==> Ejecucion : 8
Gurobi 12.0.0:   lim:time = 150
Gurobi 12.0.0: time limit, feasible solution; objective 0.1998284734
1.06074e+06 simplex iterations
14243 branching nodes
absmipgap=0.0875867, relmipgap=0.438309
Informacion Ruta : 1
 - Nodos visitados   : 0 -> 101
 - Puntaje            : 0
 - Tiempo de la ruta : 0

Informacion Ruta : 2
 - Nodos visitados   : 0 -> 101
 - Puntaje            : 0
 - Tiempo de la ruta : 0

==> Ejecucion : 9
Gurobi 12.0.0:   lim:time = 150
Gurobi 12.0.0: time limit, feasible solution; objective 0.1998284734
83031 simplex iterations
5149 branching nodes
absmipgap=0.013034, relmipgap=0.0652259
Informacion Ruta : 1
 - Nodos visitados   : 0 -> 101
 - Puntaje            : 0
 - Tiempo de la ruta : 0

Informacion Ruta : 2
 - Nodos visitados   : 0 -> 101
 - Puntaje            : 0
 - Tiempo de la ruta : 0

==> Ejecucion : 10
Gurobi 12.0.0:   lim:time = 150
Gurobi 12.0.0: optimal solution; objective 0.1998284734
143 simplex iterations
1 branching node
absmipgap=1.38778e-16, relmipgap=0
Informacion Ruta : 1
 - Nodos visitados   : 0 -> 101
 - Puntaje            : 0
 - Tiempo de la ruta : 0

Informacion Ruta : 2
 - Nodos visitados   : 0 -> 101
 - Puntaje            : 0
 - Tiempo de la ruta : 0

==> Ejecucion : 11
Gurobi 12.0.0:   lim:time = 150
Gurobi 12.0.0: optimal solution; objective 0.1998284734
31 simplex iterations
1 branching node
absmipgap=1.40166e-14, relmipgap=0
Informacion Ruta : 1
 - Nodos visitados   : 0 -> 101
 - Puntaje            : 0
 - Tiempo de la ruta : 0

Informacion Ruta : 2
 - Nodos visitados   : 0 -> 101
 - Puntaje            : 0
 - Tiempo de la ruta : 0

==> Ejecucion : 12
Gurobi 12.0.0:   lim:time = 150
Gurobi 12.0.0: time limit, feasible solution; objective 0.08106071418
2.05142e+06 simplex iterations
2106 branching nodes
absmipgap=0.0868926, relmipgap=1.07194
Informacion Ruta : 1
 - Nodos visitados   : 0 -> 33 (24.75999999999271) -> 22 (77.5199999999833) -> 54 (109.9899999999833) -> 85 (161.5799999999833) -> 44 (181.0099999999833) -> 15 (212.0299999999832) -> 12 (258.0899999999831) -> 47 (315.05) -> 62 (341.1699999999831) -> 81 (382.4299999999831) -> 35 (406.0299999999831) -> 51 (431.6799999999832) -> 9 (448) -> 8 (506.1) -> 87 (546.9099999999833) -> 84 (578.3099999999831) -> 97 (605.509999999983) -> 91 (625.709999999983) -> 16 (640.8099999999831) -> 14 (661.989999999983) -> 28 (709.469999999983) -> 26 (727.5299999999829) -> 4 (751.6699999999828) -> 58 (781.5899999999829) -> 19 (831.55) -> 88 (855.15) -> 18 (878.5699999999828) -> 94 (902.8899999999828) -> 101
 - Puntaje            : 468
 - Tiempo de la ruta : 924.9299999999828

Informacion Ruta : 2
 - Nodos visitados   : 0 -> 3 (128.9) -> 66 (167.54) -> 69 (206.18) -> 72 (248.75) -> 67 (281.58) -> 23 (303.58) -> 38 (363.58) -> 89 (410.2) -> 76 (444.2399999999999) -> 32 (484.65) -> 49 (523.6699999999998) -> 10 (558.97) -> 82 (588.8199999999999) -> 95 (623.9) -> 13 (639) -> 68 (678.53) -> 74 (716.39) -> 93 (756.47) -> 39 (810.15) -> 24 (843.6899999999998) -> 48 (908.4) -> 86 (953.5699999999998) -> 101
 - Puntaje            : 466
 - Tiempo de la ruta : 998.9299999999998

==> Ejecucion : 13
Gurobi 12.0.0:   lim:time = 150
Gurobi 12.0.0: time limit, feasible solution; objective 0.1718280678
1.0248e+06 simplex iterations
11099 branching nodes
absmipgap=0.056685, relmipgap=0.329894
Informacion Ruta : 1
 - Nodos visitados   : 0 -> 31 (72.32999999999865) -> 82 (99.08999999999864) -> 48 (114.4799999999986) -> 47 (130.8799999999986) -> 49 (153.05) -> 11 (177.3699999999986) -> 62 (195.4299999999986) -> 10 (211.75) -> 32 (232.05) -> 30 (252.35) -> 81 (278.5099999999985) -> 33 (291.339999999999) -> 79 (307) -> 3 (320.609999999999) -> 76 (337.3199999999991) -> 12 (354.3899999999991) -> 54 (373.609999999999) -> 72 (400.0099999999991) -> 22 (416.329999999999) -> 67 (448.889999999999) -> 39 (468.7899999999988) -> 75 (489.8399999999988) -> 73 (507.65) -> 21 (520.8099999999989) -> 94 (551.0599999999989) -> 101
 - Puntaje            : 514
 - Tiempo de la ruta : 573.1

Informacion Ruta : 2
 - Nodos visitados   : 0 -> 95 (319.5) -> 97 (332.5) -> 87 (346.7399999999994) -> 14 (372) -> 86 (395.6) -> 16 (411.9199999999994) -> 5 (433.1) -> 84 (447.2199999999995) -> 45 (465.8199999999995) -> 8 (482.2199999999995) -> 18 (502.6599999999995) -> 9 (552.9699999999995) -> 35 (572.4) -> 34 (592.6) -> 50 (622.3) -> 93 (669.3099999999995) -> 59 (682.3099999999995) -> 85 (697.7) -> 37 (712.1699999999994) -> 100 (725) -> 13 (748.8899999999994) -> 58 (764.9699999999995) -> 28 (787.05) -> 77 (810.4699999999993) -> 68 (825.4699999999993) -> 4 (854.5) -> 26 (878.6399999999993) -> 101
 - Puntaje            : 512
 - Tiempo de la ruta : 899.8199999999993

==> Ejecucion : 14
Gurobi 12.0.0:   lim:time = 150
Gurobi 12.0.0: time limit, feasible solution; objective 0.363997804
721324 simplex iterations
14537 branching nodes
absmipgap=0.139772, relmipgap=0.38399
Informacion Ruta : 1
 - Nodos visitados   : 0 -> 89 (623.3700000000016) -> 13 (644.1400000000016) -> 54 (681.4300000000015) -> 4 (700.65) -> 39 (720.0800000000016) -> 74 (744.1200000000016) -> 72 (757.2800000000016) -> 21 (771.75) -> 55 (800) -> 68 (827.4600000000016) -> 77 (842.4600000000016) -> 58 (876.5) -> 94 (896.55) -> 95 (909.7100000000016) -> 18 (936.4700000000016) -> 101
 - Puntaje            : 279
 - Tiempo de la ruta : 962.2800000000016

Informacion Ruta : 2
 - Nodos visitados   : 0 -> 27 (48.72000000000003) -> 88 (73.72000000000003) -> 5 (108.3200000000001) -> 86 (134.6) -> 16 (150.92) -> 44 (167) -> 22 (211.23) -> 59 (249.01) -> 93 (262.01) -> 85 (274.8400000000001) -> 57 (303.7100000000001) -> 28 (340.2799999999977) -> 53 (357.4899999999977) -> 101
 - Puntaje            : 269
 - Tiempo de la ruta : 371.9599999999978

==> Ejecucion : 15
Gurobi 12.0.0:   lim:time = 150
Gurobi 12.0.0: time limit, feasible solution; objective 0.3682937846
310969 simplex iterations
14432 branching nodes
absmipgap=0.0539653, relmipgap=0.146528
Informacion Ruta : 1
 - Nodos visitados   : 0 -> 94 (573.4399999999958) -> 95 (586.6) -> 85 (605.8199999999958) -> 93 (618.65) -> 5 (635.3599999999961) -> 61 (652.0699999999961) -> 16 (666.5399999999961) -> 86 (682.8599999999961) -> 14 (706.4599999999999) -> 100 (725) -> 98 (738.1600000000001) -> 59 (751.7699999999995) -> 13 (770.8299999999995) -> 58 (786.9099999999994) -> 68 (820.7599999999994) -> 12 (837.969999999999) -> 26 (855.039999999999) -> 28 (873.1) -> 27 (889.8099999999989) -> 101
 - Puntaje            : 423
 - Tiempo de la ruta : 904.8099999999989

Informacion Ruta : 2
 - Nodos visitados   : 0 -> 101
 - Puntaje            : 0
 - Tiempo de la ruta : 0

==> Ejecucion : 16
Gurobi 12.0.0:   lim:time = 150
Gurobi 12.0.0: time limit, feasible solution; objective 0.1065180103
1.70151e+06 simplex iterations
2605 branching nodes
absmipgap=0.115266, relmipgap=1.08213
Informacion Ruta : 1
 - Nodos visitados   : 0 -> 15 (124.080000000058) -> 88 (181.25) -> 62 (197.5700000000553) -> 47 (223.6900000000539) -> 68 (284.6100000000517) -> 81 (309.6400000000487) -> 33 (322.4700000000463) -> 30 (347.7300000000429) -> 18 (386.0100000000403) -> 38 (434.0900000000386) -> 95 (471.6800000000369) -> 48 (512.1400000000338) -> 8 (531.6300000000315) -> 45 (548.0300000000295) -> 5 (570.0700000000262) -> 84 (584.1900000000247) -> 37 (608.4) -> 91 (623.5) -> 13 (649.660000000017) -> 64 (713.7800000000153) -> 86 (783.8) -> 12 (842.8400000000096) -> 54 (862.0600000000056) -> 39 (889.3200000000029) -> 100 (941.75) -> 16 (960) -> 101
 - Puntaje            : 479
 - Tiempo de la ruta : 999.15

Informacion Ruta : 2
 - Nodos visitados   : 0 -> 75 (192.55) -> 72 (207.9399999999699) -> 23 (231.5399999999721) -> 59 (280.4899999999739) -> 69 (318.5099999999752) -> 31 (336.3199999999766) -> 11 (363.35) -> 66 (403.4299999999807) -> 32 (427.989999999984) -> 10 (448.2899999999872) -> 34 (493.65) -> 24 (523.65) -> 93 (581.9199999999984) -> 74 (622) -> 22 (635.1599999999988) -> 3 (681.5599999999962) -> 28 (707.679999999993) -> 35 (753.2899999999909) -> 4 (809) -> 58 (838.9199999999865) -> 14 (875.3199999999839) -> 85 (897.35999999998) -> 97 (916.4199999999762) -> 94 (932.5) -> 89 (950.5) -> 27 (970.8) -> 101
 - Puntaje            : 479
 - Tiempo de la ruta : 985.8

==> Ejecucion : 17
Gurobi 12.0.0:   lim:time = 150
Gurobi 12.0.0: time limit, feasible solution; objective 0.1734153348
803125 simplex iterations
11440 branching nodes
absmipgap=0.0602755, relmipgap=0.347579
Informacion Ruta : 1
 - Nodos visitados   : 0 -> 86 (167.2599999999152) -> 16 (183.5799999999182) -> 14 (204.7599999999215) -> 44 (220.4199999999238) -> 69 (272.4299999999245) -> 31 (290.2399999999269) -> 88 (305.2399999999322) -> 62 (321.5599999999353) -> 10 (337.8799999999379) -> 32 (358.1799999999435) -> 30 (378.4799999999494) -> 51 (397.7) -> 76 (423.7) -> 3 (440.4099999999569) -> 79 (454.0199999999582) -> 33 (469.6799999999599) -> 81 (482.5099999999643) -> 34 (502.5599999999692) -> 29 (525.6) -> 24 (542.6699999999793) -> 68 (562.5199999999855) -> 80 (574.5199999999907) -> 54 (592.5799999999966) -> 74 (622) -> 26 (649.0299999999985) -> 12 (666.1) -> 85 (712.5) -> 100 (726.9699999999907) -> 37 (739.8) -> 97 (754.9) -> 13 (771.3) -> 58 (787.3799999999843) -> 27 (811.4199999999818) -> 101
 - Puntaje            : 574
 - Tiempo de la ruta : 826.4199999999796

Informacion Ruta : 2
 - Nodos visitados   : 0 -> 64 (128.9099999999757) -> 49 (151.6399999999781) -> 47 (173.8099999999819) -> 19 (191.8699999999848) -> 11 (208.9399999999869) -> 6 (254.3) -> 94 (267.4599999999908) -> 59 (283.2899999999948) -> 95 (297.2899999999976) -> 87 (314) -> 23 (353.97) -> 67 (375.9699999999993) -> 39 (395.8699999999978) -> 1 (447.4599999999941) -> 48 (485.6199999999918) -> 82 (501.0099999999883) -> 18 (519.6099999999865) -> 8 (540.05) -> 45 (556.45) -> 84 (575.05) -> 5 (589.1699999999806) -> 60 (603.6399999999769) -> 65 (675.879999999975) -> 66 (699.479999999972) -> 71 (718.9099999999693) -> 28 (763.8) -> 4 (795.8199999999653) -> 72 (814.7599999999627) -> 75 (830.15) -> 22 (844.2699999999571) -> 101
 - Puntaje            : 575
 - Tiempo de la ruta : 881.2

==> Ejecucion : 18
Gurobi 12.0.0:   lim:time = 150
Gurobi 12.0.0: time limit, feasible solution; objective 0.3288645226
653470 simplex iterations
14482 branching nodes
absmipgap=0.0977518, relmipgap=0.29724
Informacion Ruta : 1
 - Nodos visitados   : 0 -> 28 (314.79) -> 53 (332) -> 101
 - Puntaje            : 30
 - Tiempo de la ruta : 346.47

Informacion Ruta : 2
 - Nodos visitados   : 0 -> 27 (5) -> 31 (27.65) -> 30 (49.68999999993105) -> 66 (75.5) -> 71 (94.92999999993094) -> 35 (111.639999999931) -> 65 (133.6799999999309) -> 32 (171.839999999931) -> 10 (192.1399999999309) -> 88 (211.079999999931) -> 62 (227.4) -> 11 (245.4599999999311) -> 19 (262.529999999931) -> 49 (284.5699999999311) -> 47 (306.7399999999311) -> 48 (323.139999999931) -> 82 (338.529999999931) -> 8 (354.929999999931) -> 45 (371.329999999931) -> 84 (389.929999999931) -> 5 (404.05) -> 18 (425.229999999931) -> 97 (454.879999999931) -> 87 (469.1199999999307) -> 95 (485.8299999999306) -> 94 (498.9899999999305) -> 91 (522.5899999999306) -> 61 (538.4199999999305) -> 86 (558.4199999999305) -> 14 (582.0199999999305) -> 16 (603.2) -> 85 (619.5199999999303) -> 13 (643.8399999999302) -> 59 (662.9) -> 37 (677.0199999999303) -> 57 (701.4399999999303) -> 22 (724.5899999999302) -> 74 (737.75) -> 39 (761.7899999999302) -> 75 (782.8399999999302) -> 73 (800.65) -> 72 (813.8099999999304) -> 58 (838.6799999999305) -> 26 (858.5299999999305) -> 12 (875.6) -> 54 (894.8199999999306) -> 80 (912.8799999999305) -> 77 (929.5899999999306) -> 3 (942.4199999999306) -> 68 (958.5) -> 101
 - Puntaje            : 937
 - Tiempo de la ruta : 989.8799999999306

==> Ejecucion : 19
Gurobi 12.0.0:   lim:time = 150
Gurobi 12.0.0: time limit, feasible solution; objective 0.06130220078
1.67697e+06 simplex iterations
6065 branching nodes
absmipgap=0.0735008, relmipgap=1.19899
Informacion Ruta : 1
 - Nodos visitados   : 0 -> 28 (38.49000000000005) -> 26 (56.55) -> 81 (92.55) -> 5 (149.2) -> 93 (165.9099999999978) -> 94 (184.45) -> 23 (230.85) -> 67 (252.85) -> 79 (307) -> 68 (326.0599999999999) -> 76 (343.6799999999999) -> 71 (380.8799999999999) -> 65 (401.1799999999995) -> 88 (455.0099999999995) -> 82 (477.0899999999995) -> 8 (493.4899999999986) -> 48 (512.9799999999977) -> 49 (540.4399999999978) -> 27 (590.75) -> 12 (616.5599999999976) -> 32 (663.7199999999975) -> 19 (695.65) -> 33 (744.4799999999975) -> 22 (797.2399999999975) -> 39 (822.3699999999975) -> 101
 - Puntaje            : 530
 - Tiempo de la ruta : 866.3399999999975

Informacion Ruta : 2
 - Nodos visitados   : 0 -> 30 (25.5) -> 42 (86.1) -> 51 (148.45) -> 35 (174.1) -> 10 (217.4799999999965) -> 11 (238.659999999996) -> 64 (261.6599999999957) -> 47 (293.8) -> 91 (341.4599999999919) -> 14 (360.4599999999919) -> 44 (376.1199999999918) -> 38 (396.9399999999918) -> 86 (419.9799999999918) -> 16 (436.3) -> 85 (452.6199999999918) -> 95 (471.8399999999918) -> 72 (505.25) -> 87 (534.35) -> 84 (565.75) -> 18 (588.479999999992) -> 74 (635.959999999992) -> 75 (649.569999999992) -> 97 (685.569999999992) -> 59 (700.569999999992) -> 37 (714.689999999992) -> 31 (758.5299999999919) -> 58 (795.0099999999919) -> 13 (811.089999999992) -> 4 (846.589999999992) -> 54 (865.809999999992) -> 24 (885.809999999992) -> 25 (910.809999999992) -> 29 (942.829999999992) -> 3 (962.319999999992) -> 101
 - Puntaje            : 558
 - Tiempo de la ruta : 994.679999999992

==> Ejecucion : 20
Gurobi 12.0.0:   lim:time = 150
Gurobi 12.0.0: time limit, feasible solution; objective 0.1427380504
739973 simplex iterations
13911 branching nodes
absmipgap=0.0320682, relmipgap=0.224664
Informacion Ruta : 1
 - Nodos visitados   : 0 -> 94 (174.5399999999853) -> 76 (212) -> 30 (242.1199999999854) -> 32 (262.4199999999854) -> 10 (282.7199999999852) -> 62 (299.0399999999852) -> 11 (317.1) -> 64 (340.1) -> 49 (362.8299999999848) -> 47 (385) -> 8 (408.15) -> 45 (424.55) -> 84 (443.15) -> 37 (467.3599999999844) -> 93 (481.8299999999839) -> 95 (498.829999999984) -> 97 (511.829999999984) -> 87 (526.0699999999839) -> 82 (567.85) -> 48 (583.2399999999833) -> 19 (601.4899999999828) -> 88 (625.0899999999829) -> 31 (640.089999999951) -> 72 (689.489999999951) -> 74 (702.65) -> 4 (724.05) -> 58 (753.9699999999507) -> 101
 - Puntaje            : 492
 - Tiempo de la ruta : 773.0299999999489

Informacion Ruta : 2
 - Nodos visitados   : 0 -> 27 (130.6799999999375) -> 69 (147.9599999999375) -> 26 (176.75) -> 22 (206.75) -> 75 (220.8699999999466) -> 23 (239.3599999999486) -> 39 (257.9599999999507) -> 67 (277.8599999999524) -> 54 (313.8599999999543) -> 24 (333.8599999999572) -> 29 (350.9299999999622) -> 3 (370.4199999999656) -> 79 (384.0299999999679) -> 51 (406.8399999999693) -> 66 (431.8399999999735) -> 65 (455.4399999999781) -> 35 (477.4799999999826) -> 9 (496.9099999999839) -> 34 (518.0899999999849) -> 33 (540.459999999988) -> 81 (553.2899999999909) -> 68 (578.3199999999945) -> 80 (590.319999999997) -> 12 (606.6399999999992) -> 13 (639) -> 59 (658.059999999998) -> 85 (673.45) -> 16 (689.7699999999927) -> 86 (706.0899999999879) -> 14 (729.6899999999852) -> 100 (748.2299999999839) -> 61 (766.7199999999816) -> 5 (783.4299999999789) -> 18 (804.609999999975) -> 89 (822.4199999999718) -> 28 (847.55) -> 101
 - Puntaje            : 682
 - Tiempo de la ruta : 863.8699999999644

==> Ejecucion : 21
Gurobi 12.0.0:   lim:time = 150
Gurobi 12.0.0: time limit, feasible solution; objective 0.04631217839
2.55546e+06 simplex iterations
3733 branching nodes
absmipgap=0.0617496, relmipgap=1.33333
Informacion Ruta : 1
 - Nodos visitados   : 0 -> 96 (73) -> 69 (108) -> 45 (150.2799999999849) -> 33 (209.3199999999845) -> 3 (226.6) -> 76 (243.3099999999845) -> 62 (282.9899999999845) -> 44 (338.8699999999846) -> 12 (393.1599999999842) -> 24 (418.1599999999841) -> 68 (438.0099999999837) -> 29 (456.55) -> 79 (475.7699999999834) -> 9 (497.9399999999833) -> 35 (517.3699999999831) -> 66 (543.4899999999752) -> 32 (568.05) -> 64 (599.5899999999714) -> 37 (666.809999999971) -> 59 (680.9299999999682) -> 85 (696.3199999999682) -> 5 (714.3799999999678) -> 28 (751.3099999999614) -> 54 (779.2) -> 18 (827.8) -> 88 (851.219999999942) -> 31 (866.2199999999416) -> 30 (888.2599999999412) -> 90 (909.6599999999345) -> 49 (944.6799999999338) -> 101
 - Puntaje            : 517
 - Tiempo de la ruta : 998.6099999999337

Informacion Ruta : 2
 - Nodos visitados   : 0 -> 89 (34.40999999999943) -> 27 (54.70999999999934) -> 26 (78.85) -> 15 (118) -> 23 (153) -> 72 (176.6) -> 48 (236.1199999999941) -> 82 (251.5099999999904) -> 19 (274.5099999999898) -> 34 (334.7599999999898) -> 81 (354.8099999999898) -> 51 (372.0199999999893) -> 67 (437.9899999999893) -> 47 (525.9799999999893) -> 10 (558.3399999999889) -> 91 (612) -> 95 (633.1799999999888) -> 74 (666.8899999999885) -> 75 (680.5) -> 39 (701.55) -> 4 (720.9799999999875) -> 93 (768.2) -> 86 (793.4299999999873) -> 100 (817.4299999999869) -> 16 (835.6799999999866) -> 97 (860.7099999999862) -> 13 (877.1099999999865) -> 94 (891.5799999999864) -> 58 (911.6299999999858) -> 22 (939.9899999999857) -> 40 (965.8) -> 101
 - Puntaje            : 594
 - Tiempo de la ruta : 986.9799999999852



:    MVF      PVF   TCPU1    f1       f2      f3     :=
1   -1165      1      150   -1165   1810.42   660
2       0   1811.42     1       0      0        0
3       0    661        2       0      0        0
;

:        FN1           FN2          FN3       F1       F2      F3  TCPU2    :=
1    0.000857633    1             1              0      0        0     2
2    0.000857633    1             1              0      0        0     2
3    0.000857633    1             1              0      0        0     2
4    0.000857633    1             1              0      0        0     2
5    0.000857633    1             1              0      0        0     2
6    0.000857633    1             1              0      0        0     1
7    0.835334      -0.00299213    0.998487    -973   1816.84     1   151
8    0.000857633    1             1              0      0        0   151
9    0.000857633    1             1              0      0        0   151
10   0.000857633    1             1              0      0        0     3
11   0.000857633    1             1              0      0        0     3
12   0.801887      -0.00325711    0.996974    -934   1817.32     2   151
13   0.880789       0.385333      0.996974   -1026   1113.42     2   151
14   0.47084        0.626729      0.984871    -548    676.15    10   151
15   0.363636       0.810419      0.360061    -423    343.41   423   151
16   0.82247        0.0468748     1           -958   1726.51     0   151
17   0.986278       0.175603      0.998487   -1149   1493.33     1   151
18   0.830189       0.432556     -0.417549    -967   1027.88   937   151
19   0.933962      -0.00962229    0.95764    -1088   1828.85    28   151
20   1.00772        0.255435     -0.03177    -1174   1348.72   682   151
21   0.953688      -0.0502479     0.101362   -1111   1902.44   594   152
;

