

:::::::::::::::::::::::::: Descripcion de la Instancia ::::::::::::::::::::::::::

Nodo inicial         : 0 
Nodo final           : 101 
Tmax                 : 1000 
Numero de nodos      : 102 
Numero de rutas      : 2 
Numero de categorias : 3 
 - Cuota de la categoria 1 : 29 
 - Cuota de la categoria 2 : 21 
 - Cuota de la categoria 3 : 14 
Funcion Objetivo : 1
Gurobi 12.0.0:   lim:time = 150
Gurobi 12.0.0: time limit, feasible solution; objective -944
3.10891e+06 simplex iterations
6764 branching nodes
absmipgap=239, relmipgap=0.253178
Funcion Objetivo : 2
Gurobi 12.0.0:   lim:time = 150
Gurobi 12.0.0: optimal solution; objective 0
0 simplex iterations
absmipgap=7.50333e-12, relmipgap=0
Funcion Objetivo : 3
Gurobi 12.0.0:   lim:time = 150
Gurobi 12.0.0: optimal solution; objective 0
0 simplex iterations
1 branching node
==> Ejecucion : 1
Gurobi 12.0.0:   lim:time = 150
Gurobi 12.0.0: optimal solution; objective 0
0 simplex iterations
1 branching node
Informacion Ruta : 1
 - Nodos visitados   : 0 -> 101
 - Puntaje            : 0
 - Tiempo de la ruta : 0

Informacion Ruta : 2
 - Nodos visitados   : 0 -> 101
 - Puntaje            : 0
 - Tiempo de la ruta : 0

==> Ejecucion : 2
Gurobi 12.0.0:   lim:time = 150
Gurobi 12.0.0: optimal solution; objective 0
156 simplex iterations
1 branching node
absmipgap=8.29892e-15, relmipgap=0
Informacion Ruta : 1
 - Nodos visitados   : 0 -> 101
 - Puntaje            : 0
 - Tiempo de la ruta : 0

Informacion Ruta : 2
 - Nodos visitados   : 0 -> 101
 - Puntaje            : 0
 - Tiempo de la ruta : 0

==> Ejecucion : 3
Gurobi 12.0.0:   lim:time = 150
Gurobi 12.0.0: optimal solution; objective 0
158 simplex iterations
1 branching node
absmipgap=1.65978e-14, relmipgap=0
Informacion Ruta : 1
 - Nodos visitados   : 0 -> 101
 - Puntaje            : 0
 - Tiempo de la ruta : 0

Informacion Ruta : 2
 - Nodos visitados   : 0 -> 101
 - Puntaje            : 0
 - Tiempo de la ruta : 0

==> Ejecucion : 4
Gurobi 12.0.0:   lim:time = 150
Gurobi 12.0.0: optimal solution; objective 0
379 simplex iterations
1 branching node
absmipgap=8.06022e-14, relmipgap=0
Informacion Ruta : 1
 - Nodos visitados   : 0 -> 101
 - Puntaje            : 0
 - Tiempo de la ruta : 0

Informacion Ruta : 2
 - Nodos visitados   : 0 -> 101
 - Puntaje            : 0
 - Tiempo de la ruta : 0

==> Ejecucion : 5
Gurobi 12.0.0:   lim:time = 150
Gurobi 12.0.0: optimal solution; objective 0
2 simplex iterations
1 branching node
absmipgap=3.31957e-14, relmipgap=0
Informacion Ruta : 1
 - Nodos visitados   : 0 -> 101
 - Puntaje            : 0
 - Tiempo de la ruta : 0

Informacion Ruta : 2
 - Nodos visitados   : 0 -> 101
 - Puntaje            : 0
 - Tiempo de la ruta : 0

==> Ejecucion : 6
Gurobi 12.0.0:   lim:time = 150
Gurobi 12.0.0: optimal solution; objective 0
0 simplex iterations
absmipgap=1.16906e-13, relmipgap=0
Informacion Ruta : 1
 - Nodos visitados   : 0 -> 101
 - Puntaje            : 0
 - Tiempo de la ruta : 0

Informacion Ruta : 2
 - Nodos visitados   : 0 -> 101
 - Puntaje            : 0
 - Tiempo de la ruta : 0

==> Ejecucion : 7
Gurobi 12.0.0:   lim:time = 150
Gurobi 12.0.0: time limit, feasible solution; objective 0.07703703704
1.0332e+06 simplex iterations
1789 branching nodes
absmipgap=0.127407, relmipgap=1.65385
Informacion Ruta : 1
 - Nodos visitados   : 0 -> 69 (123.9) -> 28 (144.6699999999944) -> 30 (177.6899999999956) -> 95 (226.6899999999954) -> 59 (240.6899999999964) -> 44 (264.8300000000013) -> 14 (280.4900000000005) -> 82 (327.4899999999957) -> 47 (348.8899999999971) -> 65 (416.83) -> 49 (483.55) -> 22 (563.4400000000007) -> 54 (595.9100000000008) -> 13 (633.2) -> 74 (663.2) -> 91 (704.7800000000008) -> 101
 - Puntaje            : 290
 - Tiempo de la ruta : 740.3900000000008

Informacion Ruta : 2
 - Nodos visitados   : 0 -> 31 (182.989999999999) -> 76 (213.5799999999988) -> 29 (238.5799999999983) -> 12 (264.2299999999966) -> 27 (290.039999999999) -> 62 (321.1399999999993) -> 19 (340.3599999999985) -> 11 (357.4300000000002) -> 64 (380.4299999999992) -> 51 (429.3799999999985) -> 81 (446.5900000000009) -> 58 (490.429999999999) -> 33 (531.4899999999955) -> 79 (547.15) -> 3 (560.76) -> 32 (602) -> 66 (626.5600000000001) -> 101
 - Puntaje            : 290
 - Tiempo de la ruta : 677.0600000000002

==> Ejecucion : 8
Gurobi 12.0.0:   lim:time = 150
Gurobi 12.0.0: time limit, feasible solution; objective 0.1997883598
1.03458e+06 simplex iterations
15034 branching nodes
absmipgap=0.123746, relmipgap=0.619388
Informacion Ruta : 1
 - Nodos visitados   : 0 -> 101
 - Puntaje            : 0
 - Tiempo de la ruta : 0

Informacion Ruta : 2
 - Nodos visitados   : 0 -> 101
 - Puntaje            : 0
 - Tiempo de la ruta : 0

==> Ejecucion : 9
Gurobi 12.0.0:   lim:time = 150
Gurobi 12.0.0: time limit, feasible solution; objective 0.1997883598
217895 simplex iterations
9407 branching nodes
absmipgap=0.0345286, relmipgap=0.172826
Informacion Ruta : 1
 - Nodos visitados   : 0 -> 101
 - Puntaje            : 0
 - Tiempo de la ruta : 0

Informacion Ruta : 2
 - Nodos visitados   : 0 -> 101
 - Puntaje            : 0
 - Tiempo de la ruta : 0

==> Ejecucion : 10
Gurobi 12.0.0:   lim:time = 150
Gurobi 12.0.0: optimal solution; objective 0.1997883598
72117 simplex iterations
4333 branching nodes
absmipgap=8.49876e-14, relmipgap=0
Informacion Ruta : 1
 - Nodos visitados   : 0 -> 101
 - Puntaje            : 0
 - Tiempo de la ruta : 0

Informacion Ruta : 2
 - Nodos visitados   : 0 -> 101
 - Puntaje            : 0
 - Tiempo de la ruta : 0

==> Ejecucion : 11
Gurobi 12.0.0:   lim:time = 150
Gurobi 12.0.0: optimal solution; objective 0.1997883598
82 simplex iterations
1 branching node
absmipgap=2.89213e-14, relmipgap=0
Informacion Ruta : 1
 - Nodos visitados   : 0 -> 101
 - Puntaje            : 0
 - Tiempo de la ruta : 0

Informacion Ruta : 2
 - Nodos visitados   : 0 -> 101
 - Puntaje            : 0
 - Tiempo de la ruta : 0

==> Ejecucion : 12
Gurobi 12.0.0:   lim:time = 150
Gurobi 12.0.0: time limit, feasible solution; objective 0.3284656085
1.47079e+06 simplex iterations
2380 branching nodes
absmipgap=0.429206, relmipgap=1.3067
Informacion Ruta : 1
 - Nodos visitados   : 0 -> 24 (633) -> 20 (679.0600000000003) -> 68 (717.2899999999984) -> 48 (772.2099999999984) -> 101
 - Puntaje            : 84
 - Tiempo de la ruta : 810.0099999999994

Informacion Ruta : 2
 - Nodos visitados   : 0 -> 28 (107.5200000000005) -> 14 (155) -> 19 (215) -> 39 (290.8) -> 101
 - Puntaje            : 84
 - Tiempo de la ruta : 334.7699999999945

==> Ejecucion : 13
Gurobi 12.0.0:   lim:time = 150
Gurobi 12.0.0: time limit, feasible solution; objective 0.2292356227
889568 simplex iterations
14434 branching nodes
absmipgap=0.199354, relmipgap=0.869645
Informacion Ruta : 1
 - Nodos visitados   : 0 -> 27 (292.1300000000002) -> 28 (308.8400000000002) -> 59 (342.6900000000001) -> 93 (355.6900000000002) -> 85 (368.5200000000001) -> 16 (384.84) -> 86 (401.16) -> 44 (419.22) -> 14 (434.8800000000001) -> 100 (453.4200000000001) -> 9 (519.3900000000001) -> 66 (543.71) -> 49 (597) -> 45 (637) -> 101
 - Puntaje            : 319
 - Tiempo de la ruta : 676.15

Informacion Ruta : 2
 - Nodos visitados   : 0 -> 83 (80.75) -> 29 (141) -> 76 (166) -> 30 (196.12) -> 69 (219.4600000000001) -> 95 (255.4) -> 72 (288.8100000000002) -> 73 (301.9700000000002) -> 22 (319.0400000000002) -> 75 (333.1600000000002) -> 23 (351.65) -> 12 (392.0599999999999) -> 87 (429.8599999999999) -> 40 (453.75) -> 58 (467.8699999999999) -> 13 (483.95) -> 94 (498.4199999999995) -> 53 (520.1199999999994) -> 101
 - Puntaje            : 315
 - Tiempo de la ruta : 534.5899999999995

==> Ejecucion : 14
Gurobi 12.0.0:   lim:time = 150
Gurobi 12.0.0: time limit, feasible solution; objective 0.3995767196
786338 simplex iterations
14654 branching nodes
absmipgap=0.245072, relmipgap=0.613329
Informacion Ruta : 1
 - Nodos visitados   : 0 -> 101
 - Puntaje            : 0
 - Tiempo de la ruta : 0

Informacion Ruta : 2
 - Nodos visitados   : 0 -> 101
 - Puntaje            : 0
 - Tiempo de la ruta : 0

==> Ejecucion : 15
Gurobi 12.0.0:   lim:time = 150
Gurobi 12.0.0: time limit, feasible solution; objective 0.3067236893
543987 simplex iterations
15015 branching nodes
absmipgap=0.0456481, relmipgap=0.148825
Informacion Ruta : 1
 - Nodos visitados   : 0 -> 101
 - Puntaje            : 0
 - Tiempo de la ruta : 34.16999999999962

Informacion Ruta : 2
 - Nodos visitados   : 0 -> 28 (95.33999999999233) -> 27 (112.05) -> 31 (134.7) -> 62 (153.9199999999957) -> 47 (180.0399999999973) -> 82 (201.4399999999978) -> 45 (224.1699999999978) -> 5 (246.2099999999977) -> 95 (267.8699999999978) -> 98 (284.5799999999977) -> 100 (297.7399999999974) -> 14 (316.279999999998) -> 44 (331.9399999999993) -> 86 (350) -> 16 (366.32) -> 61 (380.79) -> 85 (395.26) -> 93 (408.09) -> 59 (421.09) -> 94 (436.92) -> 87 (456.1399999999995) -> 13 (473.4199999999979) -> 58 (489.5) -> 53 (504.6) -> 68 (535.2199999999954) -> 77 (550.2199999999946) -> 3 (563.05) -> 79 (576.6599999999946) -> 33 (592.3199999999932) -> 9 (610.5699999999915) -> 66 (634.8899999999913) -> 32 (659.45) -> 10 (679.75) -> 48 (708.5399999999893) -> 89 (739.9399999999883) -> 101
 - Puntaje            : 742
 - Tiempo de la ruta : 758.9399999999868

==> Ejecucion : 16
Gurobi 12.0.0:   lim:time = 150
Gurobi 12.0.0: time limit, feasible solution; objective 0.195235778
2.1822e+06 simplex iterations
7247 branching nodes
absmipgap=0.346347, relmipgap=1.77399
Informacion Ruta : 1
 - Nodos visitados   : 0 -> 70 (367.15) -> 25 (422.7599999999986) -> 80 (452) -> 68 (464) -> 79 (483.0599999999991) -> 39 (529.1799999999989) -> 67 (549.0799999999988) -> 22 (581.639999999998) -> 9 (642.6299999999981) -> 37 (705.779999999998) -> 48 (748.539999999998) -> 32 (786.34) -> 58 (839.35) -> 13 (855.429999999998) -> 74 (885.429999999998) -> 93 (925.5099999999981) -> 89 (949.1099999999981) -> 101
 - Puntaje            : 319
 - Tiempo de la ruta : 968.1099999999981

Informacion Ruta : 2
 - Nodos visitados   : 0 -> 45 (42.78999999999812) -> 44 (77.31000000000017) -> 59 (101.45) -> 5 (119.9399999999996) -> 76 (166) -> 14 (222.6899999999993) -> 38 (243.8699999999987) -> 95 (281.4599999999986) -> 65 (356.1) -> 88 (409.9299999999977) -> 30 (436.05) -> 66 (461.86) -> 69 (500.5) -> 49 (547.9399999999948) -> 33 (607.5899999999948) -> 43 (675.0399999999945) -> 56 (716.3599999999944) -> 4 (734.6099999999944) -> 54 (753.8299999999945) -> 101
 - Puntaje            : 329
 - Tiempo de la ruta : 786.6299999999944

==> Ejecucion : 17
Gurobi 12.0.0:   lim:time = 150
Gurobi 12.0.0: time limit, feasible solution; objective 0.1056319725
938757 simplex iterations
14632 branching nodes
absmipgap=0.124638, relmipgap=1.17992
Informacion Ruta : 1
 - Nodos visitados   : 0 -> 72 (70.9800000000115) -> 31 (120.3800000000122) -> 88 (135.3800000000126) -> 62 (151.7) -> 11 (169.7600000000131) -> 47 (194.7600000000126) -> 82 (216.1600000000119) -> 61 (249.35) -> 95 (272.35) -> 5 (294.0100000000119) -> 83 (311.0800000000112) -> 99 (333.6100000000116) -> 59 (345.85) -> 93 (358.85) -> 85 (371.6800000000099) -> 16 (388) -> 86 (404.3199999999992) -> 44 (422.3800000000065) -> 14 (438.0400000000066) -> 15 (463.85) -> 87 (487) -> 94 (506.2199999999976) -> 80 (547.8399999999975) -> 65 (598.2899999999959) -> 77 (643.4599999999941) -> 101
 - Puntaje            : 498
 - Tiempo de la ruta : 673.1599999999896

Informacion Ruta : 2
 - Nodos visitados   : 0 -> 27 (140.6699999999884) -> 28 (157.379999999985) -> 76 (176.8099999999889) -> 29 (201.8099999999893) -> 67 (248.9299999999904) -> 75 (277.9) -> 23 (296.3899999999915) -> 39 (314.9899999999915) -> 12 (350.0699999999943) -> 33 (377.3299999999928) -> 81 (390.1599999999946) -> 9 (406.1599999999946) -> 51 (422.4799999999964) -> 66 (447.4799999999964) -> 30 (473.2899999999976) -> 70 (488.2899999999953) -> 68 (523.79) -> 26 (548) -> 58 (567.85) -> 13 (583.9299999999942) -> 97 (600.3299999999941) -> 100 (617.95) -> 37 (630.7800000000013) -> 45 (663.579999999989) -> 10 (706.1399999999942) -> 48 (734.9299999999942) -> 89 (766.3300000000023) -> 101
 - Puntaje            : 504
 - Tiempo de la ruta : 785.3299999999941

==> Ejecucion : 18
Gurobi 12.0.0:   lim:time = 150
Gurobi 12.0.0: time limit, feasible solution; objective 0.2151002589
679344 simplex iterations
14932 branching nodes
absmipgap=0.103677, relmipgap=0.481996
Informacion Ruta : 1
 - Nodos visitados   : 0 -> 83 (77.23000000000016) -> 47 (107.15) -> 52 (140.1700000000001) -> 27 (158.7100000000001) -> 28 (175.42) -> 12 (194.6400000000001) -> 72 (223.8800000000001) -> 75 (239.2700000000001) -> 39 (260.3200000000002) -> 67 (280.22) -> 23 (302.22) -> 29 (350.3) -> 33 (375.17) -> 81 (388) -> 9 (404) -> 51 (420.32) -> 30 (439.54) -> 76 (469.6600000000001) -> 77 (483.7800000000001) -> 68 (498.7800000000001) -> 80 (510.7800000000001) -> 3 (528.84) -> 79 (542.45) -> 34 (563.08) -> 35 (583.28) -> 65 (605.3199999999999) -> 66 (628.92) -> 32 (653.48) -> 10 (673.78) -> 48 (702.5699999999999) -> 89 (733.97) -> 101
 - Puntaje            : 581
 - Tiempo de la ruta : 752.97

Informacion Ruta : 2
 - Nodos visitados   : 0 -> 69 (148.6) -> 31 (166.4099999999852) -> 5 (203.6099999999862) -> 16 (224.7899999999862) -> 44 (240.8699999999905) -> 14 (256.5299999999905) -> 95 (283.7299999999905) -> 59 (297.7299999999918) -> 82 (331.5) -> 18 (350.1) -> 7 (370.1) -> 88 (386.4199999999938) -> 62 (402.7399999999978) -> 19 (421.96) -> 49 (444) -> 64 (466.73) -> 11 (489.73) -> 8 (523.9) -> 45 (540.3) -> 84 (558.9) -> 93 (578.8) -> 100 (594.8) -> 37 (607.6299999999787) -> 97 (622.7299999999788) -> 13 (639.1299999999788) -> 58 (655.2099999999789) -> 26 (675.0599999999789) -> 4 (699.2) -> 54 (718.4199999999789) -> 101
 - Puntaje            : 479
 - Tiempo de la ruta : 751.2199999999789

==> Ejecucion : 19
Gurobi 12.0.0:   lim:time = 150
Gurobi 12.0.0: time limit, feasible solution; objective -0.03225195999
1.14935e+06 simplex iterations
1619 branching nodes
absmipgap=0.169711, relmipgap=5.26204
Informacion Ruta : 1
 - Nodos visitados   : 0 -> 28 (53.37999999998874) -> 72 (85.21999999998872) -> 15 (115.4699999999887) -> 14 (141.2799999999887) -> 44 (156.9399999999887) -> 95 (184.1399999999887) -> 59 (198.1399999999886) -> 11 (249.15) -> 47 (274.15) -> 82 (295.55) -> 16 (333.0099999999886) -> 85 (349.3299999999886) -> 86 (371.9799999999893) -> 19 (425.4) -> 62 (444.6199999999919) -> 64 (475.6399999999939) -> 49 (498.3699999999951) -> 10 (533.6699999999961) -> 3 (572.8199999999975) -> 26 (600.85) -> 4 (624.9899999999992) -> 91 (675) -> 97 (695.2) -> 24 (747.5799999999978) -> 39 (781.1199999999953) -> 68 (818.4099999999909) -> 60 (867.7299999999885) -> 58 (898.35) -> 89 (921.8) -> 101
 - Puntaje            : 544
 - Tiempo de la ruta : 940.8

Informacion Ruta : 2
 - Nodos visitados   : 0 -> 27 (68.35) -> 31 (91) -> 23 (153.7699999999995) -> 67 (175.7699999999978) -> 76 (226.9199999999967) -> 12 (243.989999999996) -> 33 (271.25) -> 9 (289.5) -> 30 (314.5) -> 65 (352.3) -> 51 (385.3199999999895) -> 79 (408.1299999999883) -> 81 (424.45) -> 35 (448.05) -> 13 (509.9099999999846) -> 94 (524.3799999999836) -> 8 (557.0099999999824) -> 45 (573.4099999999809) -> 66 (638.85) -> 32 (663.4099999999781) -> 48 (701.2099999999767) -> 100 (745.5799999999751) -> 93 (761.5799999999751) -> 74 (801.6599999999752) -> 101
 - Puntaje            : 470
 - Tiempo de la ruta : 836.2599999999752

==> Ejecucion : 20
Gurobi 12.0.0:   lim:time = 150
Gurobi 12.0.0: time limit, feasible solution; objective 0.06622106639
772345 simplex iterations
14206 branching nodes
absmipgap=0.135249, relmipgap=2.04239
Informacion Ruta : 1
 - Nodos visitados   : 0 -> 45 (109.6699999999941) -> 82 (132.4) -> 47 (153.8) -> 11 (178.8) -> 64 (201.8) -> 19 (228.8) -> 27 (267.0799999999969) -> 28 (283.7899999999976) -> 53 (301) -> 12 (324.6) -> 72 (353.8399999999988) -> 39 (377.4399999999972) -> 67 (397.3399999999966) -> 94 (453.8699999999961) -> 76 (491.3299999999954) -> 3 (508.0399999999947) -> 34 (532.1799999999947) -> 35 (552.3799999999948) -> 65 (574.4199999999947) -> 66 (598.0199999999937) -> 32 (622.5799999999927) -> 54 (678.2299999999926) -> 26 (700.2699999999916) -> 58 (720.1199999999897) -> 48 (764.829999999988) -> 60 (793.269999999988) -> 89 (812.3299999999881) -> 101
 - Puntaje            : 493
 - Tiempo de la ruta : 831.3299999999881

Informacion Ruta : 2
 - Nodos visitados   : 0 -> 95 (24.88000000000022) -> 83 (51.9100000000002) -> 33 (103.7) -> 62 (143.3100000000002) -> 88 (159.6300000000002) -> 31 (174.6300000000001) -> 52 (194.4800000000001) -> 14 (239.5900000000001) -> 59 (264.8200000000001) -> 98 (278.4299999999999) -> 16 (297.49) -> 44 (313.57) -> 85 (333) -> 5 (351.06) -> 86 (377.34) -> 18 (414.54) -> 30 (452.8199999999999) -> 81 (478.9799999999999) -> 51 (496.1899999999995) -> 50 (517.3699999999991) -> 79 (537.419999999999) -> 22 (587.2699999999991) -> 74 (600.429999999999) -> 97 (632.9) -> 100 (650.5199999999988) -> 37 (663.35) -> 93 (677.8199999999986) -> 13 (699.8599999999985) -> 25 (745.2200000000004) -> 80 (774.4600000000002) -> 77 (791.1700000000002) -> 68 (806.17) -> 101
 - Puntaje            : 578
 - Tiempo de la ruta : 837.55

==> Ejecucion : 21
Gurobi 12.0.0:   lim:time = 150
Gurobi 12.0.0: time limit, feasible solution; objective -0.07724867725
2.05804e+06 simplex iterations
6600 branching nodes
absmipgap=0.175661, relmipgap=2.27397
Informacion Ruta : 1
 - Nodos visitados   : 0 -> 14 (93.1399999999978) -> 44 (108.8) -> 76 (166) -> 30 (196.1199999999978) -> 31 (218.1599999999978) -> 19 (246.05) -> 33 (294.8799999999978) -> 12 (322.1399999999979) -> 72 (351.3799999999979) -> 87 (380.4799999999979) -> 93 (402.1399999999934) -> 94 (420.6799999999934) -> 59 (436.5099999999933) -> 67 (496.2799999999933) -> 39 (516.1799999999932) -> 4 (535.6099999999932) -> 68 (564.6399999999932) -> 13 (604.1699999999931) -> 97 (620.5699999999913) -> 45 (656.0699999999899) -> 37 (688.8699999999899) -> 60 (713.189999999989) -> 24 (771.2) -> 66 (822.4299999999884) -> 89 (876.85) -> 17 (908.4399999999882) -> 101
 - Puntaje            : 492
 - Tiempo de la ruta : 948.85

Informacion Ruta : 2
 - Nodos visitados   : 0 -> 27 (27.28999999999996) -> 28 (44) -> 11 (89) -> 47 (114) -> 95 (160.24) -> 75 (197.53) -> 23 (216.02) -> 15 (251.02) -> 38 (286.02) -> 100 (314.4) -> 5 (336.77) -> 86 (363.05) -> 85 (385.7) -> 18 (414.14) -> 88 (437.5600000000001) -> 81 (476.6300000000001) -> 34 (496.6800000000001) -> 3 (520.82) -> 62 (564.44) -> 49 (595.0300000000001) -> 26 (659.48) -> 74 (686.51) -> 54 (715.9300000000001) -> 58 (747.1399999999986) -> 32 (800.15) -> 91 (864) -> 48 (907.0599999999986) -> 101
 - Puntaje            : 525
 - Tiempo de la ruta : 944.8599999999985



:   MVF      PVF   TCPU1    f1      f2      f3     :=
1   -944      1      150   -944   1815.97   547
2      0   1816.97     1      0      0        0
3      0    548        2      0      0        0
;

:       FN1         FN2          FN3        F1       F2      F3  TCPU2    :=
1    0.0010582   1             1               0      0        0     1
2    0.0010582   1             1               0      0        0     2
3    0.0010582   1             1               0      0        0     2
4    0.0010582   1             1               0      0        0     2
5    0.0010582   1             1               0      0        0     2
6    0.0010582   1             1               0      0        0     0
7    0.614815    0.372477      1            -580   1140.19     0   152
8    0.0010582   1             1               0      0        0   151
9    0.0010582   1             1               0      0        0   151
10   0.0010582   1             1               0      0        0    18
11   0.0010582   1             1               0      0        0     2
12   0.178836    0.757519      1            -168    440.58     0   151
13   0.671958    0.524505      0.992701     -634    863.96     4   151
14   0.0010582   1             1               0      0        0   151
15   0.786243    0.631298     -0.354015     -742    669.92   742   151
16   0.686772    0.232211      0.981752     -648   1395.05    10   151
17   1.06138     0.298662      0.989051    -1002   1274.31     6   151
18   1.12275     0.278122     -0.060219    -1060   1311.63   581   175
19   1.07407     0.0827311     0.864964    -1014   1666.65    74   156
20   1.13439     0.131329     -0.0547445   -1071   1578.35   578   153
21   1.07725     0.00367095    0.0419708   -1017   1810.3    525   152
;

