

:::::::::::::::::::::::::: Descripcion de la Instancia ::::::::::::::::::::::::::

Nodo inicial         : 0 
Nodo final           : 1001 
Tmax                 : 7697 
Numero de nodos      : 1002 
Numero de rutas      : 6 
Numero de categorias : 3 
 - Cuota de la categoria 1 : 286 
 - Cuota de la categoria 2 : 214 
 - Cuota de la categoria 3 : 143 
Funcion Objetivo : 1
Gurobi 12.0.0:   lim:time = 150
Gurobi 12.0.0: time limit, feasible solution; objective -14
0 simplex iterations
1 branching node
absmipgap=108694, relmipgap=7763.86
Funcion Objetivo : 2
Gurobi 12.0.0:   lim:time = 150
Gurobi 12.0.0: optimal solution; objective 0
0 simplex iterations
absmipgap=0.000454222, relmipgap=0
Funcion Objetivo : 3
Gurobi 12.0.0:   lim:time = 150
Gurobi 12.0.0: optimal solution; objective 0
0 simplex iterations
1 branching node
==> Ejecucion : 1
Gurobi 12.0.0:   lim:time = 150
Gurobi 12.0.0: optimal solution; objective 0
0 simplex iterations
1 branching node
Informacion Ruta : 1
 - Nodos visitados   : 0 -> 1001
 - Puntaje            : 0
 - Tiempo de la ruta : 0

Informacion Ruta : 2
 - Nodos visitados   : 0 -> 1001
 - Puntaje            : 0
 - Tiempo de la ruta : 0

Informacion Ruta : 3
 - Nodos visitados   : 0 -> 1001
 - Puntaje            : 0
 - Tiempo de la ruta : 0

Informacion Ruta : 4
 - Nodos visitados   : 0 -> 1001
 - Puntaje            : 0
 - Tiempo de la ruta : 0

Informacion Ruta : 5
 - Nodos visitados   : 0 -> 1001
 - Puntaje            : 0
 - Tiempo de la ruta : 0

Informacion Ruta : 6
 - Nodos visitados   : 0 -> 1001
 - Puntaje            : 0
 - Tiempo de la ruta : 0

==> Ejecucion : 2
Gurobi 12.0.0:   lim:time = 150
Gurobi 12.0.0: optimal solution; objective 0
47797 simplex iterations
1 branching node
absmipgap=1.80996e-07, relmipgap=1e+100
Informacion Ruta : 1
 - Nodos visitados   : 0 -> 1001
 - Puntaje            : 0
 - Tiempo de la ruta : 0

Informacion Ruta : 2
 - Nodos visitados   : 0 -> 1001
 - Puntaje            : 0
 - Tiempo de la ruta : 0

Informacion Ruta : 3
 - Nodos visitados   : 0 -> 1001
 - Puntaje            : 0
 - Tiempo de la ruta : 0

Informacion Ruta : 4
 - Nodos visitados   : 0 -> 1001
 - Puntaje            : 0
 - Tiempo de la ruta : 0

Informacion Ruta : 5
 - Nodos visitados   : 0 -> 1001
 - Puntaje            : 0
 - Tiempo de la ruta : 0

Informacion Ruta : 6
 - Nodos visitados   : 0 -> 1001
 - Puntaje            : 0
 - Tiempo de la ruta : 0

==> Ejecucion : 3
Gurobi 12.0.0:   lim:time = 150
Gurobi 12.0.0: optimal solution; objective 0
80737 simplex iterations
1 branching node
absmipgap=3.61992e-07, relmipgap=1e+100
Informacion Ruta : 1
 - Nodos visitados   : 0 -> 1001
 - Puntaje            : 0
 - Tiempo de la ruta : 0

Informacion Ruta : 2
 - Nodos visitados   : 0 -> 1001
 - Puntaje            : 0
 - Tiempo de la ruta : 0

Informacion Ruta : 3
 - Nodos visitados   : 0 -> 1001
 - Puntaje            : 0
 - Tiempo de la ruta : 0

Informacion Ruta : 4
 - Nodos visitados   : 0 -> 1001
 - Puntaje            : 0
 - Tiempo de la ruta : 0

Informacion Ruta : 5
 - Nodos visitados   : 0 -> 1001
 - Puntaje            : 0
 - Tiempo de la ruta : 0

Informacion Ruta : 6
 - Nodos visitados   : 0 -> 1001
 - Puntaje            : 0
 - Tiempo de la ruta : 0

==> Ejecucion : 4
Gurobi 12.0.0:   lim:time = 150
Gurobi 12.0.0: optimal solution; objective 0
1466 simplex iterations
1 branching node
absmipgap=2.8914e-07, relmipgap=0
Informacion Ruta : 1
 - Nodos visitados   : 0 -> 1001
 - Puntaje            : 0
 - Tiempo de la ruta : 0

Informacion Ruta : 2
 - Nodos visitados   : 0 -> 1001
 - Puntaje            : 0
 - Tiempo de la ruta : 0

Informacion Ruta : 3
 - Nodos visitados   : 0 -> 1001
 - Puntaje            : 0
 - Tiempo de la ruta : 0

Informacion Ruta : 4
 - Nodos visitados   : 0 -> 1001
 - Puntaje            : 0
 - Tiempo de la ruta : 0

Informacion Ruta : 5
 - Nodos visitados   : 0 -> 1001
 - Puntaje            : 0
 - Tiempo de la ruta : 0

Informacion Ruta : 6
 - Nodos visitados   : 0 -> 1001
 - Puntaje            : 0
 - Tiempo de la ruta : 0

==> Ejecucion : 5
Gurobi 12.0.0:   lim:time = 150
Gurobi 12.0.0: optimal solution; objective 0
2 simplex iterations
1 branching node
absmipgap=7.23984e-07, relmipgap=1e+100
Informacion Ruta : 1
 - Nodos visitados   : 0 -> 1001
 - Puntaje            : 0
 - Tiempo de la ruta : 0

Informacion Ruta : 2
 - Nodos visitados   : 0 -> 1001
 - Puntaje            : 0
 - Tiempo de la ruta : 0

Informacion Ruta : 3
 - Nodos visitados   : 0 -> 1001
 - Puntaje            : 0
 - Tiempo de la ruta : 0

Informacion Ruta : 4
 - Nodos visitados   : 0 -> 1001
 - Puntaje            : 0
 - Tiempo de la ruta : 0

Informacion Ruta : 5
 - Nodos visitados   : 0 -> 1001
 - Puntaje            : 0
 - Tiempo de la ruta : 0

Informacion Ruta : 6
 - Nodos visitados   : 0 -> 1001
 - Puntaje            : 0
 - Tiempo de la ruta : 0

==> Ejecucion : 6
Gurobi 12.0.0:   lim:time = 150
Gurobi 12.0.0: optimal solution; objective 0
0 simplex iterations
absmipgap=1.35841e-06, relmipgap=1e+100
Informacion Ruta : 1
 - Nodos visitados   : 0 -> 1001
 - Puntaje            : 0
 - Tiempo de la ruta : 0

Informacion Ruta : 2
 - Nodos visitados   : 0 -> 1001
 - Puntaje            : 0
 - Tiempo de la ruta : 0

Informacion Ruta : 3
 - Nodos visitados   : 0 -> 1001
 - Puntaje            : 0
 - Tiempo de la ruta : 0

Informacion Ruta : 4
 - Nodos visitados   : 0 -> 1001
 - Puntaje            : 0
 - Tiempo de la ruta : 0

Informacion Ruta : 5
 - Nodos visitados   : 0 -> 1001
 - Puntaje            : 0
 - Tiempo de la ruta : 0

Informacion Ruta : 6
 - Nodos visitados   : 0 -> 1001
 - Puntaje            : 0
 - Tiempo de la ruta : 0

==> Ejecucion : 7
Gurobi 12.0.0:   lim:time = 150
Gurobi 12.0.0: time limit, feasible solution; objective 0.1866666667
0 simplex iterations
1 branching node
absmipgap=2415.73, relmipgap=12941.4
Informacion Ruta : 1
 - Nodos visitados   : 0 -> 1001
 - Puntaje            : 0
 - Tiempo de la ruta : 0

Informacion Ruta : 2
 - Nodos visitados   : 0 -> 1001
 - Puntaje            : 0
 - Tiempo de la ruta : 0

Informacion Ruta : 3
 - Nodos visitados   : 0 -> 1001
 - Puntaje            : 0
 - Tiempo de la ruta : 0

Informacion Ruta : 4
 - Nodos visitados   : 0 -> 1001
 - Puntaje            : 0
 - Tiempo de la ruta : 0

Informacion Ruta : 5
 - Nodos visitados   : 0 -> 1001
 - Puntaje            : 0
 - Tiempo de la ruta : 0

Informacion Ruta : 6
 - Nodos visitados   : 0 -> 1001
 - Puntaje            : 0
 - Tiempo de la ruta : 0

==> Ejecucion : 8
Gurobi 12.0.0:   lim:time = 150
Gurobi 12.0.0: time limit, feasible solution; objective 0.1866666667
0 simplex iterations
1 branching node
absmipgap=2135.73, relmipgap=11441.4
Informacion Ruta : 1
 - Nodos visitados   : 0 -> 1001
 - Puntaje            : 0
 - Tiempo de la ruta : 0

Informacion Ruta : 2
 - Nodos visitados   : 0 -> 1001
 - Puntaje            : 0
 - Tiempo de la ruta : 0

Informacion Ruta : 3
 - Nodos visitados   : 0 -> 1001
 - Puntaje            : 0
 - Tiempo de la ruta : 0

Informacion Ruta : 4
 - Nodos visitados   : 0 -> 1001
 - Puntaje            : 0
 - Tiempo de la ruta : 0

Informacion Ruta : 5
 - Nodos visitados   : 0 -> 1001
 - Puntaje            : 0
 - Tiempo de la ruta : 0

Informacion Ruta : 6
 - Nodos visitados   : 0 -> 1001
 - Puntaje            : 0
 - Tiempo de la ruta : 0

==> Ejecucion : 9
Gurobi 12.0.0:   lim:time = 150
Gurobi 12.0.0: time limit, feasible solution; objective 0.1866666667
0 simplex iterations
1 branching node
absmipgap=1855.72, relmipgap=9941.37
Informacion Ruta : 1
 - Nodos visitados   : 0 -> 1001
 - Puntaje            : 0
 - Tiempo de la ruta : 0

Informacion Ruta : 2
 - Nodos visitados   : 0 -> 1001
 - Puntaje            : 0
 - Tiempo de la ruta : 0

Informacion Ruta : 3
 - Nodos visitados   : 0 -> 1001
 - Puntaje            : 0
 - Tiempo de la ruta : 0

Informacion Ruta : 4
 - Nodos visitados   : 0 -> 1001
 - Puntaje            : 0
 - Tiempo de la ruta : 0

Informacion Ruta : 5
 - Nodos visitados   : 0 -> 1001
 - Puntaje            : 0
 - Tiempo de la ruta : 0

Informacion Ruta : 6
 - Nodos visitados   : 0 -> 1001
 - Puntaje            : 0
 - Tiempo de la ruta : 0

==> Ejecucion : 10
Gurobi 12.0.0:   lim:time = 150
Gurobi 12.0.0: time limit, feasible solution; objective 0.1866666667
0 simplex iterations
1 branching node
absmipgap=1576.04, relmipgap=8443.05
Informacion Ruta : 1
 - Nodos visitados   : 0 -> 1001
 - Puntaje            : 0
 - Tiempo de la ruta : 0

Informacion Ruta : 2
 - Nodos visitados   : 0 -> 1001
 - Puntaje            : 0
 - Tiempo de la ruta : 0

Informacion Ruta : 3
 - Nodos visitados   : 0 -> 1001
 - Puntaje            : 0
 - Tiempo de la ruta : 0

Informacion Ruta : 4
 - Nodos visitados   : 0 -> 1001
 - Puntaje            : 0
 - Tiempo de la ruta : 0

Informacion Ruta : 5
 - Nodos visitados   : 0 -> 1001
 - Puntaje            : 0
 - Tiempo de la ruta : 0

Informacion Ruta : 6
 - Nodos visitados   : 0 -> 1001
 - Puntaje            : 0
 - Tiempo de la ruta : 0

==> Ejecucion : 11
Gurobi 12.0.0:   lim:time = 150
Gurobi 12.0.0: time limit, feasible solution; objective 0.1866666667
0 simplex iterations
1 branching node
absmipgap=1296.38, relmipgap=6944.87
Informacion Ruta : 1
 - Nodos visitados   : 0 -> 1001
 - Puntaje            : 0
 - Tiempo de la ruta : 0

Informacion Ruta : 2
 - Nodos visitados   : 0 -> 1001
 - Puntaje            : 0
 - Tiempo de la ruta : 0

Informacion Ruta : 3
 - Nodos visitados   : 0 -> 1001
 - Puntaje            : 0
 - Tiempo de la ruta : 0

Informacion Ruta : 4
 - Nodos visitados   : 0 -> 1001
 - Puntaje            : 0
 - Tiempo de la ruta : 0

Informacion Ruta : 5
 - Nodos visitados   : 0 -> 1001
 - Puntaje            : 0
 - Tiempo de la ruta : 0

Informacion Ruta : 6
 - Nodos visitados   : 0 -> 1001
 - Puntaje            : 0
 - Tiempo de la ruta : 0

==> Ejecucion : 12
Gurobi 12.0.0:   lim:time = 150
Gurobi 12.0.0: time limit, feasible solution; objective 0.3733333333
0 simplex iterations
1 branching node
absmipgap=3623.6, relmipgap=9706.07
Informacion Ruta : 1
 - Nodos visitados   : 0 -> 1001
 - Puntaje            : 0
 - Tiempo de la ruta : 0

Informacion Ruta : 2
 - Nodos visitados   : 0 -> 1001
 - Puntaje            : 0
 - Tiempo de la ruta : 0

Informacion Ruta : 3
 - Nodos visitados   : 0 -> 1001
 - Puntaje            : 0
 - Tiempo de la ruta : 0

Informacion Ruta : 4
 - Nodos visitados   : 0 -> 1001
 - Puntaje            : 0
 - Tiempo de la ruta : 0

Informacion Ruta : 5
 - Nodos visitados   : 0 -> 1001
 - Puntaje            : 0
 - Tiempo de la ruta : 0

Informacion Ruta : 6
 - Nodos visitados   : 0 -> 1001
 - Puntaje            : 0
 - Tiempo de la ruta : 0

==> Ejecucion : 13
Gurobi 12.0.0:   lim:time = 150
Gurobi 12.0.0: time limit, feasible solution; objective 0.3733333333
0 simplex iterations
1 branching node
absmipgap=3343.59, relmipgap=8956.06
Informacion Ruta : 1
 - Nodos visitados   : 0 -> 1001
 - Puntaje            : 0
 - Tiempo de la ruta : 0

Informacion Ruta : 2
 - Nodos visitados   : 0 -> 1001
 - Puntaje            : 0
 - Tiempo de la ruta : 0

Informacion Ruta : 3
 - Nodos visitados   : 0 -> 1001
 - Puntaje            : 0
 - Tiempo de la ruta : 0

Informacion Ruta : 4
 - Nodos visitados   : 0 -> 1001
 - Puntaje            : 0
 - Tiempo de la ruta : 0

Informacion Ruta : 5
 - Nodos visitados   : 0 -> 1001
 - Puntaje            : 0
 - Tiempo de la ruta : 0

Informacion Ruta : 6
 - Nodos visitados   : 0 -> 1001
 - Puntaje            : 0
 - Tiempo de la ruta : 0

==> Ejecucion : 14
Gurobi 12.0.0:   lim:time = 150
Gurobi 12.0.0: time limit, feasible solution; objective 0.3733333333
0 simplex iterations
1 branching node
absmipgap=3063.59, relmipgap=8206.04
Informacion Ruta : 1
 - Nodos visitados   : 0 -> 1001
 - Puntaje            : 0
 - Tiempo de la ruta : 0

Informacion Ruta : 2
 - Nodos visitados   : 0 -> 1001
 - Puntaje            : 0
 - Tiempo de la ruta : 0

Informacion Ruta : 3
 - Nodos visitados   : 0 -> 1001
 - Puntaje            : 0
 - Tiempo de la ruta : 0

Informacion Ruta : 4
 - Nodos visitados   : 0 -> 1001
 - Puntaje            : 0
 - Tiempo de la ruta : 0

Informacion Ruta : 5
 - Nodos visitados   : 0 -> 1001
 - Puntaje            : 0
 - Tiempo de la ruta : 0

Informacion Ruta : 6
 - Nodos visitados   : 0 -> 1001
 - Puntaje            : 0
 - Tiempo de la ruta : 0

==> Ejecucion : 15
Gurobi 12.0.0:   lim:time = 150
Gurobi 12.0.0: time limit, feasible solution; objective 0.3733333333
0 simplex iterations
1 branching node
absmipgap=2783.58, relmipgap=7456.03
Informacion Ruta : 1
 - Nodos visitados   : 0 -> 1001
 - Puntaje            : 0
 - Tiempo de la ruta : 0

Informacion Ruta : 2
 - Nodos visitados   : 0 -> 1001
 - Puntaje            : 0
 - Tiempo de la ruta : 0

Informacion Ruta : 3
 - Nodos visitados   : 0 -> 1001
 - Puntaje            : 0
 - Tiempo de la ruta : 0

Informacion Ruta : 4
 - Nodos visitados   : 0 -> 1001
 - Puntaje            : 0
 - Tiempo de la ruta : 0

Informacion Ruta : 5
 - Nodos visitados   : 0 -> 1001
 - Puntaje            : 0
 - Tiempo de la ruta : 0

Informacion Ruta : 6
 - Nodos visitados   : 0 -> 1001
 - Puntaje            : 0
 - Tiempo de la ruta : 0

==> Ejecucion : 16
Gurobi 12.0.0:   lim:time = 150
Gurobi 12.0.0: time limit, feasible solution; objective 0.3733333333
0 simplex iterations
1 branching node
absmipgap=4831.28, relmipgap=12940.9
Informacion Ruta : 1
 - Nodos visitados   : 0 -> 1 (2329) -> 1001
 - Puntaje            : 0
 - Tiempo de la ruta : 0

Informacion Ruta : 2
 - Nodos visitados   : 0 -> 1001
 - Puntaje            : 0
 - Tiempo de la ruta : 0

Informacion Ruta : 3
 - Nodos visitados   : 0 -> 1001
 - Puntaje            : 0
 - Tiempo de la ruta : 0

Informacion Ruta : 4
 - Nodos visitados   : 0 -> 1001
 - Puntaje            : 0
 - Tiempo de la ruta : 0

Informacion Ruta : 5
 - Nodos visitados   : 0 -> 1001
 - Puntaje            : 0
 - Tiempo de la ruta : 0

Informacion Ruta : 6
 - Nodos visitados   : 0 -> 1001
 - Puntaje            : 0
 - Tiempo de la ruta : 0

==> Ejecucion : 17
Gurobi 12.0.0:   lim:time = 150
Gurobi 12.0.0: time limit, feasible solution; objective 0.56
0 simplex iterations
1 branching node
absmipgap=4551.46, relmipgap=8127.61
Informacion Ruta : 1
 - Nodos visitados   : 0 -> 1001
 - Puntaje            : 0
 - Tiempo de la ruta : 0

Informacion Ruta : 2
 - Nodos visitados   : 0 -> 1001
 - Puntaje            : 0
 - Tiempo de la ruta : 0

Informacion Ruta : 3
 - Nodos visitados   : 0 -> 1001
 - Puntaje            : 0
 - Tiempo de la ruta : 0

Informacion Ruta : 4
 - Nodos visitados   : 0 -> 1001
 - Puntaje            : 0
 - Tiempo de la ruta : 0

Informacion Ruta : 5
 - Nodos visitados   : 0 -> 1001
 - Puntaje            : 0
 - Tiempo de la ruta : 0

Informacion Ruta : 6
 - Nodos visitados   : 0 -> 1001
 - Puntaje            : 0
 - Tiempo de la ruta : 0

==> Ejecucion : 18
Gurobi 12.0.0:   lim:time = 150
Gurobi 12.0.0: time limit, feasible solution; objective 0.56
0 simplex iterations
1 branching node
absmipgap=4271.46, relmipgap=7627.6
Informacion Ruta : 1
 - Nodos visitados   : 0 -> 1001
 - Puntaje            : 0
 - Tiempo de la ruta : 0

Informacion Ruta : 2
 - Nodos visitados   : 0 -> 1001
 - Puntaje            : 0
 - Tiempo de la ruta : 0

Informacion Ruta : 3
 - Nodos visitados   : 0 -> 1001
 - Puntaje            : 0
 - Tiempo de la ruta : 0

Informacion Ruta : 4
 - Nodos visitados   : 0 -> 1001
 - Puntaje            : 0
 - Tiempo de la ruta : 0

Informacion Ruta : 5
 - Nodos visitados   : 0 -> 1001
 - Puntaje            : 0
 - Tiempo de la ruta : 0

Informacion Ruta : 6
 - Nodos visitados   : 0 -> 1001
 - Puntaje            : 0
 - Tiempo de la ruta : 0

==> Ejecucion : 19
Gurobi 12.0.0:   lim:time = 150
Gurobi 12.0.0: time limit, feasible solution; objective 0.1866666667
0 simplex iterations
1 branching node
absmipgap=6038.77, relmipgap=32350.6
Informacion Ruta : 1
 - Nodos visitados   : 0 -> 1 (2329) -> 1001
 - Puntaje            : 0
 - Tiempo de la ruta : 0

Informacion Ruta : 2
 - Nodos visitados   : 0 -> 1001
 - Puntaje            : 0
 - Tiempo de la ruta : 0

Informacion Ruta : 3
 - Nodos visitados   : 0 -> 1001
 - Puntaje            : 0
 - Tiempo de la ruta : 0

Informacion Ruta : 4
 - Nodos visitados   : 0 -> 1001
 - Puntaje            : 0
 - Tiempo de la ruta : 0

Informacion Ruta : 5
 - Nodos visitados   : 0 -> 1001
 - Puntaje            : 0
 - Tiempo de la ruta : 0

Informacion Ruta : 6
 - Nodos visitados   : 0 -> 1001
 - Puntaje            : 0
 - Tiempo de la ruta : 0

==> Ejecucion : 20
Gurobi 12.0.0:   lim:time = 150
Gurobi 12.0.0: time limit, feasible solution; objective 0.7466666667
0 simplex iterations
1 branching node
absmipgap=5759.33, relmipgap=7713.39
Informacion Ruta : 1
 - Nodos visitados   : 0 -> 1001
 - Puntaje            : 0
 - Tiempo de la ruta : 0

Informacion Ruta : 2
 - Nodos visitados   : 0 -> 1001
 - Puntaje            : 0
 - Tiempo de la ruta : 0

Informacion Ruta : 3
 - Nodos visitados   : 0 -> 1001
 - Puntaje            : 0
 - Tiempo de la ruta : 0

Informacion Ruta : 4
 - Nodos visitados   : 0 -> 1001
 - Puntaje            : 0
 - Tiempo de la ruta : 0

Informacion Ruta : 5
 - Nodos visitados   : 0 -> 1001
 - Puntaje            : 0
 - Tiempo de la ruta : 0

Informacion Ruta : 6
 - Nodos visitados   : 0 -> 1001
 - Puntaje            : 0
 - Tiempo de la ruta : 0

==> Ejecucion : 21
Gurobi 12.0.0:   lim:time = 150
Gurobi 12.0.0: time limit, feasible solution; objective 0
0 simplex iterations
1 branching node
absmipgap=7246.27, relmipgap=1e+100
Informacion Ruta : 1
 - Nodos visitados   : 0 -> 1 (2329) -> 1001
 - Puntaje            : 0
 - Tiempo de la ruta : 0

Informacion Ruta : 2
 - Nodos visitados   : 0 -> 1001
 - Puntaje            : 0
 - Tiempo de la ruta : 0

Informacion Ruta : 3
 - Nodos visitados   : 0 -> 1001
 - Puntaje            : 0
 - Tiempo de la ruta : 0

Informacion Ruta : 4
 - Nodos visitados   : 0 -> 1001
 - Puntaje            : 0
 - Tiempo de la ruta : 0

Informacion Ruta : 5
 - Nodos visitados   : 0 -> 1001
 - Puntaje            : 0
 - Tiempo de la ruta : 0

Informacion Ruta : 6
 - Nodos visitados   : 0 -> 1001
 - Puntaje            : 0
 - Tiempo de la ruta : 0



:   MVF    PVF   TCPU1   f1      f2     f3    :=
1   -14     1      681   -14   311.24   14
2     0   312.24   294     0     0       0
3     0    15      289     0     0       0
;

:       FN1         FN2          FN3      F1      F2     F3  TCPU2    :=
1    0.0666667   1            1             0     0       0    296
2    0.0666667   1            1             0     0       0    640
3    0.0666667   1            1             0     0       0   1688
4    0.0666667   1            1             0     0       0   1365
5    0.0666667   1            1             0     0       0    385
6    0.0666667   1            1             0     0       0    260
7    0.0666667   1            1             0     0       0    694
8    0.0666667   1            1             0     0       0   2020
9    0.0666667   1            1             0     0       0   1820
10   0.0666667   1            1             0     0       0   1793
11   0.0666667   1            1             0     0       0   1965
12   0.0666667   1            1             0     0       0   1779
13   0.0666667   1            1             0     0       0   1856
14   0.0666667   1            1             0     0       0   1878
15   0.0666667   1            1             0     0       0   1961
16   1           0.00320266   0.0666667   -14   311.24   14   1804
17   0.0666667   1            1             0     0       0   1990
18   0.0666667   1            1             0     0       0   2118
19   1           0.00320266   0.0666667   -14   311.24   14   2067
20   0.0666667   1            1             0     0       0   2193
21   1           0.00320266   0.0666667   -14   311.24   14   2163
;

