

:::::::::::::::::::::::::: Descripcion de la Instancia ::::::::::::::::::::::::::

Nodo inicial         : 0 
Nodo final           : 1001 
Tmax                 : 7697 
Numero de nodos      : 1002 
Numero de rutas      : 6 
Numero de categorias : 3 
 - Cuota de la categoria 1 : 286 
 - Cuota de la categoria 2 : 214 
 - Cuota de la categoria 3 : 143 
Funcion Objetivo : 1
Gurobi 12.0.0:   lim:time = 150
Gurobi 12.0.0: time limit, without a feasible solution
0 simplex iterations
Funcion Objetivo : 2
Gurobi 12.0.0:   lim:time = 150
Gurobi 12.0.0: time limit, without a feasible solution
0 simplex iterations
Funcion Objetivo : 3
Gurobi 12.0.0:   lim:time = 150
Gurobi 12.0.0: time limit, without a feasible solution
0 simplex iterations
==> Ejecucion : 1
Gurobi 12.0.0:   lim:time = 150
Gurobi 12.0.0: time limit, without a feasible solution
0 simplex iterations
Informacion Ruta : 1
 - Nodos visitados   : 0 ->  [Sin ruta o ruta incompleta]
 - Puntaje            : 0
 - Tiempo de la ruta : 0

Informacion Ruta : 2
 - Nodos visitados   : 0 ->  [Sin ruta o ruta incompleta]
 - Puntaje            : 0
 - Tiempo de la ruta : 0

Informacion Ruta : 3
 - Nodos visitados   : 0 ->  [Sin ruta o ruta incompleta]
 - Puntaje            : 0
 - Tiempo de la ruta : 0

Informacion Ruta : 4
 - Nodos visitados   : 0 ->  [Sin ruta o ruta incompleta]
 - Puntaje            : 0
 - Tiempo de la ruta : 0

Informacion Ruta : 5
 - Nodos visitados   : 0 ->  [Sin ruta o ruta incompleta]
 - Puntaje            : 0
 - Tiempo de la ruta : 0

Informacion Ruta : 6
 - Nodos visitados   : 0 ->  [Sin ruta o ruta incompleta]
 - Puntaje            : 0
 - Tiempo de la ruta : 0

==> Ejecucion : 2
Gurobi 12.0.0:   lim:time = 150
Gurobi 12.0.0: time limit, without a feasible solution
0 simplex iterations
Informacion Ruta : 1
 - Nodos visitados   : 0 ->  [Sin ruta o ruta incompleta]
 - Puntaje            : 0
 - Tiempo de la ruta : 0

Informacion Ruta : 2
 - Nodos visitados   : 0 ->  [Sin ruta o ruta incompleta]
 - Puntaje            : 0
 - Tiempo de la ruta : 0

Informacion Ruta : 3
 - Nodos visitados   : 0 ->  [Sin ruta o ruta incompleta]
 - Puntaje            : 0
 - Tiempo de la ruta : 0

Informacion Ruta : 4
 - Nodos visitados   : 0 ->  [Sin ruta o ruta incompleta]
 - Puntaje            : 0
 - Tiempo de la ruta : 0

Informacion Ruta : 5
 - Nodos visitados   : 0 ->  [Sin ruta o ruta incompleta]
 - Puntaje            : 0
 - Tiempo de la ruta : 0

Informacion Ruta : 6
 - Nodos visitados   : 0 ->  [Sin ruta o ruta incompleta]
 - Puntaje            : 0
 - Tiempo de la ruta : 0

==> Ejecucion : 3
Gurobi 12.0.0:   lim:time = 150
Gurobi 12.0.0: time limit, without a feasible solution
0 simplex iterations
Informacion Ruta : 1
 - Nodos visitados   : 0 ->  [Sin ruta o ruta incompleta]
 - Puntaje            : 0
 - Tiempo de la ruta : 0

Informacion Ruta : 2
 - Nodos visitados   : 0 ->  [Sin ruta o ruta incompleta]
 - Puntaje            : 0
 - Tiempo de la ruta : 0

Informacion Ruta : 3
 - Nodos visitados   : 0 ->  [Sin ruta o ruta incompleta]
 - Puntaje            : 0
 - Tiempo de la ruta : 0

Informacion Ruta : 4
 - Nodos visitados   : 0 ->  [Sin ruta o ruta incompleta]
 - Puntaje            : 0
 - Tiempo de la ruta : 0

Informacion Ruta : 5
 - Nodos visitados   : 0 ->  [Sin ruta o ruta incompleta]
 - Puntaje            : 0
 - Tiempo de la ruta : 0

Informacion Ruta : 6
 - Nodos visitados   : 0 ->  [Sin ruta o ruta incompleta]
 - Puntaje            : 0
 - Tiempo de la ruta : 0

==> Ejecucion : 4
Gurobi 12.0.0:   lim:time = 150
Gurobi 12.0.0: time limit, without a feasible solution
0 simplex iterations
Informacion Ruta : 1
 - Nodos visitados   : 0 ->  [Sin ruta o ruta incompleta]
 - Puntaje            : 0
 - Tiempo de la ruta : 0

Informacion Ruta : 2
 - Nodos visitados   : 0 ->  [Sin ruta o ruta incompleta]
 - Puntaje            : 0
 - Tiempo de la ruta : 0

Informacion Ruta : 3
 - Nodos visitados   : 0 ->  [Sin ruta o ruta incompleta]
 - Puntaje            : 0
 - Tiempo de la ruta : 0

Informacion Ruta : 4
 - Nodos visitados   : 0 ->  [Sin ruta o ruta incompleta]
 - Puntaje            : 0
 - Tiempo de la ruta : 0

Informacion Ruta : 5
 - Nodos visitados   : 0 ->  [Sin ruta o ruta incompleta]
 - Puntaje            : 0
 - Tiempo de la ruta : 0

Informacion Ruta : 6
 - Nodos visitados   : 0 ->  [Sin ruta o ruta incompleta]
 - Puntaje            : 0
 - Tiempo de la ruta : 0

==> Ejecucion : 5
Gurobi 12.0.0:   lim:time = 150
Gurobi 12.0.0: time limit, without a feasible solution
0 simplex iterations
Informacion Ruta : 1
 - Nodos visitados   : 0 ->  [Sin ruta o ruta incompleta]
 - Puntaje            : 0
 - Tiempo de la ruta : 0

Informacion Ruta : 2
 - Nodos visitados   : 0 ->  [Sin ruta o ruta incompleta]
 - Puntaje            : 0
 - Tiempo de la ruta : 0

Informacion Ruta : 3
 - Nodos visitados   : 0 ->  [Sin ruta o ruta incompleta]
 - Puntaje            : 0
 - Tiempo de la ruta : 0

Informacion Ruta : 4
 - Nodos visitados   : 0 ->  [Sin ruta o ruta incompleta]
 - Puntaje            : 0
 - Tiempo de la ruta : 0

Informacion Ruta : 5
 - Nodos visitados   : 0 ->  [Sin ruta o ruta incompleta]
 - Puntaje            : 0
 - Tiempo de la ruta : 0

Informacion Ruta : 6
 - Nodos visitados   : 0 ->  [Sin ruta o ruta incompleta]
 - Puntaje            : 0
 - Tiempo de la ruta : 0

==> Ejecucion : 6
Gurobi 12.0.0:   lim:time = 150
Gurobi 12.0.0: time limit, without a feasible solution
0 simplex iterations
Informacion Ruta : 1
 - Nodos visitados   : 0 ->  [Sin ruta o ruta incompleta]
 - Puntaje            : 0
 - Tiempo de la ruta : 0

Informacion Ruta : 2
 - Nodos visitados   : 0 ->  [Sin ruta o ruta incompleta]
 - Puntaje            : 0
 - Tiempo de la ruta : 0

Informacion Ruta : 3
 - Nodos visitados   : 0 ->  [Sin ruta o ruta incompleta]
 - Puntaje            : 0
 - Tiempo de la ruta : 0

Informacion Ruta : 4
 - Nodos visitados   : 0 ->  [Sin ruta o ruta incompleta]
 - Puntaje            : 0
 - Tiempo de la ruta : 0

Informacion Ruta : 5
 - Nodos visitados   : 0 ->  [Sin ruta o ruta incompleta]
 - Puntaje            : 0
 - Tiempo de la ruta : 0

Informacion Ruta : 6
 - Nodos visitados   : 0 ->  [Sin ruta o ruta incompleta]
 - Puntaje            : 0
 - Tiempo de la ruta : 0

==> Ejecucion : 7
Gurobi 12.0.0:   lim:time = 150
Gurobi 12.0.0: time limit, without a feasible solution
0 simplex iterations
Informacion Ruta : 1
 - Nodos visitados   : 0 ->  [Sin ruta o ruta incompleta]
 - Puntaje            : 0
 - Tiempo de la ruta : 0

Informacion Ruta : 2
 - Nodos visitados   : 0 ->  [Sin ruta o ruta incompleta]
 - Puntaje            : 0
 - Tiempo de la ruta : 0

Informacion Ruta : 3
 - Nodos visitados   : 0 ->  [Sin ruta o ruta incompleta]
 - Puntaje            : 0
 - Tiempo de la ruta : 0

Informacion Ruta : 4
 - Nodos visitados   : 0 ->  [Sin ruta o ruta incompleta]
 - Puntaje            : 0
 - Tiempo de la ruta : 0

Informacion Ruta : 5
 - Nodos visitados   : 0 ->  [Sin ruta o ruta incompleta]
 - Puntaje            : 0
 - Tiempo de la ruta : 0

Informacion Ruta : 6
 - Nodos visitados   : 0 ->  [Sin ruta o ruta incompleta]
 - Puntaje            : 0
 - Tiempo de la ruta : 0

==> Ejecucion : 8
Gurobi 12.0.0:   lim:time = 150
Gurobi 12.0.0: time limit, without a feasible solution
0 simplex iterations
Informacion Ruta : 1
 - Nodos visitados   : 0 ->  [Sin ruta o ruta incompleta]
 - Puntaje            : 0
 - Tiempo de la ruta : 0

Informacion Ruta : 2
 - Nodos visitados   : 0 ->  [Sin ruta o ruta incompleta]
 - Puntaje            : 0
 - Tiempo de la ruta : 0

Informacion Ruta : 3
 - Nodos visitados   : 0 ->  [Sin ruta o ruta incompleta]
 - Puntaje            : 0
 - Tiempo de la ruta : 0

Informacion Ruta : 4
 - Nodos visitados   : 0 ->  [Sin ruta o ruta incompleta]
 - Puntaje            : 0
 - Tiempo de la ruta : 0

Informacion Ruta : 5
 - Nodos visitados   : 0 ->  [Sin ruta o ruta incompleta]
 - Puntaje            : 0
 - Tiempo de la ruta : 0

Informacion Ruta : 6
 - Nodos visitados   : 0 ->  [Sin ruta o ruta incompleta]
 - Puntaje            : 0
 - Tiempo de la ruta : 0

==> Ejecucion : 9
Gurobi 12.0.0:   lim:time = 150
Gurobi 12.0.0: time limit, without a feasible solution
0 simplex iterations
Informacion Ruta : 1
 - Nodos visitados   : 0 ->  [Sin ruta o ruta incompleta]
 - Puntaje            : 0
 - Tiempo de la ruta : 0

Informacion Ruta : 2
 - Nodos visitados   : 0 ->  [Sin ruta o ruta incompleta]
 - Puntaje            : 0
 - Tiempo de la ruta : 0

Informacion Ruta : 3
 - Nodos visitados   : 0 ->  [Sin ruta o ruta incompleta]
 - Puntaje            : 0
 - Tiempo de la ruta : 0

Informacion Ruta : 4
 - Nodos visitados   : 0 ->  [Sin ruta o ruta incompleta]
 - Puntaje            : 0
 - Tiempo de la ruta : 0

Informacion Ruta : 5
 - Nodos visitados   : 0 ->  [Sin ruta o ruta incompleta]
 - Puntaje            : 0
 - Tiempo de la ruta : 0

Informacion Ruta : 6
 - Nodos visitados   : 0 ->  [Sin ruta o ruta incompleta]
 - Puntaje            : 0
 - Tiempo de la ruta : 0

==> Ejecucion : 10
Gurobi 12.0.0:   lim:time = 150
Gurobi 12.0.0: time limit, without a feasible solution
0 simplex iterations
Informacion Ruta : 1
 - Nodos visitados   : 0 ->  [Sin ruta o ruta incompleta]
 - Puntaje            : 0
 - Tiempo de la ruta : 0

Informacion Ruta : 2
 - Nodos visitados   : 0 ->  [Sin ruta o ruta incompleta]
 - Puntaje            : 0
 - Tiempo de la ruta : 0

Informacion Ruta : 3
 - Nodos visitados   : 0 ->  [Sin ruta o ruta incompleta]
 - Puntaje            : 0
 - Tiempo de la ruta : 0

Informacion Ruta : 4
 - Nodos visitados   : 0 ->  [Sin ruta o ruta incompleta]
 - Puntaje            : 0
 - Tiempo de la ruta : 0

Informacion Ruta : 5
 - Nodos visitados   : 0 ->  [Sin ruta o ruta incompleta]
 - Puntaje            : 0
 - Tiempo de la ruta : 0

Informacion Ruta : 6
 - Nodos visitados   : 0 ->  [Sin ruta o ruta incompleta]
 - Puntaje            : 0
 - Tiempo de la ruta : 0

==> Ejecucion : 11
Gurobi 12.0.0:   lim:time = 150
Gurobi 12.0.0: time limit, without a feasible solution
0 simplex iterations
Informacion Ruta : 1
 - Nodos visitados   : 0 ->  [Sin ruta o ruta incompleta]
 - Puntaje            : 0
 - Tiempo de la ruta : 0

Informacion Ruta : 2
 - Nodos visitados   : 0 ->  [Sin ruta o ruta incompleta]
 - Puntaje            : 0
 - Tiempo de la ruta : 0

Informacion Ruta : 3
 - Nodos visitados   : 0 ->  [Sin ruta o ruta incompleta]
 - Puntaje            : 0
 - Tiempo de la ruta : 0

Informacion Ruta : 4
 - Nodos visitados   : 0 ->  [Sin ruta o ruta incompleta]
 - Puntaje            : 0
 - Tiempo de la ruta : 0

Informacion Ruta : 5
 - Nodos visitados   : 0 ->  [Sin ruta o ruta incompleta]
 - Puntaje            : 0
 - Tiempo de la ruta : 0

Informacion Ruta : 6
 - Nodos visitados   : 0 ->  [Sin ruta o ruta incompleta]
 - Puntaje            : 0
 - Tiempo de la ruta : 0

==> Ejecucion : 12
Gurobi 12.0.0:   lim:time = 150
Gurobi 12.0.0: time limit, without a feasible solution
0 simplex iterations
Informacion Ruta : 1
 - Nodos visitados   : 0 ->  [Sin ruta o ruta incompleta]
 - Puntaje            : 0
 - Tiempo de la ruta : 0

Informacion Ruta : 2
 - Nodos visitados   : 0 ->  [Sin ruta o ruta incompleta]
 - Puntaje            : 0
 - Tiempo de la ruta : 0

Informacion Ruta : 3
 - Nodos visitados   : 0 ->  [Sin ruta o ruta incompleta]
 - Puntaje            : 0
 - Tiempo de la ruta : 0

Informacion Ruta : 4
 - Nodos visitados   : 0 ->  [Sin ruta o ruta incompleta]
 - Puntaje            : 0
 - Tiempo de la ruta : 0

Informacion Ruta : 5
 - Nodos visitados   : 0 ->  [Sin ruta o ruta incompleta]
 - Puntaje            : 0
 - Tiempo de la ruta : 0

Informacion Ruta : 6
 - Nodos visitados   : 0 ->  [Sin ruta o ruta incompleta]
 - Puntaje            : 0
 - Tiempo de la ruta : 0

==> Ejecucion : 13
Gurobi 12.0.0:   lim:time = 150
Gurobi 12.0.0: time limit, without a feasible solution
0 simplex iterations
Informacion Ruta : 1
 - Nodos visitados   : 0 ->  [Sin ruta o ruta incompleta]
 - Puntaje            : 0
 - Tiempo de la ruta : 0

Informacion Ruta : 2
 - Nodos visitados   : 0 ->  [Sin ruta o ruta incompleta]
 - Puntaje            : 0
 - Tiempo de la ruta : 0

Informacion Ruta : 3
 - Nodos visitados   : 0 ->  [Sin ruta o ruta incompleta]
 - Puntaje            : 0
 - Tiempo de la ruta : 0

Informacion Ruta : 4
 - Nodos visitados   : 0 ->  [Sin ruta o ruta incompleta]
 - Puntaje            : 0
 - Tiempo de la ruta : 0

Informacion Ruta : 5
 - Nodos visitados   : 0 ->  [Sin ruta o ruta incompleta]
 - Puntaje            : 0
 - Tiempo de la ruta : 0

Informacion Ruta : 6
 - Nodos visitados   : 0 ->  [Sin ruta o ruta incompleta]
 - Puntaje            : 0
 - Tiempo de la ruta : 0

==> Ejecucion : 14
Gurobi 12.0.0:   lim:time = 150
Gurobi 12.0.0: time limit, without a feasible solution
0 simplex iterations
Informacion Ruta : 1
 - Nodos visitados   : 0 ->  [Sin ruta o ruta incompleta]
 - Puntaje            : 0
 - Tiempo de la ruta : 0

Informacion Ruta : 2
 - Nodos visitados   : 0 ->  [Sin ruta o ruta incompleta]
 - Puntaje            : 0
 - Tiempo de la ruta : 0

Informacion Ruta : 3
 - Nodos visitados   : 0 ->  [Sin ruta o ruta incompleta]
 - Puntaje            : 0
 - Tiempo de la ruta : 0

Informacion Ruta : 4
 - Nodos visitados   : 0 ->  [Sin ruta o ruta incompleta]
 - Puntaje            : 0
 - Tiempo de la ruta : 0

Informacion Ruta : 5
 - Nodos visitados   : 0 ->  [Sin ruta o ruta incompleta]
 - Puntaje            : 0
 - Tiempo de la ruta : 0

Informacion Ruta : 6
 - Nodos visitados   : 0 ->  [Sin ruta o ruta incompleta]
 - Puntaje            : 0
 - Tiempo de la ruta : 0

==> Ejecucion : 15
Gurobi 12.0.0:   lim:time = 150
Gurobi 12.0.0: time limit, without a feasible solution
0 simplex iterations
Informacion Ruta : 1
 - Nodos visitados   : 0 ->  [Sin ruta o ruta incompleta]
 - Puntaje            : 0
 - Tiempo de la ruta : 0

Informacion Ruta : 2
 - Nodos visitados   : 0 ->  [Sin ruta o ruta incompleta]
 - Puntaje            : 0
 - Tiempo de la ruta : 0

Informacion Ruta : 3
 - Nodos visitados   : 0 ->  [Sin ruta o ruta incompleta]
 - Puntaje            : 0
 - Tiempo de la ruta : 0

Informacion Ruta : 4
 - Nodos visitados   : 0 ->  [Sin ruta o ruta incompleta]
 - Puntaje            : 0
 - Tiempo de la ruta : 0

Informacion Ruta : 5
 - Nodos visitados   : 0 ->  [Sin ruta o ruta incompleta]
 - Puntaje            : 0
 - Tiempo de la ruta : 0

Informacion Ruta : 6
 - Nodos visitados   : 0 ->  [Sin ruta o ruta incompleta]
 - Puntaje            : 0
 - Tiempo de la ruta : 0

==> Ejecucion : 16
Gurobi 12.0.0:   lim:time = 150
Gurobi 12.0.0: time limit, without a feasible solution
0 simplex iterations
Informacion Ruta : 1
 - Nodos visitados   : 0 ->  [Sin ruta o ruta incompleta]
 - Puntaje            : 0
 - Tiempo de la ruta : 0

Informacion Ruta : 2
 - Nodos visitados   : 0 ->  [Sin ruta o ruta incompleta]
 - Puntaje            : 0
 - Tiempo de la ruta : 0

Informacion Ruta : 3
 - Nodos visitados   : 0 ->  [Sin ruta o ruta incompleta]
 - Puntaje            : 0
 - Tiempo de la ruta : 0

Informacion Ruta : 4
 - Nodos visitados   : 0 ->  [Sin ruta o ruta incompleta]
 - Puntaje            : 0
 - Tiempo de la ruta : 0

Informacion Ruta : 5
 - Nodos visitados   : 0 ->  [Sin ruta o ruta incompleta]
 - Puntaje            : 0
 - Tiempo de la ruta : 0

Informacion Ruta : 6
 - Nodos visitados   : 0 ->  [Sin ruta o ruta incompleta]
 - Puntaje            : 0
 - Tiempo de la ruta : 0

==> Ejecucion : 17
Gurobi 12.0.0:   lim:time = 150
Gurobi 12.0.0: time limit, without a feasible solution
0 simplex iterations
Informacion Ruta : 1
 - Nodos visitados   : 0 ->  [Sin ruta o ruta incompleta]
 - Puntaje            : 0
 - Tiempo de la ruta : 0

Informacion Ruta : 2
 - Nodos visitados   : 0 ->  [Sin ruta o ruta incompleta]
 - Puntaje            : 0
 - Tiempo de la ruta : 0

Informacion Ruta : 3
 - Nodos visitados   : 0 ->  [Sin ruta o ruta incompleta]
 - Puntaje            : 0
 - Tiempo de la ruta : 0

Informacion Ruta : 4
 - Nodos visitados   : 0 ->  [Sin ruta o ruta incompleta]
 - Puntaje            : 0
 - Tiempo de la ruta : 0

Informacion Ruta : 5
 - Nodos visitados   : 0 ->  [Sin ruta o ruta incompleta]
 - Puntaje            : 0
 - Tiempo de la ruta : 0

Informacion Ruta : 6
 - Nodos visitados   : 0 ->  [Sin ruta o ruta incompleta]
 - Puntaje            : 0
 - Tiempo de la ruta : 0

==> Ejecucion : 18
Gurobi 12.0.0:   lim:time = 150
Gurobi 12.0.0: time limit, without a feasible solution
0 simplex iterations
Informacion Ruta : 1
 - Nodos visitados   : 0 ->  [Sin ruta o ruta incompleta]
 - Puntaje            : 0
 - Tiempo de la ruta : 0

Informacion Ruta : 2
 - Nodos visitados   : 0 ->  [Sin ruta o ruta incompleta]
 - Puntaje            : 0
 - Tiempo de la ruta : 0

Informacion Ruta : 3
 - Nodos visitados   : 0 ->  [Sin ruta o ruta incompleta]
 - Puntaje            : 0
 - Tiempo de la ruta : 0

Informacion Ruta : 4
 - Nodos visitados   : 0 ->  [Sin ruta o ruta incompleta]
 - Puntaje            : 0
 - Tiempo de la ruta : 0

Informacion Ruta : 5
 - Nodos visitados   : 0 ->  [Sin ruta o ruta incompleta]
 - Puntaje            : 0
 - Tiempo de la ruta : 0

Informacion Ruta : 6
 - Nodos visitados   : 0 ->  [Sin ruta o ruta incompleta]
 - Puntaje            : 0
 - Tiempo de la ruta : 0

==> Ejecucion : 19
Gurobi 12.0.0:   lim:time = 150
Gurobi 12.0.0: time limit, without a feasible solution
0 simplex iterations
Informacion Ruta : 1
 - Nodos visitados   : 0 ->  [Sin ruta o ruta incompleta]
 - Puntaje            : 0
 - Tiempo de la ruta : 0

Informacion Ruta : 2
 - Nodos visitados   : 0 ->  [Sin ruta o ruta incompleta]
 - Puntaje            : 0
 - Tiempo de la ruta : 0

Informacion Ruta : 3
 - Nodos visitados   : 0 ->  [Sin ruta o ruta incompleta]
 - Puntaje            : 0
 - Tiempo de la ruta : 0

Informacion Ruta : 4
 - Nodos visitados   : 0 ->  [Sin ruta o ruta incompleta]
 - Puntaje            : 0
 - Tiempo de la ruta : 0

Informacion Ruta : 5
 - Nodos visitados   : 0 ->  [Sin ruta o ruta incompleta]
 - Puntaje            : 0
 - Tiempo de la ruta : 0

Informacion Ruta : 6
 - Nodos visitados   : 0 ->  [Sin ruta o ruta incompleta]
 - Puntaje            : 0
 - Tiempo de la ruta : 0

==> Ejecucion : 20
Gurobi 12.0.0:   lim:time = 150
Gurobi 12.0.0: time limit, without a feasible solution
0 simplex iterations
Informacion Ruta : 1
 - Nodos visitados   : 0 ->  [Sin ruta o ruta incompleta]
 - Puntaje            : 0
 - Tiempo de la ruta : 0

Informacion Ruta : 2
 - Nodos visitados   : 0 ->  [Sin ruta o ruta incompleta]
 - Puntaje            : 0
 - Tiempo de la ruta : 0

Informacion Ruta : 3
 - Nodos visitados   : 0 ->  [Sin ruta o ruta incompleta]
 - Puntaje            : 0
 - Tiempo de la ruta : 0

Informacion Ruta : 4
 - Nodos visitados   : 0 ->  [Sin ruta o ruta incompleta]
 - Puntaje            : 0
 - Tiempo de la ruta : 0

Informacion Ruta : 5
 - Nodos visitados   : 0 ->  [Sin ruta o ruta incompleta]
 - Puntaje            : 0
 - Tiempo de la ruta : 0

Informacion Ruta : 6
 - Nodos visitados   : 0 ->  [Sin ruta o ruta incompleta]
 - Puntaje            : 0
 - Tiempo de la ruta : 0

==> Ejecucion : 21
Gurobi 12.0.0:   lim:time = 150
Gurobi 12.0.0: time limit, without a feasible solution
0 simplex iterations
Informacion Ruta : 1
 - Nodos visitados   : 0 ->  [Sin ruta o ruta incompleta]
 - Puntaje            : 0
 - Tiempo de la ruta : 0

Informacion Ruta : 2
 - Nodos visitados   : 0 ->  [Sin ruta o ruta incompleta]
 - Puntaje            : 0
 - Tiempo de la ruta : 0

Informacion Ruta : 3
 - Nodos visitados   : 0 ->  [Sin ruta o ruta incompleta]
 - Puntaje            : 0
 - Tiempo de la ruta : 0

Informacion Ruta : 4
 - Nodos visitados   : 0 ->  [Sin ruta o ruta incompleta]
 - Puntaje            : 0
 - Tiempo de la ruta : 0

Informacion Ruta : 5
 - Nodos visitados   : 0 ->  [Sin ruta o ruta incompleta]
 - Puntaje            : 0
 - Tiempo de la ruta : 0

Informacion Ruta : 6
 - Nodos visitados   : 0 ->  [Sin ruta o ruta incompleta]
 - Puntaje            : 0
 - Tiempo de la ruta : 0



: MVF PVF  TCPU1  f1  f2  f3    :=
1   0   1   3566   0   0   0
2   0   1    775   0   0   0
3   0   1   1649   0   0   0
;

:  FN1 FN2 FN3  F1  F2  F3  TCPU2    :=
1    1   1   1   0   0   0   1071
2    1   1   1   0   0   0   1782
3    1   1   1   0   0   0   1522
4    1   1   1   0   0   0   2257
5    1   1   1   0   0   0   1323
6    1   1   1   0   0   0   1672
7    1   1   1   0   0   0   1022
8    1   1   1   0   0   0   3532
9    1   1   1   0   0   0   3015
10   1   1   1   0   0   0   1584
11   1   1   1   0   0   0   7036
12   1   1   1   0   0   0   4341
13   1   1   1   0   0   0   2142
14   1   1   1   0   0   0   4823
15   1   1   1   0   0   0   1580
16   1   1   1   0   0   0   2116
17   1   1   1   0   0   0    652
18   1   1   1   0   0   0   1486
19   1   1   1   0   0   0   1128
20   1   1   1   0   0   0   1225
21   1   1   1   0   0   0   1467
;

