

:::::::::::::::::::::::::: Descripcion de la Instancia ::::::::::::::::::::::::::

Nodo inicial         : 0 
Nodo final           : 201 
Tmax                 : 2535 
Numero de nodos      : 202 
Numero de rutas      : 2 
Numero de categorias : 3 
 - Cuota de la categoria 1 : 57 
 - Cuota de la categoria 2 : 43 
 - Cuota de la categoria 3 : 29 
Funcion Objetivo : 1
Gurobi 12.0.0:   lim:time = 150
Gurobi 12.0.0: time limit, feasible solution; objective -927
47183 simplex iterations
1 branching node
absmipgap=1855, relmipgap=2.00108
Funcion Objetivo : 2
Gurobi 12.0.0:   lim:time = 150
Gurobi 12.0.0: optimal solution; objective 0
0 simplex iterations
absmipgap=2.87462e-09, relmipgap=0
Funcion Objetivo : 3
Gurobi 12.0.0:   lim:time = 150
Gurobi 12.0.0: optimal solution; objective 0
0 simplex iterations
1 branching node
==> Ejecucion : 1
Gurobi 12.0.0:   lim:time = 150
Gurobi 12.0.0: optimal solution; objective 0
0 simplex iterations
1 branching node
Informacion Ruta : 1
 - Nodos visitados   : 0 -> 201
 - Puntaje            : 0
 - Tiempo de la ruta : 0

Informacion Ruta : 2
 - Nodos visitados   : 0 -> 201
 - Puntaje            : 0
 - Tiempo de la ruta : 0

==> Ejecucion : 2
Gurobi 12.0.0:   lim:time = 150
Gurobi 12.0.0: optimal solution; objective 0
169 simplex iterations
1 branching node
absmipgap=3.78072e-13, relmipgap=0
Informacion Ruta : 1
 - Nodos visitados   : 0 -> 201
 - Puntaje            : 0
 - Tiempo de la ruta : 0

Informacion Ruta : 2
 - Nodos visitados   : 0 -> 201
 - Puntaje            : 0
 - Tiempo de la ruta : 0

==> Ejecucion : 3
Gurobi 12.0.0:   lim:time = 150
Gurobi 12.0.0: optimal solution; objective 0
183 simplex iterations
1 branching node
absmipgap=7.56145e-13, relmipgap=0
Informacion Ruta : 1
 - Nodos visitados   : 0 -> 201
 - Puntaje            : 0
 - Tiempo de la ruta : 0

Informacion Ruta : 2
 - Nodos visitados   : 0 -> 201
 - Puntaje            : 0
 - Tiempo de la ruta : 0

==> Ejecucion : 4
Gurobi 12.0.0:   lim:time = 150
Gurobi 12.0.0: optimal solution; objective 0
185 simplex iterations
1 branching node
absmipgap=1.69606e-12, relmipgap=0
Informacion Ruta : 1
 - Nodos visitados   : 0 -> 201
 - Puntaje            : 0
 - Tiempo de la ruta : 0

Informacion Ruta : 2
 - Nodos visitados   : 0 -> 201
 - Puntaje            : 0
 - Tiempo de la ruta : 0

==> Ejecucion : 5
Gurobi 12.0.0:   lim:time = 150
Gurobi 12.0.0: optimal solution; objective 0
3 simplex iterations
1 branching node
absmipgap=1.51229e-12, relmipgap=0
Informacion Ruta : 1
 - Nodos visitados   : 0 -> 201
 - Puntaje            : 0
 - Tiempo de la ruta : 0

Informacion Ruta : 2
 - Nodos visitados   : 0 -> 201
 - Puntaje            : 0
 - Tiempo de la ruta : 0

==> Ejecucion : 6
Gurobi 12.0.0:   lim:time = 150
Gurobi 12.0.0: optimal solution; objective 0
0 simplex iterations
absmipgap=1.57998e-12, relmipgap=0
Informacion Ruta : 1
 - Nodos visitados   : 0 -> 201
 - Puntaje            : 0
 - Tiempo de la ruta : 0

Informacion Ruta : 2
 - Nodos visitados   : 0 -> 201
 - Puntaje            : 0
 - Tiempo de la ruta : 0

==> Ejecucion : 7
Gurobi 12.0.0:   lim:time = 150
Gurobi 12.0.0: time limit, feasible solution; objective 0.02095297196
43024 simplex iterations
1 branching node
absmipgap=0.420737, relmipgap=20.0801
Informacion Ruta : 1
 - Nodos visitados   : 0 -> 123 (273.6099999999924) -> 73 (316.3099999999967) -> 136 (391.5299999999983) -> 162 (533) -> 115 (604.029999999992) -> 135 (703.589999999992) -> 12 (729.7099999999919) -> 190 (774.6) -> 174 (851.3599999999919) -> 154 (868.9799999999918) -> 181 (891.0199999999918) -> 60 (941.7399999999916) -> 178 (982.7599999999916) -> 45 (1054.089999999992) -> 176 (1126.159999999991) -> 38 (1223.25) -> 79 (1297.789999999991) -> 147 (1431.779999999991) -> 120 (1475.789999999991) -> 99 (1550.639999999991) -> 23 (1582.179999999991) -> 201
 - Puntaje            : 418
 - Tiempo de la ruta : 1602.809999999991

Informacion Ruta : 2
 - Nodos visitados   : 0 -> 51 (1346.769999999996) -> 81 (1373.769999999996) -> 129 (1415.15) -> 43 (1430.15) -> 186 (1491.139999999996) -> 4 (1578.339999999995) -> 30 (1620.539999999995) -> 109 (1648.429999999998) -> 110 (1666.68) -> 54 (1691) -> 153 (1748.409999999999) -> 113 (1775.529999999995) -> 56 (1844.609999999995) -> 25 (1917.239999999988) -> 70 (1938.009999999987) -> 148 (1959.409999999988) -> 80 (1985.809999999988) -> 193 (2083.019999999988) -> 40 (2100.829999999988) -> 57 (2176.35) -> 126 (2215.419999999988) -> 201
 - Puntaje            : 419
 - Tiempo de la ruta : 2277.85

==> Ejecucion : 8
Gurobi 12.0.0:   lim:time = 150
Gurobi 12.0.0: time limit, feasible solution; objective 0.1824920776
21041 simplex iterations
1 branching node
absmipgap=0.396026, relmipgap=2.1701
Informacion Ruta : 1
 - Nodos visitados   : 0 -> 18 (9.2199999999998) -> 67 (25.92999999999984) -> 201
 - Puntaje            : 59
 - Tiempo de la ruta : 51.73999999999978

Informacion Ruta : 2
 - Nodos visitados   : 0 -> 99 (1893.95) -> 171 (1908.07) -> 80 (1931.07) -> 201
 - Puntaje            : 59
 - Tiempo de la ruta : 1942.07

==> Ejecucion : 9
Gurobi 12.0.0:   lim:time = 150
Gurobi 12.0.0: time limit, feasible solution; objective 0.1864879587
103951 simplex iterations
780 branching nodes
absmipgap=0.242726, relmipgap=1.30157
Informacion Ruta : 1
 - Nodos visitados   : 0 -> 99 (13) -> 168 (32.48999999999614) -> 67 (50.3) -> 23 (74.18999999999987) -> 111 (102.2200000000001) -> 201
 - Puntaje            : 118
 - Tiempo de la ruta : 128.03

Informacion Ruta : 2
 - Nodos visitados   : 0 -> 163 (1885.06) -> 148 (1899.53) -> 53 (1914) -> 171 (1930.32) -> 164 (1942.559999999996) -> 18 (1968.679999999996) -> 201
 - Puntaje            : 121
 - Tiempo de la ruta : 1987.9

==> Ejecucion : 10
Gurobi 12.0.0:   lim:time = 150
Gurobi 12.0.0: time limit, feasible solution; objective 0.1997844828
67407 simplex iterations
826 branching nodes
absmipgap=0.119118, relmipgap=0.596231
Informacion Ruta : 1
 - Nodos visitados   : 0 -> 201
 - Puntaje            : 0
 - Tiempo de la ruta : 0

Informacion Ruta : 2
 - Nodos visitados   : 0 -> 201
 - Puntaje            : 0
 - Tiempo de la ruta : 0

==> Ejecucion : 11
Gurobi 12.0.0:   lim:time = 150
Gurobi 12.0.0: time limit, feasible solution; objective 0.1997844828
49672 simplex iterations
3477 branching nodes
absmipgap=0.0421705, relmipgap=0.21108
Informacion Ruta : 1
 - Nodos visitados   : 0 -> 201
 - Puntaje            : 0
 - Tiempo de la ruta : 0

Informacion Ruta : 2
 - Nodos visitados   : 0 -> 201
 - Puntaje            : 0
 - Tiempo de la ruta : 0

==> Ejecucion : 12
Gurobi 12.0.0:   lim:time = 150
Gurobi 12.0.0: time limit, feasible solution; objective 0.04328290621
59924 simplex iterations
1 branching node
absmipgap=0.842852, relmipgap=19.4731
Informacion Ruta : 1
 - Nodos visitados   : 0 -> 30 (1497.78) -> 113 (1537.75) -> 2 (1573.25) -> 3 (1591.309999999986) -> 109 (1619) -> 110 (1637.25) -> 145 (1748.25) -> 112 (1766.5) -> 42 (1808.64) -> 97 (1920) -> 39 (1992.8) -> 67 (2039.85) -> 64 (2119.159999999993) -> 111 (2201.270000000037) -> 4 (2243.409999999985) -> 63 (2261.95) -> 56 (2327.269999999973) -> 51 (2375.219999999973) -> 140 (2401.859999999972) -> 201
 - Puntaje            : 417
 - Tiempo de la ruta : 2482.659999999973

Informacion Ruta : 2
 - Nodos visitados   : 0 -> 123 (371.6899999999905) -> 174 (422) -> 154 (439.6199999999903) -> 73 (469.2699999999904) -> 162 (570.2799999999904) -> 135 (661) -> 12 (687.1199999999903) -> 179 (758.0799999999904) -> 164 (825.3) -> 166 (883.35) -> 99 (939.8399999999901) -> 189 (1016.77999999999) -> 153 (1058.1) -> 178 (1171.8) -> 84 (1284) -> 187 (1342) -> 70 (1431.909999999996) -> 72 (1509.70999999999) -> 15 (1573.419999999991) -> 201
 - Puntaje            : 415
 - Tiempo de la ruta : 1675.38999999999

==> Ejecucion : 13
Gurobi 12.0.0:   lim:time = 150
Gurobi 12.0.0: time limit, feasible solution; objective 0.1614794514
34487 simplex iterations
1 branching node
absmipgap=0.769555, relmipgap=4.76565
Informacion Ruta : 1
 - Nodos visitados   : 0 -> 99 (51.93999999997868) -> 23 (83.4799999999787) -> 41 (100.1899999999787) -> 56 (127.909999999978) -> 72 (149.0899999999783) -> 140 (187.9299999999785) -> 15 (223.6399999999785) -> 147 (253.0599999999786) -> 19 (286.8299999999786) -> 81 (325.8299999999786) -> 117 (357.4599999999785) -> 35 (401) -> 177 (428.1199999999785) -> 104 (481.8) -> 113 (520.5899999999785) -> 171 (560.95) -> 201
 - Puntaje            : 381
 - Tiempo de la ruta : 583.6

Informacion Ruta : 2
 - Nodos visitados   : 0 -> 18 (90.28999999999976) -> 131 (134.8299999999998) -> 62 (158.7199999999995) -> 179 (180.38) -> 192 (211) -> 111 (248.02) -> 174 (303.4200000000001) -> 183 (328.98) -> 164 (350.0300000000002) -> 118 (425.98) -> 151 (510.65) -> 181 (534.0700000000002) -> 96 (565.3300000000004) -> 186 (592.45) -> 60 (608.85) -> 75 (623.85) -> 67 (652.95) -> 80 (677.8199999999997) -> 201
 - Puntaje            : 375
 - Tiempo de la ruta : 688.8199999999997

==> Ejecucion : 14
Gurobi 12.0.0:   lim:time = 150
Gurobi 12.0.0: time limit, feasible solution; objective 0.307090903
14813 simplex iterations
1 branching node
absmipgap=0.736702, relmipgap=2.39897
Informacion Ruta : 1
 - Nodos visitados   : 0 -> 80 (330.5399999999968) -> 18 (348.7899999999968) -> 67 (365.5) -> 96 (380.6) -> 151 (411) -> 181 (434.4200000000001) -> 183 (449.4199999999968) -> 201
 - Puntaje            : 155
 - Tiempo de la ruta : 480.8

Informacion Ruta : 2
 - Nodos visitados   : 0 -> 164 (1925.3) -> 171 (1937.539999999995) -> 99 (1951.66) -> 86 (1975) -> 154 (1994.06) -> 53 (2015.239999999998) -> 201
 - Puntaje            : 154
 - Tiempo de la ruta : 2042.439999999996

==> Ejecucion : 15
Gurobi 12.0.0:   lim:time = 150
Gurobi 12.0.0: time limit, feasible solution; objective 0.1992314785
84923 simplex iterations
1006 branching nodes
absmipgap=0.464322, relmipgap=2.33056
Informacion Ruta : 1
 - Nodos visitados   : 0 -> 80 (899.5900000000015) -> 23 (919.4900000000016) -> 96 (948.2800000000016) -> 196 (976.3100000000018) -> 60 (996.1600000000017) -> 186 (1012.560000000002) -> 107 (1040.940000000002) -> 124 (1078.670000000002) -> 57 (1105.160000000002) -> 5 (1116.160000000002) -> 17 (1149.510000000002) -> 176 (1186.190000000002) -> 14 (1199.020000000002) -> 79 (1234.080000000002) -> 58 (1259.110000000001) -> 166 (1281.76) -> 157 (1294) -> 84 (1314) -> 64 (1347.6) -> 142 (1359.01) -> 126 (1380.71) -> 16 (1402.920000000001) -> 73 (1425.45) -> 123 (1468.15) -> 105 (1490.360000000001) -> 154 (1546.680000000001) -> 25 (1583.080000000001) -> 4 (1613.7) -> 3 (1626.860000000001) -> 2 (1644.920000000001) -> 104 (1659.040000000001) -> 109 (1694.670000000001) -> 165 (1717.480000000001) -> 63 (1738.25) -> 87 (1768.35) -> 163 (1799.230000000001) -> 164 (1820.410000000001) -> 99 (1836.240000000001) -> 148 (1858.610000000001) -> 171 (1876.860000000001) -> 181 (1899.510000000001) -> 183 (1914.510000000001) -> 53 (1933.730000000001) -> 201
 - Puntaje            : 922
 - Tiempo de la ruta : 1960.930000000001

Informacion Ruta : 2
 - Nodos visitados   : 0 -> 111 (15.80999999999904) -> 144 (28.96999999999869) -> 34 (55.45999999999859) -> 113 (82.00999999999868) -> 153 (109.1299999999986) -> 67 (171.3299999999983) -> 18 (188.0399999999984) -> 201
 - Puntaje            : 180
 - Tiempo de la ruta : 207.2599999999982

==> Ejecucion : 16
Gurobi 12.0.0:   lim:time = 150
Gurobi 12.0.0: time limit, feasible solution; objective -0.315721857
40649 simplex iterations
1 branching node
absmipgap=0.883632, relmipgap=2.79877
Informacion Ruta : 1
 - Nodos visitados   : 0 -> 123 (182.5199999999591) -> 73 (225.2199999999552) -> 67 (287.5699999999542) -> 174 (337.9299999999525) -> 113 (382.0599999999591) -> 99 (426.5399999999581) -> 151 (457.35) -> 162 (559.5299999999569) -> 19 (620.1) -> 103 (645.719999999959) -> 43 (666.1599999999586) -> 134 (767.0899999999577) -> 190 (800.1099999999591) -> 12 (845) -> 4 (867.7299999999668) -> 181 (930.989999999967) -> 87 (983.1799999999675) -> 60 (1066.35) -> 126 (1152.409999999959) -> 165 (1214.8) -> 45 (1292.6) -> 7 (1329) -> 187 (1359.02) -> 157 (1418.05) -> 38 (1485.759999999992) -> 196 (1512.25) -> 156 (1551.859999999989) -> 128 (1583.329999999986) -> 24 (1629.95) -> 154 (1694.439999999965) -> 23 (1742.179999999965) -> 102 (1786.619999999959) -> 186 (1803.829999999959) -> 201
 - Puntaje            : 733
 - Tiempo de la ruta : 1848.939999999959

Informacion Ruta : 2
 - Nodos visitados   : 0 -> 41 (59.51000000000099) -> 18 (84.64000000000104) -> 116 (129.120000000001) -> 131 (162.1400000000008) -> 62 (186.030000000001) -> 175 (236.7400000000002) -> 42 (295.15) -> 143 (310.15) -> 119 (333.15) -> 117 (424.5400000000009) -> 129 (487.5400000000009) -> 15 (531.75) -> 51 (580.8700000000008) -> 120 (609.8399999999965) -> 164 (683.820000000008) -> 142 (746.5200000000037) -> 3 (823.7900000000004) -> 170 (866.2400000000005) -> 81 (977.3600000000004) -> 140 (1016.38) -> 29 (1034.44000000001) -> 30 (1175.91000000001) -> 193 (1319.360000000005) -> 159 (1333.48) -> 98 (1463) -> 64 (1501.32) -> 71 (1628.170000000002) -> 54 (1765.75) -> 40 (1921.989999999996) -> 189 (2063.460000000002) -> 80 (2145.55) -> 171 (2168.55) -> 96 (2198.65) -> 201
 - Puntaje            : 710
 - Tiempo de la ruta : 2227.519999999979

==> Ejecucion : 17
Gurobi 12.0.0:   lim:time = 150
Gurobi 12.0.0: time limit, feasible solution; objective 0.08744160765
27384 simplex iterations
1 branching node
absmipgap=1.09161, relmipgap=12.4839
Informacion Ruta : 1
 - Nodos visitados   : 0 -> 164 (353.83) -> 171 (366.0699999999998) -> 99 (380.1899999999997) -> 151 (411) -> 181 (434.4199999999996) -> 60 (485.1399999999994) -> 159 (549.5199999999995) -> 193 (563.6399999999994) -> 75 (636.9299999999994) -> 125 (676.3399999999992) -> 145 (723.3899999999994) -> 200 (734.8) -> 107 (761.8899999999995) -> 102 (792.9099999999995) -> 186 (810.1199999999995) -> 191 (846.2) -> 71 (870.2) -> 178 (890.25) -> 80 (967.7299999999997) -> 201
 - Puntaje            : 460
 - Tiempo de la ruta : 978.7299999999997

Informacion Ruta : 2
 - Nodos visitados   : 0 -> 41 (104) -> 116 (133.7) -> 131 (166.7200000000001) -> 62 (190.61) -> 192 (211.05) -> 36 (224.05) -> 190 (239.4400000000001) -> 104 (261.48) -> 63 (279.29) -> 3 (294.6799999999998) -> 4 (307.8399999999997) -> 165 (320.0799999999995) -> 12 (340.7099999999996) -> 30 (370.4299999999994) -> 153 (405.75) -> 25 (426.9299999999994) -> 113 (442.9299999999994) -> 87 (456.0899999999992) -> 111 (496.9799999999991) -> 23 (525.0099999999993) -> 115 (550.1399999999994) -> 96 (580.3899999999993) -> 18 (601.0199999999994) -> 67 (617.7299999999994) -> 201
 - Puntaje            : 472
 - Tiempo de la ruta : 643.5399999999994

==> Ejecucion : 18
Gurobi 12.0.0:   lim:time = 150
Gurobi 12.0.0: time limit, feasible solution; objective 0.08010022658
49286 simplex iterations
217 branching nodes
absmipgap=0.899912, relmipgap=11.2348
Informacion Ruta : 1
 - Nodos visitados   : 0 -> 126 (1562.75) -> 109 (1621.05) -> 111 (1675.97) -> 164 (1709.32) -> 67 (1739.94) -> 80 (1764.809999999999) -> 183 (1796.4) -> 148 (1820) -> 171 (1838.25) -> 70 (1867.28) -> 25 (1888.05) -> 87 (1905.67) -> 113 (1918.829999999999) -> 163 (1946.55) -> 181 (1979.179999999999) -> 86 (1992.79) -> 154 (2011.85) -> 53 (2033.029999999999) -> 201
 - Puntaje            : 398
 - Tiempo de la ruta : 2060.229999999999

Informacion Ruta : 2
 - Nodos visitados   : 0 -> 18 (258.269999999998) -> 115 (286.0699999999982) -> 92 (308.8) -> 61 (321.6299999999982) -> 186 (359.65) -> 196 (373.65) -> 194 (407) -> 128 (422) -> 151 (466.3699999999981) -> 96 (496.7699999999982) -> 42 (550.8199999999983) -> 88 (590.8199999999983) -> 103 (604.8199999999981) -> 129 (623.3099999999984) -> 51 (660.1399999999983) -> 81 (687.1399999999983) -> 72 (714.8599999999981) -> 56 (736.0399999999979) -> 104 (805.3399999999981) -> 123 (899.35) -> 105 (921.5599999999984) -> 166 (968.2299999999984) -> 157 (980.4699999999982) -> 5 (1008.85) -> 133 (1038.269999999998) -> 153 (1074.9) -> 165 (1113.759999999999) -> 4 (1126) -> 23 (1185.089999999999) -> 174 (1240.369999999999) -> 159 (1334.05) -> 145 (1390.119999999999) -> 197 (1426.2) -> 178 (1454.229999999999) -> 75 (1498.6) -> 60 (1513.6) -> 57 (1577.34) -> 73 (1620.88) -> 77 (1715.92) -> 49 (1750.329999999999) -> 201
 - Puntaje            : 876
 - Tiempo de la ruta : 1810.1

==> Ejecucion : 19
Gurobi 12.0.0:   lim:time = 150
Gurobi 12.0.0: time limit, feasible solution; objective -0.1387159533
44686 simplex iterations
1 branching node
absmipgap=1.46042, relmipgap=10.5281
Informacion Ruta : 1
 - Nodos visitados   : 0 -> 73 (160.45) -> 80 (214.3100000000331) -> 164 (235.970000000033) -> 171 (248.2100000000328) -> 18 (274.6100000000088) -> 96 (295.2400000000088) -> 159 (371.1900000000005) -> 95 (407.2700000000004) -> 167 (451.2400000000005) -> 194 (486) -> 6 (534.9100000000004) -> 40 (551.3100000000004) -> 193 (569.1200000000003) -> 178 (628.1300000000006) -> 197 (656.1600000000008) -> 32 (698.4100000000008) -> 44 (736.4300000000007) -> 200 (774.0900000000007) -> 145 (785.5) -> 142 (884.9700000000307) -> 90 (922.4300000000308) -> 174 (960.5900000000308) -> 104 (1033.2) -> 111 (1078.940000000031) -> 175 (1140.810000000031) -> 81 (1158.090000000031) -> 70 (1247.7) -> 99 (1280.7) -> 181 (1301.7) -> 153 (1346.930000000031) -> 98 (1378.95) -> 93 (1414.45) -> 30 (1467.55) -> 123 (1524.370000000031) -> 79 (1557.170000000031) -> 120 (1672.720000000031) -> 179 (1714.740000000031) -> 54 (1777.980000000031) -> 23 (1854.690000000031) -> 190 (1913.570000000031) -> 148 (1970.980000000031) -> 63 (2019.190000000031) -> 201
 - Puntaje            : 938
 - Tiempo de la ruta : 2071.240000000032

Informacion Ruta : 2
 - Nodos visitados   : 0 -> 5 (109.079999999998) -> 57 (120.079999999998) -> 8 (139.929999999998) -> 119 (216) -> 15 (281.6599999999979) -> 43 (326.3199999999977) -> 151 (411.05) -> 45 (424.05) -> 113 (488.1299999999976) -> 162 (563.5899999999976) -> 103 (632.6199999999976) -> 102 (699.0599999999977) -> 75 (716.1299999999978) -> 38 (755.2799999999979) -> 196 (781.7699999999977) -> 191 (820.2) -> 67 (870.8099999999977) -> 201
 - Puntaje            : 395
 - Tiempo de la ruta : 896.6199999999976

==> Ejecucion : 20
Gurobi 12.0.0:   lim:time = 150
Gurobi 12.0.0: time limit, feasible solution; objective 0.08203058172
54198 simplex iterations
65 branching nodes
absmipgap=1.48195, relmipgap=18.0659
Informacion Ruta : 1
 - Nodos visitados   : 0 -> 80 (1) -> 23 (20.9) -> 115 (46.02999999999156) -> 67 (72.15) -> 41 (100.5899999999915) -> 62 (146.7099999999915) -> 131 (170.6) -> 201
 - Puntaje            : 123
 - Tiempo de la ruta : 210.8699999999915

Informacion Ruta : 2
 - Nodos visitados   : 0 -> 70 (708.9400000000524) -> 73 (737.7300000000523) -> 170 (779.1100000000524) -> 153 (812.8800000000524) -> 87 (840.9100000000526) -> 165 (862.5700000000523) -> 12 (883.2) -> 63 (914.0100000000468) -> 111 (953.4400000000451) -> 18 (986.8700000000338) -> 168 (1004.870000000034) -> 124 (1046.45) -> 57 (1072.940000000031) -> 5 (1083.940000000026) -> 166 (1111.740000000023) -> 126 (1142.260000000016) -> 142 (1163.960000000015) -> 174 (1203.030000000006) -> 154 (1220.65) -> 183 (1239.590000000002) -> 181 (1254.59) -> 138 (1295) -> 38 (1312.62) -> 107 (1326.860000000003) -> 128 (1345.35) -> 122 (1368.390000000011) -> 145 (1388.590000000015) -> 196 (1411.240000000019) -> 186 (1425.240000000024) -> 102 (1442.45) -> 60 (1454.690000000035) -> 75 (1469.690000000039) -> 96 (1499) -> 55 (1517.25) -> 164 (1547.870000000046) -> 171 (1560.110000000046) -> 99 (1574.230000000051) -> 201
 - Puntaje            : 803
 - Tiempo de la ruta : 1597.230000000051

==> Ejecucion : 21
Gurobi 12.0.0:   lim:time = 150
Gurobi 12.0.0: time limit, feasible solution; objective -0.6540948276
62447 simplex iterations
1 branching node
absmipgap=1.34483, relmipgap=2.05601
Informacion Ruta : 1
 - Nodos visitados   : 0 -> 51 (71.6899999999921) -> 42 (134.4899999999923) -> 186 (178.9699999999923) -> 15 (271.3199999999922) -> 43 (315.9799999999921) -> 35 (411.05) -> 56 (484.8599999999921) -> 57 (571.759999999992) -> 135 (660.25) -> 4 (697.559999999992) -> 3 (710.7199999999918) -> 134 (759.3599999999919) -> 113 (825.15) -> 25 (841.15) -> 136 (931.8099999999918) -> 159 (988.3) -> 196 (1047.879999999991) -> 75 (1070.919999999991) -> 193 (1144.209999999991) -> 40 (1162.019999999991) -> 138 (1218.709999999991) -> 166 (1281.709999999991) -> 16 (1313.3) -> 58 (1336.029999999991) -> 187 (1397.029999999991) -> 7 (1427.05) -> 109 (1535.159999999991) -> 104 (1570.789999999992) -> 2 (1584.909999999991) -> 12 (1614.829999999992) -> 179 (1685.789999999992) -> 201
 - Puntaje            : 663
 - Tiempo de la ruta : 1743.839999999992

Informacion Ruta : 2
 - Nodos visitados   : 0 -> 88 (451.5600000003064) -> 147 (467.6400000003064) -> 197 (551.4600000003064) -> 122 (581.860000000265) -> 128 (604.900000000265) -> 171 (669.940000000265) -> 164 (682.1800000002647) -> 72 (748.1300000002645) -> 73 (844.4000000002645) -> 123 (887.1000000002643) -> 64 (909.1800000002643) -> 189 (960.4100000002643) -> 30 (984.3400000002641) -> 19 (1102.750000000264) -> 140 (1133.370000000264) -> 175 (1165.390000000264) -> 81 (1182.670000000264) -> 178 (1278.580000000264) -> 99 (1356.760000000264) -> 107 (1409.840000000039) -> 38 (1424.080000000039) -> 102 (1458.160000000039) -> 142 (1554.440000000039) -> 23 (1638.5) -> 181 (1680.520000000007) -> 157 (1728.220000000007) -> 67 (1799.510000000002) -> 96 (1814.610000000002) -> 190 (1889.910000000002) -> 97 (1938.030000000002) -> 39 (2010.830000000002) -> 86 (2081) -> 154 (2100.060000000002) -> 174 (2117.680000000002) -> 120 (2215.820000000002) -> 165 (2301.290000000002) -> 80 (2355.030000000002) -> 63 (2407.980000000001) -> 201
 - Puntaje            : 871
 - Tiempo de la ruta : 2460.030000000002



:   MVF      PVF   TCPU1    f1      f2      f3     :=
1   -927      1      152   -927   2772.44   513
2      0   2773.44     6      0      0        0
3      0    514       11      0      0        0
;

:       FN1           FN2          FN3        F1       F2      F3  TCPU2    :=
1    0.00107759    1             1               0      0        0    12
2    0.00107759    1             1               0      0        0    12
3    0.00107759    1             1               0      0        0    12
4    0.00107759    1             1               0      0        0    13
5    0.00107759    1             1               0      0        0    11
6    0.00107759    1             1               0      0        0     6
7    0.903017      0.132352      0.998054     -837   2406.37     1   154
8    0.128233      0.959307      1            -118    112.86     0   154
9    0.258621      0.910306      0.994163     -239    248.76     3   154
10   0.00107759    1             1               0      0        0   154
11   0.00107759    1             1               0      0        0   155
12   0.897629      0.125606      0.996109     -832   2425.08     2   153
13   0.815733      0.584484      0.988327     -756   1152.41     6   154
14   0.334052      0.899194      0.998054     -309    279.58     1   153
15   1.18858       0.542229     -0.793774    -1102   1269.6    922   154
16   1.55603      -0.41552       0.955253    -1443   3925.86    23   153
17   1.00539       0.569974      0.976654     -932   1192.65    12   154
18   1.37392       0.238866     -0.70428     -1274   2110.96   876   153
19   1.4375       -0.00506231   -0.0564202   -1333   2787.48   543   153
20   0.998922      0.594157     -0.562257     -926   1125.58   803   153
21   1.65409      -0.377935     -0.694553    -1534   3821.62   871   153
;

