

:::::::::::::::::::::::::: Descripcion de la Instancia ::::::::::::::::::::::::::

Nodo inicial         : 0 
Nodo final           : 101 
Tmax                 : 240 
Numero de nodos      : 102 
Numero de rutas      : 2 
Numero de categorias : 3 
 - Cuota de la categoria 1 : 29 
 - Cuota de la categoria 2 : 21 
 - Cuota de la categoria 3 : 14 
Funcion Objetivo : 1
Gurobi 12.0.0:   lim:time = 150
Gurobi 12.0.0: time limit, feasible solution; objective -457
179563 simplex iterations
4979 branching nodes
absmipgap=326, relmipgap=0.713348
Funcion Objetivo : 2
Gurobi 12.0.0:   lim:time = 150
Gurobi 12.0.0: optimal solution; objective 0
0 simplex iterations
absmipgap=6.753e-11, relmipgap=0
Funcion Objetivo : 3
Gurobi 12.0.0:   lim:time = 150
Gurobi 12.0.0: optimal solution; objective 0
0 simplex iterations
1 branching node
==> Ejecucion : 1
Gurobi 12.0.0:   lim:time = 150
Gurobi 12.0.0: optimal solution; objective 0
0 simplex iterations
1 branching node
Informacion Ruta : 1
 - Nodos visitados   : 0 -> 101
 - Puntaje            : 0
 - Tiempo de la ruta : 0

Informacion Ruta : 2
 - Nodos visitados   : 0 -> 101
 - Puntaje            : 0
 - Tiempo de la ruta : 0

==> Ejecucion : 2
Gurobi 12.0.0:   lim:time = 150
Gurobi 12.0.0: optimal solution; objective 0
76 simplex iterations
1 branching node
absmipgap=7.43849e-15, relmipgap=0
Informacion Ruta : 1
 - Nodos visitados   : 0 -> 101
 - Puntaje            : 0
 - Tiempo de la ruta : 0

Informacion Ruta : 2
 - Nodos visitados   : 0 -> 101
 - Puntaje            : 0
 - Tiempo de la ruta : 0

==> Ejecucion : 3
Gurobi 12.0.0:   lim:time = 150
Gurobi 12.0.0: optimal solution; objective 0
76 simplex iterations
1 branching node
absmipgap=1.4877e-14, relmipgap=0
Informacion Ruta : 1
 - Nodos visitados   : 0 -> 101
 - Puntaje            : 0
 - Tiempo de la ruta : 0

Informacion Ruta : 2
 - Nodos visitados   : 0 -> 101
 - Puntaje            : 0
 - Tiempo de la ruta : 0

==> Ejecucion : 4
Gurobi 12.0.0:   lim:time = 150
Gurobi 12.0.0: optimal solution; objective 0
56 simplex iterations
1 branching node
absmipgap=2.66454e-13, relmipgap=0
Informacion Ruta : 1
 - Nodos visitados   : 0 -> 101
 - Puntaje            : 0
 - Tiempo de la ruta : 0

Informacion Ruta : 2
 - Nodos visitados   : 0 -> 101
 - Puntaje            : 0
 - Tiempo de la ruta : 0

==> Ejecucion : 5
Gurobi 12.0.0:   lim:time = 150
Gurobi 12.0.0: optimal solution; objective 0
56 simplex iterations
1 branching node
absmipgap=2.9754e-14, relmipgap=0
Informacion Ruta : 1
 - Nodos visitados   : 0 -> 101
 - Puntaje            : 0
 - Tiempo de la ruta : 0

Informacion Ruta : 2
 - Nodos visitados   : 0 -> 101
 - Puntaje            : 0
 - Tiempo de la ruta : 0

==> Ejecucion : 6
Gurobi 12.0.0:   lim:time = 150
Gurobi 12.0.0: optimal solution; objective 0
0 simplex iterations
absmipgap=4.00124e-13, relmipgap=0
Informacion Ruta : 1
 - Nodos visitados   : 0 -> 101
 - Puntaje            : 0
 - Tiempo de la ruta : 0

Informacion Ruta : 2
 - Nodos visitados   : 0 -> 101
 - Puntaje            : 0
 - Tiempo de la ruta : 0

==> Ejecucion : 7
Gurobi 12.0.0:   lim:time = 150
Gurobi 12.0.0: time limit, feasible solution; objective 0.03925613612
2.92036e+06 simplex iterations
5813 branching nodes
absmipgap=0.18517, relmipgap=4.71698
Informacion Ruta : 1
 - Nodos visitados   : 0 -> 83 (19.23999999999981) -> 69 (51.07999999999981) -> 65 (73.7299999999998) -> 6 (122.6399999999998) -> 2 (136.6399999999998) -> 4 (152.0299999999998) -> 5 (167.0299999999998) -> 1 (182.0299999999998) -> 101
 - Puntaje            : 187
 - Tiempo de la ruta : 230.1099999999998

Informacion Ruta : 2
 - Nodos visitados   : 0 -> 90 (4.239999999999579) -> 17 (51.28999999999911) -> 11 (70.71999999999883) -> 56 (123.0199999999988) -> 19 (159.2699999999977) -> 22 (174.6599999999967) -> 57 (198.8) -> 101
 - Puntaje            : 188
 - Tiempo de la ruta : 235.7299999999957

==> Ejecucion : 8
Gurobi 12.0.0:   lim:time = 150
Gurobi 12.0.0: time limit, feasible solution; objective 0.1995633188
191616 simplex iterations
4408 branching nodes
absmipgap=0.140322, relmipgap=0.703146
Informacion Ruta : 1
 - Nodos visitados   : 0 -> 101
 - Puntaje            : 0
 - Tiempo de la ruta : 0

Informacion Ruta : 2
 - Nodos visitados   : 0 -> 101
 - Puntaje            : 0
 - Tiempo de la ruta : 0

==> Ejecucion : 9
Gurobi 12.0.0:   lim:time = 150
Gurobi 12.0.0: optimal solution; objective 0.1995633188
23117 simplex iterations
1732 branching nodes
absmipgap=2.1011e-14, relmipgap=0
Informacion Ruta : 1
 - Nodos visitados   : 0 -> 101
 - Puntaje            : 0
 - Tiempo de la ruta : 0

Informacion Ruta : 2
 - Nodos visitados   : 0 -> 101
 - Puntaje            : 0
 - Tiempo de la ruta : 0

==> Ejecucion : 10
Gurobi 12.0.0:   lim:time = 150
Gurobi 12.0.0: optimal solution; objective 0.1995633188
99 simplex iterations
1 branching node
absmipgap=2.67425e-13, relmipgap=0
Informacion Ruta : 1
 - Nodos visitados   : 0 -> 101
 - Puntaje            : 0
 - Tiempo de la ruta : 0

Informacion Ruta : 2
 - Nodos visitados   : 0 -> 101
 - Puntaje            : 0
 - Tiempo de la ruta : 0

==> Ejecucion : 11
Gurobi 12.0.0:   lim:time = 150
Gurobi 12.0.0: optimal solution; objective 0.1995633188
0 simplex iterations
absmipgap=1.50158e-14, relmipgap=0
Informacion Ruta : 1
 - Nodos visitados   : 0 -> 101
 - Puntaje            : 0
 - Tiempo de la ruta : 0

Informacion Ruta : 2
 - Nodos visitados   : 0 -> 101
 - Puntaje            : 0
 - Tiempo de la ruta : 0

==> Ejecucion : 12
Gurobi 12.0.0:   lim:time = 150
Gurobi 12.0.0: time limit, feasible solution; objective 0.1668122271
774996 simplex iterations
4448 branching nodes
absmipgap=0.454833, relmipgap=2.72662
Informacion Ruta : 1
 - Nodos visitados   : 0 -> 92 (26.47) -> 96 (47.65) -> 71 (67.7) -> 98 (116.8199999999984) -> 2 (150.1700000000005) -> 6 (164.1699999999967) -> 1 (186.3799999999966) -> 101
 - Puntaje            : 133
 - Tiempo de la ruta : 234.4599999999967

Informacion Ruta : 2
 - Nodos visitados   : 0 -> 81 (12.03999999999988) -> 80 (33.22000000000029) -> 46 (87.15) -> 79 (114.1199999999988) -> 7 (135.5199999999988) -> 4 (152.5899999999988) -> 45 (164.5899999999989) -> 101
 - Puntaje            : 133
 - Tiempo de la ruta : 212.3299999999989

==> Ejecucion : 13
Gurobi 12.0.0:   lim:time = 150
Gurobi 12.0.0: time limit, feasible solution; objective 0.3991266376
185249 simplex iterations
4537 branching nodes
absmipgap=0.479637, relmipgap=1.20172
Informacion Ruta : 1
 - Nodos visitados   : 0 -> 101
 - Puntaje            : 0
 - Tiempo de la ruta : 0

Informacion Ruta : 2
 - Nodos visitados   : 0 -> 101
 - Puntaje            : 0
 - Tiempo de la ruta : 0

==> Ejecucion : 14
Gurobi 12.0.0:   lim:time = 150
Gurobi 12.0.0: time limit, feasible solution; objective 0.3991266376
163800 simplex iterations
4613 branching nodes
absmipgap=0.276043, relmipgap=0.691617
Informacion Ruta : 1
 - Nodos visitados   : 0 -> 101
 - Puntaje            : 0
 - Tiempo de la ruta : 0

Informacion Ruta : 2
 - Nodos visitados   : 0 -> 101
 - Puntaje            : 0
 - Tiempo de la ruta : 0

==> Ejecucion : 15
Gurobi 12.0.0:   lim:time = 150
Gurobi 12.0.0: time limit, feasible solution; objective 0.3991266376
187437 simplex iterations
9757 branching nodes
absmipgap=0.102413, relmipgap=0.256592
Informacion Ruta : 1
 - Nodos visitados   : 0 -> 101
 - Puntaje            : 0
 - Tiempo de la ruta : 0

Informacion Ruta : 2
 - Nodos visitados   : 0 -> 101
 - Puntaje            : 0
 - Tiempo de la ruta : 0

==> Ejecucion : 16
Gurobi 12.0.0:   lim:time = 150
Gurobi 12.0.0: time limit, feasible solution; objective 0.3034482759
450139 simplex iterations
4142 branching nodes
absmipgap=0.732991, relmipgap=2.41554
Informacion Ruta : 1
 - Nodos visitados   : 0 -> 38 (76.04000000000015) -> 43 (94.64000000000024) -> 55 (140) -> 88 (156.32) -> 2 (183.44) -> 101
 - Puntaje            : 115
 - Tiempo de la ruta : 224.25

Informacion Ruta : 2
 - Nodos visitados   : 0 -> 48 (64.32000000000002) -> 23 (78.32000000000002) -> 22 (98.51999999999938) -> 28 (162.64) -> 94 (212) -> 101
 - Puntaje            : 113
 - Tiempo de la ruta : 239.1199999999999

==> Ejecucion : 17
Gurobi 12.0.0:   lim:time = 150
Gurobi 12.0.0: time limit, feasible solution; objective 0.5986899563
164522 simplex iterations
3586 branching nodes
absmipgap=0.822755, relmipgap=1.37426
Informacion Ruta : 1
 - Nodos visitados   : 0 -> 101
 - Puntaje            : 0
 - Tiempo de la ruta : 0

Informacion Ruta : 2
 - Nodos visitados   : 0 -> 101
 - Puntaje            : 0
 - Tiempo de la ruta : 0

==> Ejecucion : 18
Gurobi 12.0.0:   lim:time = 150
Gurobi 12.0.0: time limit, feasible solution; objective 0.3805665207
177886 simplex iterations
4735 branching nodes
absmipgap=0.400188, relmipgap=1.05156
Informacion Ruta : 1
 - Nodos visitados   : 0 -> 88 (17.88999999999965) -> 12 (48.50999999999956) -> 10 (63.9) -> 11 (75.9) -> 9 (91.28999999999856) -> 97 (119.3199999999986) -> 59 (135.6399999999985) -> 58 (156.8199999999973) -> 86 (182.05) -> 65 (213.3099999999973) -> 101
 - Puntaje            : 247
 - Tiempo de la ruta : 234.4899999999958

Informacion Ruta : 2
 - Nodos visitados   : 0 -> 68 (18.95999999999611) -> 69 (41) -> 2 (75.7) -> 6 (89.7) -> 79 (113.5899999999961) -> 4 (142.0299999999961) -> 5 (157.0299999999961) -> 1 (172.0299999999961) -> 3 (185.0299999999961) -> 101
 - Puntaje            : 218
 - Tiempo de la ruta : 234.3899999999961

==> Ejecucion : 19
Gurobi 12.0.0:   lim:time = 150
Gurobi 12.0.0: time limit, feasible solution; objective -0.02288811926
172164 simplex iterations
3668 branching nodes
absmipgap=0.536206, relmipgap=23.4273
Informacion Ruta : 1
 - Nodos visitados   : 0 -> 19 (48.6) -> 23 (65) -> 18 (81) -> 20 (101.2) -> 49 (114.2) -> 22 (127.8099999999991) -> 86 (158.8299999999987) -> 57 (177.8899999999987) -> 83 (197.1099999999987) -> 66 (214.3199999999987) -> 101
 - Puntaje            : 231
 - Tiempo de la ruta : 237.3599999999987

Informacion Ruta : 2
 - Nodos visitados   : 0 -> 14 (35.35999999999999) -> 17 (50.35999999999956) -> 11 (69.78999999999932) -> 78 (95.78999999999907) -> 79 (117.9599999999989) -> 7 (139.3599999999986) -> 46 (155.1899999999986) -> 4 (167.1899999999985) -> 6 (182.5799999999985) -> 2 (196.5799999999985) -> 101
 - Puntaje            : 247
 - Tiempo de la ruta : 237.3899999999985

==> Ejecucion : 20
Gurobi 12.0.0:   lim:time = 150
Gurobi 12.0.0: time limit, feasible solution; objective 0.2341974167
188245 simplex iterations
4805 branching nodes
absmipgap=0.599809, relmipgap=2.56112
Informacion Ruta : 1
 - Nodos visitados   : 0 -> 56 (30.55) -> 64 (47.62000000000121) -> 76 (81.05) -> 51 (100.4799999999993) -> 84 (119.7) -> 50 (145.8599999999996) -> 71 (177.05) -> 94 (197.6799999999991) -> 96 (214) -> 101
 - Puntaje            : 197
 - Tiempo de la ruta : 239.52

Informacion Ruta : 2
 - Nodos visitados   : 0 -> 14 (41.17999999999961) -> 17 (56.18000000000029) -> 11 (75.61) -> 9 (91) -> 86 (116.5600000000026) -> 57 (135.6200000000022) -> 22 (159.7600000000018) -> 19 (175.15) -> 66 (212.1700000000007) -> 101
 - Puntaje            : 237
 - Tiempo de la ruta : 235.2100000000007

==> Ejecucion : 21
Gurobi 12.0.0:   lim:time = 150
Gurobi 12.0.0: time limit, feasible solution; objective 0.1834061135
172407 simplex iterations
4213 branching nodes
absmipgap=0.89738, relmipgap=4.89286
Informacion Ruta : 1
 - Nodos visitados   : 0 -> 88 (17.88999999999999) -> 10 (50.68999999999963) -> 11 (62.68999999999919) -> 15 (78.69000000000037) -> 9 (98.11999999999993) -> 65 (133.62) -> 81 (166.4199999999993) -> 68 (185.6399999999988) -> 100 (207.0399999999984) -> 101
 - Puntaje            : 179
 - Tiempo de la ruta : 236.2799999999981

Informacion Ruta : 2
 - Nodos visitados   : 0 -> 92 (18.02000000000038) -> 69 (51.79000000000024) -> 60 (79.67999999999947) -> 79 (101.7199999999995) -> 6 (125.6099999999998) -> 4 (141) -> 5 (156) -> 96 (212.75) -> 101
 - Puntaje            : 194
 - Tiempo de la ruta : 238.2699999999997



:   MVF     PVF   TCPU1    f1      f2     f3     :=
1   -457     1      151   -457   469.45   231
2      0   470.45     2      0     0        0
3      0   232        2      0     0        0
;

:       FN1           FN2          FN3        F1      F2     F3  TCPU2    :=
1    0.00218341    1             1              0     0        0     3
2    0.00218341    1             1              0     0        0     3
3    0.00218341    1             1              0     0        0     3
4    0.00218341    1             1              0     0        0     3
5    0.00218341    1             1              0     0        0     2
6    0.00218341    1             1              0     0        0     1
7    0.820961      0.00979913    0.99569     -375   465.84     1   152
8    0.00218341    1             1              0     0        0   150
9    0.00218341    1             1              0     0        0    11
10   0.00218341    1             1              0     0        0     3
11   0.00218341    1             1              0     0        0     1
12   0.582969      0.0751833     1           -266   435.08     0   151
13   0.00218341    1             1              0     0        0   151
14   0.00218341    1             1              0     0        0   151
15   0.00218341    1             1              0     0        0   151
16   0.5           0.138591      0.991379    -228   405.25     2   151
17   0.00218341    1             1              0     0        0   151
18   1.01747       0.0223828    -0.0646552   -465   459.92   247   152
19   1.04585       0.0090339     0.931034    -478   466.2     16   150
20   0.949782      0.0298863    -0.0215517   -434   456.39   237   152
21   0.816594     -0.00178552    0.163793    -373   471.29   194   150
;

