

:::::::::::::::::::::::::: Descripcion de la Instancia ::::::::::::::::::::::::::

Nodo inicial         : 0 
Nodo final           : 201 
Tmax                 : 634 
Numero de nodos      : 202 
Numero de rutas      : 2 
Numero de categorias : 3 
 - Cuota de la categoria 1 : 57 
 - Cuota de la categoria 2 : 43 
 - Cuota de la categoria 3 : 29 
Funcion Objetivo : 1
Gurobi 12.0.0:   lim:time = 150
Gurobi 12.0.0: time limit, feasible solution; objective -856
469390 simplex iterations
5660 branching nodes
absmipgap=977, relmipgap=1.14136
Funcion Objetivo : 2
Gurobi 12.0.0:   lim:time = 150
Gurobi 12.0.0: optimal solution; objective 0
0 simplex iterations
absmipgap=3.36381e-08, relmipgap=0
Funcion Objetivo : 3
Gurobi 12.0.0:   lim:time = 150
Gurobi 12.0.0: optimal solution; objective 0
0 simplex iterations
1 branching node
==> Ejecucion : 1
Gurobi 12.0.0:   lim:time = 150
Gurobi 12.0.0: optimal solution; objective 0
0 simplex iterations
1 branching node
Informacion Ruta : 1
 - Nodos visitados   : 0 -> 201
 - Puntaje            : 0
 - Tiempo de la ruta : 0

Informacion Ruta : 2
 - Nodos visitados   : 0 -> 201
 - Puntaje            : 0
 - Tiempo de la ruta : 0

==> Ejecucion : 2
Gurobi 12.0.0:   lim:time = 150
Gurobi 12.0.0: optimal solution; objective 0
428 simplex iterations
1 branching node
absmipgap=1.13501e-11, relmipgap=0
Informacion Ruta : 1
 - Nodos visitados   : 0 -> 201
 - Puntaje            : 0
 - Tiempo de la ruta : 0

Informacion Ruta : 2
 - Nodos visitados   : 0 -> 201
 - Puntaje            : 0
 - Tiempo de la ruta : 0

==> Ejecucion : 3
Gurobi 12.0.0:   lim:time = 150
Gurobi 12.0.0: optimal solution; objective 0
450 simplex iterations
1 branching node
absmipgap=2.27002e-11, relmipgap=0
Informacion Ruta : 1
 - Nodos visitados   : 0 -> 201
 - Puntaje            : 0
 - Tiempo de la ruta : 0

Informacion Ruta : 2
 - Nodos visitados   : 0 -> 201
 - Puntaje            : 0
 - Tiempo de la ruta : 0

==> Ejecucion : 4
Gurobi 12.0.0:   lim:time = 150
Gurobi 12.0.0: optimal solution; objective 0
3 simplex iterations
1 branching node
absmipgap=1.64376e-11, relmipgap=0
Informacion Ruta : 1
 - Nodos visitados   : 0 -> 201
 - Puntaje            : 0
 - Tiempo de la ruta : 0

Informacion Ruta : 2
 - Nodos visitados   : 0 -> 201
 - Puntaje            : 0
 - Tiempo de la ruta : 0

==> Ejecucion : 5
Gurobi 12.0.0:   lim:time = 150
Gurobi 12.0.0: optimal solution; objective 0
3 simplex iterations
1 branching node
absmipgap=4.54004e-11, relmipgap=0
Informacion Ruta : 1
 - Nodos visitados   : 0 -> 201
 - Puntaje            : 0
 - Tiempo de la ruta : 0

Informacion Ruta : 2
 - Nodos visitados   : 0 -> 201
 - Puntaje            : 0
 - Tiempo de la ruta : 0

==> Ejecucion : 6
Gurobi 12.0.0:   lim:time = 150
Gurobi 12.0.0: optimal solution; objective 0
0 simplex iterations
absmipgap=8.36908e-12, relmipgap=0
Informacion Ruta : 1
 - Nodos visitados   : 0 -> 201
 - Puntaje            : 0
 - Tiempo de la ruta : 0

Informacion Ruta : 2
 - Nodos visitados   : 0 -> 201
 - Puntaje            : 0
 - Tiempo de la ruta : 0

==> Ejecucion : 7
Gurobi 12.0.0:   lim:time = 150
Gurobi 12.0.0: time limit, feasible solution; objective 0.07141190198
676131 simplex iterations
6099 branching nodes
absmipgap=0.300724, relmipgap=4.21111
Informacion Ruta : 1
 - Nodos visitados   : 0 -> 48 (40.61999999999982) -> 156 (57.32999999999988) -> 15 (75.38999999999984) -> 179 (86.3899999999997) -> 18 (98.38999999999947) -> 68 (110.3899999999997) -> 51 (137.85) -> 27 (158.2899999999997) -> 110 (191.55) -> 90 (215) -> 201
 - Puntaje            : 275
 - Tiempo de la ruta : 284.44

Informacion Ruta : 2
 - Nodos visitados   : 0 -> 92 (16.4700000000001) -> 195 (48.5600000000001) -> 40 (68.5600000000001) -> 23 (120) -> 189 (154.7) -> 160 (168.7) -> 114 (199.7199999999999) -> 178 (301.48) -> 34 (393.86) -> 2 (411.92) -> 76 (430.1699999999998) -> 30 (487.3399999999999) -> 201
 - Puntaje            : 275
 - Tiempo de la ruta : 525.0699999999998

==> Ejecucion : 8
Gurobi 12.0.0:   lim:time = 150
Gurobi 12.0.0: time limit, feasible solution; objective 0.1974125961
729919 simplex iterations
6894 branching nodes
absmipgap=0.214275, relmipgap=1.08542
Informacion Ruta : 1
 - Nodos visitados   : 0 -> 142 (60.50999999999974) -> 184 (108.8) -> 27 (129) -> 201
 - Puntaje            : 85
 - Tiempo de la ruta : 196.38

Informacion Ruta : 2
 - Nodos visitados   : 0 -> 64 (490.55) -> 30 (511.73) -> 67 (536.99) -> 201
 - Puntaje            : 85
 - Tiempo de la ruta : 559.6399999999986

==> Ejecucion : 9
Gurobi 12.0.0:   lim:time = 150
Gurobi 12.0.0: time limit, feasible solution; objective 0.1997666278
189185 simplex iterations
3551 branching nodes
absmipgap=0.0431919, relmipgap=0.216212
Informacion Ruta : 1
 - Nodos visitados   : 0 -> 201
 - Puntaje            : 0
 - Tiempo de la ruta : 0

Informacion Ruta : 2
 - Nodos visitados   : 0 -> 201
 - Puntaje            : 0
 - Tiempo de la ruta : 0

==> Ejecucion : 10
Gurobi 12.0.0:   lim:time = 150
Gurobi 12.0.0: optimal solution; objective 0.1997666278
20676 simplex iterations
1941 branching nodes
absmipgap=1.59782e-11, relmipgap=0
Informacion Ruta : 1
 - Nodos visitados   : 0 -> 201
 - Puntaje            : 0
 - Tiempo de la ruta : 0

Informacion Ruta : 2
 - Nodos visitados   : 0 -> 201
 - Puntaje            : 0
 - Tiempo de la ruta : 0

==> Ejecucion : 11
Gurobi 12.0.0:   lim:time = 150
Gurobi 12.0.0: optimal solution; objective 0.1997666278
68 simplex iterations
1 branching node
absmipgap=4.53727e-11, relmipgap=0
Informacion Ruta : 1
 - Nodos visitados   : 0 -> 201
 - Puntaje            : 0
 - Tiempo de la ruta : 0

Informacion Ruta : 2
 - Nodos visitados   : 0 -> 201
 - Puntaje            : 0
 - Tiempo de la ruta : 0

==> Ejecucion : 12
Gurobi 12.0.0:   lim:time = 150
Gurobi 12.0.0: time limit, feasible solution; objective 0.07841306884
1.34828e+06 simplex iterations
6843 branching nodes
absmipgap=0.532231, relmipgap=6.78753
Informacion Ruta : 1
 - Nodos visitados   : 0 -> 142 (15.27000000000259) -> 49 (45.12000000000243) -> 14 (57.95) -> 5 (113.8400000000021) -> 62 (124.8400000000019) -> 26 (136.25) -> 159 (147.6600000000013) -> 20 (159.070000000001) -> 186 (172.2300000000007) -> 41 (277.9800000000005) -> 55 (304.1) -> 81 (324) -> 107 (344) -> 185 (454.85) -> 30 (529.920000000001) -> 175 (573.1600000000014) -> 201
 - Puntaje            : 344
 - Tiempo de la ruta : 619.2200000000023

Informacion Ruta : 2
 - Nodos visitados   : 0 -> 92 (19.13999999999979) -> 195 (51.22999999999979) -> 165 (99.82999999999961) -> 85 (110.8299999999998) -> 56 (123.9899999999998) -> 108 (135.4) -> 32 (149.4) -> 23 (163.4) -> 117 (175.4) -> 114 (189.8699999999999) -> 79 (296.05) -> 135 (337.1099999999997) -> 96 (366.9599999999997) -> 76 (401.0399999999999) -> 146 (482.6299999999999) -> 36 (554.81) -> 201
 - Puntaje            : 344
 - Tiempo de la ruta : 609.5899999999999

==> Ejecucion : 13
Gurobi 12.0.0:   lim:time = 150
Gurobi 12.0.0: time limit, feasible solution; objective 0.3333816975
669932 simplex iterations
8145 branching nodes
absmipgap=0.586885, relmipgap=1.7604
Informacion Ruta : 1
 - Nodos visitados   : 0 -> 24 (38.63999999999989) -> 18 (67) -> 15 (79.23999999999982) -> 68 (92.85) -> 179 (105.6799999999995) -> 201
 - Puntaje            : 126
 - Tiempo de la ruta : 165.6099999999995

Informacion Ruta : 2
 - Nodos visitados   : 0 -> 140 (35.14) -> 54 (50.14) -> 171 (99.7) -> 132 (113.7) -> 150 (134) -> 187 (147.61) -> 201
 - Puntaje            : 128
 - Tiempo de la ruta : 171.82

==> Ejecucion : 14
Gurobi 12.0.0:   lim:time = 150
Gurobi 12.0.0: time limit, feasible solution; objective 0.3156461138
623226 simplex iterations
6517 branching nodes
absmipgap=0.359365, relmipgap=1.1385
Informacion Ruta : 1
 - Nodos visitados   : 0 -> 4 (9.220000000000056) -> 92 (25.92999999999979) -> 182 (54.9) -> 195 (73.83999999999979) -> 133 (91.65) -> 40 (103.8899999999998) -> 98 (117.5) -> 161 (132.5) -> 72 (148.3299999999998) -> 201
 - Puntaje            : 243
 - Tiempo de la ruta : 191.8599999999997

Informacion Ruta : 2
 - Nodos visitados   : 0 -> 142 (10.62999999999991) -> 48 (46.25999999999991) -> 131 (58.25999999999991) -> 124 (72.3799999999999) -> 68 (96.58999999999989) -> 184 (115.5299999999999) -> 190 (131.9299999999999) -> 51 (153.2399999999999) -> 27 (173.6799999999999) -> 201
 - Puntaje            : 238
 - Tiempo de la ruta : 241.0599999999999

==> Ejecucion : 15
Gurobi 12.0.0:   lim:time = 150
Gurobi 12.0.0: time limit, feasible solution; objective 0.3757525214
635836 simplex iterations
7300 branching nodes
absmipgap=0.212608, relmipgap=0.565819
Informacion Ruta : 1
 - Nodos visitados   : 0 -> 163 (58.86999999999999) -> 14 (78.92) -> 132 (93.39) -> 171 (107.39) -> 187 (121) -> 150 (134.61) -> 201
 - Puntaje            : 120
 - Tiempo de la ruta : 155.43

Informacion Ruta : 2
 - Nodos visitados   : 0 -> 4 (9.220000000000027) -> 92 (25.93000000000003) -> 182 (54.9) -> 195 (73.83999999999997) -> 133 (91.65) -> 40 (103.8899999999999) -> 98 (117.5) -> 161 (132.5) -> 72 (148.3299999999999) -> 201
 - Puntaje            : 243
 - Tiempo de la ruta : 191.8599999999999

==> Ejecucion : 16
Gurobi 12.0.0:   lim:time = 150
Gurobi 12.0.0: time limit, feasible solution; objective 0.1611494428
1.23776e+06 simplex iterations
7886 branching nodes
absmipgap=0.847222, relmipgap=5.25737
Informacion Ruta : 1
 - Nodos visitados   : 0 -> 131 (36.88) -> 124 (51) -> 156 (66.1) -> 183 (83.16999999999996) -> 15 (95.40999999999997) -> 179 (106.41) -> 18 (118.41) -> 190 (137.63) -> 51 (158.94) -> 27 (179.38) -> 110 (212.64) -> 41 (281.16) -> 17 (356.47) -> 201
 - Puntaje            : 313
 - Tiempo de la ruta : 407.65

Informacion Ruta : 2
 - Nodos visitados   : 0 -> 4 (47.32) -> 92 (64.03) -> 182 (93) -> 119 (110.62) -> 98 (121.62) -> 161 (136.62) -> 72 (152.45) -> 129 (189.38) -> 22 (216.87) -> 106 (243.27) -> 55 (278.51) -> 81 (298.41) -> 201
 - Puntaje            : 318
 - Tiempo de la ruta : 357.8199999999999

==> Ejecucion : 17
Gurobi 12.0.0:   lim:time = 150
Gurobi 12.0.0: time limit, feasible solution; objective 0.3367331195
634050 simplex iterations
9169 branching nodes
absmipgap=0.818376, relmipgap=2.43034
Informacion Ruta : 1
 - Nodos visitados   : 0 -> 92 (22.32000000000054) -> 68 (83.28000000000044) -> 15 (96.89000000000044) -> 184 (114.7) -> 111 (168.1200000000005) -> 110 (225.55) -> 145 (264.6700000000005) -> 116 (289.2300000000005) -> 135 (387.15) -> 96 (417) -> 30 (473.5300000000004) -> 67 (498.7900000000004) -> 201
 - Puntaje            : 325
 - Tiempo de la ruta : 521.4400000000004

Informacion Ruta : 2
 - Nodos visitados   : 0 -> 131 (61.89) -> 180 (75.5) -> 43 (86.5) -> 124 (98.74000000000002) -> 18 (121.78) -> 190 (141) -> 51 (162.31) -> 27 (182.75) -> 198 (220.04) -> 107 (304.67) -> 81 (324.67) -> 158 (353.05) -> 82 (382.97) -> 66 (408.4899999999999) -> 201
 - Puntaje            : 286
 - Tiempo de la ruta : 452.9699999999999

==> Ejecucion : 18
Gurobi 12.0.0:   lim:time = 150
Gurobi 12.0.0: time limit, feasible solution; objective 0.2922048371
558560 simplex iterations
6587 branching nodes
absmipgap=0.544649, relmipgap=1.86393
Informacion Ruta : 1
 - Nodos visitados   : 0 -> 140 (21.37999999999676) -> 54 (36.37999999999679) -> 100 (61.25) -> 37 (74.85999999999679) -> 9 (88.97999999999676) -> 12 (101.8099999999968) -> 59 (115.8099999999967) -> 143 (127.2199999999968) -> 188 (140.05) -> 29 (151.05) -> 139 (165.05) -> 21 (178.05) -> 166 (194.1299999999967) -> 201
 - Puntaje            : 228
 - Tiempo de la ruta : 236.7799999999967

Informacion Ruta : 2
 - Nodos visitados   : 0 -> 4 (9.219999999999942) -> 92 (25.92999999999982) -> 182 (54.9) -> 195 (73.83999999999905) -> 57 (90.15999999999927) -> 40 (104.6299999999985) -> 16 (116.8699999999988) -> 98 (128.2799999999988) -> 161 (143.2799999999987) -> 72 (159.1099999999988) -> 22 (193.4599999999991) -> 129 (220.95) -> 41 (239.55) -> 194 (259.55) -> 55 (284.7799999999987) -> 81 (304.6799999999988) -> 158 (333.0599999999988) -> 154 (360.1799999999988) -> 82 (378.4299999999988) -> 66 (403.95) -> 97 (460.7899999999987) -> 30 (494.3299999999987) -> 64 (515.5099999999987) -> 67 (531.8299999999988) -> 201
 - Puntaje            : 573
 - Tiempo de la ruta : 554.4799999999988

==> Ejecucion : 19
Gurobi 12.0.0:   lim:time = 150
Gurobi 12.0.0: time limit, feasible solution; objective 0.02767236568
565969 simplex iterations
7103 branching nodes
absmipgap=0.943051, relmipgap=34.0792
Informacion Ruta : 1
 - Nodos visitados   : 0 -> 182 (42.25) -> 195 (61.19000000000002) -> 57 (77.51000000000002) -> 133 (90.51000000000002) -> 40 (102.75) -> 16 (114.99) -> 98 (126.4) -> 119 (137.4) -> 161 (151.6399999999999) -> 72 (167.4699999999999) -> 129 (204.4) -> 41 (223) -> 194 (243) -> 55 (268.2299999999999) -> 81 (288.1299999999999) -> 158 (316.5099999999999) -> 82 (346.4299999999999) -> 154 (364.6799999999999) -> 201
 - Puntaje            : 404
 - Tiempo de la ruta : 393.55

Informacion Ruta : 2
 - Nodos visitados   : 0 -> 142 (16.55) -> 131 (52.95) -> 156 (67.95) -> 102 (80.1899999999998) -> 68 (100.0399999999998) -> 18 (112.0399999999998) -> 183 (125.2) -> 184 (141.0299999999998) -> 27 (161.2299999999998) -> 51 (181.6699999999998) -> 44 (213.1399999999998) -> 13 (344.4) -> 8 (366.5699999999998) -> 60 (386) -> 1 (398.2399999999998) -> 97 (433.5599999999998) -> 64 (469.2699999999998) -> 30 (490.45) -> 67 (515.7099999999995) -> 201
 - Puntaje            : 434
 - Tiempo de la ruta : 538.3599999999994

==> Ejecucion : 20
Gurobi 12.0.0:   lim:time = 150
Gurobi 12.0.0: time limit, feasible solution; objective 0.0831902464
560397 simplex iterations
8207 branching nodes
absmipgap=0.773997, relmipgap=9.30394
Informacion Ruta : 1
 - Nodos visitados   : 0 -> 48 (41.77999999999953) -> 131 (53.77999999999953) -> 124 (67.9) -> 179 (89.3) -> 18 (101.3) -> 68 (113.3) -> 190 (133.15) -> 27 (148.5399999999995) -> 51 (168.9799999999995) -> 110 (202.9799999999995) -> 90 (226.4299999999995) -> 95 (260.6) -> 96 (357) -> 2 (388.5399999999998) -> 76 (406.7899999999995) -> 185 (439.35) -> 141 (459.2) -> 201
 - Puntaje            : 382
 - Tiempo de la ruta : 540.1399999999995

Informacion Ruta : 2
 - Nodos visitados   : 0 -> 4 (9.569999999999993) -> 92 (26.27999999999999) -> 182 (55.25) -> 195 (74.19) -> 133 (92) -> 147 (103) -> 40 (115) -> 16 (127.24) -> 98 (138.65) -> 161 (153.65) -> 72 (169.48) -> 129 (206.41) -> 106 (238.97) -> 41 (277.97) -> 55 (304.09) -> 81 (323.99) -> 158 (352.37) -> 82 (382.29) -> 154 (400.54) -> 97 (462.51) -> 30 (496.05) -> 64 (517.23) -> 67 (533.55) -> 201
 - Puntaje            : 572
 - Tiempo de la ruta : 556.2

==> Ejecucion : 21
Gurobi 12.0.0:   lim:time = 150
Gurobi 12.0.0: time limit, feasible solution; objective 0.08634772462
622820 simplex iterations
6940 branching nodes
absmipgap=1.19137, relmipgap=13.7973
Informacion Ruta : 1
 - Nodos visitados   : 0 -> 4 (9.2199999999999) -> 92 (25.9299999999999) -> 195 (58.0199999999999) -> 133 (75.8299999999999) -> 98 (90.92999999999982) -> 161 (105.9299999999998) -> 72 (121.7599999999998) -> 136 (159.4199999999998) -> 110 (188.2099999999998) -> 44 (209.3899999999998) -> 90 (233.3899999999998) -> 95 (267.5599999999998) -> 116 (285.6199999999998) -> 178 (317.6399999999998) -> 135 (395.3199999999998) -> 185 (418.7699999999998) -> 30 (493.8399999999998) -> 64 (515.0199999999998) -> 67 (531.3399999999998) -> 175 (574.8699999999998) -> 201
 - Puntaje            : 440
 - Tiempo de la ruta : 620.9299999999998

Informacion Ruta : 2
 - Nodos visitados   : 0 -> 163 (20.13000000000006) -> 162 (47.93000000000001) -> 5 (90.91000000000001) -> 62 (101.91) -> 26 (113.32) -> 159 (124.73) -> 20 (136.14) -> 46 (148.14) -> 138 (159.14) -> 186 (171.38) -> 71 (268.51) -> 137 (295.97) -> 13 (322) -> 96 (385.14) -> 97 (431.15) -> 39 (502.89) -> 36 (540.35) -> 201
 - Puntaje            : 342
 - Tiempo de la ruta : 595.13



:   MVF      PVF   TCPU1    f1      f2      f3     :=
1   -856      1      152   -856   1246.56   551
2      0   1247.56     2      0      0        0
3      0    552        3      0      0        0
;

:       FN1          FN2         FN3        F1      F2      F3  TCPU2    :=
1    0.00116686   1            1              0      0        0     4
2    0.00116686   1            1              0      0        0     4
3    0.00116686   1            1              0      0        0     3
4    0.00116686   1            1              0      0        0     4
5    0.00116686   1            1              0      0        0     3
6    0.00116686   1            1              0      0        0     2
7    0.64294      0.355871     1           -550    803.59     0   154
8    0.199533     0.813404     1           -170    232.79     0   152
9    0.00116686   1            1              0      0        0   153
10   0.00116686   1            1              0      0        0     9
11   0.00116686   1            1              0      0        0     4
12   0.803967     0.0214178    1           -688   1220.84     0   152
13   0.29755      0.745239     0.996377    -254    317.83     2   154
14   0.562427     0.652987     0.990942    -481    432.92     5   152
15   0.424737     0.757254     0.559783    -363    302.84   243   152
16   0.737456     0.417383     0.990942    -631    726.85     5   152
17   0.714119     0.24463      0.929348    -611    942.37    39   154
18   0.935823     0.365754    -0.0380435   -801    791.26   573   152
19   0.978996     0.265158     0.945652    -838    916.76    30   154
20   1.11435      0.126639    -0.0362319   -954   1089.57   572   151
21   0.913652     0.0298262    0.202899    -782   1210.35   440   154
;

