

:::::::::::::::::::::::::: Descripcion de la Instancia ::::::::::::::::::::::::::

Nodo inicial         : 0 
Nodo final           : 1001 
Tmax                 : 1821 
Numero de nodos      : 1002 
Numero de rutas      : 6 
Numero de categorias : 7 
 - Cuota de la categoria 1 : 252 
 - Cuota de la categoria 2 : 147 
 - Cuota de la categoria 3 : 84 
 - Cuota de la categoria 4 : 48 
 - Cuota de la categoria 5 : 27 
 - Cuota de la categoria 6 : 15 
 - Cuota de la categoria 7 : 8 
Funcion Objetivo : 1
Gurobi 12.0.0:   lim:time = 150
Gurobi 12.0.0: time limit, feasible solution; objective 0
0 simplex iterations
absmipgap=106932, relmipgap=1e+100
Funcion Objetivo : 2
Gurobi 12.0.0:   lim:time = 150
Gurobi 12.0.0: time limit, feasible solution; objective 0
0 simplex iterations
absmipgap=0.000238453, relmipgap=0
Funcion Objetivo : 3
Gurobi 12.0.0:   lim:time = 150
Gurobi 12.0.0: time limit, feasible solution; objective 0
0 simplex iterations
absmipgap=17822, relmipgap=1e+100
==> Ejecucion : 1
Gurobi 12.0.0:   lim:time = 150
Gurobi 12.0.0: time limit, feasible solution; objective 0
0 simplex iterations
absmipgap=17822, relmipgap=1e+100
Informacion Ruta : 1
 - Nodos visitados   : 0 -> 1001
 - Puntaje            : 0
 - Tiempo de la ruta : 0

Informacion Ruta : 2
 - Nodos visitados   : 0 -> 1001
 - Puntaje            : 0
 - Tiempo de la ruta : 0

Informacion Ruta : 3
 - Nodos visitados   : 0 -> 1001
 - Puntaje            : 0
 - Tiempo de la ruta : 0

Informacion Ruta : 4
 - Nodos visitados   : 0 -> 1001
 - Puntaje            : 0
 - Tiempo de la ruta : 0

Informacion Ruta : 5
 - Nodos visitados   : 0 -> 1001
 - Puntaje            : 0
 - Tiempo de la ruta : 0

Informacion Ruta : 6
 - Nodos visitados   : 0 -> 1001
 - Puntaje            : 0
 - Tiempo de la ruta : 0

==> Ejecucion : 2
Gurobi 12.0.0:   lim:time = 150
Gurobi 12.0.0: time limit, feasible solution; objective 0
0 simplex iterations
absmipgap=14257.6, relmipgap=1e+100
Informacion Ruta : 1
 - Nodos visitados   : 0 -> 1001
 - Puntaje            : 0
 - Tiempo de la ruta : 0

Informacion Ruta : 2
 - Nodos visitados   : 0 -> 1001
 - Puntaje            : 0
 - Tiempo de la ruta : 0

Informacion Ruta : 3
 - Nodos visitados   : 0 -> 1001
 - Puntaje            : 0
 - Tiempo de la ruta : 0

Informacion Ruta : 4
 - Nodos visitados   : 0 -> 1001
 - Puntaje            : 0
 - Tiempo de la ruta : 0

Informacion Ruta : 5
 - Nodos visitados   : 0 -> 1001
 - Puntaje            : 0
 - Tiempo de la ruta : 0

Informacion Ruta : 6
 - Nodos visitados   : 0 -> 1001
 - Puntaje            : 0
 - Tiempo de la ruta : 0

==> Ejecucion : 3
Gurobi 12.0.0:   lim:time = 150
Gurobi 12.0.0: time limit, feasible solution; objective 0
0 simplex iterations
absmipgap=10693.2, relmipgap=1e+100
Informacion Ruta : 1
 - Nodos visitados   : 0 -> 1001
 - Puntaje            : 0
 - Tiempo de la ruta : 0

Informacion Ruta : 2
 - Nodos visitados   : 0 -> 1001
 - Puntaje            : 0
 - Tiempo de la ruta : 0

Informacion Ruta : 3
 - Nodos visitados   : 0 -> 1001
 - Puntaje            : 0
 - Tiempo de la ruta : 0

Informacion Ruta : 4
 - Nodos visitados   : 0 -> 1001
 - Puntaje            : 0
 - Tiempo de la ruta : 0

Informacion Ruta : 5
 - Nodos visitados   : 0 -> 1001
 - Puntaje            : 0
 - Tiempo de la ruta : 0

Informacion Ruta : 6
 - Nodos visitados   : 0 -> 1001
 - Puntaje            : 0
 - Tiempo de la ruta : 0

==> Ejecucion : 4
Gurobi 12.0.0:   lim:time = 150
Gurobi 12.0.0: time limit, feasible solution; objective 0
0 simplex iterations
absmipgap=7128.8, relmipgap=1e+100
Informacion Ruta : 1
 - Nodos visitados   : 0 -> 1001
 - Puntaje            : 0
 - Tiempo de la ruta : 0

Informacion Ruta : 2
 - Nodos visitados   : 0 -> 1001
 - Puntaje            : 0
 - Tiempo de la ruta : 0

Informacion Ruta : 3
 - Nodos visitados   : 0 -> 1001
 - Puntaje            : 0
 - Tiempo de la ruta : 0

Informacion Ruta : 4
 - Nodos visitados   : 0 -> 1001
 - Puntaje            : 0
 - Tiempo de la ruta : 0

Informacion Ruta : 5
 - Nodos visitados   : 0 -> 1001
 - Puntaje            : 0
 - Tiempo de la ruta : 0

Informacion Ruta : 6
 - Nodos visitados   : 0 -> 1001
 - Puntaje            : 0
 - Tiempo de la ruta : 0

==> Ejecucion : 5
Gurobi 12.0.0:   lim:time = 150
Gurobi 12.0.0: time limit, without a feasible solution
0 simplex iterations
Informacion Ruta : 1
 - Nodos visitados   : 0 ->  [Sin ruta o ruta incompleta]
 - Puntaje            : 0
 - Tiempo de la ruta : 0

Informacion Ruta : 2
 - Nodos visitados   : 0 ->  [Sin ruta o ruta incompleta]
 - Puntaje            : 0
 - Tiempo de la ruta : 0

Informacion Ruta : 3
 - Nodos visitados   : 0 ->  [Sin ruta o ruta incompleta]
 - Puntaje            : 0
 - Tiempo de la ruta : 0

Informacion Ruta : 4
 - Nodos visitados   : 0 ->  [Sin ruta o ruta incompleta]
 - Puntaje            : 0
 - Tiempo de la ruta : 0

Informacion Ruta : 5
 - Nodos visitados   : 0 ->  [Sin ruta o ruta incompleta]
 - Puntaje            : 0
 - Tiempo de la ruta : 0

Informacion Ruta : 6
 - Nodos visitados   : 0 ->  [Sin ruta o ruta incompleta]
 - Puntaje            : 0
 - Tiempo de la ruta : 0

==> Ejecucion : 6
Gurobi 12.0.0:   lim:time = 150
Gurobi 12.0.0: time limit, feasible solution; objective 0
0 simplex iterations
absmipgap=0.000238453, relmipgap=0
Informacion Ruta : 1
 - Nodos visitados   : 0 -> 1001
 - Puntaje            : 0
 - Tiempo de la ruta : 0

Informacion Ruta : 2
 - Nodos visitados   : 0 -> 1001
 - Puntaje            : 0
 - Tiempo de la ruta : 0

Informacion Ruta : 3
 - Nodos visitados   : 0 -> 1001
 - Puntaje            : 0
 - Tiempo de la ruta : 0

Informacion Ruta : 4
 - Nodos visitados   : 0 -> 1001
 - Puntaje            : 0
 - Tiempo de la ruta : 0

Informacion Ruta : 5
 - Nodos visitados   : 0 -> 1001
 - Puntaje            : 0
 - Tiempo de la ruta : 0

Informacion Ruta : 6
 - Nodos visitados   : 0 -> 1001
 - Puntaje            : 0
 - Tiempo de la ruta : 0

==> Ejecucion : 7
Gurobi 12.0.0:   lim:time = 150
Gurobi 12.0.0: time limit, feasible solution; objective 0
0 simplex iterations
absmipgap=35644, relmipgap=1e+100
Informacion Ruta : 1
 - Nodos visitados   : 0 -> 1001
 - Puntaje            : 0
 - Tiempo de la ruta : 0

Informacion Ruta : 2
 - Nodos visitados   : 0 -> 1001
 - Puntaje            : 0
 - Tiempo de la ruta : 0

Informacion Ruta : 3
 - Nodos visitados   : 0 -> 1001
 - Puntaje            : 0
 - Tiempo de la ruta : 0

Informacion Ruta : 4
 - Nodos visitados   : 0 -> 1001
 - Puntaje            : 0
 - Tiempo de la ruta : 0

Informacion Ruta : 5
 - Nodos visitados   : 0 -> 1001
 - Puntaje            : 0
 - Tiempo de la ruta : 0

Informacion Ruta : 6
 - Nodos visitados   : 0 -> 1001
 - Puntaje            : 0
 - Tiempo de la ruta : 0

==> Ejecucion : 8
Gurobi 12.0.0:   lim:time = 150
Gurobi 12.0.0: time limit, without a feasible solution
0 simplex iterations
Informacion Ruta : 1
 - Nodos visitados   : 0 ->  [Sin ruta o ruta incompleta]
 - Puntaje            : 0
 - Tiempo de la ruta : 0

Informacion Ruta : 2
 - Nodos visitados   : 0 ->  [Sin ruta o ruta incompleta]
 - Puntaje            : 0
 - Tiempo de la ruta : 0

Informacion Ruta : 3
 - Nodos visitados   : 0 ->  [Sin ruta o ruta incompleta]
 - Puntaje            : 0
 - Tiempo de la ruta : 0

Informacion Ruta : 4
 - Nodos visitados   : 0 ->  [Sin ruta o ruta incompleta]
 - Puntaje            : 0
 - Tiempo de la ruta : 0

Informacion Ruta : 5
 - Nodos visitados   : 0 ->  [Sin ruta o ruta incompleta]
 - Puntaje            : 0
 - Tiempo de la ruta : 0

Informacion Ruta : 6
 - Nodos visitados   : 0 ->  [Sin ruta o ruta incompleta]
 - Puntaje            : 0
 - Tiempo de la ruta : 0

==> Ejecucion : 9
Gurobi 12.0.0:   lim:time = 150
Gurobi 12.0.0: time limit, without a feasible solution
0 simplex iterations
Informacion Ruta : 1
 - Nodos visitados   : 0 ->  [Sin ruta o ruta incompleta]
 - Puntaje            : 0
 - Tiempo de la ruta : 0

Informacion Ruta : 2
 - Nodos visitados   : 0 ->  [Sin ruta o ruta incompleta]
 - Puntaje            : 0
 - Tiempo de la ruta : 0

Informacion Ruta : 3
 - Nodos visitados   : 0 ->  [Sin ruta o ruta incompleta]
 - Puntaje            : 0
 - Tiempo de la ruta : 0

Informacion Ruta : 4
 - Nodos visitados   : 0 ->  [Sin ruta o ruta incompleta]
 - Puntaje            : 0
 - Tiempo de la ruta : 0

Informacion Ruta : 5
 - Nodos visitados   : 0 ->  [Sin ruta o ruta incompleta]
 - Puntaje            : 0
 - Tiempo de la ruta : 0

Informacion Ruta : 6
 - Nodos visitados   : 0 ->  [Sin ruta o ruta incompleta]
 - Puntaje            : 0
 - Tiempo de la ruta : 0

==> Ejecucion : 10
Gurobi 12.0.0:   lim:time = 150
Gurobi 12.0.0: time limit, without a feasible solution
0 simplex iterations
Informacion Ruta : 1
 - Nodos visitados   : 0 ->  [Sin ruta o ruta incompleta]
 - Puntaje            : 0
 - Tiempo de la ruta : 0

Informacion Ruta : 2
 - Nodos visitados   : 0 ->  [Sin ruta o ruta incompleta]
 - Puntaje            : 0
 - Tiempo de la ruta : 0

Informacion Ruta : 3
 - Nodos visitados   : 0 ->  [Sin ruta o ruta incompleta]
 - Puntaje            : 0
 - Tiempo de la ruta : 0

Informacion Ruta : 4
 - Nodos visitados   : 0 ->  [Sin ruta o ruta incompleta]
 - Puntaje            : 0
 - Tiempo de la ruta : 0

Informacion Ruta : 5
 - Nodos visitados   : 0 ->  [Sin ruta o ruta incompleta]
 - Puntaje            : 0
 - Tiempo de la ruta : 0

Informacion Ruta : 6
 - Nodos visitados   : 0 ->  [Sin ruta o ruta incompleta]
 - Puntaje            : 0
 - Tiempo de la ruta : 0

==> Ejecucion : 11
Gurobi 12.0.0:   lim:time = 150
Gurobi 12.0.0: time limit, without a feasible solution
0 simplex iterations
Informacion Ruta : 1
 - Nodos visitados   : 0 ->  [Sin ruta o ruta incompleta]
 - Puntaje            : 0
 - Tiempo de la ruta : 0

Informacion Ruta : 2
 - Nodos visitados   : 0 ->  [Sin ruta o ruta incompleta]
 - Puntaje            : 0
 - Tiempo de la ruta : 0

Informacion Ruta : 3
 - Nodos visitados   : 0 ->  [Sin ruta o ruta incompleta]
 - Puntaje            : 0
 - Tiempo de la ruta : 0

Informacion Ruta : 4
 - Nodos visitados   : 0 ->  [Sin ruta o ruta incompleta]
 - Puntaje            : 0
 - Tiempo de la ruta : 0

Informacion Ruta : 5
 - Nodos visitados   : 0 ->  [Sin ruta o ruta incompleta]
 - Puntaje            : 0
 - Tiempo de la ruta : 0

Informacion Ruta : 6
 - Nodos visitados   : 0 ->  [Sin ruta o ruta incompleta]
 - Puntaje            : 0
 - Tiempo de la ruta : 0

==> Ejecucion : 12
Gurobi 12.0.0:   lim:time = 150
Gurobi 12.0.0: time limit, feasible solution; objective 0
0 simplex iterations
absmipgap=53466, relmipgap=1e+100
Informacion Ruta : 1
 - Nodos visitados   : 0 -> 1001
 - Puntaje            : 0
 - Tiempo de la ruta : 0

Informacion Ruta : 2
 - Nodos visitados   : 0 -> 1001
 - Puntaje            : 0
 - Tiempo de la ruta : 0

Informacion Ruta : 3
 - Nodos visitados   : 0 -> 1001
 - Puntaje            : 0
 - Tiempo de la ruta : 0

Informacion Ruta : 4
 - Nodos visitados   : 0 -> 1001
 - Puntaje            : 0
 - Tiempo de la ruta : 0

Informacion Ruta : 5
 - Nodos visitados   : 0 -> 1001
 - Puntaje            : 0
 - Tiempo de la ruta : 0

Informacion Ruta : 6
 - Nodos visitados   : 0 -> 1001
 - Puntaje            : 0
 - Tiempo de la ruta : 0

==> Ejecucion : 13
Gurobi 12.0.0:   lim:time = 150
Gurobi 12.0.0: time limit, without a feasible solution
0 simplex iterations
Informacion Ruta : 1
 - Nodos visitados   : 0 ->  [Sin ruta o ruta incompleta]
 - Puntaje            : 0
 - Tiempo de la ruta : 0

Informacion Ruta : 2
 - Nodos visitados   : 0 ->  [Sin ruta o ruta incompleta]
 - Puntaje            : 0
 - Tiempo de la ruta : 0

Informacion Ruta : 3
 - Nodos visitados   : 0 ->  [Sin ruta o ruta incompleta]
 - Puntaje            : 0
 - Tiempo de la ruta : 0

Informacion Ruta : 4
 - Nodos visitados   : 0 ->  [Sin ruta o ruta incompleta]
 - Puntaje            : 0
 - Tiempo de la ruta : 0

Informacion Ruta : 5
 - Nodos visitados   : 0 ->  [Sin ruta o ruta incompleta]
 - Puntaje            : 0
 - Tiempo de la ruta : 0

Informacion Ruta : 6
 - Nodos visitados   : 0 ->  [Sin ruta o ruta incompleta]
 - Puntaje            : 0
 - Tiempo de la ruta : 0

==> Ejecucion : 14
Gurobi 12.0.0:   lim:time = 150
Gurobi 12.0.0: time limit, without a feasible solution
0 simplex iterations
Informacion Ruta : 1
 - Nodos visitados   : 0 ->  [Sin ruta o ruta incompleta]
 - Puntaje            : 0
 - Tiempo de la ruta : 0

Informacion Ruta : 2
 - Nodos visitados   : 0 ->  [Sin ruta o ruta incompleta]
 - Puntaje            : 0
 - Tiempo de la ruta : 0

Informacion Ruta : 3
 - Nodos visitados   : 0 ->  [Sin ruta o ruta incompleta]
 - Puntaje            : 0
 - Tiempo de la ruta : 0

Informacion Ruta : 4
 - Nodos visitados   : 0 ->  [Sin ruta o ruta incompleta]
 - Puntaje            : 0
 - Tiempo de la ruta : 0

Informacion Ruta : 5
 - Nodos visitados   : 0 ->  [Sin ruta o ruta incompleta]
 - Puntaje            : 0
 - Tiempo de la ruta : 0

Informacion Ruta : 6
 - Nodos visitados   : 0 ->  [Sin ruta o ruta incompleta]
 - Puntaje            : 0
 - Tiempo de la ruta : 0

==> Ejecucion : 15
Gurobi 12.0.0:   lim:time = 150
Gurobi 12.0.0: time limit, feasible solution; objective 0
0 simplex iterations
absmipgap=11906.4, relmipgap=1e+100
Informacion Ruta : 1
 - Nodos visitados   : 0 -> 1001
 - Puntaje            : 0
 - Tiempo de la ruta : 0

Informacion Ruta : 2
 - Nodos visitados   : 0 -> 1001
 - Puntaje            : 0
 - Tiempo de la ruta : 0

Informacion Ruta : 3
 - Nodos visitados   : 0 -> 1001
 - Puntaje            : 0
 - Tiempo de la ruta : 0

Informacion Ruta : 4
 - Nodos visitados   : 0 -> 1001
 - Puntaje            : 0
 - Tiempo de la ruta : 0

Informacion Ruta : 5
 - Nodos visitados   : 0 -> 1001
 - Puntaje            : 0
 - Tiempo de la ruta : 0

Informacion Ruta : 6
 - Nodos visitados   : 0 -> 1001
 - Puntaje            : 0
 - Tiempo de la ruta : 0

==> Ejecucion : 16
Gurobi 12.0.0:   lim:time = 150
Gurobi 12.0.0: time limit, feasible solution; objective 0
0 simplex iterations
absmipgap=71288, relmipgap=1e+100
Informacion Ruta : 1
 - Nodos visitados   : 0 -> 1001
 - Puntaje            : 0
 - Tiempo de la ruta : 0

Informacion Ruta : 2
 - Nodos visitados   : 0 -> 1001
 - Puntaje            : 0
 - Tiempo de la ruta : 0

Informacion Ruta : 3
 - Nodos visitados   : 0 -> 1001
 - Puntaje            : 0
 - Tiempo de la ruta : 0

Informacion Ruta : 4
 - Nodos visitados   : 0 -> 1001
 - Puntaje            : 0
 - Tiempo de la ruta : 0

Informacion Ruta : 5
 - Nodos visitados   : 0 -> 1001
 - Puntaje            : 0
 - Tiempo de la ruta : 0

Informacion Ruta : 6
 - Nodos visitados   : 0 -> 1001
 - Puntaje            : 0
 - Tiempo de la ruta : 0

==> Ejecucion : 17
Gurobi 12.0.0:   lim:time = 150
Gurobi 12.0.0: time limit, without a feasible solution
0 simplex iterations
Informacion Ruta : 1
 - Nodos visitados   : 0 ->  [Sin ruta o ruta incompleta]
 - Puntaje            : 0
 - Tiempo de la ruta : 0

Informacion Ruta : 2
 - Nodos visitados   : 0 ->  [Sin ruta o ruta incompleta]
 - Puntaje            : 0
 - Tiempo de la ruta : 0

Informacion Ruta : 3
 - Nodos visitados   : 0 ->  [Sin ruta o ruta incompleta]
 - Puntaje            : 0
 - Tiempo de la ruta : 0

Informacion Ruta : 4
 - Nodos visitados   : 0 ->  [Sin ruta o ruta incompleta]
 - Puntaje            : 0
 - Tiempo de la ruta : 0

Informacion Ruta : 5
 - Nodos visitados   : 0 ->  [Sin ruta o ruta incompleta]
 - Puntaje            : 0
 - Tiempo de la ruta : 0

Informacion Ruta : 6
 - Nodos visitados   : 0 ->  [Sin ruta o ruta incompleta]
 - Puntaje            : 0
 - Tiempo de la ruta : 0

==> Ejecucion : 18
Gurobi 12.0.0:   lim:time = 150
Gurobi 12.0.0: time limit, feasible solution; objective 0
0 simplex iterations
absmipgap=40632, relmipgap=1e+100
Informacion Ruta : 1
 - Nodos visitados   : 0 -> 1001
 - Puntaje            : 0
 - Tiempo de la ruta : 0

Informacion Ruta : 2
 - Nodos visitados   : 0 -> 1001
 - Puntaje            : 0
 - Tiempo de la ruta : 0

Informacion Ruta : 3
 - Nodos visitados   : 0 -> 1001
 - Puntaje            : 0
 - Tiempo de la ruta : 0

Informacion Ruta : 4
 - Nodos visitados   : 0 -> 1001
 - Puntaje            : 0
 - Tiempo de la ruta : 0

Informacion Ruta : 5
 - Nodos visitados   : 0 -> 1001
 - Puntaje            : 0
 - Tiempo de la ruta : 0

Informacion Ruta : 6
 - Nodos visitados   : 0 -> 1001
 - Puntaje            : 0
 - Tiempo de la ruta : 0

==> Ejecucion : 19
Gurobi 12.0.0:   lim:time = 150
Gurobi 12.0.0: time limit, without a feasible solution
0 simplex iterations
Informacion Ruta : 1
 - Nodos visitados   : 0 ->  [Sin ruta o ruta incompleta]
 - Puntaje            : 0
 - Tiempo de la ruta : 0

Informacion Ruta : 2
 - Nodos visitados   : 0 ->  [Sin ruta o ruta incompleta]
 - Puntaje            : 0
 - Tiempo de la ruta : 0

Informacion Ruta : 3
 - Nodos visitados   : 0 ->  [Sin ruta o ruta incompleta]
 - Puntaje            : 0
 - Tiempo de la ruta : 0

Informacion Ruta : 4
 - Nodos visitados   : 0 ->  [Sin ruta o ruta incompleta]
 - Puntaje            : 0
 - Tiempo de la ruta : 0

Informacion Ruta : 5
 - Nodos visitados   : 0 ->  [Sin ruta o ruta incompleta]
 - Puntaje            : 0
 - Tiempo de la ruta : 0

Informacion Ruta : 6
 - Nodos visitados   : 0 ->  [Sin ruta o ruta incompleta]
 - Puntaje            : 0
 - Tiempo de la ruta : 0

==> Ejecucion : 20
Gurobi 12.0.0:   lim:time = 150
Gurobi 12.0.0: time limit, feasible solution; objective 0
0 simplex iterations
absmipgap=73591.2, relmipgap=1e+100
Informacion Ruta : 1
 - Nodos visitados   : 0 -> 1001
 - Puntaje            : 0
 - Tiempo de la ruta : 0

Informacion Ruta : 2
 - Nodos visitados   : 0 -> 1001
 - Puntaje            : 0
 - Tiempo de la ruta : 0

Informacion Ruta : 3
 - Nodos visitados   : 0 -> 1001
 - Puntaje            : 0
 - Tiempo de la ruta : 0

Informacion Ruta : 4
 - Nodos visitados   : 0 -> 1001
 - Puntaje            : 0
 - Tiempo de la ruta : 0

Informacion Ruta : 5
 - Nodos visitados   : 0 -> 1001
 - Puntaje            : 0
 - Tiempo de la ruta : 0

Informacion Ruta : 6
 - Nodos visitados   : 0 -> 1001
 - Puntaje            : 0
 - Tiempo de la ruta : 0

==> Ejecucion : 21
Gurobi 12.0.0:   lim:time = 150
Gurobi 12.0.0: time limit, without a feasible solution
0 simplex iterations
Informacion Ruta : 1
 - Nodos visitados   : 0 ->  [Sin ruta o ruta incompleta]
 - Puntaje            : 0
 - Tiempo de la ruta : 0

Informacion Ruta : 2
 - Nodos visitados   : 0 ->  [Sin ruta o ruta incompleta]
 - Puntaje            : 0
 - Tiempo de la ruta : 0

Informacion Ruta : 3
 - Nodos visitados   : 0 ->  [Sin ruta o ruta incompleta]
 - Puntaje            : 0
 - Tiempo de la ruta : 0

Informacion Ruta : 4
 - Nodos visitados   : 0 ->  [Sin ruta o ruta incompleta]
 - Puntaje            : 0
 - Tiempo de la ruta : 0

Informacion Ruta : 5
 - Nodos visitados   : 0 ->  [Sin ruta o ruta incompleta]
 - Puntaje            : 0
 - Tiempo de la ruta : 0

Informacion Ruta : 6
 - Nodos visitados   : 0 ->  [Sin ruta o ruta incompleta]
 - Puntaje            : 0
 - Tiempo de la ruta : 0



: MVF PVF TCPU1  f1  f2  f3    :=
1   0   1   334   0   0   0
2   0   1   464   0   0   0
3   0   1   955   0   0   0
;

:  FN1 FN2 FN3  F1  F2  F3  TCPU2    :=
1    1   1   1   0   0   0   1177
2    1   1   1   0   0   0   1320
3    1   1   1   0   0   0   1629
4    1   1   1   0   0   0   1518
5    1   1   1   0   0   0   2480
6    1   1   1   0   0   0   1908
7    1   1   1   0   0   0   1699
8    1   1   1   0   0   0   2526
9    1   1   1   0   0   0   1645
10   1   1   1   0   0   0   1280
11   1   1   1   0   0   0   3172
12   1   1   1   0   0   0   1640
13   1   1   1   0   0   0    832
14   1   1   1   0   0   0   1680
15   1   1   1   0   0   0   1510
16   1   1   1   0   0   0   1801
17   1   1   1   0   0   0   2697
18   1   1   1   0   0   0   1745
19   1   1   1   0   0   0   1795
20   1   1   1   0   0   0   1899
21   1   1   1   0   0   0   1064
;

