

:::::::::::::::::::::::::: Descripcion de la Instancia ::::::::::::::::::::::::::

Nodo inicial         : 0 
Nodo final           : 101 
Tmax                 : 960 
Numero de nodos      : 102 
Numero de rutas      : 2 
Numero de categorias : 3 
 - Cuota de la categoria 1 : 29 
 - Cuota de la categoria 2 : 21 
 - Cuota de la categoria 3 : 14 
Funcion Objetivo : 1
Gurobi 12.0.0:   lim:time = 150
Gurobi 12.0.0: time limit, feasible solution; objective -1208
3.80364e+06 simplex iterations
9319 branching nodes
absmipgap=181, relmipgap=0.149834
Funcion Objetivo : 2
Gurobi 12.0.0:   lim:time = 150
Gurobi 12.0.0: optimal solution; objective 0
0 simplex iterations
absmipgap=6.20048e-10, relmipgap=0
Funcion Objetivo : 3
Gurobi 12.0.0:   lim:time = 150
Gurobi 12.0.0: optimal solution; objective 0
0 simplex iterations
1 branching node
==> Ejecucion : 1
Gurobi 12.0.0:   lim:time = 150
Gurobi 12.0.0: optimal solution; objective 0
0 simplex iterations
1 branching node
Informacion Ruta : 1
 - Nodos visitados   : 0 -> 101
 - Puntaje            : 0
 - Tiempo de la ruta : 0

Informacion Ruta : 2
 - Nodos visitados   : 0 -> 101
 - Puntaje            : 0
 - Tiempo de la ruta : 0

==> Ejecucion : 2
Gurobi 12.0.0:   lim:time = 150
Gurobi 12.0.0: optimal solution; objective 0
141 simplex iterations
1 branching node
absmipgap=7.60503e-15, relmipgap=0
Informacion Ruta : 1
 - Nodos visitados   : 0 -> 101
 - Puntaje            : 0
 - Tiempo de la ruta : 0

Informacion Ruta : 2
 - Nodos visitados   : 0 -> 101
 - Puntaje            : 0
 - Tiempo de la ruta : 0

==> Ejecucion : 3
Gurobi 12.0.0:   lim:time = 150
Gurobi 12.0.0: optimal solution; objective 0
144 simplex iterations
1 branching node
absmipgap=1.52101e-14, relmipgap=0
Informacion Ruta : 1
 - Nodos visitados   : 0 -> 101
 - Puntaje            : 0
 - Tiempo de la ruta : 0

Informacion Ruta : 2
 - Nodos visitados   : 0 -> 101
 - Puntaje            : 0
 - Tiempo de la ruta : 0

==> Ejecucion : 4
Gurobi 12.0.0:   lim:time = 150
Gurobi 12.0.0: optimal solution; objective 0
215 simplex iterations
1 branching node
absmipgap=6.50813e-13, relmipgap=0
Informacion Ruta : 1
 - Nodos visitados   : 0 -> 101
 - Puntaje            : 0
 - Tiempo de la ruta : 0

Informacion Ruta : 2
 - Nodos visitados   : 0 -> 101
 - Puntaje            : 0
 - Tiempo de la ruta : 0

==> Ejecucion : 5
Gurobi 12.0.0:   lim:time = 150
Gurobi 12.0.0: optimal solution; objective 0
2 simplex iterations
1 branching node
absmipgap=3.04201e-14, relmipgap=0
Informacion Ruta : 1
 - Nodos visitados   : 0 -> 101
 - Puntaje            : 0
 - Tiempo de la ruta : 0

Informacion Ruta : 2
 - Nodos visitados   : 0 -> 101
 - Puntaje            : 0
 - Tiempo de la ruta : 0

==> Ejecucion : 6
Gurobi 12.0.0:   lim:time = 150
Gurobi 12.0.0: optimal solution; objective 0
0 simplex iterations
absmipgap=8.30114e-13, relmipgap=0
Informacion Ruta : 1
 - Nodos visitados   : 0 -> 101
 - Puntaje            : 0
 - Tiempo de la ruta : 0

Informacion Ruta : 2
 - Nodos visitados   : 0 -> 101
 - Puntaje            : 0
 - Tiempo de la ruta : 0

==> Ejecucion : 7
Gurobi 12.0.0:   lim:time = 150
Gurobi 12.0.0: time limit, feasible solution; objective 0.05227460711
4.71422e+06 simplex iterations
10022 branching nodes
absmipgap=0.0820513, relmipgap=1.56962
Informacion Ruta : 1
 - Nodos visitados   : 0 -> 23 (229.8299999999952) -> 64 (265.7899999999952) -> 76 (299.2199999999953) -> 19 (327.3299999999961) -> 86 (362.5699999999965) -> 22 (393.5899999999965) -> 57 (417.7299999999972) -> 9 (450.0899999999979) -> 78 (481.1899999999985) -> 46 (517.19) -> 97 (590.75) -> 75 (613.7899999999998) -> 74 (645) -> 68 (699.7199999999982) -> 4 (738) -> 60 (768.6199999999969) -> 12 (795.1699999999959) -> 70 (841.2899999999951) -> 101
 - Puntaje            : 446
 - Tiempo de la ruta : 870.939999999995

Informacion Ruta : 2
 - Nodos visitados   : 0 -> 65 (11.17999999999735) -> 36 (75.25999999999647) -> 37 (88.25999999999624) -> 39 (103.65) -> 3 (151.9799999999963) -> 1 (164.9799999999963) -> 5 (179.9799999999959) -> 69 (224.7699999999958) -> 91 (255.3599999999996) -> 16 (314.4) -> 18 (380.6199999999956) -> 84 (417.9099999999956) -> 51 (437.1299999999957) -> 48 (466.9799999999951) -> 10 (524.4) -> 56 (574.71) -> 96 (604.36) -> 72 (627.9599999999932) -> 26 (685.3799999999906) -> 89 (732.9199999999869) -> 85 (761.3599999999856) -> 94 (797.0699999999814) -> 2 (851.2699999999813) -> 101
 - Puntaje            : 446
 - Tiempo de la ruta : 892.0799999999813

==> Ejecucion : 8
Gurobi 12.0.0:   lim:time = 150
Gurobi 12.0.0: time limit, feasible solution; objective 0.1845429014
787250 simplex iterations
14895 branching nodes
absmipgap=0.0807723, relmipgap=0.437689
Informacion Ruta : 1
 - Nodos visitados   : 0 -> 10 (535.75) -> 46 (586.5399999999994) -> 5 (601.9299999999995) -> 3 (613.93) -> 1 (626.93) -> 4 (644) -> 2 (659.39) -> 55 (686.39) -> 68 (706.39) -> 101
 - Puntaje            : 197
 - Tiempo de la ruta : 726.39

Informacion Ruta : 2
 - Nodos visitados   : 0 -> 69 (243.3199999999999) -> 88 (262.5399999999998) -> 98 (278.8599999999998) -> 11 (310.4899999999998) -> 12 (325.4899999999998) -> 99 (356.0799999999999) -> 83 (377.7799999999998) -> 57 (397) -> 86 (416.0599999999999) -> 101
 - Puntaje            : 195
 - Tiempo de la ruta : 458.2599999999999

==> Ejecucion : 9
Gurobi 12.0.0:   lim:time = 150
Gurobi 12.0.0: time limit, feasible solution; objective 0.199834574
102545 simplex iterations
3887 branching nodes
absmipgap=0.0176267, relmipgap=0.0882067
Informacion Ruta : 1
 - Nodos visitados   : 0 -> 101
 - Puntaje            : 0
 - Tiempo de la ruta : 0

Informacion Ruta : 2
 - Nodos visitados   : 0 -> 101
 - Puntaje            : 0
 - Tiempo de la ruta : 0

==> Ejecucion : 10
Gurobi 12.0.0:   lim:time = 150
Gurobi 12.0.0: optimal solution; objective 0.199834574
190 simplex iterations
1 branching node
absmipgap=6.94e-13, relmipgap=0
Informacion Ruta : 1
 - Nodos visitados   : 0 -> 101
 - Puntaje            : 0
 - Tiempo de la ruta : 0

Informacion Ruta : 2
 - Nodos visitados   : 0 -> 101
 - Puntaje            : 0
 - Tiempo de la ruta : 0

==> Ejecucion : 11
Gurobi 12.0.0:   lim:time = 150
Gurobi 12.0.0: optimal solution; objective 0.199834574
50 simplex iterations
1 branching node
absmipgap=4.66294e-15, relmipgap=0
Informacion Ruta : 1
 - Nodos visitados   : 0 -> 101
 - Puntaje            : 0
 - Tiempo de la ruta : 0

Informacion Ruta : 2
 - Nodos visitados   : 0 -> 101
 - Puntaje            : 0
 - Tiempo de la ruta : 0

==> Ejecucion : 12
Gurobi 12.0.0:   lim:time = 150
Gurobi 12.0.0: time limit, feasible solution; objective 0.3996691481
1.60704e+06 simplex iterations
2946 branching nodes
absmipgap=0.459222, relmipgap=1.14901
Informacion Ruta : 1
 - Nodos visitados   : 0 -> 101
 - Puntaje            : 0
 - Tiempo de la ruta : 0

Informacion Ruta : 2
 - Nodos visitados   : 0 -> 101
 - Puntaje            : 0
 - Tiempo de la ruta : 0

==> Ejecucion : 13
Gurobi 12.0.0:   lim:time = 150
Gurobi 12.0.0: time limit, feasible solution; objective 0.3146198892
944503 simplex iterations
13604 branching nodes
absmipgap=0.231882, relmipgap=0.737024
Informacion Ruta : 1
 - Nodos visitados   : 0 -> 82 (335.1) -> 98 (354.16) -> 88 (370.48) -> 78 (396.6) -> 79 (418.77) -> 7 (440.17) -> 2 (457.17) -> 6 (471.17) -> 8 (487) -> 5 (504.07) -> 3 (516.0699999999999) -> 1 (529.0699999999999) -> 101
 - Puntaje            : 224
 - Tiempo de la ruta : 577.15

Informacion Ruta : 2
 - Nodos visitados   : 0 -> 96 (176.410000000001) -> 12 (234.260000000001) -> 11 (249.260000000001) -> 19 (304.6) -> 23 (321) -> 48 (335) -> 18 (347) -> 76 (374.4600000000009) -> 84 (401.7200000000009) -> 95 (419.7800000000009) -> 101
 - Puntaje            : 241
 - Tiempo de la ruta : 450.4

==> Ejecucion : 14
Gurobi 12.0.0:   lim:time = 150
Gurobi 12.0.0: time limit, feasible solution; objective 0.3432212097
716943 simplex iterations
14602 branching nodes
absmipgap=0.134584, relmipgap=0.39212
Informacion Ruta : 1
 - Nodos visitados   : 0 -> 69 (277) -> 88 (296.2200000000002) -> 2 (323.3400000000012) -> 1 (343.7800000000007) -> 3 (356.7800000000007) -> 5 (368.7800000000075) -> 8 (385.85) -> 6 (401.6800000000076) -> 7 (414.6800000000076) -> 79 (436.0800000000077) -> 78 (458.25) -> 98 (486.6900000000111) -> 101
 - Puntaje            : 242
 - Tiempo de la ruta : 510.8300000000111

Informacion Ruta : 2
 - Nodos visitados   : 0 -> 91 (234.5400000000018) -> 76 (276.4900000000006) -> 19 (304.6) -> 23 (321) -> 21 (333) -> 48 (345) -> 18 (357) -> 22 (377.7700000000062) -> 86 (408.7900000000068) -> 57 (427.85) -> 101
 - Puntaje            : 245
 - Tiempo de la ruta : 464.7800000000072

==> Ejecucion : 15
Gurobi 12.0.0:   lim:time = 150
Gurobi 12.0.0: time limit, feasible solution; objective 0.3938252765
360082 simplex iterations
13288 branching nodes
absmipgap=0.08724, relmipgap=0.221519
Informacion Ruta : 1
 - Nodos visitados   : 0 -> 69 (207.819999999998) -> 12 (241.859999999998) -> 11 (256.859999999998) -> 16 (274.859999999998) -> 99 (311.339999999998) -> 83 (333.039999999998) -> 19 (364.6299999999979) -> 22 (380.0199999999979) -> 51 (405.8300000000011) -> 84 (425.05) -> 50 (451.2100000000025) -> 94 (481.0600000000047) -> 96 (497.3800000000007) -> 101
 - Puntaje            : 332
 - Tiempo de la ruta : 522.9

Informacion Ruta : 2
 - Nodos visitados   : 0 -> 101
 - Puntaje            : 0
 - Tiempo de la ruta : 0

==> Ejecucion : 16
Gurobi 12.0.0:   lim:time = 150
Gurobi 12.0.0: time limit, feasible solution; objective 0.08914486914
4.56791e+06 simplex iterations
10267 branching nodes
absmipgap=0.178475, relmipgap=2.00208
Informacion Ruta : 1
 - Nodos visitados   : 0 -> 42 (91.05999999999656) -> 36 (112.2399999999971) -> 39 (129.3099999999978) -> 69 (179.6199999999986) -> 15 (221) -> 11 (237) -> 16 (255) -> 50 (337.1699999999983) -> 34 (360.169999999994) -> 31 (373.1699999999882) -> 84 (414.75) -> 86 (461.1) -> 22 (492.1199999999811) -> 57 (516.2599999999795) -> 49 (543.95) -> 96 (597.9199999999744) -> 56 (627.5699999999721) -> 74 (671.1099999999694) -> 48 (707.7399999999669) -> 12 (770.2399999999616) -> 5 (822) -> 3 (834) -> 70 (864.6199999999576) -> 7 (895.5) -> 101
 - Puntaje            : 522
 - Tiempo de la ruta : 940.8599999999576

Informacion Ruta : 2
 - Nodos visitados   : 0 -> 65 (19.45) -> 1 (75.55) -> 26 (174.5699999999999) -> 64 (234.57) -> 76 (268) -> 19 (296.1099999999999) -> 23 (312.5099999999999) -> 99 (354.8199999999999) -> 79 (403.4099999999999) -> 78 (425.5799999999999) -> 9 (456.6799999999998) -> 94 (515.4399999999998) -> 91 (535.4399999999998) -> 10 (584.4899999999998) -> 59 (614.4899999999996) -> 97 (630.809999999999) -> 55 (690.2099999999988) -> 4 (722.5699999999986) -> 60 (753.1899999999986) -> 37 (817.8199999999986) -> 80 (867.1799999999986) -> 83 (896.05) -> 82 (921.6699999999977) -> 101
 - Puntaje            : 515
 - Tiempo de la ruta : 946.4299999999977

==> Ejecucion : 17
Gurobi 12.0.0:   lim:time = 150
Gurobi 12.0.0: time limit, feasible solution; objective 0.2500499164
827546 simplex iterations
11533 branching nodes
absmipgap=0.194502, relmipgap=0.777854
Informacion Ruta : 1
 - Nodos visitados   : 0 -> 94 (124.1799999999897) -> 50 (154.0299999999897) -> 34 (177.0299999999897) -> 26 (198.2099999999941) -> 31 (216.8099999999953) -> 29 (228.8099999999952) -> 27 (243.8099999999965) -> 23 (318.2199999999962) -> 48 (332.2199999999959) -> 18 (344.2200000000008) -> 19 (359.6100000000004) -> 22 (375) -> 57 (399.14) -> 86 (418.2) -> 59 (439.9) -> 9 (464.9) -> 1 (527.1) -> 66 (587.7) -> 10 (628.8399999999938) -> 55 (667.1199999999914) -> 68 (687.119999999992) -> 101
 - Puntaje            : 496
 - Tiempo de la ruta : 707.1199999999928

Informacion Ruta : 2
 - Nodos visitados   : 0 -> 65 (16.39000000000829) -> 91 (40.53000000000829) -> 96 (63.95) -> 36 (106.5200000000098) -> 39 (123.5900000000098) -> 42 (138.5900000000098) -> 3 (181.9700000000097) -> 5 (193.9700000000099) -> 69 (238.7600000000002) -> 16 (282) -> 15 (294) -> 11 (310) -> 12 (325) -> 88 (355.6200000000039) -> 78 (381.7400000000009) -> 79 (403.9100000000026) -> 7 (425.3100000000026) -> 8 (440.3100000000024) -> 6 (456.1400000000024) -> 83 (514.0700000000022) -> 20 (540.8300000000022) -> 97 (588.95) -> 56 (647.990000000001) -> 54 (683.490000000001) -> 101
 - Puntaje            : 492
 - Tiempo de la ruta : 711.520000000001

==> Ejecucion : 18
Gurobi 12.0.0:   lim:time = 150
Gurobi 12.0.0: time limit, feasible solution; objective 0.3526934452
781257 simplex iterations
14489 branching nodes
absmipgap=0.159431, relmipgap=0.45204
Informacion Ruta : 1
 - Nodos visitados   : 0 -> 69 (243.8299999999895) -> 98 (258.8299999999899) -> 88 (275.15) -> 11 (309.2299999999915) -> 16 (327.2299999999919) -> 12 (346.6599999999931) -> 79 (379.75) -> 78 (401.919999999995) -> 6 (433.3899999999958) -> 8 (449.219999999997) -> 1 (470.4) -> 46 (489) -> 5 (504.39) -> 3 (516.3899999999974) -> 91 (577.1599999999955) -> 56 (594.2299999999946) -> 83 (617.8299999999936) -> 66 (635.0399999999928) -> 101
 - Puntaje            : 344
 - Tiempo de la ruta : 658.0799999999911

Informacion Ruta : 2
 - Nodos visitados   : 0 -> 36 (46.00999999999013) -> 37 (59.00999999999078) -> 39 (74.4) -> 42 (89.4) -> 47 (162.9099999999929) -> 15 (177.9099999999932) -> 59 (209.45) -> 75 (235.2599999999962) -> 19 (282.6) -> 23 (299) -> 21 (311) -> 48 (323) -> 18 (335) -> 76 (362.46) -> 51 (381.8899999999986) -> 22 (407.7) -> 57 (431.8399999999954) -> 84 (469.1299999999937) -> 26 (517.1399999999921) -> 31 (535.7399999999894) -> 34 (548.7399999999864) -> 50 (571.7399999999839) -> 94 (601.5899999999813) -> 4 (660.5099999999802) -> 68 (698.7899999999797) -> 55 (718.7899999999789) -> 60 (743.7899999999781) -> 7 (768.7899999999761) -> 2 (785.7899999999736) -> 70 (810.1099999999714) -> 96 (845.10999999997) -> 80 (865.7399999999685) -> 101
 - Puntaje            : 715
 - Tiempo de la ruta : 883.3599999999669

==> Ejecucion : 19
Gurobi 12.0.0:   lim:time = 150
Gurobi 12.0.0: time limit, feasible solution; objective 0.1146356455
2.50893e+06 simplex iterations
7501 branching nodes
absmipgap=0.234098, relmipgap=2.04211
Informacion Ruta : 1
 - Nodos visitados   : 0 -> 65 (15.48999999999479) -> 36 (79.56999999999482) -> 39 (96.63999999999481) -> 94 (138.7799999999948) -> 27 (188.9399999999957) -> 29 (203.939999999996) -> 26 (221.0099999999964) -> 31 (239.6099999999968) -> 38 (301.5799999999969) -> 37 (315.1899999999974) -> 40 (331.0199999999988) -> 72 (361.239999999999) -> 41 (382.4199999999989) -> 8 (435.7099999999989) -> 79 (460.7099999999989) -> 78 (482.879999999999) -> 1 (526.5) -> 46 (545.1) -> 43 (592.4399999999998) -> 68 (631.5899999999998) -> 54 (656.5899999999998) -> 89 (722.8799999999998) -> 24 (763.5599999999995) -> 25 (784) -> 80 (837.6800000000001) -> 91 (853.07) -> 2 (905.71) -> 101
 - Puntaje            : 532
 - Tiempo de la ruta : 946.52

Informacion Ruta : 2
 - Nodos visitados   : 0 -> 75 (165.9399999999975) -> 15 (211.0699999999974) -> 11 (227.0699999999974) -> 88 (261.15) -> 64 (306.15) -> 76 (339.5799999999974) -> 51 (359.0099999999974) -> 22 (384.8199999999974) -> 86 (415.8399999999974) -> 9 (441.4) -> 84 (498.7799999999975) -> 50 (524.9399999999989) -> 66 (566) -> 56 (585.2199999999997) -> 96 (614.8699999999976) -> 35 (658.1099999999976) -> 3 (713.1099999999976) -> 5 (725.1099999999976) -> 4 (740.1099999999976) -> 7 (757.1799999999976) -> 58 (832.1799999999976) -> 70 (904.4799999999975) -> 101
 - Puntaje            : 512
 - Tiempo de la ruta : 934.1299999999975

==> Ejecucion : 20
Gurobi 12.0.0:   lim:time = 150
Gurobi 12.0.0: time limit, feasible solution; objective 0.2281727438
918717 simplex iterations
12638 branching nodes
absmipgap=0.202845, relmipgap=0.888997
Informacion Ruta : 1
 - Nodos visitados   : 0 -> 65 (14.25) -> 92 (42.5) -> 50 (73.11999999998878) -> 36 (133.6099999999898) -> 3 (186.6099999999918) -> 5 (198.6099999999948) -> 23 (290.6099999999958) -> 48 (304.609999999998) -> 19 (319.61) -> 18 (335) -> 76 (362.4599999999998) -> 51 (381.8899999999993) -> 84 (401.1099999999987) -> 26 (449.1199999999978) -> 34 (470.3) -> 31 (483.3) -> 49 (544.7299999999905) -> 59 (587.7099999999896) -> 97 (604.0299999999879) -> 10 (636.8299999999873) -> 1 (694.2599999999851) -> 4 (711.3299999999838) -> 35 (768.6) -> 72 (799) -> 100 (841.0599999999773) -> 70 (855.5299999999762) -> 101
 - Puntaje            : 586
 - Tiempo de la ruta : 885.1799999999744

Informacion Ruta : 2
 - Nodos visitados   : 0 -> 69 (172.2400000000063) -> 64 (208.3200000000063) -> 15 (262.4700000000063) -> 16 (274.4700000000063) -> 11 (292.4700000000063) -> 2 (340.1700000000064) -> 57 (400.8100000000064) -> 86 (419.8700000000064) -> 9 (445.4300000000064) -> 78 (476.5300000000064) -> 6 (508) -> 56 (569.2200000000064) -> 91 (586.2900000000064) -> 94 (606.2900000000064) -> 96 (622.6100000000063) -> 54 (638.6100000000063) -> 68 (663.6100000000063) -> 55 (683.6100000000063) -> 60 (708.6100000000063) -> 12 (735.1600000000063) -> 17 (753.1600000000063) -> 58 (801.2400000000064) -> 75 (822.4200000000064) -> 25 (862.4200000000064) -> 83 (898.5) -> 80 (927.3700000000065) -> 101
 - Puntaje            : 546
 - Tiempo de la ruta : 944.9900000000065

==> Ejecucion : 21
Gurobi 12.0.0:   lim:time = 150
Gurobi 12.0.0: time limit, feasible solution; objective 0.09842845327
3.81631e+06 simplex iterations
10345 branching nodes
absmipgap=0.248139, relmipgap=2.52101
Informacion Ruta : 1
 - Nodos visitados   : 0 -> 64 (201.05) -> 69 (237.1300000000075) -> 11 (273.0700000000075) -> 15 (289.0700000000075) -> 16 (301.0700000000075) -> 48 (365.7400000000075) -> 59 (411.0800000000075) -> 9 (436.0800000000075) -> 34 (521.0800000000075) -> 31 (534.0800000000075) -> 26 (552.6800000000076) -> 56 (607.9600000000075) -> 97 (667) -> 17 (704.2900000000075) -> 74 (746.3100000000074) -> 24 (774.9900000000074) -> 89 (815.6700000000073) -> 25 (857.6700000000073) -> 58 (888.2900000000074) -> 101
 - Puntaje            : 410
 - Tiempo de la ruta : 945.4600000000073

Informacion Ruta : 2
 - Nodos visitados   : 0 -> 65 (51.91000000000162) -> 96 (86.32000000000161) -> 36 (128.8900000000016) -> 94 (176.7400000000016) -> 91 (196.7400000000016) -> 50 (230.7800000000015) -> 23 (286.1200000000016) -> 76 (319.2100000000016) -> 18 (346.6700000000016) -> 19 (362.0600000000016) -> 22 (377.45) -> 51 (403.2600000000016) -> 84 (422.4800000000016) -> 86 (468.8300000000016) -> 57 (487.8900000000016) -> 10 (522.8900000000016) -> 12 (538.2800000000016) -> 43 (610) -> 55 (655.3600000000016) -> 7 (686.5700000000016) -> 68 (725.7200000000016) -> 4 (764) -> 1 (781.0700000000013) -> 3 (794.0700000000013) -> 5 (806.0700000000098) -> 98 (849.6100000000147) -> 100 (875.4200000000162) -> 2 (897.4600000000162) -> 70 (921.7800000000166) -> 101
 - Puntaje            : 679
 - Tiempo de la ruta : 951.4300000000165



:    MVF      PVF   TCPU1    f1       f2      f3     :=
1   -1208      1      151   -1208   1869.98   653
2       0   1870.98     1       0      0        0
3       0    654        1       0      0        0
;

:       FN1         FN2         FN3        F1       F2      F3  TCPU2    :=
1    0.00082713   1           1               0      0        0     2
2    0.00082713   1           1               0      0        0     1
3    0.00082713   1           1               0      0        0     2
4    0.00082713   1           1               0      0        0     1
5    0.00082713   1           1               0      0        0     2
6    0.00082713   1           1               0      0        0     0
7    0.738627     0.156469    1            -892   1578.23     0   151
8    0.325062     0.761398    0.996942     -392    446.42     2   151
9    0.00082713   1           1               0      0        0   151
10   0.00082713   1           1               0      0        0     2
11   0.00082713   1           1               0      0        0     3
12   0.00082713   1           1               0      0        0   151
13   0.385443     0.708003    0.974006     -465    546.32    17   150
14   0.403639     0.740601    0.995413     -487    485.33     3   152
15   0.275434     0.826668    0.492355     -332    324.3    332   151
16   0.858561     0.026446    0.989297    -1037   1821.5      7   151
17   0.818031     0.301772    0.993884     -988   1306.37     4   151
18   0.876758     0.30313    -0.0932722   -1059   1303.83   715   151
19   0.864351     0.055356    0.969419    -1044   1767.41    20   151
20   0.937138     0.110584    0.103976    -1132   1664.08   586   151
21   0.901572     0.104357   -0.0382263   -1089   1675.73   679   151
;

