

:::::::::::::::::::::::::: Descripcion de la Instancia ::::::::::::::::::::::::::

Nodo inicial         : 0 
Nodo final           : 101 
Tmax                 : 960 
Numero de nodos      : 102 
Numero de rutas      : 2 
Numero de categorias : 3 
 - Cuota de la categoria 1 : 29 
 - Cuota de la categoria 2 : 21 
 - Cuota de la categoria 3 : 14 
Funcion Objetivo : 1
Gurobi 12.0.0:   lim:time = 150
Gurobi 12.0.0: time limit, feasible solution; objective -1220
2.95158e+06 simplex iterations
17182 branching nodes
absmipgap=169, relmipgap=0.138525
Funcion Objetivo : 2
Gurobi 12.0.0:   lim:time = 150
Gurobi 12.0.0: optimal solution; objective 0
0 simplex iterations
absmipgap=2.65953e-09, relmipgap=1e+100
Funcion Objetivo : 3
Gurobi 12.0.0:   lim:time = 150
Gurobi 12.0.0: optimal solution; objective 0
7 simplex iterations
1 branching node
==> Ejecucion : 1
Gurobi 12.0.0:   lim:time = 150
Gurobi 12.0.0: optimal solution; objective 0
7 simplex iterations
1 branching node
Informacion Ruta : 1
 - Nodos visitados   : 0 -> 101
 - Puntaje            : 0
 - Tiempo de la ruta : 0

Informacion Ruta : 2
 - Nodos visitados   : 0 -> 101
 - Puntaje            : 0
 - Tiempo de la ruta : 0

==> Ejecucion : 2
Gurobi 12.0.0:   lim:time = 150
Gurobi 12.0.0: optimal solution; objective 0
748 simplex iterations
1 branching node
absmipgap=2.80828e-14, relmipgap=0
Informacion Ruta : 1
 - Nodos visitados   : 0 -> 101
 - Puntaje            : 0
 - Tiempo de la ruta : 0

Informacion Ruta : 2
 - Nodos visitados   : 0 -> 101
 - Puntaje            : 0
 - Tiempo de la ruta : 0

==> Ejecucion : 3
Gurobi 12.0.0:   lim:time = 150
Gurobi 12.0.0: optimal solution; objective 0
740 simplex iterations
1 branching node
absmipgap=5.61656e-14, relmipgap=0
Informacion Ruta : 1
 - Nodos visitados   : 0 -> 101
 - Puntaje            : 0
 - Tiempo de la ruta : 0

Informacion Ruta : 2
 - Nodos visitados   : 0 -> 101
 - Puntaje            : 0
 - Tiempo de la ruta : 0

==> Ejecucion : 4
Gurobi 12.0.0:   lim:time = 150
Gurobi 12.0.0: optimal solution; objective 0
357 simplex iterations
1 branching node
absmipgap=7.63029e-13, relmipgap=0
Informacion Ruta : 1
 - Nodos visitados   : 0 -> 101
 - Puntaje            : 0
 - Tiempo de la ruta : 0

Informacion Ruta : 2
 - Nodos visitados   : 0 -> 101
 - Puntaje            : 0
 - Tiempo de la ruta : 0

==> Ejecucion : 5
Gurobi 12.0.0:   lim:time = 150
Gurobi 12.0.0: optimal solution; objective 0
3 simplex iterations
1 branching node
absmipgap=1.12331e-13, relmipgap=0
Informacion Ruta : 1
 - Nodos visitados   : 0 -> 101
 - Puntaje            : 0
 - Tiempo de la ruta : 0

Informacion Ruta : 2
 - Nodos visitados   : 0 -> 101
 - Puntaje            : 0
 - Tiempo de la ruta : 0

==> Ejecucion : 6
Gurobi 12.0.0:   lim:time = 150
Gurobi 12.0.0: optimal solution; objective 0
0 simplex iterations
absmipgap=2.09948e-12, relmipgap=0
Informacion Ruta : 1
 - Nodos visitados   : 0 -> 101
 - Puntaje            : 0
 - Tiempo de la ruta : 0

Informacion Ruta : 2
 - Nodos visitados   : 0 -> 101
 - Puntaje            : 0
 - Tiempo de la ruta : 0

==> Ejecucion : 7
Gurobi 12.0.0:   lim:time = 150
Gurobi 12.0.0: time limit, feasible solution; objective 0.003147412493
3.83152e+06 simplex iterations
11081 branching nodes
absmipgap=0.0306658, relmipgap=9.74319
Informacion Ruta : 1
 - Nodos visitados   : 0 -> 65 (38.4200000000001) -> 59 (80.44) -> 83 (119.59) -> 33 (177.96) -> 27 (202.1) -> 29 (217.1) -> 64 (272.3800000000001) -> 19 (302.6) -> 23 (319) -> 18 (335) -> 76 (362.4599999999961) -> 99 (413.5099999999961) -> 86 (435.5899999999961) -> 57 (454.65) -> 22 (478.7899999999961) -> 84 (510.8099999999961) -> 34 (549.45) -> 56 (594.45) -> 96 (624.1) -> 54 (640.1) -> 37 (674.2699999999954) -> 35 (687.8799999999954) -> 1 (739.8799999999954) -> 4 (756.95) -> 60 (787.5699999999955) -> 17 (818.7799999999955) -> 58 (866.8599999999956) -> 25 (897.4799999999955) -> 101
 - Puntaje            : 609
 - Tiempo de la ruta : 952.7599999999954

Informacion Ruta : 2
 - Nodos visitados   : 0 -> 92 (14.75999999999974) -> 36 (68.43999999999977) -> 42 (89.61999999999978) -> 72 (116.6199999999998) -> 5 (174.0399999999998) -> 2 (194.2399999999999) -> 69 (228.9399999999999) -> 11 (264.8799999999999) -> 15 (280.8799999999999) -> 16 (292.8799999999999) -> 12 (312.3099999999999) -> 88 (342.9299999999999) -> 78 (369.05) -> 79 (391.22) -> 7 (412.6200000000002) -> 6 (425.6200000000001) -> 94 (483.05) -> 50 (512.9) -> 97 (592.9899999999998) -> 10 (625.7899999999997) -> 55 (664.0699999999998) -> 68 (684.0699999999998) -> 24 (739.1099999999998) -> 89 (779.7899999999997) -> 91 (830.94) -> 80 (846.33) -> 100 (881.94) -> 70 (896.4100000000001) -> 101
 - Puntaje            : 607
 - Tiempo de la ruta : 926.0600000000001

==> Ejecucion : 8
Gurobi 12.0.0:   lim:time = 150
Gurobi 12.0.0: time limit, feasible solution; objective 0.171573648
553213 simplex iterations
9398 branching nodes
absmipgap=0.0333103, relmipgap=0.194146
Informacion Ruta : 1
 - Nodos visitados   : 0 -> 51 (326) -> 76 (345.4299999999998) -> 19 (373.5399999999994) -> 18 (388.9299999999986) -> 22 (409.7) -> 57 (433.8399999999984) -> 84 (471.1299999999982) -> 34 (509.7699999999983) -> 50 (532.7699999999982) -> 56 (564.7699999999977) -> 96 (594.4199999999985) -> 54 (610.419999999998) -> 68 (635.4199999999983) -> 55 (655.4199999999983) -> 101
 - Puntaje            : 349
 - Tiempo de la ruta : 679.5599999999982

Informacion Ruta : 2
 - Nodos visitados   : 0 -> 69 (216.5799999999947) -> 2 (251.2799999999941) -> 88 (278.4) -> 11 (312.479999999994) -> 12 (327.4799999999991) -> 16 (346.9099999999986) -> 6 (396.2699999999991) -> 7 (409.2699999999995) -> 8 (424.269999999999) -> 79 (449.2699999999988) -> 78 (471.4399999999994) -> 53 (494.8599999999993) -> 10 (519) -> 97 (551.8) -> 66 (603.3899999999996) -> 101
 - Puntaje            : 349
 - Tiempo de la ruta : 626.4299999999996

==> Ejecucion : 9
Gurobi 12.0.0:   lim:time = 150
Gurobi 12.0.0: optimal solution; objective 0.1998361998
30037 simplex iterations
1572 branching nodes
absmipgap=1.90958e-14, relmipgap=0
Informacion Ruta : 1
 - Nodos visitados   : 0 -> 101
 - Puntaje            : 0
 - Tiempo de la ruta : 0

Informacion Ruta : 2
 - Nodos visitados   : 0 -> 101
 - Puntaje            : 0
 - Tiempo de la ruta : 0

==> Ejecucion : 10
Gurobi 12.0.0:   lim:time = 150
Gurobi 12.0.0: optimal solution; objective 0.1998361998
130 simplex iterations
1 branching node
absmipgap=6.53977e-13, relmipgap=0
Informacion Ruta : 1
 - Nodos visitados   : 0 -> 101
 - Puntaje            : 0
 - Tiempo de la ruta : 0

Informacion Ruta : 2
 - Nodos visitados   : 0 -> 101
 - Puntaje            : 0
 - Tiempo de la ruta : 0

==> Ejecucion : 11
Gurobi 12.0.0:   lim:time = 150
Gurobi 12.0.0: optimal solution; objective 0.1998361998
46 simplex iterations
1 branching node
absmipgap=1.88127e-13, relmipgap=0
Informacion Ruta : 1
 - Nodos visitados   : 0 -> 101
 - Puntaje            : 0
 - Tiempo de la ruta : 0

Informacion Ruta : 2
 - Nodos visitados   : 0 -> 101
 - Puntaje            : 0
 - Tiempo de la ruta : 0

==> Ejecucion : 12
Gurobi 12.0.0:   lim:time = 150
Gurobi 12.0.0: time limit, feasible solution; objective 0.03140140991
3.23807e+06 simplex iterations
11415 branching nodes
absmipgap=0.0864383, relmipgap=2.75269
Informacion Ruta : 1
 - Nodos visitados   : 0 -> 72 (60.1) -> 39 (85.4) -> 36 (102.4700000000005) -> 27 (170.7800000000005) -> 31 (187.7800000000005) -> 29 (199.7800000000005) -> 23 (269.8100000000005) -> 64 (305.7700000000005) -> 99 (335.4200000000005) -> 16 (371.9) -> 9 (393.0799999999988) -> 94 (451.8399999999995) -> 84 (480.84) -> 50 (507) -> 26 (540.5399999999995) -> 34 (561.719999999999) -> 96 (607.2299999999987) -> 54 (623.2299999999987) -> 66 (660.1599999999987) -> 68 (693.1799999999987) -> 1 (732.3299999999977) -> 4 (749.4) -> 60 (780.0199999999977) -> 17 (811.2299999999976) -> 58 (859.3099999999977) -> 77 (879.9399999999976) -> 25 (902.1099999999976) -> 101
 - Puntaje            : 564
 - Tiempo de la ruta : 957.3899999999976

Informacion Ruta : 2
 - Nodos visitados   : 0 -> 65 (11.17999999999856) -> 59 (53.2) -> 5 (128.9599999999986) -> 69 (173.75) -> 15 (215.1299999999978) -> 11 (231.1299999999978) -> 12 (246.1299999999978) -> 88 (276.75) -> 19 (338.0099999999978) -> 76 (366.1199999999978) -> 51 (385.55) -> 18 (414.15) -> 22 (434.9199999999977) -> 86 (465.9399999999977) -> 57 (485) -> 10 (520) -> 46 (570.7899999999976) -> 55 (604.1099999999976) -> 97 (663.5099999999977) -> 24 (707.6399999999976) -> 89 (748.3199999999977) -> 91 (799.4699999999976) -> 93 (825.0899999999976) -> 100 (868.6299999999976) -> 70 (883.1) -> 80 (918.1599999999976) -> 101
 - Puntaje            : 563
 - Tiempo de la ruta : 935.7799999999977

==> Ejecucion : 13
Gurobi 12.0.0:   lim:time = 150
Gurobi 12.0.0: time limit, feasible solution; objective 0.2060745116
735979 simplex iterations
8378 branching nodes
absmipgap=0.0824276, relmipgap=0.399989
Informacion Ruta : 1
 - Nodos visitados   : 0 -> 65 (12.40999999999896) -> 92 (40.65999999999912) -> 72 (74.82999999999933) -> 39 (100.1299999999996) -> 36 (117.2) -> 5 (172.2) -> 69 (216.9899999999999) -> 2 (251.6899999999999) -> 98 (285.0399999999999) -> 88 (301.3599999999998) -> 7 (330.6) -> 79 (352) -> 78 (374.17) -> 9 (405.2699999999995) -> 87 (426.45) -> 86 (445.45) -> 22 (476.4699999999985) -> 57 (500.609999999998) -> 10 (535.6099999999973) -> 97 (568.409999999996) -> 66 (620) -> 55 (655.5) -> 68 (675.5) -> 101
 - Puntaje            : 512
 - Tiempo de la ruta : 695.5

Informacion Ruta : 2
 - Nodos visitados   : 0 -> 64 (226.8400000000003) -> 19 (257.0600000000003) -> 21 (272.45) -> 23 (284.45) -> 76 (317.5400000000003) -> 38 (395.5700000000003) -> 40 (410.9600000000002) -> 41 (431.1600000000001) -> 81 (460.4) -> 94 (483.2100000000002) -> 34 (524.0800000000002) -> 26 (545.2600000000001) -> 50 (578.8) -> 56 (610.8) -> 96 (640.45) -> 54 (656.45) -> 43 (691.45) -> 1 (731.45) -> 4 (748.5200000000001) -> 60 (779.1400000000001) -> 70 (811.0700000000002) -> 101
 - Puntaje            : 512
 - Tiempo de la ruta : 840.7199999999959

==> Ejecucion : 14
Gurobi 12.0.0:   lim:time = 150
Gurobi 12.0.0: time limit, feasible solution; objective 0.3505117007
1.90163e+06 simplex iterations
22176 branching nodes
absmipgap=0.0775244, relmipgap=0.221175
Informacion Ruta : 1
 - Nodos visitados   : 0 -> 94 (427.5) -> 22 (474.6199999999996) -> 49 (488.2299999999996) -> 26 (554.2) -> 34 (575.3799999999997) -> 50 (598.3799999999997) -> 96 (633.8799999999997) -> 54 (649.8799999999997) -> 68 (674.8799999999997) -> 55 (694.8799999999997) -> 1 (730.3799999999997) -> 4 (747.45) -> 60 (778.0699999999997) -> 70 (810) -> 101
 - Puntaje            : 342
 - Tiempo de la ruta : 839.65

Informacion Ruta : 2
 - Nodos visitados   : 0 -> 69 (208.35) -> 98 (223.35) -> 11 (254.98) -> 16 (272.98) -> 15 (284.9799999999999) -> 12 (302.7899999999998) -> 88 (333.4099999999999) -> 79 (364) -> 78 (386.1699999999998) -> 9 (417.2699999999999) -> 86 (442.8299999999999) -> 87 (461.8299999999998) -> 57 (489.8599999999997) -> 10 (524.8599999999997) -> 66 (566) -> 101
 - Puntaje            : 342
 - Tiempo de la ruta : 589.0399999999996

==> Ejecucion : 15
Gurobi 12.0.0:   lim:time = 150
Gurobi 12.0.0: time limit, feasible solution; objective 0.3902399335
1.94711e+06 simplex iterations
60929 branching nodes
absmipgap=0.0148387, relmipgap=0.0380246
Informacion Ruta : 1
 - Nodos visitados   : 0 -> 69 (194.2700000000001) -> 12 (228.31) -> 15 (246.12) -> 11 (262.12) -> 23 (318.22) -> 21 (330.22) -> 18 (344.22) -> 19 (359.61) -> 22 (375) -> 57 (399.14) -> 86 (418.2) -> 101
 - Puntaje            : 298
 - Tiempo de la ruta : 460.4

Informacion Ruta : 2
 - Nodos visitados   : 0 -> 101
 - Puntaje            : 0
 - Tiempo de la ruta : 0

==> Ejecucion : 16
Gurobi 12.0.0:   lim:time = 150
Gurobi 12.0.0: time limit, feasible solution; objective 0.003343360353
3.66898e+06 simplex iterations
14957 branching nodes
absmipgap=0.0858986, relmipgap=25.6923
Informacion Ruta : 1
 - Nodos visitados   : 0 -> 65 (55.03999999999972) -> 92 (83.28999999999945) -> 95 (100) -> 83 (129.9199999999993) -> 15 (176.0599999999994) -> 47 (191.0599999999988) -> 11 (208.8699999999985) -> 69 (244.8099999999969) -> 88 (264.029999999993) -> 44 (313.2300000000003) -> 38 (330.5099999999967) -> 40 (345.9) -> 7 (402) -> 79 (423.4) -> 78 (445.5699999999997) -> 6 (477.0399999999997) -> 3 (497.809999999999) -> 46 (514.2099999999997) -> 10 (565) -> 97 (597.8) -> 66 (649.3900000000002) -> 68 (682.41) -> 55 (702.41) -> 1 (737.9099999999992) -> 4 (754.9799999999988) -> 60 (785.6) -> 17 (816.8099999999984) -> 80 (873.85) -> 70 (908.9099999999964) -> 100 (923.3799999999956) -> 101
 - Puntaje            : 607
 - Tiempo de la ruta : 952.6199999999942

Informacion Ruta : 2
 - Nodos visitados   : 0 -> 42 (34.72999999999959) -> 36 (55.90999999999883) -> 39 (72.97999999999777) -> 72 (98.27999999999733) -> 5 (155.7) -> 2 (175.9) -> 64 (236.4399999999974) -> 19 (266.6599999999979) -> 21 (282.05) -> 23 (294.05) -> 76 (327.14) -> 86 (377.94) -> 57 (397) -> 22 (421.1399999999998) -> 18 (441.9099999999995) -> 49 (459.1899999999989) -> 84 (491.8599999999989) -> 26 (539.8699999999972) -> 50 (573.4099999999971) -> 34 (596.4099999999971) -> 96 (641.9199999999969) -> 56 (671.5699999999968) -> 74 (715.109999999997) -> 89 (774.45) -> 48 (809.45) -> 77 (838.55) -> 25 (860.7199999999981) -> 58 (891.3399999999981) -> 101
 - Puntaje            : 610
 - Tiempo de la ruta : 948.5099999999981

==> Ejecucion : 17
Gurobi 12.0.0:   lim:time = 150
Gurobi 12.0.0: time limit, feasible solution; objective 0.1917975447
829192 simplex iterations
8068 branching nodes
absmipgap=0.0910547, relmipgap=0.474744
Informacion Ruta : 1
 - Nodos visitados   : 0 -> 65 (11.89000000000033) -> 92 (40.14000000000033) -> 72 (74.31000000000034) -> 36 (104.4100000000003) -> 39 (121.4800000000003) -> 42 (136.4800000000003) -> 5 (181.8400000000003) -> 2 (202.0400000000001) -> 69 (236.7400000000001) -> 64 (272.8200000000001) -> 19 (303.04) -> 23 (319.44) -> 21 (331.44) -> 18 (345.44) -> 76 (372.9) -> 22 (403.1199999999999) -> 51 (428.9299999999999) -> 84 (448.15) -> 94 (477.15) -> 50 (507) -> 34 (530) -> 26 (551.1800000000001) -> 43 (629.19) -> 37 (649.63) -> 35 (663.24) -> 91 (719.86) -> 101
 - Puntaje            : 576
 - Tiempo de la ruta : 741.9

Informacion Ruta : 2
 - Nodos visitados   : 0 -> 82 (228.1799999999999) -> 11 (257.42) -> 15 (273.42) -> 16 (285.42) -> 12 (304.85) -> 88 (335.47) -> 7 (364.71) -> 79 (386.11) -> 78 (408.28) -> 9 (439.38) -> 86 (464.94) -> 57 (484) -> 10 (519) -> 97 (551.8) -> 66 (603.3899999999993) -> 56 (622.6099999999993) -> 96 (652.2599999999993) -> 68 (678.4199999999993) -> 55 (698.4199999999993) -> 1 (733.9199999999992) -> 4 (750.9899999999992) -> 60 (781.6099999999992) -> 58 (841.6099999999992) -> 77 (862.2399999999992) -> 25 (884.4099999999992) -> 80 (938.0899999999991) -> 101
 - Puntaje            : 576
 - Tiempo de la ruta : 955.7099999999991

==> Ejecucion : 18
Gurobi 12.0.0:   lim:time = 150
Gurobi 12.0.0: time limit, feasible solution; objective 0.3460398878
2.16122e+06 simplex iterations
21327 branching nodes
absmipgap=0.075414, relmipgap=0.217935
Informacion Ruta : 1
 - Nodos visitados   : 0 -> 69 (191.1599999999983) -> 83 (223) -> 64 (241.059999999999) -> 76 (274.4899999999993) -> 19 (302.6) -> 23 (319) -> 18 (335) -> 86 (374.8299999999998) -> 99 (396.9099999999996) -> 51 (439.5599999999992) -> 84 (458.7799999999986) -> 22 (490.8) -> 57 (514.9399999999978) -> 97 (551.869999999997) -> 10 (584.6699999999965) -> 55 (622.95) -> 68 (642.95) -> 96 (669.1099999999943) -> 54 (685.1099999999935) -> 1 (734.1599999999926) -> 4 (751.2299999999915) -> 60 (781.85) -> 70 (813.7799999999891) -> 80 (848.8399999999878) -> 101
 - Puntaje            : 579
 - Tiempo de la ruta : 866.4599999999863

Informacion Ruta : 2
 - Nodos visitados   : 0 -> 65 (14.42999999999872) -> 92 (42.67999999999908) -> 72 (76.85) -> 36 (106.95) -> 39 (124.0199999999997) -> 42 (139.0199999999994) -> 5 (184.3799999999989) -> 2 (204.5799999999984) -> 15 (254.8899999999979) -> 16 (266.8899999999971) -> 11 (284.8899999999963) -> 12 (299.8899999999953) -> 88 (330.5099999999947) -> 7 (359.75) -> 8 (374.75) -> 6 (390.5799999999927) -> 79 (414.4699999999922) -> 78 (436.6399999999915) -> 53 (460.0599999999911) -> 94 (507.1099999999907) -> 34 (547.97999999999) -> 26 (569.1599999999892) -> 50 (602.7) -> 56 (634.7) -> 66 (653.9199999999869) -> 101
 - Puntaje            : 527
 - Tiempo de la ruta : 676.959999999985

==> Ejecucion : 19
Gurobi 12.0.0:   lim:time = 150
Gurobi 12.0.0: time limit, feasible solution; objective -0.02079343575
2.93074e+06 simplex iterations
16841 branching nodes
absmipgap=0.0896239, relmipgap=4.3102
Informacion Ruta : 1
 - Nodos visitados   : 0 -> 92 (26.75) -> 42 (73.8) -> 39 (88.8) -> 27 (155.8099999999988) -> 31 (172.8099999999988) -> 64 (226.1) -> 23 (262.0599999999989) -> 19 (278.4599999999989) -> 76 (306.5699999999989) -> 51 (326) -> 18 (354.6) -> 22 (375.369999999999) -> 84 (407.389999999999) -> 94 (436.389999999999) -> 81 (459.2) -> 41 (488.439999999999) -> 50 (540.819999999999) -> 26 (574.359999999999) -> 34 (595.539999999999) -> 96 (641.05) -> 54 (657.05) -> 68 (682.05) -> 55 (702.05) -> 1 (737.55) -> 4 (754.619999999999) -> 60 (785.2399999999991) -> 17 (816.45) -> 58 (864.5299999999991) -> 25 (895.15) -> 101
 - Puntaje            : 648
 - Tiempo de la ruta : 950.429999999999

Informacion Ruta : 2
 - Nodos visitados   : 0 -> 65 (14.97999999999831) -> 36 (79.0599999999983) -> 5 (134.0599999999983) -> 2 (154.2599999999985) -> 69 (188.9599999999991) -> 12 (223) -> 11 (238) -> 15 (254) -> 16 (266) -> 88 (306) -> 99 (339.0899999999983) -> 86 (361.1699999999984) -> 87 (380.1699999999984) -> 9 (401.35) -> 78 (432.45) -> 79 (454.6199999999984) -> 8 (479.6199999999984) -> 6 (495.45) -> 3 (516.2199999999983) -> 46 (532.6199999999983) -> 66 (591.3799999999983) -> 10 (632.5199999999984) -> 97 (665.3199999999983) -> 74 (691.4399999999982) -> 24 (720.1199999999982) -> 48 (740.8899999999983) -> 89 (775.8899999999983) -> 91 (827.0399999999983) -> 80 (842.4299999999982) -> 70 (877.4899999999983) -> 101
 - Puntaje            : 618
 - Tiempo de la ruta : 907.1399999999983

==> Ejecucion : 20
Gurobi 12.0.0:   lim:time = 150
Gurobi 12.0.0: time limit, feasible solution; objective 0.165939479
1.55588e+06 simplex iterations
14794 branching nodes
absmipgap=0.088034, relmipgap=0.530519
Informacion Ruta : 1
 - Nodos visitados   : 0 -> 14 (110.5100000000045) -> 47 (123.5100000000045) -> 59 (159.7600000000045) -> 83 (198.9100000000045) -> 12 (241.1100000000046) -> 16 (260.5400000000046) -> 15 (272.5400000000045) -> 11 (288.5400000000045) -> 99 (317.2200000000045) -> 88 (350.31) -> 78 (376.43) -> 79 (398.6) -> 7 (420) -> 8 (435) -> 6 (450.8300000000004) -> 3 (471.6) -> 10 (528.1700000000008) -> 66 (569.3100000000007) -> 56 (588.5300000000008) -> 50 (620.5300000000008) -> 96 (656.0300000000008) -> 68 (682.1900000000009) -> 55 (702.1900000000009) -> 1 (737.6900000000009) -> 4 (754.7600000000009) -> 60 (785.3800000000009) -> 17 (816.5900000000009) -> 70 (869.0300000000009) -> 80 (904.0900000000008) -> 101
 - Puntaje            : 595
 - Tiempo de la ruta : 921.7100000000008

Informacion Ruta : 2
 - Nodos visitados   : 0 -> 65 (11.45) -> 92 (39.7) -> 72 (73.86999999999753) -> 36 (103.9699999999975) -> 39 (121.0399999999975) -> 42 (136.0399999999975) -> 5 (181.4) -> 2 (201.6) -> 69 (236.3) -> 64 (272.3799999999989) -> 19 (302.6) -> 23 (319) -> 18 (335) -> 76 (362.4599999999994) -> 51 (381.8899999999994) -> 22 (407.7) -> 57 (431.8399999999963) -> 86 (450.9) -> 84 (497.25) -> 34 (535.8899999999926) -> 26 (557.0699999999927) -> 43 (635.0799999999925) -> 35 (657.0799999999925) -> 37 (670.6899999999926) -> 54 (704.8599999999925) -> 91 (733.8299999999925) -> 24 (772.9799999999793) -> 89 (813.6599999999793) -> 48 (848.6599999999793) -> 25 (865.6599999999793) -> 58 (896.2799999999793) -> 101
 - Puntaje            : 665
 - Tiempo de la ruta : 953.45

==> Ejecucion : 21
Gurobi 12.0.0:   lim:time = 150
Gurobi 12.0.0: time limit, feasible solution; objective -0.05323505324
3.0159e+06 simplex iterations
14873 branching nodes
absmipgap=0.0851761, relmipgap=1.6
Informacion Ruta : 1
 - Nodos visitados   : 0 -> 65 (11.45) -> 59 (53.47000000000008) -> 33 (138.6400000000001) -> 27 (162.78) -> 28 (178.61) -> 29 (194) -> 31 (206) -> 64 (259.29) -> 23 (295.25) -> 19 (311.65) -> 76 (339.7599999999999) -> 18 (367.2199999999999) -> 22 (387.9899999999997) -> 57 (412.1299999999996) -> 86 (431.1899999999996) -> 9 (456.75) -> 84 (514.1299999999997) -> 50 (540.2899999999996) -> 56 (572.2899999999996) -> 66 (591.5099999999996) -> 10 (632.65) -> 97 (665.45) -> 74 (691.5699999999996) -> 24 (720.25) -> 48 (741.0199999999995) -> 89 (776.0199999999994) -> 91 (827.1699999999994) -> 80 (842.5599999999991) -> 70 (877.6199999999992) -> 101
 - Puntaje            : 604
 - Tiempo de la ruta : 907.2699999999992

Informacion Ruta : 2
 - Nodos visitados   : 0 -> 92 (18.51999999999978) -> 36 (72.2) -> 39 (89.26999999999971) -> 5 (139.5799999999997) -> 2 (159.7799999999997) -> 69 (194.4799999999999) -> 12 (228.5199999999998) -> 11 (243.5199999999998) -> 15 (259.5199999999998) -> 16 (271.52) -> 99 (308) -> 88 (341.0900000000001) -> 78 (367.2100000000001) -> 79 (389.3800000000001) -> 7 (410.7800000000001) -> 6 (423.7800000000001) -> 81 (469.14) -> 94 (491.95) -> 34 (532.8199999999999) -> 26 (554) -> 96 (610.65) -> 54 (626.65) -> 68 (651.65) -> 55 (671.65) -> 1 (707.15) -> 4 (724.22) -> 60 (754.84) -> 17 (786.05) -> 25 (849.2) -> 58 (879.82) -> 101
 - Puntaje            : 681
 - Tiempo de la ruta : 936.99



:    MVF      PVF   TCPU1    f1       f2      f3     :=
1   -1220      1      152   -1220   1872.29   641
2       0   1873.29     0       0      0        0
3       0    642        1       0      0        0
;

:        FN1          FN2          FN3        F1       F2      F3  TCPU2    :=
1    0.000819001   1             1               0      0        0     0
2    0.000819001   1             1               0      0        0     1
3    0.000819001   1             1               0      0        0     1
4    0.000819001   1             1               0      0        0     0
5    0.000819001   1             1               0      0        0     1
6    0.000819001   1             1               0      0        0     0
7    0.996724      0.0115892     0.996885    -1216   1851.58     2   151
8    0.572482      0.56965       1            -698    806.17     0   151
9    0.000819001   1             1               0      0        0     5
10   0.000819001   1             1               0      0        0     1
11   0.000819001   1             1               0      0        0     1
12   0.923833      0.00681155    0.998442    -1127   1860.53     1   150
13   0.839476      0.290676      1           -1024   1328.77     0   151
14   0.561016      0.562705      1            -684    819.18     0   151
15   0.244881      0.853013      0.535826     -298    275.35   298   151
16   0.997543      0.00918705    0.995327    -1217   1856.08     3   150
17   0.944308      0.208088      1           -1152   1483.48     0   151
18   0.906634      0.274949      0.0981308   -1106   1358.23   579   151
19   1.03767       0.0168207     0.953271    -1266   1841.78    30   151
20   1.03276       0.0392625    -0.0358255   -1260   1799.74   665   150
21   1.05324       0.0176481    -0.0607477   -1285   1840.23   681   152
;

