

:::::::::::::::::::::::::: Descripcion de la Instancia ::::::::::::::::::::::::::

Nodo inicial         : 0 
Nodo final           : 601 
Tmax                 : 4823 
Numero de nodos      : 602 
Numero de rutas      : 4 
Numero de categorias : 3 
 - Cuota de la categoria 1 : 172 
 - Cuota de la categoria 2 : 129 
 - Cuota de la categoria 3 : 86 
Funcion Objetivo : 1
Gurobi 12.0.0:   lim:time = 150
Gurobi 12.0.0: time limit, feasible solution; objective -27
56491 simplex iterations
1 branching node
absmipgap=8593, relmipgap=318.259
Funcion Objetivo : 2
Gurobi 12.0.0:   lim:time = 150
Gurobi 12.0.0: optimal solution; objective 0
0 simplex iterations
absmipgap=4.40273e-07, relmipgap=0
Funcion Objetivo : 3
Gurobi 12.0.0:   lim:time = 150
Gurobi 12.0.0: optimal solution; objective 0
0 simplex iterations
1 branching node
==> Ejecucion : 1
Gurobi 12.0.0:   lim:time = 150
Gurobi 12.0.0: optimal solution; objective 0
0 simplex iterations
1 branching node
Informacion Ruta : 1
 - Nodos visitados   : 0 -> 601
 - Puntaje            : 0
 - Tiempo de la ruta : 0

Informacion Ruta : 2
 - Nodos visitados   : 0 -> 601
 - Puntaje            : 0
 - Tiempo de la ruta : 0

Informacion Ruta : 3
 - Nodos visitados   : 0 -> 601
 - Puntaje            : 0
 - Tiempo de la ruta : 0

Informacion Ruta : 4
 - Nodos visitados   : 0 -> 601
 - Puntaje            : 0
 - Tiempo de la ruta : 0

==> Ejecucion : 2
Gurobi 12.0.0:   lim:time = 150
Gurobi 12.0.0: optimal solution; objective 0
16141 simplex iterations
1 branching node
absmipgap=1.98137e-08, relmipgap=0
Informacion Ruta : 1
 - Nodos visitados   : 0 -> 601
 - Puntaje            : 0
 - Tiempo de la ruta : 0

Informacion Ruta : 2
 - Nodos visitados   : 0 -> 601
 - Puntaje            : 0
 - Tiempo de la ruta : 0

Informacion Ruta : 3
 - Nodos visitados   : 0 -> 601
 - Puntaje            : 0
 - Tiempo de la ruta : 0

Informacion Ruta : 4
 - Nodos visitados   : 0 -> 601
 - Puntaje            : 0
 - Tiempo de la ruta : 0

==> Ejecucion : 3
Gurobi 12.0.0:   lim:time = 150
Gurobi 12.0.0: optimal solution; objective 0
3 simplex iterations
1 branching node
absmipgap=3.96275e-08, relmipgap=0
Informacion Ruta : 1
 - Nodos visitados   : 0 -> 601
 - Puntaje            : 0
 - Tiempo de la ruta : 0

Informacion Ruta : 2
 - Nodos visitados   : 0 -> 601
 - Puntaje            : 0
 - Tiempo de la ruta : 0

Informacion Ruta : 3
 - Nodos visitados   : 0 -> 601
 - Puntaje            : 0
 - Tiempo de la ruta : 0

Informacion Ruta : 4
 - Nodos visitados   : 0 -> 601
 - Puntaje            : 0
 - Tiempo de la ruta : 0

==> Ejecucion : 4
Gurobi 12.0.0:   lim:time = 150
Gurobi 12.0.0: optimal solution; objective 0
3 simplex iterations
1 branching node
absmipgap=6.16269e-08, relmipgap=0
Informacion Ruta : 1
 - Nodos visitados   : 0 -> 601
 - Puntaje            : 0
 - Tiempo de la ruta : 0

Informacion Ruta : 2
 - Nodos visitados   : 0 -> 601
 - Puntaje            : 0
 - Tiempo de la ruta : 0

Informacion Ruta : 3
 - Nodos visitados   : 0 -> 601
 - Puntaje            : 0
 - Tiempo de la ruta : 0

Informacion Ruta : 4
 - Nodos visitados   : 0 -> 601
 - Puntaje            : 0
 - Tiempo de la ruta : 0

==> Ejecucion : 5
Gurobi 12.0.0:   lim:time = 150
Gurobi 12.0.0: optimal solution; objective 0
3 simplex iterations
1 branching node
absmipgap=7.92549e-08, relmipgap=0
Informacion Ruta : 1
 - Nodos visitados   : 0 -> 601
 - Puntaje            : 0
 - Tiempo de la ruta : 0

Informacion Ruta : 2
 - Nodos visitados   : 0 -> 601
 - Puntaje            : 0
 - Tiempo de la ruta : 0

Informacion Ruta : 3
 - Nodos visitados   : 0 -> 601
 - Puntaje            : 0
 - Tiempo de la ruta : 0

Informacion Ruta : 4
 - Nodos visitados   : 0 -> 601
 - Puntaje            : 0
 - Tiempo de la ruta : 0

==> Ejecucion : 6
Gurobi 12.0.0:   lim:time = 150
Gurobi 12.0.0: optimal solution; objective 0
0 simplex iterations
absmipgap=1.1373e-07, relmipgap=0
Informacion Ruta : 1
 - Nodos visitados   : 0 -> 601
 - Puntaje            : 0
 - Tiempo de la ruta : 0

Informacion Ruta : 2
 - Nodos visitados   : 0 -> 601
 - Puntaje            : 0
 - Tiempo de la ruta : 0

Informacion Ruta : 3
 - Nodos visitados   : 0 -> 601
 - Puntaje            : 0
 - Tiempo de la ruta : 0

Informacion Ruta : 4
 - Nodos visitados   : 0 -> 601
 - Puntaje            : 0
 - Tiempo de la ruta : 0

==> Ejecucion : 7
Gurobi 12.0.0:   lim:time = 150
Gurobi 12.0.0: time limit, feasible solution; objective 0.1928571429
37833 simplex iterations
1 branching node
absmipgap=61.5714, relmipgap=319.259
Informacion Ruta : 1
 - Nodos visitados   : 0 -> 601
 - Puntaje            : 0
 - Tiempo de la ruta : 0

Informacion Ruta : 2
 - Nodos visitados   : 0 -> 601
 - Puntaje            : 0
 - Tiempo de la ruta : 0

Informacion Ruta : 3
 - Nodos visitados   : 0 -> 601
 - Puntaje            : 0
 - Tiempo de la ruta : 0

Informacion Ruta : 4
 - Nodos visitados   : 0 -> 601
 - Puntaje            : 0
 - Tiempo de la ruta : 0

==> Ejecucion : 8
Gurobi 12.0.0:   lim:time = 150
Gurobi 12.0.0: time limit, feasible solution; objective 0.1928571429
10020 simplex iterations
1 branching node
absmipgap=36.0524, relmipgap=186.938
Informacion Ruta : 1
 - Nodos visitados   : 0 -> 601
 - Puntaje            : 0
 - Tiempo de la ruta : 0

Informacion Ruta : 2
 - Nodos visitados   : 0 -> 601
 - Puntaje            : 0
 - Tiempo de la ruta : 0

Informacion Ruta : 3
 - Nodos visitados   : 0 -> 601
 - Puntaje            : 0
 - Tiempo de la ruta : 0

Informacion Ruta : 4
 - Nodos visitados   : 0 -> 601
 - Puntaje            : 0
 - Tiempo de la ruta : 0

==> Ejecucion : 9
Gurobi 12.0.0:   lim:time = 150
Gurobi 12.0.0: time limit, feasible solution; objective 0.1928571429
7302 simplex iterations
1 branching node
absmipgap=20.755, relmipgap=107.618
Informacion Ruta : 1
 - Nodos visitados   : 0 -> 601
 - Puntaje            : 0
 - Tiempo de la ruta : 0

Informacion Ruta : 2
 - Nodos visitados   : 0 -> 601
 - Puntaje            : 0
 - Tiempo de la ruta : 0

Informacion Ruta : 3
 - Nodos visitados   : 0 -> 601
 - Puntaje            : 0
 - Tiempo de la ruta : 0

Informacion Ruta : 4
 - Nodos visitados   : 0 -> 601
 - Puntaje            : 0
 - Tiempo de la ruta : 0

==> Ejecucion : 10
Gurobi 12.0.0:   lim:time = 150
Gurobi 12.0.0: time limit, feasible solution; objective 0.1928571429
4854 simplex iterations
1 branching node
absmipgap=10.7574, relmipgap=55.7793
Informacion Ruta : 1
 - Nodos visitados   : 0 -> 601
 - Puntaje            : 0
 - Tiempo de la ruta : 0

Informacion Ruta : 2
 - Nodos visitados   : 0 -> 601
 - Puntaje            : 0
 - Tiempo de la ruta : 0

Informacion Ruta : 3
 - Nodos visitados   : 0 -> 601
 - Puntaje            : 0
 - Tiempo de la ruta : 0

Informacion Ruta : 4
 - Nodos visitados   : 0 -> 601
 - Puntaje            : 0
 - Tiempo de la ruta : 0

==> Ejecucion : 11
Gurobi 12.0.0:   lim:time = 150
Gurobi 12.0.0: time limit, feasible solution; objective 0.1928571429
2878 simplex iterations
1 branching node
absmipgap=4.88086, relmipgap=25.3082
Informacion Ruta : 1
 - Nodos visitados   : 0 -> 601
 - Puntaje            : 0
 - Tiempo de la ruta : 0

Informacion Ruta : 2
 - Nodos visitados   : 0 -> 601
 - Puntaje            : 0
 - Tiempo de la ruta : 0

Informacion Ruta : 3
 - Nodos visitados   : 0 -> 601
 - Puntaje            : 0
 - Tiempo de la ruta : 0

Informacion Ruta : 4
 - Nodos visitados   : 0 -> 601
 - Puntaje            : 0
 - Tiempo de la ruta : 0

==> Ejecucion : 12
Gurobi 12.0.0:   lim:time = 150
Gurobi 12.0.0: time limit, feasible solution; objective 0.3857142857
25483 simplex iterations
1 branching node
absmipgap=123.143, relmipgap=319.259
Informacion Ruta : 1
 - Nodos visitados   : 0 -> 601
 - Puntaje            : 0
 - Tiempo de la ruta : 0

Informacion Ruta : 2
 - Nodos visitados   : 0 -> 601
 - Puntaje            : 0
 - Tiempo de la ruta : 0

Informacion Ruta : 3
 - Nodos visitados   : 0 -> 601
 - Puntaje            : 0
 - Tiempo de la ruta : 0

Informacion Ruta : 4
 - Nodos visitados   : 0 -> 601
 - Puntaje            : 0
 - Tiempo de la ruta : 0

==> Ejecucion : 13
Gurobi 12.0.0:   lim:time = 150
Gurobi 12.0.0: time limit, feasible solution; objective -0.4711256246
13218 simplex iterations
1 branching node
absmipgap=93.2249, relmipgap=197.877
Informacion Ruta : 1
 - Nodos visitados   : 0 -> 1 (3452) -> 601
 - Puntaje            : 27
 - Tiempo de la ruta : 3492.81

Informacion Ruta : 2
 - Nodos visitados   : 0 -> 481 (1944) -> 601
 - Puntaje            : 39
 - Tiempo de la ruta : 2014.41

Informacion Ruta : 3
 - Nodos visitados   : 0 -> 44 (159.36) -> 231 (188.46) -> 26 (220) -> 363 (237.28) -> 601
 - Puntaje            : 100
 - Tiempo de la ruta : 264.4799999999999

Informacion Ruta : 4
 - Nodos visitados   : 0 -> 487 (23) -> 440 (49.55) -> 332 (70.73000000000008) -> 601
 - Puntaje            : 44
 - Tiempo de la ruta : 93.54000000000028

==> Ejecucion : 14
Gurobi 12.0.0:   lim:time = 150
Gurobi 12.0.0: time limit, feasible solution; objective 0.1887142464
8596 simplex iterations
1 branching node
absmipgap=71.9078, relmipgap=381.041
Informacion Ruta : 1
 - Nodos visitados   : 0 -> 228 (2790) -> 601
 - Puntaje            : 25
 - Tiempo de la ruta : 2812.17

Informacion Ruta : 2
 - Nodos visitados   : 0 -> 601
 - Puntaje            : 0
 - Tiempo de la ruta : 0

Informacion Ruta : 3
 - Nodos visitados   : 0 -> 487 (23) -> 601
 - Puntaje            : 24
 - Tiempo de la ruta : 40.27999999999518

Informacion Ruta : 4
 - Nodos visitados   : 0 -> 601
 - Puntaje            : 0
 - Tiempo de la ruta : 0

==> Ejecucion : 15
Gurobi 12.0.0:   lim:time = 150
Gurobi 12.0.0: time limit, feasible solution; objective 0.1723570838
5651 simplex iterations
1 branching node
absmipgap=55.024, relmipgap=319.244
Informacion Ruta : 1
 - Nodos visitados   : 0 -> 601
 - Puntaje            : 0
 - Tiempo de la ruta : 0

Informacion Ruta : 2
 - Nodos visitados   : 0 -> 487 (23) -> 601
 - Puntaje            : 24
 - Tiempo de la ruta : 40.28

Informacion Ruta : 3
 - Nodos visitados   : 0 -> 228 (3331) -> 601
 - Puntaje            : 25
 - Tiempo de la ruta : 3353.17

Informacion Ruta : 4
 - Nodos visitados   : 0 -> 601
 - Puntaje            : 0
 - Tiempo de la ruta : 0

==> Ejecucion : 16
Gurobi 12.0.0:   lim:time = 150
Gurobi 12.0.0: time limit, feasible solution; objective 0.3857142857
19763 simplex iterations
1 branching node
absmipgap=184.521, relmipgap=478.389
Informacion Ruta : 1
 - Nodos visitados   : 0 -> 1 (3452) -> 601
 - Puntaje            : 27
 - Tiempo de la ruta : 3492.81

Informacion Ruta : 2
 - Nodos visitados   : 0 -> 601
 - Puntaje            : 0
 - Tiempo de la ruta : 0

Informacion Ruta : 3
 - Nodos visitados   : 0 -> 601
 - Puntaje            : 0
 - Tiempo de la ruta : 0

Informacion Ruta : 4
 - Nodos visitados   : 0 -> 601
 - Puntaje            : 0
 - Tiempo de la ruta : 0

==> Ejecucion : 17
Gurobi 12.0.0:   lim:time = 150
Gurobi 12.0.0: time limit, feasible solution; objective -0.2631978597
6854 simplex iterations
1 branching node
absmipgap=153.113, relmipgap=581.742
Informacion Ruta : 1
 - Nodos visitados   : 0 -> 228 (2790) -> 601
 - Puntaje            : 25
 - Tiempo de la ruta : 2812.17

Informacion Ruta : 2
 - Nodos visitados   : 0 -> 487 (23) -> 440 (49.55) -> 601
 - Puntaje            : 39
 - Tiempo de la ruta : 72.55

Informacion Ruta : 3
 - Nodos visitados   : 0 -> 601
 - Puntaje            : 0
 - Tiempo de la ruta : 0

Informacion Ruta : 4
 - Nodos visitados   : 0 -> 601
 - Puntaje            : 0
 - Tiempo de la ruta : 0

==> Ejecucion : 18
Gurobi 12.0.0:   lim:time = 150
Gurobi 12.0.0: time limit, feasible solution; objective -1.596834796
6781 simplex iterations
1 branching node
absmipgap=126.999, relmipgap=79.5315
Informacion Ruta : 1
 - Nodos visitados   : 0 -> 487 (23) -> 601
 - Puntaje            : 24
 - Tiempo de la ruta : 40.27999999999518

Informacion Ruta : 2
 - Nodos visitados   : 0 -> 230 (4126.22) -> 585 (4172) -> 255 (4216.53) -> 87 (4281.679999999999) -> 601
 - Puntaje            : 97
 - Tiempo de la ruta : 4330.509999999989

Informacion Ruta : 3
 - Nodos visitados   : 0 -> 386 (3405.31) -> 1 (3452) -> 601
 - Puntaje            : 59
 - Tiempo de la ruta : 3492.81

Informacion Ruta : 4
 - Nodos visitados   : 0 -> 438 (15.80999999999852) -> 601
 - Puntaje            : 30
 - Tiempo de la ruta : 41.61999999999898

==> Ejecucion : 19
Gurobi 12.0.0:   lim:time = 150
Gurobi 12.0.0: time limit, feasible solution; objective 0.1928571429
21861 simplex iterations
1 branching node
absmipgap=245.707, relmipgap=1274.04
Informacion Ruta : 1
 - Nodos visitados   : 0 -> 1 (3452) -> 601
 - Puntaje            : 27
 - Tiempo de la ruta : 3492.81

Informacion Ruta : 2
 - Nodos visitados   : 0 -> 601
 - Puntaje            : 0
 - Tiempo de la ruta : 0

Informacion Ruta : 3
 - Nodos visitados   : 0 -> 601
 - Puntaje            : 0
 - Tiempo de la ruta : 0

Informacion Ruta : 4
 - Nodos visitados   : 0 -> 601
 - Puntaje            : 0
 - Tiempo de la ruta : 0

==> Ejecucion : 20
Gurobi 12.0.0:   lim:time = 150
Gurobi 12.0.0: time limit, feasible solution; objective -2.32170201
7227 simplex iterations
1 branching node
absmipgap=211.704, relmipgap=91.1849
Informacion Ruta : 1
 - Nodos visitados   : 0 -> 395 (2357) -> 601
 - Puntaje            : 20
 - Tiempo de la ruta : 2399.56

Informacion Ruta : 2
 - Nodos visitados   : 0 -> 293 (117.29) -> 418 (146.71) -> 446 (184) -> 601
 - Puntaje            : 63
 - Tiempo de la ruta : 207

Informacion Ruta : 3
 - Nodos visitados   : 0 -> 228 (2790) -> 601
 - Puntaje            : 25
 - Tiempo de la ruta : 2812.17

Informacion Ruta : 4
 - Nodos visitados   : 0 -> 487 (23) -> 601
 - Puntaje            : 24
 - Tiempo de la ruta : 40.28

==> Ejecucion : 21
Gurobi 12.0.0:   lim:time = 150
Gurobi 12.0.0: time limit, feasible solution; objective 1.110223025e-16
35820 simplex iterations
1 branching node
absmipgap=306.893, relmipgap=1e+100
Informacion Ruta : 1
 - Nodos visitados   : 0 -> 1 (3452) -> 601
 - Puntaje            : 27
 - Tiempo de la ruta : 3492.81

Informacion Ruta : 2
 - Nodos visitados   : 0 -> 601
 - Puntaje            : 0
 - Tiempo de la ruta : 0

Informacion Ruta : 3
 - Nodos visitados   : 0 -> 601
 - Puntaje            : 0
 - Tiempo de la ruta : 0

Informacion Ruta : 4
 - Nodos visitados   : 0 -> 601
 - Puntaje            : 0
 - Tiempo de la ruta : 0



:   MVF    PVF  TCPU1   f1     f2     f3    :=
1   -27    1      199   -27   71.62   27
2     0   72.62    68     0    0       0
3     0   28      128     0    0       0
;

:       FN1         FN2          FN3        F1      F2     F3 TCPU2    :=
1    0.0357143    1            1              0     0       0   169
2    0.0357143    1            1              0     0       0   201
3    0.0357143    1            1              0     0       0   212
4    0.0357143    1            1              0     0       0   140
5    0.0357143    1            1              0     0       0   158
6    0.0357143    1            1              0     0       0   101
7    0.0357143    1            1              0     0       0   214
8    0.0357143    1            1              0     0       0   213
9    0.0357143    1            1              0     0       0   219
10   0.0357143    1            1              0     0       0   232
11   0.0357143    1            1              0     0       0   223
12   0.0357143    1            1              0     0       0   202
13   7.53571     -4.50151     -1.60714     -210   399.52   73   206
14   1.78571      0.188929     0.107143     -49    58.9    25   205
15   1.78571      0.188929     0.107143     -49    58.9    25   220
16   1            0.0137703    0.0357143    -27    71.62   27   208
17   2.32143     -0.255439    -0.392857     -64    91.17   39   217
18   7.53571     -4.81148     -2.46429     -210   422.03   97   217
19   1            0.0137703    0.0357143    -27    71.62   27   228
20   4.75        -2.39149     -1.25        -132   246.29   63   227
21   1            0.0137703    0.0357143    -27    71.62   27   223
;

