

:::::::::::::::::::::::::: Descripcion de la Instancia ::::::::::::::::::::::::::

Nodo inicial         : 0 
Nodo final           : 201 
Tmax                 : 2535 
Numero de nodos      : 202 
Numero de rutas      : 2 
Numero de categorias : 3 
 - Cuota de la categoria 1 : 57 
 - Cuota de la categoria 2 : 43 
 - Cuota de la categoria 3 : 29 
Funcion Objetivo : 1
Gurobi 12.0.0:   lim:time = 150
Gurobi 12.0.0: time limit, feasible solution; objective -1351
162086 simplex iterations
5 branching nodes
absmipgap=1485, relmipgap=1.09919
Funcion Objetivo : 2
Gurobi 12.0.0:   lim:time = 150
Gurobi 12.0.0: optimal solution; objective 0
0 simplex iterations
absmipgap=3.63977e-08, relmipgap=0
Funcion Objetivo : 3
Gurobi 12.0.0:   lim:time = 150
Gurobi 12.0.0: optimal solution; objective 0
0 simplex iterations
1 branching node
==> Ejecucion : 1
Gurobi 12.0.0:   lim:time = 150
Gurobi 12.0.0: optimal solution; objective 0
0 simplex iterations
1 branching node
Informacion Ruta : 1
 - Nodos visitados   : 0 -> 201
 - Puntaje            : 0
 - Tiempo de la ruta : 0

Informacion Ruta : 2
 - Nodos visitados   : 0 -> 201
 - Puntaje            : 0
 - Tiempo de la ruta : 0

==> Ejecucion : 2
Gurobi 12.0.0:   lim:time = 150
Gurobi 12.0.0: optimal solution; objective 0
1224 simplex iterations
1 branching node
absmipgap=5.5543e-14, relmipgap=0
Informacion Ruta : 1
 - Nodos visitados   : 0 -> 201
 - Puntaje            : 0
 - Tiempo de la ruta : 0

Informacion Ruta : 2
 - Nodos visitados   : 0 -> 201
 - Puntaje            : 0
 - Tiempo de la ruta : 0

==> Ejecucion : 3
Gurobi 12.0.0:   lim:time = 150
Gurobi 12.0.0: optimal solution; objective 0
1068 simplex iterations
1 branching node
absmipgap=1.11086e-13, relmipgap=0
Informacion Ruta : 1
 - Nodos visitados   : 0 -> 201
 - Puntaje            : 0
 - Tiempo de la ruta : 0

Informacion Ruta : 2
 - Nodos visitados   : 0 -> 201
 - Puntaje            : 0
 - Tiempo de la ruta : 0

==> Ejecucion : 4
Gurobi 12.0.0:   lim:time = 150
Gurobi 12.0.0: optimal solution; objective 0
447 simplex iterations
1 branching node
absmipgap=5.67161e-13, relmipgap=0
Informacion Ruta : 1
 - Nodos visitados   : 0 -> 201
 - Puntaje            : 0
 - Tiempo de la ruta : 0

Informacion Ruta : 2
 - Nodos visitados   : 0 -> 201
 - Puntaje            : 0
 - Tiempo de la ruta : 0

==> Ejecucion : 5
Gurobi 12.0.0:   lim:time = 150
Gurobi 12.0.0: optimal solution; objective 0
3 simplex iterations
1 branching node
absmipgap=2.22172e-13, relmipgap=0
Informacion Ruta : 1
 - Nodos visitados   : 0 -> 201
 - Puntaje            : 0
 - Tiempo de la ruta : 0

Informacion Ruta : 2
 - Nodos visitados   : 0 -> 201
 - Puntaje            : 0
 - Tiempo de la ruta : 0

==> Ejecucion : 6
Gurobi 12.0.0:   lim:time = 150
Gurobi 12.0.0: optimal solution; objective 0
0 simplex iterations
absmipgap=2.46908e-13, relmipgap=0
Informacion Ruta : 1
 - Nodos visitados   : 0 -> 201
 - Puntaje            : 0
 - Tiempo de la ruta : 0

Informacion Ruta : 2
 - Nodos visitados   : 0 -> 201
 - Puntaje            : 0
 - Tiempo de la ruta : 0

==> Ejecucion : 7
Gurobi 12.0.0:   lim:time = 150
Gurobi 12.0.0: time limit, feasible solution; objective 0.06523668639
163827 simplex iterations
1 branching node
absmipgap=0.284911, relmipgap=4.36735
Informacion Ruta : 1
 - Nodos visitados   : 0 -> 12 (143.13) -> 9 (155.96) -> 164 (282) -> 181 (299.0699999999993) -> 172 (331.4299999999993) -> 132 (380.2599999999993) -> 124 (423.8799999999993) -> 43 (436.1199999999993) -> 142 (474.2799999999993) -> 150 (498.4199999999993) -> 171 (515.4899999999993) -> 58 (577.3699999999993) -> 134 (590.3699999999993) -> 191 (606.45) -> 105 (625.05) -> 183 (740.1699999999994) -> 27 (765.2) -> 51 (785.6400000000001) -> 111 (821.45) -> 110 (878.8799999999993) -> 44 (900.0599999999994) -> 201
 - Puntaje            : 455
 - Tiempo de la ruta : 974.0399999999995

Informacion Ruta : 2
 - Nodos visitados   : 0 -> 161 (37.65999999999638) -> 92 (72.71999999999628) -> 4 (89.42999999999606) -> 163 (121.45) -> 47 (149.889999999996) -> 200 (177.9199999999958) -> 5 (234.7399999999958) -> 25 (264.7399999999958) -> 35 (280.1299999999958) -> 127 (373.3) -> 199 (386.1299999999958) -> 100 (454.4399999999958) -> 156 (528.0799999999958) -> 18 (548.0799999999958) -> 68 (560.0799999999958) -> 179 (572.9099999999958) -> 16 (624.7) -> 109 (698.0899999999957) -> 32 (727.7899999999958) -> 114 (744.1099999999958) -> 201
 - Puntaje            : 455
 - Tiempo de la ruta : 818.9299999999957

==> Ejecucion : 8
Gurobi 12.0.0:   lim:time = 150
Gurobi 12.0.0: time limit, feasible solution; objective 0.199852071
125930 simplex iterations
1742 branching nodes
absmipgap=0.213604, relmipgap=1.06881
Informacion Ruta : 1
 - Nodos visitados   : 0 -> 201
 - Puntaje            : 0
 - Tiempo de la ruta : 0

Informacion Ruta : 2
 - Nodos visitados   : 0 -> 201
 - Puntaje            : 0
 - Tiempo de la ruta : 0

==> Ejecucion : 9
Gurobi 12.0.0:   lim:time = 150
Gurobi 12.0.0: time limit, feasible solution; objective 0.199852071
206715 simplex iterations
5112 branching nodes
absmipgap=0.0666404, relmipgap=0.333448
Informacion Ruta : 1
 - Nodos visitados   : 0 -> 201
 - Puntaje            : 0
 - Tiempo de la ruta : 0

Informacion Ruta : 2
 - Nodos visitados   : 0 -> 201
 - Puntaje            : 0
 - Tiempo de la ruta : 0

==> Ejecucion : 10
Gurobi 12.0.0:   lim:time = 150
Gurobi 12.0.0: time limit, feasible solution; objective 0.199852071
54690 simplex iterations
5873 branching nodes
absmipgap=0.00957418, relmipgap=0.0479063
Informacion Ruta : 1
 - Nodos visitados   : 0 -> 201
 - Puntaje            : 0
 - Tiempo de la ruta : 0

Informacion Ruta : 2
 - Nodos visitados   : 0 -> 201
 - Puntaje            : 0
 - Tiempo de la ruta : 0

==> Ejecucion : 11
Gurobi 12.0.0:   lim:time = 150
Gurobi 12.0.0: optimal solution; objective 0.199852071
570 simplex iterations
46 branching nodes
absmipgap=9.26759e-14, relmipgap=0
Informacion Ruta : 1
 - Nodos visitados   : 0 -> 201
 - Puntaje            : 0
 - Tiempo de la ruta : 0

Informacion Ruta : 2
 - Nodos visitados   : 0 -> 201
 - Puntaje            : 0
 - Tiempo de la ruta : 0

==> Ejecucion : 12
Gurobi 12.0.0:   lim:time = 150
Gurobi 12.0.0: time limit, feasible solution; objective 0.1018644854
172461 simplex iterations
1 branching node
absmipgap=0.541214, relmipgap=5.31307
Informacion Ruta : 1
 - Nodos visitados   : 0 -> 131 (58.66999999999899) -> 48 (70.66999999999899) -> 152 (97.42999999999898) -> 195 (140.669999999999) -> 57 (156.99) -> 190 (208) -> 68 (227.85) -> 26 (320.5799999999991) -> 124 (401.609999999999) -> 117 (493.45) -> 45 (509.1099999999991) -> 108 (521.1099999999991) -> 56 (532.5199999999992) -> 85 (545.6799999999992) -> 12 (588.2399999999991) -> 89 (607.669999999999) -> 132 (670.9) -> 163 (687.6099999999991) -> 14 (707.6599999999991) -> 5 (763.55) -> 159 (775.789999999999) -> 25 (806.309999999999) -> 72 (921.0599999999873) -> 201
 - Puntaje            : 505
 - Tiempo de la ruta : 964.5899999999801

Informacion Ruta : 2
 - Nodos visitados   : 0 -> 40 (214.4299999999977) -> 161 (232.9199999999977) -> 9 (291.2199999999988) -> 127 (358.23) -> 199 (371.0600000000001) -> 54 (426.4100000000001) -> 143 (461.96) -> 166 (484) -> 98 (529.2300000000001) -> 15 (578.7900000000001) -> 22 (636.8) -> 112 (702.94) -> 74 (735.74) -> 110 (845.5) -> 111 (902.93) -> 134 (1050.29) -> 90 (1159.65) -> 178 (1183.069999999991) -> 80 (1211.1) -> 145 (1238.13) -> 70 (1301.289999999986) -> 158 (1347.529999999986) -> 201
 - Puntaje            : 507
 - Tiempo de la ruta : 1392.639999999986

==> Ejecucion : 13
Gurobi 12.0.0:   lim:time = 150
Gurobi 12.0.0: time limit, feasible solution; objective 0.3175323713
218360 simplex iterations
3465 branching nodes
absmipgap=0.537057, relmipgap=1.69134
Informacion Ruta : 1
 - Nodos visitados   : 0 -> 136 (311.1699999999995) -> 180 (324) -> 124 (336.83) -> 156 (351.9299999999986) -> 15 (369.9899999999969) -> 179 (380.9899999999951) -> 18 (392.989999999993) -> 68 (404.9899999999913) -> 184 (423.9299999999894) -> 190 (440.3299999999878) -> 183 (460.3799999999896) -> 152 (484.3099999999909) -> 201
 - Puntaje            : 270
 - Tiempo de la ruta : 536.3199999999874

Informacion Ruta : 2
 - Nodos visitados   : 0 -> 27 (831.9799999999867) -> 161 (873.5599999999864) -> 72 (889.3899999999927) -> 10 (1001.569999999993) -> 121 (1126.959999999997) -> 115 (1146.959999999997) -> 87 (1184.620000000001) -> 11 (1213) -> 71 (1224.41) -> 137 (1251.869999999999) -> 13 (1277.9) -> 17 (1319.959999999991) -> 201
 - Puntaje            : 266
 - Tiempo de la ruta : 1371.139999999991

==> Ejecucion : 14
Gurobi 12.0.0:   lim:time = 150
Gurobi 12.0.0: time limit, feasible solution; objective 0.399704142
138183 simplex iterations
1986 branching nodes
absmipgap=0.426887, relmipgap=1.06801
Informacion Ruta : 1
 - Nodos visitados   : 0 -> 201
 - Puntaje            : 0
 - Tiempo de la ruta : 0

Informacion Ruta : 2
 - Nodos visitados   : 0 -> 201
 - Puntaje            : 0
 - Tiempo de la ruta : 0

==> Ejecucion : 15
Gurobi 12.0.0:   lim:time = 150
Gurobi 12.0.0: time limit, feasible solution; objective 0.3872729238
320521 simplex iterations
5975 branching nodes
absmipgap=0.246851, relmipgap=0.637407
Informacion Ruta : 1
 - Nodos visitados   : 0 -> 132 (375.2799999999989) -> 14 (389.75) -> 171 (408) -> 163 (421.61) -> 150 (435.22) -> 187 (448.83) -> 201
 - Puntaje            : 120
 - Tiempo de la ruta : 473.0399999999925

Informacion Ruta : 2
 - Nodos visitados   : 0 -> 142 (31.15999999999539) -> 92 (55.05) -> 140 (89.8899999999978) -> 54 (104.8899999999978) -> 100 (129.7599999999978) -> 89 (142) -> 9 (158.7099999999978) -> 143 (175.7799999999978) -> 59 (187.1899999999978) -> 12 (201.1899999999978) -> 4 (248.0699999999978) -> 201
 - Puntaje            : 244
 - Tiempo de la ruta : 267.2899999999905

==> Ejecucion : 16
Gurobi 12.0.0:   lim:time = 150
Gurobi 12.0.0: time limit, feasible solution; objective 0.01206133736
163450 simplex iterations
1 branching node
absmipgap=0.671085, relmipgap=55.6394
Informacion Ruta : 1
 - Nodos visitados   : 0 -> 9 (209.1600000000011) -> 177 (253.8200000000011) -> 128 (270.5300000000011) -> 99 (285) -> 168 (298) -> 94 (311.160000000001) -> 27 (425.4) -> 14 (489.8100000000011) -> 197 (544.090000000001) -> 62 (559.1900000000011) -> 129 (678.85) -> 23 (716.160000000001) -> 101 (747.630000000001) -> 91 (862.210000000001) -> 87 (989.2400000000009) -> 58 (1017.270000000001) -> 73 (1108.420000000001) -> 70 (1232.270000000001) -> 2 (1361.310000000001) -> 107 (1463.1) -> 33 (1493.32) -> 93 (1627.14) -> 76 (1697.89) -> 97 (1734.14) -> 67 (1776.16) -> 30 (1801.42) -> 75 (1862.02) -> 64 (1928.84) -> 148 (2026.85) -> 36 (2065.69) -> 175 (2144.72) -> 146 (2226.73) -> 201
 - Puntaje            : 663
 - Tiempo de la ruta : 2315.909999999999

Informacion Ruta : 2
 - Nodos visitados   : 0 -> 162 (164.75) -> 200 (201.579999999992) -> 26 (256.8) -> 159 (268.2099999999925) -> 172 (284.9199999999926) -> 164 (321.9399999999926) -> 35 (334.1799999999926) -> 181 (350.2599999999925) -> 6 (423.5099999999925) -> 142 (452.75) -> 182 (488.4599999999925) -> 183 (536.7899999999926) -> 124 (557.5599999999926) -> 179 (578.9599999999925) -> 68 (591.7899999999926) -> 15 (605.4) -> 156 (623.4599999999925) -> 74 (720.5899999999925) -> 166 (780.8799999999925) -> 137 (867.1) -> 80 (1006.6) -> 106 (1078) -> 194 (1123.9) -> 41 (1143.9) -> 145 (1218.839999999992) -> 178 (1261.409999999996) -> 96 (1332.309999999997) -> 174 (1373.329999999999) -> 154 (1422.45) -> 141 (1522) -> 60 (1575.19) -> 1 (1587.429999999998) -> 201
 - Puntaje            : 662
 - Tiempo de la ruta : 1659.529999999993

==> Ejecucion : 17
Gurobi 12.0.0:   lim:time = 150
Gurobi 12.0.0: time limit, feasible solution; objective 0.2074380443
325293 simplex iterations
3802 branching nodes
absmipgap=0.638875, relmipgap=3.07983
Informacion Ruta : 1
 - Nodos visitados   : 0 -> 4 (240.2099999999998) -> 40 (284.3399999999997) -> 110 (345.8199999999998) -> 117 (447.9299999999998) -> 114 (462.4) -> 45 (474.4) -> 85 (487.2299999999998) -> 56 (500.3899999999998) -> 112 (521.4399999999997) -> 160 (538.5099999999998) -> 151 (551.6699999999998) -> 168 (567.0599999999998) -> 53 (595.1699999999998) -> 99 (623.2) -> 125 (638.2) -> 177 (655.2699999999998) -> 109 (675.3199999999998) -> 87 (756.6299999999998) -> 88 (773.8399999999998) -> 191 (797.4399999999998) -> 101 (910.8099999999997) -> 192 (925.8099999999997) -> 106 (988.05) -> 22 (1014.45) -> 129 (1041.94) -> 55 (1061) -> 81 (1080.9) -> 107 (1100.9) -> 194 (1124.24) -> 158 (1138.24) -> 41 (1155.45) -> 154 (1188.54) -> 82 (1206.79) -> 201
 - Puntaje            : 724
 - Tiempo de la ruta : 1239.59

Informacion Ruta : 2
 - Nodos visitados   : 0 -> 142 (33.4099999999999) -> 92 (57.3) -> 162 (113.7) -> 132 (135.7799999999999) -> 163 (152.49) -> 6 (166.61) -> 49 (181.08) -> 14 (193.91) -> 47 (213.34) -> 200 (241.37) -> 63 (271.99) -> 180 (324) -> 43 (335) -> 136 (348.61) -> 48 (361.61) -> 131 (373.61) -> 24 (388.71) -> 152 (411.71) -> 190 (436.58) -> 51 (457.89) -> 27 (478.33) -> 184 (498.5300000000001) -> 183 (514.3600000000001) -> 15 (526.6) -> 179 (537.6) -> 68 (550.4300000000002) -> 18 (562.4300000000002) -> 201
 - Puntaje            : 567
 - Tiempo de la ruta : 623.4700000000001

==> Ejecucion : 18
Gurobi 12.0.0:   lim:time = 150
Gurobi 12.0.0: time limit, feasible solution; objective 0.3767474366
237671 simplex iterations
4985 branching nodes
absmipgap=0.604733, relmipgap=1.60514
Informacion Ruta : 1
 - Nodos visitados   : 0 -> 142 (10.62999999999954) -> 4 (29.68999999999843) -> 92 (46.4) -> 140 (81.23999999999673) -> 54 (96.23999999999413) -> 48 (163.8099999999924) -> 43 (176.9699999999916) -> 131 (191.2099999999909) -> 24 (206.30999999999) -> 152 (229.309999999989) -> 184 (249.3099999999865) -> 183 (265.1399999999844) -> 18 (278.3) -> 68 (290.3) -> 179 (303.1299999999804) -> 15 (314.1299999999788) -> 156 (332.1899999999759) -> 150 (380.4799999999743) -> 163 (394.0899999999725) -> 187 (405.5) -> 171 (419.1099999999709) -> 132 (433.1099999999709) -> 14 (447.5799999999709) -> 6 (463.5799999999709) -> 98 (525) -> 161 (540) -> 119 (554.2399999999709) -> 22 (579.3699999999709) -> 117 (629.3699999999709) -> 114 (643.8399999999709) -> 16 (697.7699999999709) -> 201
 - Puntaje            : 667
 - Tiempo de la ruta : 749.879999999971

Informacion Ruta : 2
 - Nodos visitados   : 0 -> 41 (970.3800000000002) -> 106 (1009.38) -> 129 (1041.94) -> 55 (1061) -> 81 (1080.9) -> 107 (1100.9) -> 194 (1124.24) -> 158 (1138.24) -> 82 (1168.16) -> 154 (1186.41) -> 201
 - Puntaje            : 240
 - Tiempo de la ruta : 1215.28

==> Ejecucion : 19
Gurobi 12.0.0:   lim:time = 150
Gurobi 12.0.0: time limit, feasible solution; objective -0.1298101094
175356 simplex iterations
1 branching node
absmipgap=0.748888, relmipgap=5.7691
Informacion Ruta : 1
 - Nodos visitados   : 0 -> 152 (42.00999999999814) -> 133 (80.46999999999815) -> 57 (93.46999999999814) -> 4 (133.4899999999981) -> 92 (150.2) -> 182 (179.1699999999981) -> 124 (226.3299999999981) -> 200 (266.7899999999981) -> 100 (356.4899999999982) -> 99 (417.4199999999981) -> 151 (430.25) -> 168 (445.6399999999981) -> 128 (462.039999999998) -> 166 (517.829999999998) -> 119 (562.5) -> 38 (621.2) -> 101 (649.8) -> 53 (669.8) -> 52 (715.8) -> 74 (735.0199999999982) -> 125 (776.85) -> 139 (825.0599999999981) -> 22 (885.269999999998) -> 129 (912.7599999999981) -> 86 (947.8399999999981) -> 106 (993.9) -> 134 (1109.019999999998) -> 116 (1232.869999999997) -> 80 (1257.9) -> 145 (1284.929999999996) -> 91 (1305.75) -> 110 (1349.759999999996) -> 178 (1363.369999999996) -> 135 (1441.05) -> 96 (1470.9) -> 33 (1574.25) -> 201
 - Puntaje            : 721
 - Tiempo de la ruta : 1643.329999999996

Informacion Ruta : 2
 - Nodos visitados   : 0 -> 54 (24) -> 163 (70.88) -> 48 (112.2799999999999) -> 131 (124.2799999999999) -> 195 (176.3299999999998) -> 98 (198.0299999999998) -> 179 (248.5299999999995) -> 156 (267.4699999999996) -> 72 (303.1) -> 190 (343.6899999999996) -> 68 (363.5399999999996) -> 27 (388.7699999999996) -> 18 (413.3299999999996) -> 46 (504.0799999999996) -> 172 (519.4699999999996) -> 159 (536.1799999999851) -> 197 (551.2799999999852) -> 20 (567.6) -> 138 (579.8399999999857) -> 5 (593.8399999999854) -> 62 (604.8399999999854) -> 104 (635.3599999999853) -> 25 (648.5199999999854) -> 122 (665.5199999999854) -> 90 (756.5399999999854) -> 111 (820.7699999999854) -> 161 (894.3) -> 28 (948.7099999999855) -> 112 (1047.329999999985) -> 55 (1089.579999999985) -> 41 (1115.7) -> 107 (1148.55) -> 70 (1207.35) -> 158 (1253.589999999985) -> 154 (1280.709999999985) -> 121 (1348.159999999985) -> 174 (1405.029999999985) -> 17 (1438.219999999984) -> 115 (1481.759999999984) -> 13 (1543.419999999984) -> 76 (1587.419999999984) -> 141 (1626.95) -> 2 (1658.579999999984) -> 82 (1741.379999999984) -> 201
 - Puntaje            : 951
 - Tiempo de la ruta : 1774.179999999984

==> Ejecucion : 20
Gurobi 12.0.0:   lim:time = 150
Gurobi 12.0.0: time limit, feasible solution; objective 0.3475654852
265680 simplex iterations
5911 branching nodes
absmipgap=0.996658, relmipgap=2.86754
Informacion Ruta : 1
 - Nodos visitados   : 0 -> 163 (15.61999999999992) -> 6 (29.73999999999992) -> 47 (54.60999999999997) -> 162 (83.91999999999996) -> 132 (106) -> 14 (120.47) -> 10 (190.09) -> 100 (307.61) -> 9 (324.6799999999999) -> 143 (341.75) -> 12 (356.85) -> 40 (413.72) -> 111 (490.2) -> 51 (526.01) -> 27 (546.45) -> 98 (590.51) -> 161 (605.51) -> 119 (619.75) -> 16 (631.99) -> 22 (655.03) -> 106 (681.43) -> 129 (713.9899999999998) -> 72 (750.9199999999997) -> 184 (786.9399999999997) -> 32 (878.55) -> 201
 - Puntaje            : 580
 - Tiempo de la ruta : 959.35

Informacion Ruta : 2
 - Nodos visitados   : 0 -> 154 (1195.75) -> 158 (1222.869999999987) -> 55 (1250.069999999987) -> 33 (1290.479999999987) -> 81 (1321.669999999987) -> 107 (1341.669999999987) -> 82 (1371.089999999987) -> 96 (1439.909999999987) -> 93 (1491.019999999989) -> 73 (1513.059999999991) -> 60 (1592.629999999994) -> 76 (1622.35) -> 66 (1702.589999999999) -> 30 (1736) -> 141 (1820.28) -> 135 (1849.929999999997) -> 2 (1883.969999999994) -> 146 (1958.25999999999) -> 39 (2012.309999999987) -> 36 (2049.769999999987) -> 83 (2091.55) -> 148 (2118.579999999987) -> 175 (2226.379999999987) -> 67 (2269.909999999987) -> 201
 - Puntaje            : 488
 - Tiempo de la ruta : 2292.559999999987

==> Ejecucion : 21
Gurobi 12.0.0:   lim:time = 150
Gurobi 12.0.0: time limit, feasible solution; objective -0.2610946746
146243 simplex iterations
1 branching node
absmipgap=0.837278, relmipgap=3.2068
Informacion Ruta : 1
 - Nodos visitados   : 0 -> 172 (88.46999999999744) -> 197 (102.5899999999974) -> 162 (143.85) -> 54 (205.7399999999975) -> 159 (292.1599999999975) -> 181 (319.6199999999974) -> 25 (341.0199999999974) -> 104 (354.1799999999974) -> 164 (367.3399999999974) -> 72 (484.55) -> 85 (551.1599999999975) -> 23 (571.1599999999975) -> 117 (583.1599999999975) -> 56 (598.9899999999975) -> 21 (643.1699999999975) -> 27 (725.9) -> 110 (759.1599999999975) -> 111 (816.5899999999974) -> 44 (866.9) -> 77 (971.2699999999973) -> 71 (1082.459999999997) -> 178 (1205.639999999997) -> 145 (1248.209999999997) -> 174 (1358.659999999997) -> 158 (1424.669999999997) -> 81 (1453.05) -> 185 (1572.64) -> 146 (1634.64) -> 13 (1749.72) -> 97 (1781.74) -> 154 (1843.71) -> 82 (1861.96) -> 30 (1898.89) -> 67 (1924.15) -> 75 (1997.21) -> 175 (2053) -> 148 (2160.8) -> 36 (2199.639999999998) -> 201
 - Puntaje            : 797
 - Tiempo de la ruta : 2254.419999999998

Informacion Ruta : 2
 - Nodos visitados   : 0 -> 142 (18.40999999999984) -> 124 (58.13999999999986) -> 48 (72.25999999999986) -> 131 (84.25999999999985) -> 92 (130.4799999999998) -> 147 (168.7599999999998) -> 133 (179.7599999999998) -> 40 (192) -> 57 (206.4699999999999) -> 182 (222.7899999999998) -> 18 (273.9799999999999) -> 68 (285.9799999999999) -> 61 (339.9899999999999) -> 128 (445.3299999999999) -> 108 (478.7399999999999) -> 45 (490.7399999999999) -> 89 (541.5399999999998) -> 100 (553.7799999999999) -> 14 (619.7299999999999) -> 132 (634.2) -> 161 (693.4399999999999) -> 112 (766.03) -> 114 (790.03) -> 58 (886.4) -> 134 (899.4) -> 106 (1014.52) -> 194 (1060.42) -> 192 (1123.67) -> 55 (1174.9) -> 41 (1201.02) -> 115 (1291.83) -> 121 (1311.83) -> 17 (1345.6) -> 107 (1406.09) -> 76 (1503.07) -> 93 (1573.82) -> 73 (1595.86) -> 96 (1639.4) -> 60 (1692.68) -> 193 (1772.03) -> 135 (1804.5) -> 141 (1834.15) -> 201
 - Puntaje            : 907
 - Tiempo de la ruta : 1915.09



:    MVF      PVF   TCPU1    f1       f2      f3     :=
1   -1351      1      152   -1351   2301.85   764
2       0   2302.85     2       0      0        0
3       0    765        8       0      0        0
;

:        FN1          FN2          FN3       F1       F2      F3  TCPU2    :=
1    0.000739645    1            1              0      0        0     9
2    0.000739645    1            1              0      0        0     9
3    0.000739645    1            1              0      0        0     9
4    0.000739645    1            1              0      0        0     8
5    0.000739645    1            1              0      0        0     9
6    0.000739645    1            1              0      0        0     3
7    0.673817       0.265488     1           -910   1691.47     0   151
8    0.000739645    1            1              0      0        0   154
9    0.000739645    1            1              0      0        0   152
10   0.000739645    1            1              0      0        0   153
11   0.000739645    1            1              0      0        0    14
12   0.74926        0.060512     0.997386   -1012   2163.5      2   159
13   0.397189       0.628417     0.994771    -536    855.7      4   161
14   0.000739645    1            1              0      0        0   160
15   0.26997        0.841232     0.681046    -364    365.62   244   154
16   0.980769      -0.594702     0.998693   -1325   3672.36     1   152
17   0.955621       0.301175     0.794771   -1291   1609.29   157   153
18   0.671598       0.550735     0.128105    -907   1034.59   667   152
19   1.23743       -0.484035     0.699346   -1672   3417.51   230   153
20   0.79068        0.0994507    0.24183    -1068   2073.83   580   155
21   1.26109       -0.792878    -0.185621   -1704   4128.73   907   153
;

