

:::::::::::::::::::::::::: Descripcion de la Instancia ::::::::::::::::::::::::::

Nodo inicial         : 0 
Nodo final           : 201 
Tmax                 : 2535 
Numero de nodos      : 202 
Numero de rutas      : 2 
Numero de categorias : 3 
 - Cuota de la categoria 1 : 57 
 - Cuota de la categoria 2 : 43 
 - Cuota de la categoria 3 : 29 
Funcion Objetivo : 1
Gurobi 12.0.0:   lim:time = 150
Gurobi 12.0.0: time limit, feasible solution; objective -1673
155274 simplex iterations
1 branching node
absmipgap=1163, relmipgap=0.695158
Funcion Objetivo : 2
Gurobi 12.0.0:   lim:time = 150
Gurobi 12.0.0: optimal solution; objective 0
0 simplex iterations
absmipgap=1.3161e-08, relmipgap=0
Funcion Objetivo : 3
Gurobi 12.0.0:   lim:time = 150
Gurobi 12.0.0: optimal solution; objective 0
0 simplex iterations
1 branching node
==> Ejecucion : 1
Gurobi 12.0.0:   lim:time = 150
Gurobi 12.0.0: optimal solution; objective 0
0 simplex iterations
1 branching node
Informacion Ruta : 1
 - Nodos visitados   : 0 -> 201
 - Puntaje            : 0
 - Tiempo de la ruta : 0

Informacion Ruta : 2
 - Nodos visitados   : 0 -> 201
 - Puntaje            : 0
 - Tiempo de la ruta : 0

==> Ejecucion : 2
Gurobi 12.0.0:   lim:time = 150
Gurobi 12.0.0: optimal solution; objective 0
548 simplex iterations
1 branching node
absmipgap=5.17814e-13, relmipgap=0
Informacion Ruta : 1
 - Nodos visitados   : 0 -> 201
 - Puntaje            : 0
 - Tiempo de la ruta : 0

Informacion Ruta : 2
 - Nodos visitados   : 0 -> 201
 - Puntaje            : 0
 - Tiempo de la ruta : 0

==> Ejecucion : 3
Gurobi 12.0.0:   lim:time = 150
Gurobi 12.0.0: optimal solution; objective 0
3 simplex iterations
1 branching node
absmipgap=1.03563e-12, relmipgap=0
Informacion Ruta : 1
 - Nodos visitados   : 0 -> 201
 - Puntaje            : 0
 - Tiempo de la ruta : 0

Informacion Ruta : 2
 - Nodos visitados   : 0 -> 201
 - Puntaje            : 0
 - Tiempo de la ruta : 0

==> Ejecucion : 4
Gurobi 12.0.0:   lim:time = 150
Gurobi 12.0.0: optimal solution; objective 0
3 simplex iterations
1 branching node
absmipgap=5.02673e-13, relmipgap=0
Informacion Ruta : 1
 - Nodos visitados   : 0 -> 201
 - Puntaje            : 0
 - Tiempo de la ruta : 0

Informacion Ruta : 2
 - Nodos visitados   : 0 -> 201
 - Puntaje            : 0
 - Tiempo de la ruta : 0

==> Ejecucion : 5
Gurobi 12.0.0:   lim:time = 150
Gurobi 12.0.0: optimal solution; objective 0
3 simplex iterations
1 branching node
absmipgap=2.07126e-12, relmipgap=0
Informacion Ruta : 1
 - Nodos visitados   : 0 -> 201
 - Puntaje            : 0
 - Tiempo de la ruta : 0

Informacion Ruta : 2
 - Nodos visitados   : 0 -> 201
 - Puntaje            : 0
 - Tiempo de la ruta : 0

==> Ejecucion : 6
Gurobi 12.0.0:   lim:time = 150
Gurobi 12.0.0: optimal solution; objective 0
0 simplex iterations
absmipgap=2.75081e-12, relmipgap=0
Informacion Ruta : 1
 - Nodos visitados   : 0 -> 201
 - Puntaje            : 0
 - Tiempo de la ruta : 0

Informacion Ruta : 2
 - Nodos visitados   : 0 -> 201
 - Puntaje            : 0
 - Tiempo de la ruta : 0

==> Ejecucion : 7
Gurobi 12.0.0:   lim:time = 150
Gurobi 12.0.0: time limit, feasible solution; objective 0.1272388962
168906 simplex iterations
1 branching node
absmipgap=0.266188, relmipgap=2.09203
Informacion Ruta : 1
 - Nodos visitados   : 0 -> 98 (229.0200000000064) -> 16 (240.4300000000061) -> 20 (348.15) -> 199 (426.5100000000004) -> 43 (527.95) -> 164 (624.4199999999984) -> 104 (637.5799999999983) -> 129 (776.829999999999) -> 41 (795.43) -> 160 (860) -> 58 (961.71) -> 107 (1036.78) -> 178 (1122.58) -> 174 (1205) -> 194 (1271.08) -> 17 (1337.729999999998) -> 201
 - Puntaje            : 308
 - Tiempo de la ruta : 1388.909999999996

Informacion Ruta : 2
 - Nodos visitados   : 0 -> 92 (69.19000000001292) -> 142 (93.0800000000108) -> 200 (146.9400000000086) -> 152 (204.7900000000042) -> 131 (229.6600000000009) -> 45 (319.3699999999995) -> 38 (334.37) -> 150 (424.65) -> 9 (484.3099999999999) -> 114 (530.53) -> 85 (545) -> 183 (640.62) -> 184 (656.45) -> 159 (751.5400000000008) -> 201
 - Puntaje            : 307
 - Tiempo de la ruta : 822.6

==> Ejecucion : 8
Gurobi 12.0.0:   lim:time = 150
Gurobi 12.0.0: time limit, feasible solution; objective 0.1998805254
224380 simplex iterations
3140 branching nodes
absmipgap=0.191881, relmipgap=0.95998
Informacion Ruta : 1
 - Nodos visitados   : 0 -> 201
 - Puntaje            : 0
 - Tiempo de la ruta : 0

Informacion Ruta : 2
 - Nodos visitados   : 0 -> 201
 - Puntaje            : 0
 - Tiempo de la ruta : 0

==> Ejecucion : 9
Gurobi 12.0.0:   lim:time = 150
Gurobi 12.0.0: time limit, feasible solution; objective 0.1998805257
157393 simplex iterations
2300 branching nodes
absmipgap=0.0768978, relmipgap=0.384719
Informacion Ruta : 1
 - Nodos visitados   : 0 -> 201
 - Puntaje            : 0
 - Tiempo de la ruta : 0

Informacion Ruta : 2
 - Nodos visitados   : 0 -> 201
 - Puntaje            : 0
 - Tiempo de la ruta : 0

==> Ejecucion : 10
Gurobi 12.0.0:   lim:time = 150
Gurobi 12.0.0: time limit, feasible solution; objective 0.1998805257
82555 simplex iterations
4174 branching nodes
absmipgap=0.0184394, relmipgap=0.0922523
Informacion Ruta : 1
 - Nodos visitados   : 0 -> 201
 - Puntaje            : 0
 - Tiempo de la ruta : 0

Informacion Ruta : 2
 - Nodos visitados   : 0 -> 201
 - Puntaje            : 0
 - Tiempo de la ruta : 0

==> Ejecucion : 11
Gurobi 12.0.0:   lim:time = 150
Gurobi 12.0.0: optimal solution; objective 0.1998805257
59386 simplex iterations
12205 branching nodes
absmipgap=1.99843e-12, relmipgap=0
Informacion Ruta : 1
 - Nodos visitados   : 0 -> 201
 - Puntaje            : 0
 - Tiempo de la ruta : 0

Informacion Ruta : 2
 - Nodos visitados   : 0 -> 201
 - Puntaje            : 0
 - Tiempo de la ruta : 0

==> Ejecucion : 12
Gurobi 12.0.0:   lim:time = 150
Gurobi 12.0.0: time limit, feasible solution; objective 0.1745809046
163453 simplex iterations
1 branching node
absmipgap=0.452478, relmipgap=2.5918
Informacion Ruta : 1
 - Nodos visitados   : 0 -> 156 (131.1799999999999) -> 133 (181) -> 57 (194) -> 4 (234.02) -> 180 (279.71) -> 48 (291.95) -> 183 (315.55) -> 15 (327.7900000000001) -> 190 (348.84) -> 184 (365.24) -> 131 (390.11) -> 100 (460.3200000000001) -> 89 (472.5600000000001) -> 143 (494.77) -> 86 (530.79) -> 161 (587.11) -> 119 (601.35) -> 98 (612.35) -> 22 (636.49) -> 192 (709) -> 101 (724) -> 117 (756.47) -> 32 (770.94) -> 201
 - Puntaje            : 472
 - Tiempo de la ruta : 851.7400000000001

Informacion Ruta : 2
 - Nodos visitados   : 0 -> 27 (396) -> 179 (422.49) -> 18 (434.49) -> 40 (487.81) -> 195 (507.81) -> 45 (555.51) -> 114 (567.51) -> 108 (580.3399999999999) -> 38 (593.3399999999999) -> 56 (607.4599999999999) -> 166 (653.31) -> 111 (762.6099999999999) -> 112 (890.7) -> 71 (985.7) -> 80 (1117.53) -> 178 (1145.56) -> 116 (1177.58) -> 135 (1275.5) -> 115 (1390.8) -> 121 (1410.8) -> 33 (1468.85) -> 201
 - Puntaje            : 473
 - Tiempo de la ruta : 1537.93

==> Ejecucion : 13
Gurobi 12.0.0:   lim:time = 150
Gurobi 12.0.0: time limit, feasible solution; objective 0.3997610514
344294 simplex iterations
5364 branching nodes
absmipgap=0.519553, relmipgap=1.29966
Informacion Ruta : 1
 - Nodos visitados   : 0 -> 201
 - Puntaje            : 0
 - Tiempo de la ruta : 0

Informacion Ruta : 2
 - Nodos visitados   : 0 -> 201
 - Puntaje            : 0
 - Tiempo de la ruta : 0

==> Ejecucion : 14
Gurobi 12.0.0:   lim:time = 150
Gurobi 12.0.0: time limit, feasible solution; objective 0.3997610514
387965 simplex iterations
6603 branching nodes
absmipgap=0.383599, relmipgap=0.95957
Informacion Ruta : 1
 - Nodos visitados   : 0 -> 201
 - Puntaje            : 0
 - Tiempo de la ruta : 0

Informacion Ruta : 2
 - Nodos visitados   : 0 -> 201
 - Puntaje            : 0
 - Tiempo de la ruta : 0

==> Ejecucion : 15
Gurobi 12.0.0:   lim:time = 150
Gurobi 12.0.0: time limit, feasible solution; objective 0.3596638648
381278 simplex iterations
6924 branching nodes
absmipgap=0.218054, relmipgap=0.606273
Informacion Ruta : 1
 - Nodos visitados   : 0 -> 4 (388.4) -> 150 (417) -> 187 (430.6099999999996) -> 163 (442.0199999999995) -> 142 (468.7799999999995) -> 92 (492.6699999999995) -> 201
 - Puntaje            : 138
 - Tiempo de la ruta : 518.4799999999994

Informacion Ruta : 2
 - Nodos visitados   : 0 -> 28 (205.5) -> 14 (224.7200000000024) -> 132 (239.1900000000024) -> 161 (298.4300000000025) -> 119 (312.6700000000025) -> 98 (323.6700000000025) -> 16 (335.0800000000024) -> 40 (347.3200000000024) -> 147 (359.3200000000024) -> 133 (370.3200000000024) -> 57 (383.3200000000024) -> 195 (399.6400000000025) -> 182 (418.5800000000025) -> 72 (437.6400000000025) -> 24 (467.6400000000024) -> 48 (483.470000000002) -> 131 (495.4700000000019) -> 102 (512.6800000000007) -> 15 (529) -> 184 (546.81) -> 183 (562.6400000000019) -> 68 (577.7400000000019) -> 18 (589.7400000000019) -> 201
 - Puntaje            : 493
 - Tiempo de la ruta : 650.7800000000019

==> Ejecucion : 16
Gurobi 12.0.0:   lim:time = 150
Gurobi 12.0.0: time limit, feasible solution; objective 0.165868259
182527 simplex iterations
1 branching node
absmipgap=0.582714, relmipgap=3.51311
Informacion Ruta : 1
 - Nodos visitados   : 0 -> 4 (128.3300000000002) -> 54 (162.1) -> 182 (213.5) -> 48 (257.5) -> 180 (269.7400000000001) -> 131 (283.35) -> 136 (298.35) -> 195 (352.7700000000002) -> 40 (372.7700000000001) -> 98 (386.3800000000001) -> 133 (401.4800000000001) -> 27 (450.4900000000001) -> 111 (495.15) -> 68 (547.6400000000001) -> 190 (567.4900000000001) -> 51 (588.8) -> 160 (707.97) -> 38 (737.3900000000001) -> 32 (748.39) -> 117 (762.86) -> 106 (805.5600000000001) -> 74 (847.58) -> 22 (901.85) -> 145 (966.08) -> 110 (1005.2) -> 174 (1091) -> 201
 - Puntaje            : 608
 - Tiempo de la ruta : 1127.42

Informacion Ruta : 2
 - Nodos visitados   : 0 -> 191 (457) -> 171 (521.13) -> 129 (594.2) -> 99 (657.2800000000001) -> 151 (670.1100000000001) -> 189 (684.35) -> 109 (695.7600000000001) -> 134 (795.3) -> 41 (882.2200000000001) -> 166 (916.9800000000001) -> 44 (1010.2) -> 90 (1034.2) -> 192 (1172.36) -> 82 (1246.9) -> 107 (1276.32) -> 70 (1335.12) -> 115 (1453.37) -> 17 (1496.91) -> 135 (1579.15) -> 93 (1619.68) -> 141 (1676.43) -> 76 (1715.96) -> 2 (1734.21) -> 97 (1778.05) -> 75 (1820.7) -> 64 (1887.52) -> 67 (1903.84) -> 30 (1929.1) -> 148 (2037.28) -> 36 (2076.12) -> 201
 - Puntaje            : 643
 - Tiempo de la ruta : 2130.9

==> Ejecucion : 17
Gurobi 12.0.0:   lim:time = 150
Gurobi 12.0.0: time limit, feasible solution; objective 0.3097773615
455512 simplex iterations
5003 branching nodes
absmipgap=0.565569, relmipgap=1.82573
Informacion Ruta : 1
 - Nodos visitados   : 0 -> 142 (88.3) -> 54 (130.319999999995) -> 140 (145.3199999999999) -> 4 (178.3399999999999) -> 92 (195.05) -> 182 (224.0199999999999) -> 195 (242.9599999999999) -> 57 (259.2799999999999) -> 133 (272.2799999999999) -> 147 (283.2799999999999) -> 40 (295.2799999999999) -> 16 (307.5199999999999) -> 98 (318.9299999999998) -> 119 (329.9299999999999) -> 161 (344.17) -> 72 (360) -> 169 (376.3200000000001) -> 152 (396.3699999999999) -> 184 (416.3699999999999) -> 183 (432.2) -> 15 (444.4399999999971) -> 179 (455.4399999999963) -> 68 (468.2699999999963) -> 18 (480.2699999999963) -> 168 (603.0599999999963) -> 94 (616.2199999999963) -> 99 (627.2199999999963) -> 125 (642.2199999999963) -> 160 (658.3) -> 151 (671.4599999999964) -> 53 (697.7399999999964) -> 192 (715.8) -> 74 (746.6799999999961) -> 32 (768.85) -> 27 (860.0699999999961) -> 111 (904.729999999996) -> 201
 - Puntaje            : 820
 - Tiempo de la ruta : 1006.7

Informacion Ruta : 2
 - Nodos visitados   : 0 -> 129 (560.51) -> 22 (588) -> 190 (639.6299999999975) -> 44 (670.7299999999975) -> 110 (691.9099999999975) -> 117 (794.0199999999975) -> 166 (840.4199999999975) -> 150 (893.8399999999974) -> 194 (950.1599999999975) -> 101 (1013.419999999997) -> 137 (1141.629999999997) -> 13 (1167.659999999997) -> 71 (1204.569999999997) -> 174 (1257.019999999997) -> 158 (1323.029999999997) -> 154 (1350.15) -> 17 (1404.559999999997) -> 121 (1438.329999999997) -> 115 (1458.329999999997) -> 11 (1491.929999999996) -> 76 (1560.119999999996) -> 141 (1599.65) -> 93 (1656.4) -> 60 (1746.629999999996) -> 97 (1783.8) -> 30 (1817.34) -> 2 (1880.75) -> 201
 - Puntaje            : 551
 - Tiempo de la ruta : 1945.34

==> Ejecucion : 18
Gurobi 12.0.0:   lim:time = 150
Gurobi 12.0.0: time limit, feasible solution; objective 0.4006798525
363885 simplex iterations
7131 branching nodes
absmipgap=0.512103, relmipgap=1.27808
Informacion Ruta : 1
 - Nodos visitados   : 0 -> 67 (1909.929999999996) -> 64 (1926.25) -> 30 (1947.429999999999) -> 97 (1980.969999999999) -> 175 (2009) -> 148 (2116.8) -> 36 (2155.639999999999) -> 201
 - Puntaje            : 186
 - Tiempo de la ruta : 2210.419999999999

Informacion Ruta : 2
 - Nodos visitados   : 0 -> 142 (28.16000000000001) -> 92 (52.05) -> 4 (68.76000000000056) -> 6 (104.2200000000006) -> 163 (118.3400000000006) -> 153 (134.1700000000005) -> 132 (152.7100000000005) -> 162 (174.7900000000006) -> 172 (211.9600000000006) -> 197 (226.08) -> 5 (240.2) -> 62 (251.2) -> 181 (276.72) -> 26 (303) -> 159 (314.4100000000005) -> 20 (325.8200000000006) -> 140 (407.4100000000006) -> 54 (422.4100000000007) -> 89 (445.8300000000006) -> 9 (462.5400000000006) -> 139 (477.9300000000006) -> 143 (491.5400000000006) -> 12 (506.6400000000006) -> 38 (555.8400000000006) -> 108 (568.8400000000007) -> 56 (580.25) -> 45 (591.66) -> 114 (603.66) -> 117 (618.1300000000003) -> 129 (654.7) -> 22 (682.1900000000004) -> 106 (708.59) -> 52 (741.61) -> 74 (760.83) -> 32 (783) -> 189 (814.0200000000007) -> 194 (871.45) -> 201
 - Puntaje            : 786
 - Tiempo de la ruta : 918.1200000000008

==> Ejecucion : 19
Gurobi 12.0.0:   lim:time = 150
Gurobi 12.0.0: time limit, feasible solution; objective 0.01586464234
148034 simplex iterations
1 branching node
absmipgap=0.571659, relmipgap=36.0335
Informacion Ruta : 1
 - Nodos visitados   : 0 -> 142 (10.62999999999829) -> 6 (39.8699999999983) -> 47 (64.7399999999983) -> 127 (151.7699999999983) -> 199 (164.6) -> 54 (219.95) -> 168 (296.4799999999954) -> 99 (309.4799999999954) -> 161 (393.4599999999944) -> 182 (410.6699999999944) -> 124 (457.8299999999944) -> 51 (498.7) -> 27 (519.1399999999944) -> 190 (534.529999999993) -> 184 (550.929999999993) -> 18 (568.139999999993) -> 139 (654.669999999993) -> 166 (673.729999999993) -> 114 (717.2699999999912) -> 38 (732.6599999999912) -> 32 (743.6599999999912) -> 151 (776.4599999999912) -> 150 (879.0799999999892) -> 87 (941.9699999999862) -> 91 (1069) -> 116 (1102.85) -> 44 (1122.069999999981) -> 80 (1148.469999999979) -> 90 (1185.759999999979) -> 79 (1236.769999999975) -> 123 (1354.119999999972) -> 66 (1444.179999999972) -> 185 (1540.859999999971) -> 1 (1588.979999999967) -> 201
 - Puntaje            : 716
 - Tiempo de la ruta : 1661.079999999962

Informacion Ruta : 2
 - Nodos visitados   : 0 -> 195 (146.7599999999684) -> 183 (203.6299999999684) -> 179 (216.7899999999684) -> 15 (227.7899999999684) -> 48 (251.9299999999683) -> 156 (268.6399999999683) -> 16 (315) -> 68 (368.0099999999684) -> 187 (428.3399999999684) -> 20 (485.75) -> 159 (497.1599999999684) -> 132 (550.4799999999684) -> 62 (605.7) -> 26 (617.1099999999684) -> 164 (646.8299999999684) -> 104 (659.9899999999684) -> 122 (676.7) -> 25 (693.7) -> 71 (809.65) -> 129 (909.5399999999726) -> 41 (928.1399999999741) -> 22 (957.0099999999761) -> 74 (1011.279999999978) -> 55 (1049.70999999998) -> 106 (1084.95) -> 158 (1130.179999999981) -> 81 (1158.559999999983) -> 70 (1210.759999999984) -> 194 (1259.039999999987) -> 107 (1282.379999999988) -> 115 (1351.83999999999) -> 121 (1371.839999999993) -> 17 (1405.609999999994) -> 135 (1487.85) -> 154 (1573.019999999997) -> 141 (1672.569999999999) -> 76 (1712.1) -> 97 (1748.35) -> 75 (1791) -> 146 (1914.36) -> 148 (2004.42) -> 36 (2043.26) -> 64 (2114.98) -> 30 (2136.159999999998) -> 67 (2161.419999999999) -> 175 (2204.95) -> 201
 - Puntaje            : 1085
 - Tiempo de la ruta : 2251.009999999996

==> Ejecucion : 20
Gurobi 12.0.0:   lim:time = 150
Gurobi 12.0.0: time limit, feasible solution; objective 0.4151120235
382677 simplex iterations
8404 branching nodes
absmipgap=0.808054, relmipgap=1.94659
Informacion Ruta : 1
 - Nodos visitados   : 0 -> 17 (1120.75) -> 87 (1136.75) -> 71 (1165.189999999998) -> 115 (1200.189999999998) -> 81 (1277.389999999998) -> 154 (1318) -> 82 (1336.25) -> 121 (1395.9) -> 13 (1451.389999999998) -> 174 (1497.2) -> 2 (1544.639999999998) -> 135 (1578.679999999998) -> 141 (1608.329999999998) -> 93 (1665.079999999998) -> 76 (1735.829999999998) -> 30 (1793) -> 64 (1814.18) -> 67 (1830.5) -> 201
 - Puntaje            : 383
 - Tiempo de la ruta : 1853.15

Informacion Ruta : 2
 - Nodos visitados   : 0 -> 142 (44.26999999998958) -> 4 (63.32999999998958) -> 92 (80.03999999998956) -> 195 (112.1299999999896) -> 182 (131.0699999999896) -> 57 (147.3899999999896) -> 133 (160.3899999999965) -> 147 (171.39) -> 40 (183.39) -> 128 (258.42) -> 197 (402.15) -> 77 (432) -> 122 (444) -> 181 (459) -> 35 (475.0799999999989) -> 164 (487.3199999999989) -> 104 (500.4799999999834) -> 25 (513.6399999999834) -> 170 (545.5899999999834) -> 26 (588.65) -> 62 (600.0599999999833) -> 5 (611.0599999999833) -> 159 (623.3) -> 138 (635.5399999999746) -> 186 (647.7799999999746) -> 20 (660.9399999999745) -> 171 (715.2199999999744) -> 187 (728.8299999999745) -> 150 (742.4399999999745) -> 201
 - Puntaje            : 615
 - Tiempo de la ruta : 763.2599999999746

==> Ejecucion : 21
Gurobi 12.0.0:   lim:time = 150
Gurobi 12.0.0: time limit, feasible solution; objective -0.02867383513
151555 simplex iterations
1 branching node
absmipgap=0.666069, relmipgap=23.2292
Informacion Ruta : 1
 - Nodos visitados   : 0 -> 14 (90) -> 47 (109.4299999999999) -> 92 (159.25) -> 143 (202.0099999999973) -> 12 (217.1099999999961) -> 180 (298.1199999999946) -> 43 (309.1199999999935) -> 152 (337.9099999999924) -> 190 (362.7799999999904) -> 119 (408.8399999999887) -> 100 (460.85) -> 114 (509.45) -> 151 (543.45) -> 99 (556.2799999999826) -> 160 (572.1099999999807) -> 189 (586.1099999999788) -> 109 (597.519999999977) -> 38 (626.8299999999751) -> 108 (639.8299999999734) -> 166 (686.069999999971) -> 161 (731.85) -> 72 (747.679999999968) -> 110 (796.9699999999658) -> 51 (830.9699999999626) -> 129 (901.969999999961) -> 192 (961.95) -> 101 (976.95) -> 194 (1040.209999999955) -> 90 (1126.869999999953) -> 178 (1150.28999999995) -> 116 (1182.309999999947) -> 82 (1273.35) -> 81 (1311.579999999943) -> 135 (1427.259999999941) -> 13 (1502.45) -> 201
 - Puntaje            : 739
 - Tiempo de la ruta : 1574.579999999935

Informacion Ruta : 2
 - Nodos visitados   : 0 -> 163 (14.41999999999905) -> 133 (76.07999999999777) -> 195 (93.8899999999959) -> 57 (110.2099999999951) -> 4 (150.2299999999927) -> 54 (184) -> 127 (237.9699999999899) -> 199 (250.8) -> 105 (269.4) -> 118 (289.8399999999838) -> 177 (389.2799999999806) -> 85 (419) -> 45 (431.8299999999759) -> 117 (447.4899999999724) -> 56 (463.3199999999713) -> 112 (484.3699999999697) -> 186 (625.5099999999684) -> 138 (637.75) -> 62 (651.8699999999593) -> 26 (663.2799999999615) -> 159 (674.6899999999582) -> 20 (686.1) -> 41 (795) -> 27 (851.169999999953) -> 111 (895.8299999999507) -> 55 (993.15) -> 106 (1028.389999999947) -> 22 (1054.789999999946) -> 80 (1111.409999999942) -> 145 (1138.43999999994) -> 121 (1280.05) -> 115 (1300.05) -> 107 (1369.509999999932) -> 17 (1430) -> 158 (1498.179999999925) -> 70 (1544.419999999922) -> 2 (1673.459999999919) -> 141 (1705.089999999919) -> 76 (1744.619999999915) -> 75 (1796.389999999911) -> 97 (1839.039999999909) -> 64 (1874.75) -> 30 (1895.929999999904) -> 201
 - Puntaje            : 982
 - Tiempo de la ruta : 1933.659999999904



:    MVF      PVF   TCPU1    f1       f2      f3     :=
1   -1673      1      173   -1673   3248.06   957
2       0   3249.06     8       0      0        0
3       0    958        8       0      0        0
;

:        FN1          FN2          FN3        F1       F2           F3
 :=
1    0.000597372    1            1               0      0        0
2    0.000597372    1            1               0      0        0
3    0.000597372    1            1               0      0        0
4    0.000597372    1            1               0      0        0
5    0.000597372    1            1               0      0        0
6    0.000597372    1            1               0      0        0
7    0.367981       0.393578     0.998956     -615   1970.3      1
8    0.000597372    1            1               0      0       -4.89357e-07
9    0.000597372    1            1               0      0        0
10   0.000597372    1            1               0      0        0
11   0.000597372    1            1               0      0        0
12   0.565114       0.396465     0.998956     -945   1960.92     1
13   0.000597372    1            1               0      0        0
14   0.000597372    1            1               0      0        0
15   0.377539       0.815534     0.485386     -631    599.34   493
16   0.747909       0.159446     0.963466    -1251   2731.01    35
17   0.819594       0.273125     0.719207    -1371   2361.66   269
18   0.581243       0.626437     0.179541     -972   1213.73   786
19   1.07646       -0.170489     0.614823    -1801   3802.99   369
20   0.596774       0.537343     0.358038     -998   1503.2    615
21   1.02867       -0.0593864   -0.0250522   -1721   3442.01   982
;
:  TCPU2    :=
1      9
2      7
3      9
4      8
5      8
6      2
7    152
8    152
9    152
10   152
11    27
12   152
13   152
14   152
15   152
16   152
17   152
18   152
19   152
20   152
21   152
;

