Saltando: rc101.dat (Ya existe su archivo .log)
Saltando: r111.dat (Ya existe su archivo .log)
Saltando: RC2_2_9.dat (Ya existe su archivo .log)
Saltando: C1_6_8.dat (Ya existe su archivo .log)
Saltando: RC2_4_8.dat (Ya existe su archivo .log)
Saltando: rc104.dat (Ya existe su archivo .log)
Saltando: R2_10_6.dat (Ya existe su archivo .log)
Saltando: RC1_10_6.dat (Ya existe su archivo .log)
Saltando: r205.dat (Ya existe su archivo .log)
Saltando: C1_4_5.dat (Ya existe su archivo .log)
Saltando: R1_4_9.dat (Ya existe su archivo .log)
Saltando: R1_10_10.dat (Ya existe su archivo .log)
Saltando: R2_10_5.dat (Ya existe su archivo .log)
Saltando: R2_6_4.dat (Ya existe su archivo .log)
Iniciando ejecución para: C2_10_9.dat
Saltando: R2_6_1.dat (Ya existe su archivo .log)
Saltando: r209.dat (Ya existe su archivo .log)
Saltando: C2_2_8.dat (Ya existe su archivo .log)
Saltando: rc201.dat (Ya existe su archivo .log)
Saltando: R1_6_3.dat (Ya existe su archivo .log)
Saltando: RC1_8_1.dat (Ya existe su archivo .log)
Saltando: r208.dat (Ya existe su archivo .log)
Saltando: r206.dat (Ya existe su archivo .log)
Saltando: C2_10_5.dat (Ya existe su archivo .log)
Saltando: R1_10_2.dat (Ya existe su archivo .log)
Saltando: R1_6_5.dat (Ya existe su archivo .log)
Saltando: RC2_2_6.dat (Ya existe su archivo .log)
Saltando: C2_10_3.dat (Ya existe su archivo .log)
Saltando: c105.dat (Ya existe su archivo .log)
Saltando: rc202.dat (Ya existe su archivo .log)
Saltando: C2_4_7.dat (Ya existe su archivo .log)
Saltando: RC2_10_3.dat (Ya existe su archivo .log)
Saltando: R1_4_6.dat (Ya existe su archivo .log)
Saltando: rc105.dat (Ya existe su archivo .log)
Saltando: C2_10_10.dat (Ya existe su archivo .log)
Saltando: C2_4_5.dat (Ya existe su archivo .log)
Saltando: C1_6_3.dat (Ya existe su archivo .log)
Saltando: RC1_10_2.dat (Ya existe su archivo .log)
Iniciando ejecución para: C1_8_3.dat
Iniciando ejecución para: rc103.dat
Iniciando ejecución para: C1_8_10.dat
Iniciando ejecución para: r105.dat
Iniciando ejecución para: RC1_2_2.dat
Iniciando ejecución para: RC2_8_10.dat
Iniciando ejecución para: C2_2_2.dat
Iniciando ejecución para: C1_8_9.dat
Iniciando ejecución para: RC1_4_6.dat
Iniciando ejecución para: RC2_6_5.dat
Iniciando ejecución para: r104.dat
Iniciando ejecución para: C2_8_2.dat
Iniciando ejecución para: RC2_8_3.dat
Iniciando ejecución para: R2_4_5.dat
Iniciando ejecución para: C1_8_6.dat
Iniciando ejecución para: RC1_4_4.dat
Iniciando ejecución para: R1_4_7.dat
Iniciando ejecución para: R2_2_3.dat
Iniciando ejecución para: c202.dat
Iniciando ejecución para: C1_6_1.dat
Iniciando ejecución para: R1_4_10.dat
Iniciando ejecución para: RC1_8_7.dat
Iniciando ejecución para: RC2_2_7.dat
Iniciando ejecución para: RC2_8_6.dat
Iniciando ejecución para: RC2_8_7.dat
Iniciando ejecución para: R2_4_6.dat
Iniciando ejecución para: C1_2_3.dat
Iniciando ejecución para: RC1_2_7.dat
Iniciando ejecución para: RC1_6_6.dat
Iniciando ejecución para: C2_4_2.dat
Iniciando ejecución para: RC1_6_3.dat
Iniciando ejecución para: R2_6_7.dat
Iniciando ejecución para: C2_4_10.dat
Iniciando ejecución para: R1_8_9.dat
Iniciando ejecución para: r203.dat
Iniciando ejecución para: R1_2_2.dat
Iniciando ejecución para: R2_6_5.dat
Iniciando ejecución para: C1_4_9.dat
Iniciando ejecución para: R2_6_3.dat
Iniciando ejecución para: RC2_10_1.dat
Iniciando ejecución para: C1_6_6.dat
Iniciando ejecución para: RC1_2_6.dat
Iniciando ejecución para: R1_2_5.dat
Iniciando ejecución para: c103.dat
Iniciando ejecución para: RC1_4_1.dat
Iniciando ejecución para: RC2_2_8.dat
Iniciando ejecución para: C2_6_6.dat
