-340 1159 340
0 0 0
0 0 0
-40 160 40
0 0 0
-130 403 130
-70 247 70
-100 347 100
-80 260 80
-240 755 240
-290 949 290
-180 500 180
-330 1121 330
-320 1043 320
-10 110 10
-170 510 170
-190 564 190
-20 129 20
-250 757 250
-260 809 260
-210 614 210
-190 564 190
-300 940 300
-280 859 280
-310 1030 310
-140 455 140
-120 413 120
-230 707 230
-220 665 220
-270 850 270
-260 809 260
-330 1121 330
-150 449 150
-160 450 160
-300 940 300
-200 615 200
-110 349 110
-300 940 300
-170 510 170
-230 707 230
-340 1159 340
-250 757 250
-150 449 150
-90 256 90
-50 248 50
-220 665 220
-40 160 40
-210 614 210
-80 260 80
-60 253 60
-90 256 90
-10 110 10
-30 153 30
-160 450 160
-110 349 110
-220 665 220
-200 615 200
-230 707 230
-320 1043 320
-130 403 130
-170 510 170
-180 500 180
-280 859 280
-270 850 270
-290 949 290
-30 153 30
-50 248 50
-60 253 60
-120 413 120
-150 449 150
-50 248 50
-70 247 70
-70 247 70
-10 110 10
-310 1030 310
-260 809 260
-230 707 230
-110 349 110
-310 1030 310
-140 455 140
-70 247 70
-280 859 280
-110 349 110
-320 1043 320
-30 153 30
-120 413 120
0 0 0
-320 1043 320
-180 500 180
-140 455 140
-100 347 100
-270 850 270
-210 614 210
-60 253 60
-20 129 20
-80 260 80
-330 1121 330
-280 859 280
-330 1121 330
-200 615 200
