0 0 0
-1540 9693 40
-320 1524 240
-920 4527 220
-180 1104 100
-570 2874 220
-780 4262 190
-400 2299 160
-1300 6680 120
-870 4335 200
-1410 7811 70
-1290 6807 10
-600 3292 150
-520 2659 210
-570 3202 150
-1110 5574 60
-1110 5507 80
-30 190 30
-1490 9365 20
-1210 6062 80
-550 3001 180
-1330 6889 120
-1140 5732 60
-1020 5117 140
-1450 8588 90
-50 393 50
-850 4156 200
-240 1394 170
-360 1956 160
-1440 8097 70
-1080 5365 110
-590 3001 210
-140 971 100
-50 393 50
-1460 9011 40
-1180 5971 60
-720 3888 180
-670 3419 190
-1490 9365 20
-1500 8944 60
-80 519 80
-1230 6507 60
0 0 0
-210 1272 130
-630 3591 130
-1370 7547 40
-1020 5117 140
-1240 6270 80
-1290 6807 10
-1520 9266 60
-1080 5365 110
-1380 7300 70
-1350 7120 40
-750 3770 200
-70 683 70
-430 2264 170
-1140 5732 60
-1410 7917 60
-1470 9068 30
-680 3380 240
-820 4066 200
-490 2683 170
-990 4916 220
-850 4595 170
-1450 8588 90
-270 1620 170
-360 1956 160
-120 840 80
-970 4772 200
-440 2422 160
-1450 8588 90
-30 190 30
-1190 6108 60
-1430 8320 40
-140 971 100
-530 2798 190
-1350 7408 30
-730 3669 190
-270 1620 170
-1050 5275 140
-1000 5009 220
-630 3591 130
-30 190 30
-240 1394 170
-210 1272 130
-490 2683 170
-340 1798 240
-950 4761 200
-950 5069 120
-670 3419 190
-1430 8320 40
-340 1798 240
-460 2517 160
-1050 5275 140
-820 4066 200
-1330 6889 120
-460 2517 160
-720 3888 180
-1440 8097 70
-1240 6270 80
