-1590 9903 50
0 0 0
0 0 0
-1420 7689 60
-380 2199 170
-1180 6005 230
-730 3688 190
-340 2057 90
-160 1156 70
-600 3206 180
-170 1004 80
-1430 8065 80
-120 770 70
-1280 6524 130
-420 2387 170
-1500 8826 50
-30 190 30
-870 4696 190
-580 3164 240
-430 2415 150
-860 4322 210
-500 2700 220
-320 1963 110
-1150 5751 260
-1220 6225 120
-1520 9155 40
-250 1593 100
-1330 7159 90
-1320 7105 150
-1390 7455 60
-900 4802 210
-30 190 30
-1050 5345 240
-1230 6748 10
-1000 5467 200
-1570 9607 50
-1020 5165 250
-750 3875 200
-210 1507 70
-1050 5489 230
-1360 7250 60
-1480 8575 20
-480 2551 200
-630 3520 180
-560 2936 220
-780 4065 180
-280 1614 110
-800 4195 160
-1490 8665 20
-690 3621 180
-90 516 70
-1070 6099 130
-1020 5165 250
-1220 6225 120
-1230 6748 10
-490 2809 140
-990 5075 240
-1250 6407 190
-1110 5644 260
-260 1723 100
-310 1803 110
-70 421 70
-950 4786 240
-490 2809 140
-1520 8960 90
-1460 8314 70
-90 516 70
-1580 9811 60
-1390 7455 60
-1540 9425 40
-660 3429 190
-1540 9256 90
-1270 6860 80
-1460 8568 50
-800 4195 160
-560 3003 180
-800 4433 150
-530 2840 190
-750 3875 200
-1070 6099 130
-1550 9459 50
-900 5293 180
-190 1281 70
-830 4575 150
-1120 5767 170
-1430 8065 80
-830 4575 150
-1120 5706 220
-630 3520 180
-1300 6951 50
-660 3429 190
-960 4864 250
-520 2973 170
-190 1281 70
-1460 8314 70
-960 4864 250
-1540 9425 40
-70 421 70
-1300 6951 50
-280 1614 110
