

:::::::::::::::::::::::::: Descripcion de la Instancia ::::::::::::::::::::::::::

Nodo inicial         : 0 
Nodo final           : 101 
Tmax                 : 1236 
Numero de nodos      : 102 
Numero de rutas      : 2 
Numero de categorias : 3 
 - Cuota de la categoria 1 : 29 
 - Cuota de la categoria 2 : 21 
 - Cuota de la categoria 3 : 14 
Funcion Objetivo : 1
Gurobi 12.0.0:   lim:time = 60
Gurobi 12.0.0: optimal solution; objective -590
60833 simplex iterations
1852 branching nodes
Funcion Objetivo : 2
Gurobi 12.0.0:   lim:time = 60
Gurobi 12.0.0: optimal solution; objective 0
0 simplex iterations
absmipgap=9.35358e-09, relmipgap=0
Funcion Objetivo : 3
Gurobi 12.0.0:   lim:time = 60
Gurobi 12.0.0: optimal solution; objective 0
9 simplex iterations
1 branching node
==> Ejecucion : 1
Gurobi 12.0.0:   lim:time = 60
Gurobi 12.0.0: optimal solution; objective 0
9 simplex iterations
1 branching node
Informacion Ruta : 1
 - Nodos visitados   : 0 -> 101
 - Puntaje            : 0
 - Tiempo de la ruta : 0

Informacion Ruta : 2
 - Nodos visitados   : 0 -> 101
 - Puntaje            : 0
 - Tiempo de la ruta : 0

==> Ejecucion : 2
Gurobi 12.0.0:   lim:time = 60
Gurobi 12.0.0: optimal solution; objective 0
93 simplex iterations
1 branching node
absmipgap=6.26244e-13, relmipgap=0
Informacion Ruta : 1
 - Nodos visitados   : 0 -> 101
 - Puntaje            : 0
 - Tiempo de la ruta : 0

Informacion Ruta : 2
 - Nodos visitados   : 0 -> 101
 - Puntaje            : 0
 - Tiempo de la ruta : 0

==> Ejecucion : 3
Gurobi 12.0.0:   lim:time = 60
Gurobi 12.0.0: optimal solution; objective 0
95 simplex iterations
1 branching node
absmipgap=1.25249e-12, relmipgap=0
Informacion Ruta : 1
 - Nodos visitados   : 0 -> 101
 - Puntaje            : 0
 - Tiempo de la ruta : 0

Informacion Ruta : 2
 - Nodos visitados   : 0 -> 101
 - Puntaje            : 0
 - Tiempo de la ruta : 0

==> Ejecucion : 4
Gurobi 12.0.0:   lim:time = 60
Gurobi 12.0.0: optimal solution; objective 0
36 simplex iterations
1 branching node
absmipgap=1.34153e-12, relmipgap=0
Informacion Ruta : 1
 - Nodos visitados   : 0 -> 101
 - Puntaje            : 0
 - Tiempo de la ruta : 0

Informacion Ruta : 2
 - Nodos visitados   : 0 -> 101
 - Puntaje            : 0
 - Tiempo de la ruta : 0

==> Ejecucion : 5
Gurobi 12.0.0:   lim:time = 60
Gurobi 12.0.0: optimal solution; objective 0
6 simplex iterations
1 branching node
absmipgap=2.50497e-12, relmipgap=0
Informacion Ruta : 1
 - Nodos visitados   : 0 -> 101
 - Puntaje            : 0
 - Tiempo de la ruta : 0

Informacion Ruta : 2
 - Nodos visitados   : 0 -> 101
 - Puntaje            : 0
 - Tiempo de la ruta : 0

==> Ejecucion : 6
Gurobi 12.0.0:   lim:time = 60
Gurobi 12.0.0: optimal solution; objective 0
0 simplex iterations
absmipgap=1.90483e-12, relmipgap=0
Informacion Ruta : 1
 - Nodos visitados   : 0 -> 101
 - Puntaje            : 0
 - Tiempo de la ruta : 0

Informacion Ruta : 2
 - Nodos visitados   : 0 -> 101
 - Puntaje            : 0
 - Tiempo de la ruta : 0

==> Ejecucion : 7
Gurobi 12.0.0:   lim:time = 60
Gurobi 12.0.0: optimal solution; objective 0.003384094755
307216 simplex iterations
2061 branching nodes
absmipgap=2.77556e-17, relmipgap=0
Informacion Ruta : 1
 - Nodos visitados   : 0 -> 57 (69.55) -> 63 (186.48) -> 62 (281.48) -> 15 (425.5599999999999) -> 16 (520.56) -> 88 (662.04) -> 4 (776.39) -> 2 (870) -> 1 (962) -> 75 (1055) -> 101
 - Puntaje            : 290
 - Tiempo de la ruta : 1160.81

Informacion Ruta : 2
 - Nodos visitados   : 0 -> 32 (49.61000000000001) -> 33 (141.61) -> 31 (237) -> 74 (370) -> 93 (511.42) -> 97 (606.4200000000001) -> 100 (701.4200000000001) -> 22 (834.0600000000001) -> 21 (926.0600000000001) -> 49 (1033.18) -> 47 (1125.18) -> 101
 - Puntaje            : 290
 - Tiempo de la ruta : 1233.21

==> Ejecucion : 8
Gurobi 12.0.0:   lim:time = 60
Gurobi 12.0.0: optimal solution; objective 0.1772681627
4610 simplex iterations
106 branching nodes
absmipgap=6.42153e-13, relmipgap=0
Informacion Ruta : 1
 - Nodos visitados   : 0 -> 57 (54.06999999999999) -> 63 (171) -> 62 (266) -> 74 (359) -> 93 (500.42) -> 101
 - Puntaje            : 200
 - Tiempo de la ruta : 633.4300000000001

Informacion Ruta : 2
 - Nodos visitados   : 0 -> 33 (87) -> 25 (197.81) -> 8 (308.43) -> 15 (420.0600000000001) -> 16 (515.06) -> 6 (630.6699999999998) -> 101
 - Puntaje            : 200
 - Tiempo de la ruta : 739.6700000000016

==> Ejecucion : 9
Gurobi 12.0.0:   lim:time = 60
Gurobi 12.0.0: optimal solution; objective 0.1996615905
32 simplex iterations
1 branching node
absmipgap=1.26171e-12, relmipgap=0
Informacion Ruta : 1
 - Nodos visitados   : 0 -> 101
 - Puntaje            : 0
 - Tiempo de la ruta : 0

Informacion Ruta : 2
 - Nodos visitados   : 0 -> 101
 - Puntaje            : 0
 - Tiempo de la ruta : 0

==> Ejecucion : 10
Gurobi 12.0.0:   lim:time = 60
Gurobi 12.0.0: optimal solution; objective 0.1996615905
25 simplex iterations
1 branching node
absmipgap=1.44382e-12, relmipgap=0
Informacion Ruta : 1
 - Nodos visitados   : 0 -> 101
 - Puntaje            : 0
 - Tiempo de la ruta : 0

Informacion Ruta : 2
 - Nodos visitados   : 0 -> 101
 - Puntaje            : 0
 - Tiempo de la ruta : 0

==> Ejecucion : 11
Gurobi 12.0.0:   lim:time = 60
Gurobi 12.0.0: optimal solution; objective 0.1996615905
0 simplex iterations
absmipgap=2.45684e-12, relmipgap=0
Informacion Ruta : 1
 - Nodos visitados   : 0 -> 101
 - Puntaje            : 0
 - Tiempo de la ruta : 0

Informacion Ruta : 2
 - Nodos visitados   : 0 -> 101
 - Puntaje            : 0
 - Tiempo de la ruta : 0

==> Ejecucion : 12
Gurobi 12.0.0:   lim:time = 60
Gurobi 12.0.0: optimal solution; objective 0.006768189509
197975 simplex iterations
1440 branching nodes
absmipgap=5.55112e-17, relmipgap=0
Informacion Ruta : 1
 - Nodos visitados   : 0 -> 13 (61.5600000000013) -> 25 (174.75) -> 8 (285.3700000000013) -> 15 (397) -> 16 (492) -> 97 (622) -> 100 (717) -> 2 (825.03) -> 21 (938.4600000000012) -> 75 (1048.310000000003) -> 101
 - Puntaje            : 290
 - Tiempo de la ruta : 1154.120000000004

Informacion Ruta : 2
 - Nodos visitados   : 0 -> 57 (54.06999999999999) -> 63 (171) -> 62 (266) -> 74 (359) -> 46 (472.1899999999996) -> 85 (609.3899999999991) -> 88 (702.3899999999984) -> 22 (830.2399999999973) -> 52 (937.5) -> 49 (1030.5) -> 101
 - Puntaje            : 290
 - Tiempo de la ruta : 1139.709999999994

==> Ejecucion : 13
Gurobi 12.0.0:   lim:time = 60
Gurobi 12.0.0: optimal solution; objective 0.1980546467
29041 simplex iterations
811 branching nodes
absmipgap=6.22669e-13, relmipgap=0
Informacion Ruta : 1
 - Nodos visitados   : 0 -> 32 (65.53999999999999) -> 25 (174.75) -> 8 (285.37) -> 15 (397) -> 16 (492) -> 97 (622) -> 100 (717) -> 2 (825.03) -> 1 (917.03) -> 75 (1010.03) -> 101
 - Puntaje            : 280
 - Tiempo de la ruta : 1115.84

Informacion Ruta : 2
 - Nodos visitados   : 0 -> 57 (87) -> 63 (203.93) -> 62 (298.93) -> 74 (391.93) -> 84 (510.53) -> 85 (603.36) -> 88 (696.3599999999999) -> 22 (824.21) -> 21 (916.21) -> 101
 - Puntaje            : 280
 - Tiempo de la ruta : 1016.41

==> Ejecucion : 14
Gurobi 12.0.0:   lim:time = 60
Gurobi 12.0.0: optimal solution; objective 0.3545363255
4882 simplex iterations
175 branching nodes
absmipgap=1.28425e-12, relmipgap=0
Informacion Ruta : 1
 - Nodos visitados   : 0 -> 57 (54.06999999999788) -> 63 (171) -> 62 (266) -> 74 (359) -> 93 (500.42) -> 101
 - Puntaje            : 200
 - Tiempo de la ruta : 633.43

Informacion Ruta : 2
 - Nodos visitados   : 0 -> 33 (87) -> 25 (197.81) -> 8 (308.4299999999997) -> 15 (420.0599999999994) -> 16 (515.0599999999988) -> 6 (630.6699999999988) -> 101
 - Puntaje            : 200
 - Tiempo de la ruta : 739.6699999999979

==> Ejecucion : 15
Gurobi 12.0.0:   lim:time = 60
Gurobi 12.0.0: optimal solution; objective 0.3963046511
62 simplex iterations
1 branching node
absmipgap=1.44051e-12, relmipgap=0
Informacion Ruta : 1
 - Nodos visitados   : 0 -> 63 (171) -> 101
 - Puntaje            : 50
 - Tiempo de la ruta : 275.14

Informacion Ruta : 2
 - Nodos visitados   : 0 -> 101
 - Puntaje            : 0
 - Tiempo de la ruta : 0

==> Ejecucion : 16
Gurobi 12.0.0:   lim:time = 60
Gurobi 12.0.0: optimal solution; objective 0.01015228426
263699 simplex iterations
2711 branching nodes
absmipgap=1.11022e-16, relmipgap=0
Informacion Ruta : 1
 - Nodos visitados   : 0 -> 13 (61.56) -> 25 (174.75) -> 8 (285.37) -> 15 (397) -> 16 (492) -> 97 (622) -> 100 (717) -> 2 (825.03) -> 21 (938.46) -> 75 (1048.31) -> 101
 - Puntaje            : 290
 - Tiempo de la ruta : 1154.12

Informacion Ruta : 2
 - Nodos visitados   : 0 -> 32 (43.61000000000035) -> 63 (173.6100000000004) -> 62 (268.6100000000004) -> 74 (361.6100000000004) -> 46 (474.8) -> 85 (612) -> 88 (705) -> 22 (832.85) -> 52 (940.11) -> 49 (1033.11) -> 47 (1125.11) -> 101
 - Puntaje            : 290
 - Tiempo de la ruta : 1233.14

==> Ejecucion : 17
Gurobi 12.0.0:   lim:time = 60
Gurobi 12.0.0: optimal solution; objective 0.204308151
80580 simplex iterations
1871 branching nodes
absmipgap=6.1956e-13, relmipgap=0
Informacion Ruta : 1
 - Nodos visitados   : 0 -> 57 (44.8) -> 25 (174.7199999999978) -> 8 (285.3399999999982) -> 15 (396.9699999999984) -> 16 (491.9699999999989) -> 97 (621.9699999999995) -> 100 (716.97) -> 2 (825) -> 1 (917) -> 75 (1010) -> 101
 - Puntaje            : 290
 - Tiempo de la ruta : 1115.809999999997

Informacion Ruta : 2
 - Nodos visitados   : 0 -> 32 (41) -> 63 (171) -> 62 (266) -> 74 (359) -> 46 (472.1899999999994) -> 85 (609.3899999999988) -> 88 (702.3899999999983) -> 22 (830.2399999999972) -> 21 (922.2399999999964) -> 49 (1029.359999999996) -> 101
 - Puntaje            : 290
 - Tiempo de la ruta : 1138.569999999994

==> Ejecucion : 18
Gurobi 12.0.0:   lim:time = 60
Gurobi 12.0.0: optimal solution; objective 0.3814800973
7832 simplex iterations
95 branching nodes
absmipgap=1.2581e-12, relmipgap=0
Informacion Ruta : 1
 - Nodos visitados   : 0 -> 57 (54.06999999999999) -> 63 (171) -> 62 (266) -> 74 (359) -> 46 (472.1899999999983) -> 85 (609.3899999999973) -> 88 (702.3899999999965) -> 22 (830.2399999999928) -> 21 (922.2399999999946) -> 75 (1032.089999999993) -> 101
 - Puntaje            : 310
 - Tiempo de la ruta : 1137.9

Informacion Ruta : 2
 - Nodos visitados   : 0 -> 32 (65.50999999999685) -> 25 (174.719999999997) -> 8 (285.3399999999975) -> 15 (396.9699999999979) -> 16 (491.9699999999985) -> 97 (621.9699999999993) -> 100 (716.97) -> 2 (825) -> 101
 - Puntaje            : 250
 - Tiempo de la ruta : 935.62

==> Ejecucion : 19
Gurobi 12.0.0:   lim:time = 60
Gurobi 12.0.0: optimal solution; objective 0.006430868167
323027 simplex iterations
4264 branching nodes
Informacion Ruta : 1
 - Nodos visitados   : 0 -> 13 (61.52999999999992) -> 25 (174.7199999999999) -> 8 (285.3399999999999) -> 15 (396.9699999999999) -> 16 (491.9699999999999) -> 97 (621.9699999999999) -> 100 (716.97) -> 2 (825) -> 21 (938.4300000000001) -> 75 (1048.28) -> 101
 - Puntaje            : 290
 - Tiempo de la ruta : 1154.09

Informacion Ruta : 2
 - Nodos visitados   : 0 -> 57 (54.06999999999999) -> 63 (171) -> 62 (266) -> 74 (359) -> 46 (472.19) -> 85 (609.39) -> 88 (702.39) -> 22 (830.24) -> 52 (937.5) -> 49 (1030.5) -> 47 (1122.5) -> 101
 - Puntaje            : 300
 - Tiempo de la ruta : 1230.529999999994

==> Ejecucion : 20
Gurobi 12.0.0:   lim:time = 60
Gurobi 12.0.0: optimal solution; objective 0.1991105243
65025 simplex iterations
1842 branching nodes
absmipgap=5.69877e-13, relmipgap=0
Informacion Ruta : 1
 - Nodos visitados   : 0 -> 32 (65.50999999999743) -> 25 (174.7199999999974) -> 8 (285.3399999999974) -> 15 (396.9699999999974) -> 16 (491.9699999999974) -> 97 (621.9699999999974) -> 100 (716.9699999999974) -> 2 (825) -> 1 (917) -> 75 (1010) -> 101
 - Puntaje            : 280
 - Tiempo de la ruta : 1115.809999999997

Informacion Ruta : 2
 - Nodos visitados   : 0 -> 57 (56.68000000000475) -> 63 (173.6100000000048) -> 62 (268.6100000000048) -> 74 (361.6100000000048) -> 46 (474.8) -> 85 (612) -> 88 (705) -> 22 (832.85) -> 21 (924.85) -> 49 (1031.970000000005) -> 47 (1123.970000000005) -> 101
 - Puntaje            : 310
 - Tiempo de la ruta : 1232

==> Ejecucion : 21
Gurobi 12.0.0:   lim:time = 60
Gurobi 12.0.0: optimal solution; objective 1.110223025e-16
67606 simplex iterations
1798 branching nodes
Informacion Ruta : 1
 - Nodos visitados   : 0 -> 13 (61.52999999999651) -> 25 (174.7199999999965) -> 8 (285.3399999999965) -> 15 (396.9699999999965) -> 16 (491.9699999999965) -> 97 (621.9699999999965) -> 100 (716.9699999999965) -> 2 (825) -> 1 (917) -> 75 (1010) -> 101
 - Puntaje            : 280
 - Tiempo de la ruta : 1115.809999999997

Informacion Ruta : 2
 - Nodos visitados   : 0 -> 57 (54.06999999999999) -> 63 (171) -> 62 (266) -> 74 (359) -> 46 (472.19) -> 85 (609.3900000000001) -> 88 (702.3900000000001) -> 22 (830.2400000000001) -> 21 (922.2399999999955) -> 49 (1029.359999999995) -> 47 (1121.359999999994) -> 101
 - Puntaje            : 310
 - Tiempo de la ruta : 1229.389999999991



:   MVF      PVF   TCPU1    f1      f2      f3     :=
1   -590      1       4    -590   2301.48   310
2      0   2302.48    1       0      0        0
3      0    311       0       0      0        0
;

:       FN1           FN2          FN3        F1      F2      F3  TCPU2    :=
1    0.00169205    1            1               0      0        0    1
2    0.00169205    1            1               0      0        0    0
3    0.00169205    1            1               0      0        0    1
4    0.00169205    1            1               0      0        0    0
5    0.00169205    1            1               0      0        0    1
6    0.00169205    1            1               0      0        0    0
7    0.98308      -0.0169383    1            -580   2341.48     0    6
8    0.678511      0.435148     1            -400   1300.56     0    3
9    0.00169205    1            1               0      0        0    0
10   0.00169205    1            1               0      0        0    0
11   0.00169205    1            1               0      0        0    1
12   0.98308       0.0253944    1            -580   2244.01     0    5
13   0.949239      0.11125      1            -560   2046.33     0    3
14   0.678511      0.435148     1            -400   1300.56     0    1
15   0.0862944     0.948629     0.839228      -50    118.28    50    1
16   0.98308      -0.0182586    1            -580   2344.52     0    5
17   0.98308       0.0292207    1            -580   2235.2      0    6
18   0.949239      0.122442     0.00321543   -560   2020.56   310    3
19   1            -0.0140501    0.967846     -590   2334.83    10    4
20   1             0.00444738   0.00321543   -590   2292.24   310    4
21   1             0.0030706    0.00321543   -590   2295.41   310    3
;

