-500 1721 0
-20 224 0
-610 2384 50
-520 1926 20
-480 1608 20
-460 1564 180
-90 376 50
-600 2291 60
-100 399 40
-280 898 60
-430 1423 30
-440 1473 160
-210 692 170
-240 756 100
-220 711 80
-550 1883 90
-440 1473 160
-330 1031 10
-500 1699 100
-260 811 120
-390 1259 70
-370 1252 10
-500 1721 0
-190 601 130
-180 578 140
-570 1996 70
-260 811 120
-130 484 90
-220 711 80
-130 484 90
-160 555 0
-450 1514 50
-250 844 30
-170 560 150
-360 1145 20
-190 601 130
-190 623 110
-200 645 20
-190 623 110
-530 2020 30
-330 1031 10
-390 1278 10
-600 2294 40
-370 1196 30
-590 2231 30
-300 953 80
-590 2199 70
-580 2086 80
-540 1883 80
-210 692 170
-180 578 140
-420 1373 40
-490 1656 150
-290 953 10
-310 998 30
-120 426 40
-30 239 10
-160 503 20
-270 839 50
-560 1973 100
-50 274 30
-510 1784 130
-340 1091 0
-280 898 60
-250 844 30
-580 2141 20
-520 1789 120
-430 1423 30
-370 1196 30
-420 1373 40
-460 1564 180
-510 1834 10
-490 1656 150
-490 1656 150
-400 1318 60
-60 289 20
-80 357 60
-400 1318 60
-350 1124 10
-340 1091 0
-410 1351 50
-240 756 100
-310 998 30
-580 2109 60
-80 357 60
-60 289 20
-40 262 20
-560 1996 60
-420 1373 40
-350 1124 10
-410 1351 50
-170 560 150
-180 578 140
-80 357 60
-120 409 60
-250 790 110
-60 289 20
-230 697 90
-40 262 20
-480 1608 20
