-620 2281 40
0 0 0
0 0 0
-360 1029 20
-410 1246 70
-600 2112 0
-70 247 70
-280 787 140
-20 129 20
-190 448 190
-420 1257 40
-90 256 90
-200 558 180
-310 912 170
-570 1930 10
-380 1121 40
-160 475 120
-430 1327 30
-320 929 100
-330 951 110
-290 809 150
-510 1607 50
-160 475 120
-550 1836 30
-510 1607 50
-400 1194 60
-150 456 130
-120 408 60
-220 599 160
-220 599 160
-140 346 140
-100 366 80
-370 1094 150
-230 697 90
-200 558 180
-10 110 10
-390 1143 50
-580 1968 20
-590 2073 10
-230 668 190
-610 2210 10
-100 366 80
-480 1591 0
-180 512 0
-30 239 10
-550 1836 30
-540 1750 20
-500 1627 0
-170 498 110
-440 1349 20
-40 160 40
-210 593 70
-280 787 140
-320 929 100
-150 456 130
-310 912 170
-450 1370 10
-570 1930 10
-560 1853 0
-130 416 50
-610 2210 10
-430 1286 90
-490 1513 30
-110 385 70
-530 1721 30
-330 1031 10
-240 690 200
-460 1421 0
-470 1482 10
-60 289 20
-250 735 30
-400 1194 60
-340 1001 120
-460 1421 0
-450 1370 10
-300 832 20
-260 695 120
-480 1514 20
-590 2073 10
-250 735 30
-230 697 90
-340 1001 120
-620 2281 40
-200 605 20
-470 1482 10
-30 152 30
-540 1750 20
-530 1721 30
-520 1656 0
-520 1656 0
-230 668 190
-370 1094 150
-300 832 20
-290 809 150
-120 408 60
-170 498 110
-380 1121 40
-280 787 140
-450 1370 10
-10 110 10
