-136 154 0
-524 439 56
-25 55 7
-313 257 227
-384 324 116
-43 68 11
-186 195 90
-211 187 147
-35 63 3
-454 387 46
-387 330 153
-418 363 82
-177 145 145
-100 104 36
-139 131 53
-339 289 201
-346 305 190
-359 300 221
-270 225 184
-436 377 100
-285 234 215
-344 298 110
-62 95 24
-286 242 168
-471 399 29
-370 315 166
-241 214 137
-463 392 73
-414 360 40
-281 266 77
-241 193 177
-443 380 25
-78 128 4
-396 344 22
-262 221 192
-103 117 33
-489 413 47
-227 206 131
-303 248 233
-209 200 17
-424 354 156
-511 429 69
-477 404 103
-318 272 182
-286 225 254
-377 334 41
-151 138 81
-195 171 163
-243 193 211
-341 280 239
-353 332 65
-489 413 47
-132 110 100
-524 439 56
-384 324 116
-333 269 247
-69 101 5
-465 397 75
-221 181 157
-402 338 134
-502 423 34
-294 288 62
-144 199 8
-159 142 73
-477 404 103
-300 279 108
-89 152 17
-195 171 163
-149 162 43
-168 158 64
-128 114 64
-333 269 247
-361 311 93
-88 129 14
-225 177 193
-250 228 18
-112 99 80
-252 210 166
-367 312 133
-342 285 238
-404 349 14
-502 423 34
-161 169 25
-329 302 7
-293 239 207
-431 373 23
-407 342 173
-227 206 131
-116 123 20
-301 250 199
-59 78 27
-407 342 173
-494 450 26
-293 239 207
-511 429 69
-259 208 195
-222 204 136
-430 370 12
-51 78 13
-278 251 44
