-114 174 0
-533 452 43
-25 55 7
-86 105 22
-372 315 142
-105 131 9
-516 430 26
-339 294 89
-410 360 60
-368 320 118
-35 63 3
-526 440 36
-251 220 33
-423 363 99
-234 211 76
-261 232 49
-335 289 139
-296 257 132
-326 284 20
-507 424 55
-150 163 14
-529 442 39
-315 274 31
-198 185 34
-420 367 70
-481 408 41
-176 179 12
-435 368 87
-345 307 95
-323 277 105
-476 402 46
-226 214 30
-241 256 15
-185 161 99
-122 144 58
-388 337 106
-52 81 20
-214 196 18
-468 390 38
-128 114 64
-218 200 92
-267 237 17
-378 326 128
-285 251 67
-221 203 63
-196 171 110
-452 378 54
-288 257 4
-116 144 52
-459 384 83
-352 304 122
-69 87 37
-358 319 128
-169 151 115
-258 231 94
-460 386 82
-107 165 11
-401 338 125
-158 171 34
-364 354 2
-57 79 25
-112 99 80
-404 350 86
-474 396 68
-139 138 75
-444 374 98
-384 331 102
-235 224 3
-496 414 66
-486 403 56
-207 193 103
-377 331 109
-304 265 124
-306 272 142
-141 154 37
-136 139 72
-303 266 85
-165 150 79
-393 339 113
-205 192 79
-25 55 7
-80 95 16
-229 218 1
-335 289 139
-126 123 62
-276 246 112
-44 68 12
-77 122 5
-44 68 12
-393 342 93
-57 79 25
-342 303 6
-500 418 42
-442 372 64
-503 419 65
-383 347 87
-137 149 73
-277 243 151
-354 312 8
-299 273 47
