0 0 0
0 0 0
-1580 9843 40
-990 4916 150
-930 4560 130
-1390 7666 10
-670 3404 190
-1130 5806 160
-690 3637 180
-120 770 70
-940 4792 130
-710 3727 170
-1260 6793 90
-290 1770 80
-1340 7247 80
-1510 9123 50
-640 3314 210
-1150 5809 160
-1460 8527 10
-1250 6467 200
-240 1543 100
-1540 9302 50
-210 1353 100
-1310 7089 110
-1290 6997 90
-140 939 70
-520 2671 220
-570 2890 210
-1020 5074 150
-1470 8764 40
-1250 6467 200
-1360 7558 20
-420 2284 170
-1320 7155 60
-500 2830 140
-1330 7453 30
-1110 5438 180
-1180 5983 120
-70 510 40
-460 2479 190
-20 169 20
-520 2994 140
-1480 8494 60
-780 3909 130
-750 3778 130
-1330 7453 30
-280 1667 110
-1560 9607 40
-320 1911 90
-1440 8134 30
-1360 7558 20
-190 1183 100
-1060 5478 150
-610 3049 190
-420 2316 120
-1050 5139 160
-70 510 40
-390 2106 220
-620 3235 220
0 0 0
-530 2800 210
-1500 8887 40
-1540 9484 40
-1430 8435 20
-160 1001 100
-1420 7829 30
-270 1601 100
-1430 8026 50
-1520 9247 40
-400 2146 140
-1090 5971 120
-1580 9843 40
-900 4388 130
-570 2890 210
-1210 6108 180
-870 4230 130
-900 4388 130
-350 2001 120
-50 359 30
-810 4048 160
-480 2606 190
-210 1353 100
-50 359 30
-1220 6142 80
-1190 5984 100
-1240 6234 100
-350 2001 120
-1080 5297 160
-470 2400 210
-1290 6997 90
-810 4048 160
-840 4140 130
-840 4140 130
-870 4230 130
-1260 6793 90
-450 2473 150
-1490 8818 50
-240 1543 100
-150 1101 40
-1020 5019 160
