0 0 0
-567 457 77
-323 241 259
-73 94 9
-381 310 153
-474 372 162
-373 295 217
-345 285 189
-284 245 198
-335 280 199
-43 55 43
-451 352 139
-551 446 93
-299 222 235
-279 230 143
-563 457 81
-390 316 254
-423 342 111
-10 40 10
-235 196 99
-226 180 108
-465 369 171
-270 207 238
-412 336 78
-541 434 103
-350 275 232
-521 420 83
-534 424 76
-185 170 67
-501 427 53
-334 258 248
-359 291 223
-440 370 16
-167 109 167
-142 121 110
-32 38 32
-199 146 135
-332 285 176
-242 216 124
0 0 0
-457 379 51
-147 149 29
-300 262 182
-494 397 88
-408 330 126
-520 409 90
-486 390 48
-183 131 151
-210 161 146
-254 185 254
-84 111 2
-175 165 57
-116 88 116
-16 23 16
-305 219 241
-126 139 12
-370 302 36
-550 435 60
-273 254 21
-169 153 83
-204 199 48
-305 247 229
-398 350 58
-153 157 35
-88 77 88
-120 115 56
-159 143 73
-130 127 66
-326 256 208
-461 361 129
-514 400 76
-131 133 45
-481 386 109
-465 443 25
-456 358 180
-16 23 16
-424 360 130
-157 236 21
-510 409 72
-100 128 18
-323 266 11
-257 213 225
-326 256 208
-61 67 61
-17 86 3
-521 408 115
-41 56 41
-314 255 232
-396 325 10
-245 219 127
-59 83 5
-100 128 18
-116 88 116
-57 79 25
-203 175 131
-409 320 181
-367 301 55
-158 160 40
-262 220 72
-238 220 102
